[2024-04-24T10:57:31.542+0000][gc] Using G1
[2024-04-24T10:57:31.549+0000][gc,init] Version: 17.0.10+7-Ubuntu-120.04.1 (release)
[2024-04-24T10:57:31.549+0000][gc,init] CPUs: 8 total, 8 available
[2024-04-24T10:57:31.549+0000][gc,init] Memory: 32059M
[2024-04-24T10:57:31.549+0000][gc,init] Large Page Support: Disabled
[2024-04-24T10:57:31.549+0000][gc,init] NUMA Support: Disabled
[2024-04-24T10:57:31.549+0000][gc,init] Compressed Oops: Enabled (32-bit)
[2024-04-24T10:57:31.549+0000][gc,init] Heap Region Size: 1M
[2024-04-24T10:57:31.549+0000][gc,init] Heap Min Capacity: 1G
[2024-04-24T10:57:31.549+0000][gc,init] Heap Initial Capacity: 1G
[2024-04-24T10:57:31.549+0000][gc,init] Heap Max Capacity: 1G
[2024-04-24T10:57:31.549+0000][gc,init] Pre-touch: Disabled
[2024-04-24T10:57:31.549+0000][gc,init] Parallel Workers: 8
[2024-04-24T10:57:31.549+0000][gc,init] Concurrent Workers: 2
[2024-04-24T10:57:31.549+0000][gc,init] Concurrent Refinement Workers: 8
[2024-04-24T10:57:31.549+0000][gc,init] Periodic GC: Disabled
[2024-04-24T10:57:31.555+0000][gc,metaspace] CDS archive(s) mapped at: [0x00007f88c3000000-0x00007f88c3bc7000-0x00007f88c3bc7000), size 12349440, SharedBaseAddress: 0x00007f88c3000000, ArchiveRelocationMode: 1.
[2024-04-24T10:57:31.555+0000][gc,metaspace] Compressed class space mapped at: 0x00007f88c4000000-0x00007f8904000000, reserved size: 1073741824
[2024-04-24T10:57:31.555+0000][gc,metaspace] Narrow klass base: 0x00007f88c3000000, Narrow klass shift: 0, Narrow klass range: 0x100000000
[2024-04-24T10:57:32.445+0000][gc,start    ] GC(0) Pause Young (Normal) (G1 Evacuation Pause)
[2024-04-24T10:57:32.445+0000][gc,task     ] GC(0) Using 8 workers of 8 for evacuation
[2024-04-24T10:57:32.450+0000][gc,phases   ] GC(0)   Pre Evacuate Collection Set: 0.1ms
[2024-04-24T10:57:32.450+0000][gc,phases   ] GC(0)   Merge Heap Roots: 0.1ms
[2024-04-24T10:57:32.450+0000][gc,phases   ] GC(0)   Evacuate Collection Set: 3.5ms
[2024-04-24T10:57:32.450+0000][gc,phases   ] GC(0)   Post Evacuate Collection Set: 0.4ms
[2024-04-24T10:57:32.450+0000][gc,phases   ] GC(0)   Other: 0.8ms
[2024-04-24T10:57:32.450+0000][gc,heap     ] GC(0) Eden regions: 51->0(44)
[2024-04-24T10:57:32.450+0000][gc,heap     ] GC(0) Survivor regions: 0->7(7)
[2024-04-24T10:57:32.450+0000][gc,heap     ] GC(0) Old regions: 0->6
[2024-04-24T10:57:32.450+0000][gc,heap     ] GC(0) Archive regions: 2->2
[2024-04-24T10:57:32.450+0000][gc,heap     ] GC(0) Humongous regions: 0->0
[2024-04-24T10:57:32.450+0000][gc,metaspace] GC(0) Metaspace: 15673K(15936K)->15673K(15936K) NonClass: 13778K(13888K)->13778K(13888K) Class: 1895K(2048K)->1895K(2048K)
[2024-04-24T10:57:32.450+0000][gc          ] GC(0) Pause Young (Normal) (G1 Evacuation Pause) 51M->13M(1024M) 5.009ms
[2024-04-24T10:57:32.450+0000][gc,cpu      ] GC(0) User=0.02s Sys=0.01s Real=0.00s
[2024-04-24T10:57:32.657+0000][gc,start    ] GC(1) Pause Young (Concurrent Start) (Metadata GC Threshold)
[2024-04-24T10:57:32.657+0000][gc,task     ] GC(1) Using 8 workers of 8 for evacuation
[2024-04-24T10:57:32.662+0000][gc,phases   ] GC(1)   Pre Evacuate Collection Set: 0.1ms
[2024-04-24T10:57:32.662+0000][gc,phases   ] GC(1)   Merge Heap Roots: 0.1ms
[2024-04-24T10:57:32.662+0000][gc,phases   ] GC(1)   Evacuate Collection Set: 3.8ms
[2024-04-24T10:57:32.662+0000][gc,phases   ] GC(1)   Post Evacuate Collection Set: 0.4ms
[2024-04-24T10:57:32.662+0000][gc,phases   ] GC(1)   Other: 0.2ms
[2024-04-24T10:57:32.662+0000][gc,heap     ] GC(1) Eden regions: 21->0(49)
[2024-04-24T10:57:32.662+0000][gc,heap     ] GC(1) Survivor regions: 7->2(7)
[2024-04-24T10:57:32.662+0000][gc,heap     ] GC(1) Old regions: 6->13
[2024-04-24T10:57:32.662+0000][gc,heap     ] GC(1) Archive regions: 2->2
[2024-04-24T10:57:32.662+0000][gc,heap     ] GC(1) Humongous regions: 0->0
[2024-04-24T10:57:32.662+0000][gc,metaspace] GC(1) Metaspace: 21263K(21504K)->21263K(21504K) NonClass: 18698K(18816K)->18698K(18816K) Class: 2564K(2688K)->2564K(2688K)
[2024-04-24T10:57:32.662+0000][gc          ] GC(1) Pause Young (Concurrent Start) (Metadata GC Threshold) 34M->15M(1024M) 4.703ms
[2024-04-24T10:57:32.662+0000][gc,cpu      ] GC(1) User=0.03s Sys=0.00s Real=0.00s
[2024-04-24T10:57:32.662+0000][gc          ] GC(2) Concurrent Mark Cycle
[2024-04-24T10:57:32.662+0000][gc,marking  ] GC(2) Concurrent Clear Claimed Marks
[2024-04-24T10:57:32.662+0000][gc,marking  ] GC(2) Concurrent Clear Claimed Marks 0.017ms
[2024-04-24T10:57:32.662+0000][gc,marking  ] GC(2) Concurrent Scan Root Regions
[2024-04-24T10:57:32.664+0000][gc,marking  ] GC(2) Concurrent Scan Root Regions 2.417ms
[2024-04-24T10:57:32.664+0000][gc,marking  ] GC(2) Concurrent Mark
[2024-04-24T10:57:32.664+0000][gc,marking  ] GC(2) Concurrent Mark From Roots
[2024-04-24T10:57:32.664+0000][gc,task     ] GC(2) Using 2 workers of 2 for marking
[2024-04-24T10:57:32.667+0000][gc,marking  ] GC(2) Concurrent Mark From Roots 2.572ms
[2024-04-24T10:57:32.667+0000][gc,marking  ] GC(2) Concurrent Preclean
[2024-04-24T10:57:32.667+0000][gc,marking  ] GC(2) Concurrent Preclean 0.097ms
[2024-04-24T10:57:32.667+0000][gc,start    ] GC(2) Pause Remark
[2024-04-24T10:57:32.668+0000][gc          ] GC(2) Pause Remark 15M->15M(1024M) 1.138ms
[2024-04-24T10:57:32.668+0000][gc,cpu      ] GC(2) User=0.01s Sys=0.00s Real=0.00s
[2024-04-24T10:57:32.668+0000][gc,marking  ] GC(2) Concurrent Mark 3.994ms
[2024-04-24T10:57:32.668+0000][gc,marking  ] GC(2) Concurrent Rebuild Remembered Sets
[2024-04-24T10:57:32.671+0000][gc,marking  ] GC(2) Concurrent Rebuild Remembered Sets 2.466ms
[2024-04-24T10:57:32.671+0000][gc,start    ] GC(2) Pause Cleanup
[2024-04-24T10:57:32.671+0000][gc          ] GC(2) Pause Cleanup 15M->15M(1024M) 0.165ms
[2024-04-24T10:57:32.671+0000][gc,cpu      ] GC(2) User=0.00s Sys=0.00s Real=0.00s
[2024-04-24T10:57:32.671+0000][gc,marking  ] GC(2) Concurrent Cleanup for Next Mark
[2024-04-24T10:57:32.674+0000][gc,marking  ] GC(2) Concurrent Cleanup for Next Mark 3.391ms
[2024-04-24T10:57:32.674+0000][gc          ] GC(2) Concurrent Mark Cycle 12.754ms
[2024-04-24T10:57:33.282+0000][gc,start    ] GC(3) Pause Young (Normal) (G1 Evacuation Pause)
[2024-04-24T10:57:33.282+0000][gc,task     ] GC(3) Using 8 workers of 8 for evacuation
[2024-04-24T10:57:33.286+0000][gc,phases   ] GC(3)   Pre Evacuate Collection Set: 0.1ms
[2024-04-24T10:57:33.286+0000][gc,phases   ] GC(3)   Merge Heap Roots: 0.1ms
[2024-04-24T10:57:33.286+0000][gc,phases   ] GC(3)   Evacuate Collection Set: 2.7ms
[2024-04-24T10:57:33.286+0000][gc,phases   ] GC(3)   Post Evacuate Collection Set: 0.4ms
[2024-04-24T10:57:33.286+0000][gc,phases   ] GC(3)   Other: 0.1ms
[2024-04-24T10:57:33.286+0000][gc,heap     ] GC(3) Eden regions: 49->0(45)
[2024-04-24T10:57:33.286+0000][gc,heap     ] GC(3) Survivor regions: 2->6(7)
[2024-04-24T10:57:33.286+0000][gc,heap     ] GC(3) Old regions: 13->13
[2024-04-24T10:57:33.286+0000][gc,heap     ] GC(3) Archive regions: 2->2
[2024-04-24T10:57:33.286+0000][gc,heap     ] GC(3) Humongous regions: 129->129
[2024-04-24T10:57:33.286+0000][gc,metaspace] GC(3) Metaspace: 29850K(30144K)->29850K(30144K) NonClass: 26457K(26624K)->26457K(26624K) Class: 3393K(3520K)->3393K(3520K)
[2024-04-24T10:57:33.286+0000][gc          ] GC(3) Pause Young (Normal) (G1 Evacuation Pause) 192M->148M(1024M) 3.381ms
[2024-04-24T10:57:33.286+0000][gc,cpu      ] GC(3) User=0.02s Sys=0.00s Real=0.01s
[2024-04-24T10:57:33.525+0000][gc,start    ] GC(4) Pause Young (Concurrent Start) (Metadata GC Threshold)
[2024-04-24T10:57:33.525+0000][gc,task     ] GC(4) Using 8 workers of 8 for evacuation
[2024-04-24T10:57:33.529+0000][gc,phases   ] GC(4)   Pre Evacuate Collection Set: 0.2ms
[2024-04-24T10:57:33.529+0000][gc,phases   ] GC(4)   Merge Heap Roots: 0.0ms
[2024-04-24T10:57:33.529+0000][gc,phases   ] GC(4)   Evacuate Collection Set: 3.0ms
[2024-04-24T10:57:33.529+0000][gc,phases   ] GC(4)   Post Evacuate Collection Set: 0.3ms
[2024-04-24T10:57:33.529+0000][gc,phases   ] GC(4)   Other: 0.2ms
[2024-04-24T10:57:33.529+0000][gc,heap     ] GC(4) Eden regions: 27->0(48)
[2024-04-24T10:57:33.529+0000][gc,heap     ] GC(4) Survivor regions: 6->3(7)
[2024-04-24T10:57:33.529+0000][gc,heap     ] GC(4) Old regions: 13->18
[2024-04-24T10:57:33.529+0000][gc,heap     ] GC(4) Archive regions: 2->2
[2024-04-24T10:57:33.529+0000][gc,heap     ] GC(4) Humongous regions: 129->129
[2024-04-24T10:57:33.529+0000][gc,metaspace] GC(4) Metaspace: 35755K(36096K)->35755K(36096K) NonClass: 31774K(31936K)->31774K(31936K) Class: 3981K(4160K)->3981K(4160K)
[2024-04-24T10:57:33.529+0000][gc          ] GC(4) Pause Young (Concurrent Start) (Metadata GC Threshold) 174M->150M(1024M) 3.698ms
[2024-04-24T10:57:33.529+0000][gc,cpu      ] GC(4) User=0.03s Sys=0.00s Real=0.00s
[2024-04-24T10:57:33.529+0000][gc          ] GC(5) Concurrent Mark Cycle
[2024-04-24T10:57:33.529+0000][gc,marking  ] GC(5) Concurrent Clear Claimed Marks
[2024-04-24T10:57:33.529+0000][gc,marking  ] GC(5) Concurrent Clear Claimed Marks 0.028ms
[2024-04-24T10:57:33.529+0000][gc,marking  ] GC(5) Concurrent Scan Root Regions
[2024-04-24T10:57:33.532+0000][gc,marking  ] GC(5) Concurrent Scan Root Regions 2.599ms
[2024-04-24T10:57:33.532+0000][gc,marking  ] GC(5) Concurrent Mark
[2024-04-24T10:57:33.532+0000][gc,marking  ] GC(5) Concurrent Mark From Roots
[2024-04-24T10:57:33.532+0000][gc,task     ] GC(5) Using 2 workers of 2 for marking
[2024-04-24T10:57:33.541+0000][gc,marking  ] GC(5) Concurrent Mark From Roots 9.720ms
[2024-04-24T10:57:33.541+0000][gc,marking  ] GC(5) Concurrent Preclean
[2024-04-24T10:57:33.542+0000][gc,marking  ] GC(5) Concurrent Preclean 0.204ms
[2024-04-24T10:57:33.542+0000][gc,start    ] GC(5) Pause Remark
[2024-04-24T10:57:33.543+0000][gc          ] GC(5) Pause Remark 151M->151M(1024M) 1.339ms
[2024-04-24T10:57:33.543+0000][gc,cpu      ] GC(5) User=0.01s Sys=0.00s Real=0.00s
[2024-04-24T10:57:33.543+0000][gc,marking  ] GC(5) Concurrent Mark 11.442ms
[2024-04-24T10:57:33.543+0000][gc,marking  ] GC(5) Concurrent Rebuild Remembered Sets
[2024-04-24T10:57:33.548+0000][gc,marking  ] GC(5) Concurrent Rebuild Remembered Sets 5.326ms
[2024-04-24T10:57:33.549+0000][gc,start    ] GC(5) Pause Cleanup
[2024-04-24T10:57:33.549+0000][gc          ] GC(5) Pause Cleanup 151M->151M(1024M) 0.144ms
[2024-04-24T10:57:33.549+0000][gc,cpu      ] GC(5) User=0.00s Sys=0.00s Real=0.00s
[2024-04-24T10:57:33.549+0000][gc,marking  ] GC(5) Concurrent Cleanup for Next Mark
[2024-04-24T10:57:33.556+0000][gc,marking  ] GC(5) Concurrent Cleanup for Next Mark 6.330ms
[2024-04-24T10:57:33.556+0000][gc          ] GC(5) Concurrent Mark Cycle 26.576ms
[2024-04-24T10:58:04.672+0000][gc,start    ] GC(6) Pause Young (Prepare Mixed) (G1 Evacuation Pause)
[2024-04-24T10:58:04.672+0000][gc,task     ] GC(6) Using 8 workers of 8 for evacuation
[2024-04-24T10:58:04.677+0000][gc,phases   ] GC(6)   Pre Evacuate Collection Set: 0.2ms
[2024-04-24T10:58:04.677+0000][gc,phases   ] GC(6)   Merge Heap Roots: 0.1ms
[2024-04-24T10:58:04.677+0000][gc,phases   ] GC(6)   Evacuate Collection Set: 3.4ms
[2024-04-24T10:58:04.677+0000][gc,phases   ] GC(6)   Post Evacuate Collection Set: 0.4ms
[2024-04-24T10:58:04.677+0000][gc,phases   ] GC(6)   Other: 0.1ms
[2024-04-24T10:58:04.677+0000][gc,heap     ] GC(6) Eden regions: 48->0(46)
[2024-04-24T10:58:04.677+0000][gc,heap     ] GC(6) Survivor regions: 3->5(7)
[2024-04-24T10:58:04.677+0000][gc,heap     ] GC(6) Old regions: 18->18
[2024-04-24T10:58:04.677+0000][gc,heap     ] GC(6) Archive regions: 2->2
[2024-04-24T10:58:04.677+0000][gc,heap     ] GC(6) Humongous regions: 159->129
[2024-04-24T10:58:04.677+0000][gc,metaspace] GC(6) Metaspace: 42036K(42688K)->42036K(42688K) NonClass: 37006K(37376K)->37006K(37376K) Class: 5030K(5312K)->5030K(5312K)
[2024-04-24T10:58:04.677+0000][gc          ] GC(6) Pause Young (Prepare Mixed) (G1 Evacuation Pause) 228M->152M(1024M) 4.203ms
[2024-04-24T10:58:04.677+0000][gc,cpu      ] GC(6) User=0.01s Sys=0.01s Real=0.00s
[2024-04-24T10:58:05.406+0000][gc,start    ] GC(7) Pause Young (Mixed) (G1 Evacuation Pause)
[2024-04-24T10:58:05.406+0000][gc,task     ] GC(7) Using 8 workers of 8 for evacuation
[2024-04-24T10:58:05.410+0000][gc,phases   ] GC(7)   Pre Evacuate Collection Set: 0.1ms
[2024-04-24T10:58:05.410+0000][gc,phases   ] GC(7)   Merge Heap Roots: 0.1ms
[2024-04-24T10:58:05.410+0000][gc,phases   ] GC(7)   Evacuate Collection Set: 3.8ms
[2024-04-24T10:58:05.410+0000][gc,phases   ] GC(7)   Post Evacuate Collection Set: 0.4ms
[2024-04-24T10:58:05.410+0000][gc,phases   ] GC(7)   Other: 0.1ms
[2024-04-24T10:58:05.411+0000][gc,heap     ] GC(7) Eden regions: 46->0(47)
[2024-04-24T10:58:05.411+0000][gc,heap     ] GC(7) Survivor regions: 5->4(7)
[2024-04-24T10:58:05.411+0000][gc,heap     ] GC(7) Old regions: 18->20
[2024-04-24T10:58:05.411+0000][gc,heap     ] GC(7) Archive regions: 2->2
[2024-04-24T10:58:05.411+0000][gc,heap     ] GC(7) Humongous regions: 129->129
[2024-04-24T10:58:05.411+0000][gc,metaspace] GC(7) Metaspace: 42635K(43264K)->42635K(43264K) NonClass: 37605K(37952K)->37605K(37952K) Class: 5030K(5312K)->5030K(5312K)
[2024-04-24T10:58:05.411+0000][gc          ] GC(7) Pause Young (Mixed) (G1 Evacuation Pause) 198M->153M(1024M) 4.482ms
[2024-04-24T10:58:05.411+0000][gc,cpu      ] GC(7) User=0.02s Sys=0.00s Real=0.00s
[2024-04-24T10:58:05.939+0000][gc,start    ] GC(8) Pause Young (Normal) (G1 Evacuation Pause)
[2024-04-24T10:58:05.939+0000][gc,task     ] GC(8) Using 8 workers of 8 for evacuation
[2024-04-24T10:58:05.942+0000][gc,phases   ] GC(8)   Pre Evacuate Collection Set: 0.1ms
[2024-04-24T10:58:05.942+0000][gc,phases   ] GC(8)   Merge Heap Roots: 0.0ms
[2024-04-24T10:58:05.942+0000][gc,phases   ] GC(8)   Evacuate Collection Set: 2.7ms
[2024-04-24T10:58:05.942+0000][gc,phases   ] GC(8)   Post Evacuate Collection Set: 0.2ms
[2024-04-24T10:58:05.942+0000][gc,phases   ] GC(8)   Other: 0.1ms
[2024-04-24T10:58:05.942+0000][gc,heap     ] GC(8) Eden regions: 47->0(53)
[2024-04-24T10:58:05.942+0000][gc,heap     ] GC(8) Survivor regions: 4->2(7)
[2024-04-24T10:58:05.942+0000][gc,heap     ] GC(8) Old regions: 20->23
[2024-04-24T10:58:05.942+0000][gc,heap     ] GC(8) Archive regions: 2->2
[2024-04-24T10:58:05.942+0000][gc,heap     ] GC(8) Humongous regions: 129->129
[2024-04-24T10:58:05.942+0000][gc,metaspace] GC(8) Metaspace: 42636K(43264K)->42636K(43264K) NonClass: 37606K(37952K)->37606K(37952K) Class: 5030K(5312K)->5030K(5312K)
[2024-04-24T10:58:05.942+0000][gc          ] GC(8) Pause Young (Normal) (G1 Evacuation Pause) 200M->153M(1024M) 3.180ms
[2024-04-24T10:58:05.942+0000][gc,cpu      ] GC(8) User=0.02s Sys=0.00s Real=0.00s
[2024-04-24T10:58:06.455+0000][gc,start    ] GC(9) Pause Young (Normal) (G1 Evacuation Pause)
[2024-04-24T10:58:06.455+0000][gc,task     ] GC(9) Using 8 workers of 8 for evacuation
[2024-04-24T10:58:06.457+0000][gc,phases   ] GC(9)   Pre Evacuate Collection Set: 0.1ms
[2024-04-24T10:58:06.457+0000][gc,phases   ] GC(9)   Merge Heap Roots: 0.0ms
[2024-04-24T10:58:06.457+0000][gc,phases   ] GC(9)   Evacuate Collection Set: 1.9ms
[2024-04-24T10:58:06.457+0000][gc,phases   ] GC(9)   Post Evacuate Collection Set: 0.2ms
[2024-04-24T10:58:06.457+0000][gc,phases   ] GC(9)   Other: 0.1ms
[2024-04-24T10:58:06.457+0000][gc,heap     ] GC(9) Eden regions: 53->0(102)
[2024-04-24T10:58:06.457+0000][gc,heap     ] GC(9) Survivor regions: 2->3(7)
[2024-04-24T10:58:06.457+0000][gc,heap     ] GC(9) Old regions: 23->23
[2024-04-24T10:58:06.457+0000][gc,heap     ] GC(9) Archive regions: 2->2
[2024-04-24T10:58:06.457+0000][gc,heap     ] GC(9) Humongous regions: 129->129
[2024-04-24T10:58:06.457+0000][gc,metaspace] GC(9) Metaspace: 42639K(43264K)->42639K(43264K) NonClass: 37609K(37952K)->37609K(37952K) Class: 5030K(5312K)->5030K(5312K)
[2024-04-24T10:58:06.457+0000][gc          ] GC(9) Pause Young (Normal) (G1 Evacuation Pause) 206M->154M(1024M) 2.401ms
[2024-04-24T10:58:06.457+0000][gc,cpu      ] GC(9) User=0.02s Sys=0.00s Real=0.00s
[2024-04-24T10:58:07.503+0000][gc,start    ] GC(10) Pause Young (Normal) (G1 Evacuation Pause)
[2024-04-24T10:58:07.503+0000][gc,task     ] GC(10) Using 8 workers of 8 for evacuation
[2024-04-24T10:58:07.507+0000][gc,phases   ] GC(10)   Pre Evacuate Collection Set: 0.1ms
[2024-04-24T10:58:07.507+0000][gc,phases   ] GC(10)   Merge Heap Roots: 0.0ms
[2024-04-24T10:58:07.507+0000][gc,phases   ] GC(10)   Evacuate Collection Set: 3.4ms
[2024-04-24T10:58:07.507+0000][gc,phases   ] GC(10)   Post Evacuate Collection Set: 0.2ms
[2024-04-24T10:58:07.507+0000][gc,phases   ] GC(10)   Other: 0.1ms
[2024-04-24T10:58:07.507+0000][gc,heap     ] GC(10) Eden regions: 102->0(146)
[2024-04-24T10:58:07.507+0000][gc,heap     ] GC(10) Survivor regions: 3->4(14)
[2024-04-24T10:58:07.507+0000][gc,heap     ] GC(10) Old regions: 23->23
[2024-04-24T10:58:07.507+0000][gc,heap     ] GC(10) Archive regions: 2->2
[2024-04-24T10:58:07.507+0000][gc,heap     ] GC(10) Humongous regions: 129->129
[2024-04-24T10:58:07.507+0000][gc,metaspace] GC(10) Metaspace: 42639K(43264K)->42639K(43264K) NonClass: 37609K(37952K)->37609K(37952K) Class: 5030K(5312K)->5030K(5312K)
[2024-04-24T10:58:07.507+0000][gc          ] GC(10) Pause Young (Normal) (G1 Evacuation Pause) 256M->155M(1024M) 4.011ms
[2024-04-24T10:58:07.507+0000][gc,cpu      ] GC(10) User=0.01s Sys=0.01s Real=0.01s
[2024-04-24T10:58:08.960+0000][gc,start    ] GC(11) Pause Young (Normal) (G1 Evacuation Pause)
[2024-04-24T10:58:08.960+0000][gc,task     ] GC(11) Using 8 workers of 8 for evacuation
[2024-04-24T10:58:08.964+0000][gc,phases   ] GC(11)   Pre Evacuate Collection Set: 0.1ms
[2024-04-24T10:58:08.964+0000][gc,phases   ] GC(11)   Merge Heap Roots: 0.1ms
[2024-04-24T10:58:08.964+0000][gc,phases   ] GC(11)   Evacuate Collection Set: 3.1ms
[2024-04-24T10:58:08.964+0000][gc,phases   ] GC(11)   Post Evacuate Collection Set: 0.3ms
[2024-04-24T10:58:08.964+0000][gc,phases   ] GC(11)   Other: 0.1ms
[2024-04-24T10:58:08.964+0000][gc,heap     ] GC(11) Eden regions: 146->0(209)
[2024-04-24T10:58:08.964+0000][gc,heap     ] GC(11) Survivor regions: 4->6(19)
[2024-04-24T10:58:08.964+0000][gc,heap     ] GC(11) Old regions: 23->23
[2024-04-24T10:58:08.964+0000][gc,heap     ] GC(11) Archive regions: 2->2
[2024-04-24T10:58:08.964+0000][gc,heap     ] GC(11) Humongous regions: 129->129
[2024-04-24T10:58:08.964+0000][gc,metaspace] GC(11) Metaspace: 42640K(43264K)->42640K(43264K) NonClass: 37609K(37952K)->37609K(37952K) Class: 5031K(5312K)->5031K(5312K)
[2024-04-24T10:58:08.964+0000][gc          ] GC(11) Pause Young (Normal) (G1 Evacuation Pause) 301M->157M(1024M) 3.748ms
[2024-04-24T10:58:08.964+0000][gc,cpu      ] GC(11) User=0.02s Sys=0.00s Real=0.01s
[2024-04-24T10:58:10.852+0000][gc,start    ] GC(12) Pause Young (Normal) (G1 Evacuation Pause)
[2024-04-24T10:58:10.852+0000][gc,task     ] GC(12) Using 8 workers of 8 for evacuation
[2024-04-24T10:58:10.857+0000][gc,phases   ] GC(12)   Pre Evacuate Collection Set: 0.1ms
[2024-04-24T10:58:10.857+0000][gc,phases   ] GC(12)   Merge Heap Roots: 0.1ms
[2024-04-24T10:58:10.857+0000][gc,phases   ] GC(12)   Evacuate Collection Set: 4.6ms
[2024-04-24T10:58:10.857+0000][gc,phases   ] GC(12)   Post Evacuate Collection Set: 0.3ms
[2024-04-24T10:58:10.857+0000][gc,phases   ] GC(12)   Other: 0.1ms
[2024-04-24T10:58:10.857+0000][gc,heap     ] GC(12) Eden regions: 209->0(315)
[2024-04-24T10:58:10.857+0000][gc,heap     ] GC(12) Survivor regions: 6->7(27)
[2024-04-24T10:58:10.857+0000][gc,heap     ] GC(12) Old regions: 23->23
[2024-04-24T10:58:10.857+0000][gc,heap     ] GC(12) Archive regions: 2->2
[2024-04-24T10:58:10.857+0000][gc,heap     ] GC(12) Humongous regions: 129->129
[2024-04-24T10:58:10.857+0000][gc,metaspace] GC(12) Metaspace: 42646K(43264K)->42646K(43264K) NonClass: 37615K(37952K)->37615K(37952K) Class: 5031K(5312K)->5031K(5312K)
[2024-04-24T10:58:10.858+0000][gc          ] GC(12) Pause Young (Normal) (G1 Evacuation Pause) 366M->158M(1024M) 5.312ms
[2024-04-24T10:58:10.858+0000][gc,cpu      ] GC(12) User=0.02s Sys=0.00s Real=0.00s
[2024-04-24T10:58:13.187+0000][gc,start    ] GC(13) Pause Young (Normal) (G1 Evacuation Pause)
[2024-04-24T10:58:13.187+0000][gc,task     ] GC(13) Using 8 workers of 8 for evacuation
[2024-04-24T10:58:13.193+0000][gc,phases   ] GC(13)   Pre Evacuate Collection Set: 0.1ms
[2024-04-24T10:58:13.193+0000][gc,phases   ] GC(13)   Merge Heap Roots: 0.1ms
[2024-04-24T10:58:13.193+0000][gc,phases   ] GC(13)   Evacuate Collection Set: 5.2ms
[2024-04-24T10:58:13.193+0000][gc,phases   ] GC(13)   Post Evacuate Collection Set: 0.4ms
[2024-04-24T10:58:13.193+0000][gc,phases   ] GC(13)   Other: 0.1ms
[2024-04-24T10:58:13.193+0000][gc,heap     ] GC(13) Eden regions: 315->0(594)
[2024-04-24T10:58:13.193+0000][gc,heap     ] GC(13) Survivor regions: 7->8(41)
[2024-04-24T10:58:13.193+0000][gc,heap     ] GC(13) Old regions: 23->23
[2024-04-24T10:58:13.193+0000][gc,heap     ] GC(13) Archive regions: 2->2
[2024-04-24T10:58:13.193+0000][gc,heap     ] GC(13) Humongous regions: 129->129
[2024-04-24T10:58:13.193+0000][gc,metaspace] GC(13) Metaspace: 42649K(43264K)->42649K(43264K) NonClass: 37617K(37952K)->37617K(37952K) Class: 5031K(5312K)->5031K(5312K)
[2024-04-24T10:58:13.193+0000][gc          ] GC(13) Pause Young (Normal) (G1 Evacuation Pause) 473M->159M(1024M) 5.980ms
[2024-04-24T10:58:13.193+0000][gc,cpu      ] GC(13) User=0.02s Sys=0.01s Real=0.01s
[2024-04-24T10:58:16.932+0000][gc,start    ] GC(14) Pause Young (Normal) (G1 Evacuation Pause)
[2024-04-24T10:58:16.932+0000][gc,task     ] GC(14) Using 8 workers of 8 for evacuation
[2024-04-24T10:58:16.939+0000][gc,phases   ] GC(14)   Pre Evacuate Collection Set: 0.1ms
[2024-04-24T10:58:16.939+0000][gc,phases   ] GC(14)   Merge Heap Roots: 0.1ms
[2024-04-24T10:58:16.939+0000][gc,phases   ] GC(14)   Evacuate Collection Set: 6.2ms
[2024-04-24T10:58:16.939+0000][gc,phases   ] GC(14)   Post Evacuate Collection Set: 0.5ms
[2024-04-24T10:58:16.939+0000][gc,phases   ] GC(14)   Other: 0.2ms
[2024-04-24T10:58:16.939+0000][gc,heap     ] GC(14) Eden regions: 594->0(605)
[2024-04-24T10:58:16.939+0000][gc,heap     ] GC(14) Survivor regions: 8->9(76)
[2024-04-24T10:58:16.939+0000][gc,heap     ] GC(14) Old regions: 23->23
[2024-04-24T10:58:16.939+0000][gc,heap     ] GC(14) Archive regions: 2->2
[2024-04-24T10:58:16.940+0000][gc,heap     ] GC(14) Humongous regions: 129->129
[2024-04-24T10:58:16.940+0000][gc,metaspace] GC(14) Metaspace: 42660K(43264K)->42660K(43264K) NonClass: 37629K(37952K)->37629K(37952K) Class: 5031K(5312K)->5031K(5312K)
[2024-04-24T10:58:16.940+0000][gc          ] GC(14) Pause Young (Normal) (G1 Evacuation Pause) 753M->160M(1024M) 7.237ms
[2024-04-24T10:58:16.940+0000][gc,cpu      ] GC(14) User=0.04s Sys=0.00s Real=0.00s
[2024-04-24T10:58:19.881+0000][gc,start    ] GC(15) Pause Young (Normal) (G1 Evacuation Pause)
[2024-04-24T10:58:19.881+0000][gc,task     ] GC(15) Using 8 workers of 8 for evacuation
[2024-04-24T10:58:19.888+0000][gc,phases   ] GC(15)   Pre Evacuate Collection Set: 0.1ms
[2024-04-24T10:58:19.888+0000][gc,phases   ] GC(15)   Merge Heap Roots: 0.1ms
[2024-04-24T10:58:19.888+0000][gc,phases   ] GC(15)   Evacuate Collection Set: 6.3ms
[2024-04-24T10:58:19.888+0000][gc,phases   ] GC(15)   Post Evacuate Collection Set: 0.5ms
[2024-04-24T10:58:19.888+0000][gc,phases   ] GC(15)   Other: 0.1ms
[2024-04-24T10:58:19.888+0000][gc,heap     ] GC(15) Eden regions: 605->0(604)
[2024-04-24T10:58:19.888+0000][gc,heap     ] GC(15) Survivor regions: 9->10(77)
[2024-04-24T10:58:19.888+0000][gc,heap     ] GC(15) Old regions: 23->23
[2024-04-24T10:58:19.888+0000][gc,heap     ] GC(15) Archive regions: 2->2
[2024-04-24T10:58:19.888+0000][gc,heap     ] GC(15) Humongous regions: 129->129
[2024-04-24T10:58:19.888+0000][gc,metaspace] GC(15) Metaspace: 42666K(43264K)->42666K(43264K) NonClass: 37634K(37952K)->37634K(37952K) Class: 5031K(5312K)->5031K(5312K)
[2024-04-24T10:58:19.888+0000][gc          ] GC(15) Pause Young (Normal) (G1 Evacuation Pause) 765M->161M(1024M) 7.148ms
[2024-04-24T10:58:19.888+0000][gc,cpu      ] GC(15) User=0.03s Sys=0.00s Real=0.01s
[2024-04-24T10:58:22.352+0000][gc,start    ] GC(16) Pause Young (Normal) (G1 Evacuation Pause)
[2024-04-24T10:58:22.352+0000][gc,task     ] GC(16) Using 8 workers of 8 for evacuation
[2024-04-24T10:58:22.358+0000][gc,phases   ] GC(16)   Pre Evacuate Collection Set: 0.1ms
[2024-04-24T10:58:22.358+0000][gc,phases   ] GC(16)   Merge Heap Roots: 0.1ms
[2024-04-24T10:58:22.358+0000][gc,phases   ] GC(16)   Evacuate Collection Set: 5.1ms
[2024-04-24T10:58:22.358+0000][gc,phases   ] GC(16)   Post Evacuate Collection Set: 0.4ms
[2024-04-24T10:58:22.358+0000][gc,phases   ] GC(16)   Other: 0.1ms
[2024-04-24T10:58:22.358+0000][gc,heap     ] GC(16) Eden regions: 604->0(603)
[2024-04-24T10:58:22.358+0000][gc,heap     ] GC(16) Survivor regions: 10->11(77)
[2024-04-24T10:58:22.358+0000][gc,heap     ] GC(16) Old regions: 23->23
[2024-04-24T10:58:22.358+0000][gc,heap     ] GC(16) Archive regions: 2->2
[2024-04-24T10:58:22.358+0000][gc,heap     ] GC(16) Humongous regions: 129->129
[2024-04-24T10:58:22.358+0000][gc,metaspace] GC(16) Metaspace: 42666K(43264K)->42666K(43264K) NonClass: 37635K(37952K)->37635K(37952K) Class: 5031K(5312K)->5031K(5312K)
[2024-04-24T10:58:22.358+0000][gc          ] GC(16) Pause Young (Normal) (G1 Evacuation Pause) 765M->162M(1024M) 5.965ms
[2024-04-24T10:58:22.358+0000][gc,cpu      ] GC(16) User=0.03s Sys=0.01s Real=0.00s
[2024-04-24T10:58:24.799+0000][gc,start    ] GC(17) Pause Young (Normal) (G1 Evacuation Pause)
[2024-04-24T10:58:24.799+0000][gc,task     ] GC(17) Using 8 workers of 8 for evacuation
[2024-04-24T10:58:24.805+0000][gc,phases   ] GC(17)   Pre Evacuate Collection Set: 0.1ms
[2024-04-24T10:58:24.805+0000][gc,phases   ] GC(17)   Merge Heap Roots: 0.1ms
[2024-04-24T10:58:24.805+0000][gc,phases   ] GC(17)   Evacuate Collection Set: 5.2ms
[2024-04-24T10:58:24.805+0000][gc,phases   ] GC(17)   Post Evacuate Collection Set: 0.4ms
[2024-04-24T10:58:24.805+0000][gc,phases   ] GC(17)   Other: 0.1ms
[2024-04-24T10:58:24.805+0000][gc,heap     ] GC(17) Eden regions: 603->0(602)
[2024-04-24T10:58:24.805+0000][gc,heap     ] GC(17) Survivor regions: 11->12(77)
[2024-04-24T10:58:24.805+0000][gc,heap     ] GC(17) Old regions: 23->23
[2024-04-24T10:58:24.805+0000][gc,heap     ] GC(17) Archive regions: 2->2
[2024-04-24T10:58:24.805+0000][gc,heap     ] GC(17) Humongous regions: 129->129
[2024-04-24T10:58:24.805+0000][gc,metaspace] GC(17) Metaspace: 42666K(43264K)->42666K(43264K) NonClass: 37635K(37952K)->37635K(37952K) Class: 5031K(5312K)->5031K(5312K)
[2024-04-24T10:58:24.805+0000][gc          ] GC(17) Pause Young (Normal) (G1 Evacuation Pause) 765M->163M(1024M) 5.987ms
[2024-04-24T10:58:24.805+0000][gc,cpu      ] GC(17) User=0.03s Sys=0.00s Real=0.01s
[2024-04-24T10:58:27.218+0000][gc,start    ] GC(18) Pause Young (Normal) (G1 Evacuation Pause)
[2024-04-24T10:58:27.218+0000][gc,task     ] GC(18) Using 8 workers of 8 for evacuation
[2024-04-24T10:58:27.225+0000][gc,phases   ] GC(18)   Pre Evacuate Collection Set: 0.1ms
[2024-04-24T10:58:27.225+0000][gc,phases   ] GC(18)   Merge Heap Roots: 0.1ms
[2024-04-24T10:58:27.225+0000][gc,phases   ] GC(18)   Evacuate Collection Set: 5.4ms
[2024-04-24T10:58:27.225+0000][gc,phases   ] GC(18)   Post Evacuate Collection Set: 0.4ms
[2024-04-24T10:58:27.225+0000][gc,phases   ] GC(18)   Other: 0.1ms
[2024-04-24T10:58:27.225+0000][gc,heap     ] GC(18) Eden regions: 602->0(601)
[2024-04-24T10:58:27.225+0000][gc,heap     ] GC(18) Survivor regions: 12->13(77)
[2024-04-24T10:58:27.225+0000][gc,heap     ] GC(18) Old regions: 23->23
[2024-04-24T10:58:27.225+0000][gc,heap     ] GC(18) Archive regions: 2->2
[2024-04-24T10:58:27.225+0000][gc,heap     ] GC(18) Humongous regions: 129->129
[2024-04-24T10:58:27.225+0000][gc,metaspace] GC(18) Metaspace: 42666K(43264K)->42666K(43264K) NonClass: 37635K(37952K)->37635K(37952K) Class: 5031K(5312K)->5031K(5312K)
[2024-04-24T10:58:27.225+0000][gc          ] GC(18) Pause Young (Normal) (G1 Evacuation Pause) 765M->164M(1024M) 6.205ms
[2024-04-24T10:58:27.225+0000][gc,cpu      ] GC(18) User=0.04s Sys=0.00s Real=0.01s
[2024-04-24T10:58:29.589+0000][gc,start    ] GC(19) Pause Young (Normal) (G1 Evacuation Pause)
[2024-04-24T10:58:29.589+0000][gc,task     ] GC(19) Using 8 workers of 8 for evacuation
[2024-04-24T10:58:29.595+0000][gc,phases   ] GC(19)   Pre Evacuate Collection Set: 0.1ms
[2024-04-24T10:58:29.595+0000][gc,phases   ] GC(19)   Merge Heap Roots: 0.1ms
[2024-04-24T10:58:29.595+0000][gc,phases   ] GC(19)   Evacuate Collection Set: 5.6ms
[2024-04-24T10:58:29.595+0000][gc,phases   ] GC(19)   Post Evacuate Collection Set: 0.5ms
[2024-04-24T10:58:29.595+0000][gc,phases   ] GC(19)   Other: 0.1ms
[2024-04-24T10:58:29.595+0000][gc,heap     ] GC(19) Eden regions: 601->0(601)
[2024-04-24T10:58:29.595+0000][gc,heap     ] GC(19) Survivor regions: 13->13(77)
[2024-04-24T10:58:29.595+0000][gc,heap     ] GC(19) Old regions: 23->23
[2024-04-24T10:58:29.595+0000][gc,heap     ] GC(19) Archive regions: 2->2
[2024-04-24T10:58:29.595+0000][gc,heap     ] GC(19) Humongous regions: 129->129
[2024-04-24T10:58:29.595+0000][gc,metaspace] GC(19) Metaspace: 42669K(43328K)->42669K(43328K) NonClass: 37638K(38016K)->37638K(38016K) Class: 5031K(5312K)->5031K(5312K)
[2024-04-24T10:58:29.596+0000][gc          ] GC(19) Pause Young (Normal) (G1 Evacuation Pause) 765M->164M(1024M) 6.463ms
[2024-04-24T10:58:29.596+0000][gc,cpu      ] GC(19) User=0.03s Sys=0.01s Real=0.01s
[2024-04-24T10:58:32.135+0000][gc,start    ] GC(20) Pause Young (Normal) (G1 Evacuation Pause)
[2024-04-24T10:58:32.135+0000][gc,task     ] GC(20) Using 8 workers of 8 for evacuation
[2024-04-24T10:58:32.141+0000][gc,phases   ] GC(20)   Pre Evacuate Collection Set: 0.1ms
[2024-04-24T10:58:32.141+0000][gc,phases   ] GC(20)   Merge Heap Roots: 0.1ms
[2024-04-24T10:58:32.141+0000][gc,phases   ] GC(20)   Evacuate Collection Set: 5.7ms
[2024-04-24T10:58:32.141+0000][gc,phases   ] GC(20)   Post Evacuate Collection Set: 0.5ms
[2024-04-24T10:58:32.141+0000][gc,phases   ] GC(20)   Other: 0.1ms
[2024-04-24T10:58:32.141+0000][gc,heap     ] GC(20) Eden regions: 601->0(601)
[2024-04-24T10:58:32.141+0000][gc,heap     ] GC(20) Survivor regions: 13->13(77)
[2024-04-24T10:58:32.141+0000][gc,heap     ] GC(20) Old regions: 23->23
[2024-04-24T10:58:32.141+0000][gc,heap     ] GC(20) Archive regions: 2->2
[2024-04-24T10:58:32.141+0000][gc,heap     ] GC(20) Humongous regions: 129->129
[2024-04-24T10:58:32.141+0000][gc,metaspace] GC(20) Metaspace: 42669K(43328K)->42669K(43328K) NonClass: 37638K(38016K)->37638K(38016K) Class: 5031K(5312K)->5031K(5312K)
[2024-04-24T10:58:32.141+0000][gc          ] GC(20) Pause Young (Normal) (G1 Evacuation Pause) 765M->164M(1024M) 6.496ms
[2024-04-24T10:58:32.141+0000][gc,cpu      ] GC(20) User=0.03s Sys=0.00s Real=0.00s
[2024-04-24T10:58:34.524+0000][gc,start    ] GC(21) Pause Young (Normal) (G1 Evacuation Pause)
[2024-04-24T10:58:34.524+0000][gc,task     ] GC(21) Using 8 workers of 8 for evacuation
[2024-04-24T10:58:34.530+0000][gc,phases   ] GC(21)   Pre Evacuate Collection Set: 0.1ms
[2024-04-24T10:58:34.530+0000][gc,phases   ] GC(21)   Merge Heap Roots: 0.1ms
[2024-04-24T10:58:34.530+0000][gc,phases   ] GC(21)   Evacuate Collection Set: 5.8ms
[2024-04-24T10:58:34.530+0000][gc,phases   ] GC(21)   Post Evacuate Collection Set: 0.5ms
[2024-04-24T10:58:34.530+0000][gc,phases   ] GC(21)   Other: 0.1ms
[2024-04-24T10:58:34.530+0000][gc,heap     ] GC(21) Eden regions: 601->0(601)
[2024-04-24T10:58:34.530+0000][gc,heap     ] GC(21) Survivor regions: 13->13(77)
[2024-04-24T10:58:34.530+0000][gc,heap     ] GC(21) Old regions: 23->23
[2024-04-24T10:58:34.530+0000][gc,heap     ] GC(21) Archive regions: 2->2
[2024-04-24T10:58:34.530+0000][gc,heap     ] GC(21) Humongous regions: 129->129
[2024-04-24T10:58:34.530+0000][gc,metaspace] GC(21) Metaspace: 42675K(43328K)->42675K(43328K) NonClass: 37643K(38016K)->37643K(38016K) Class: 5031K(5312K)->5031K(5312K)
[2024-04-24T10:58:34.531+0000][gc          ] GC(21) Pause Young (Normal) (G1 Evacuation Pause) 765M->164M(1024M) 6.596ms
[2024-04-24T10:58:34.531+0000][gc,cpu      ] GC(21) User=0.03s Sys=0.01s Real=0.00s
[2024-04-24T10:58:36.953+0000][gc,start    ] GC(22) Pause Young (Normal) (G1 Evacuation Pause)
[2024-04-24T10:58:36.953+0000][gc,task     ] GC(22) Using 8 workers of 8 for evacuation
[2024-04-24T10:58:36.959+0000][gc,phases   ] GC(22)   Pre Evacuate Collection Set: 0.1ms
[2024-04-24T10:58:36.959+0000][gc,phases   ] GC(22)   Merge Heap Roots: 0.1ms
[2024-04-24T10:58:36.959+0000][gc,phases   ] GC(22)   Evacuate Collection Set: 5.9ms
[2024-04-24T10:58:36.959+0000][gc,phases   ] GC(22)   Post Evacuate Collection Set: 0.5ms
[2024-04-24T10:58:36.959+0000][gc,phases   ] GC(22)   Other: 0.1ms
[2024-04-24T10:58:36.959+0000][gc,heap     ] GC(22) Eden regions: 601->0(601)
[2024-04-24T10:58:36.959+0000][gc,heap     ] GC(22) Survivor regions: 13->13(77)
[2024-04-24T10:58:36.959+0000][gc,heap     ] GC(22) Old regions: 23->23
[2024-04-24T10:58:36.959+0000][gc,heap     ] GC(22) Archive regions: 2->2
[2024-04-24T10:58:36.959+0000][gc,heap     ] GC(22) Humongous regions: 129->129
[2024-04-24T10:58:36.959+0000][gc,metaspace] GC(22) Metaspace: 42675K(43328K)->42675K(43328K) NonClass: 37643K(38016K)->37643K(38016K) Class: 5031K(5312K)->5031K(5312K)
[2024-04-24T10:58:36.959+0000][gc          ] GC(22) Pause Young (Normal) (G1 Evacuation Pause) 765M->165M(1024M) 6.761ms
[2024-04-24T10:58:36.960+0000][gc,cpu      ] GC(22) User=0.03s Sys=0.00s Real=0.00s
[2024-04-24T10:58:41.091+0000][gc,start    ] GC(23) Pause Young (Normal) (G1 Evacuation Pause)
[2024-04-24T10:58:41.091+0000][gc,task     ] GC(23) Using 8 workers of 8 for evacuation
[2024-04-24T10:58:41.098+0000][gc,phases   ] GC(23)   Pre Evacuate Collection Set: 0.1ms
[2024-04-24T10:58:41.098+0000][gc,phases   ] GC(23)   Merge Heap Roots: 0.1ms
[2024-04-24T10:58:41.098+0000][gc,phases   ] GC(23)   Evacuate Collection Set: 6.3ms
[2024-04-24T10:58:41.098+0000][gc,phases   ] GC(23)   Post Evacuate Collection Set: 0.5ms
[2024-04-24T10:58:41.098+0000][gc,phases   ] GC(23)   Other: 0.1ms
[2024-04-24T10:58:41.098+0000][gc,heap     ] GC(23) Eden regions: 601->0(601)
[2024-04-24T10:58:41.098+0000][gc,heap     ] GC(23) Survivor regions: 13->13(77)
[2024-04-24T10:58:41.098+0000][gc,heap     ] GC(23) Old regions: 23->24
[2024-04-24T10:58:41.098+0000][gc,heap     ] GC(23) Archive regions: 2->2
[2024-04-24T10:58:41.098+0000][gc,heap     ] GC(23) Humongous regions: 129->129
[2024-04-24T10:58:41.098+0000][gc,metaspace] GC(23) Metaspace: 42676K(43328K)->42676K(43328K) NonClass: 37645K(38016K)->37645K(38016K) Class: 5031K(5312K)->5031K(5312K)
[2024-04-24T10:58:41.098+0000][gc          ] GC(23) Pause Young (Normal) (G1 Evacuation Pause) 766M->165M(1024M) 7.120ms
[2024-04-24T10:58:41.098+0000][gc,cpu      ] GC(23) User=0.03s Sys=0.00s Real=0.01s
[2024-04-24T10:58:43.623+0000][gc,start    ] GC(24) Pause Young (Normal) (G1 Evacuation Pause)
[2024-04-24T10:58:43.623+0000][gc,task     ] GC(24) Using 8 workers of 8 for evacuation
[2024-04-24T10:58:43.629+0000][gc,phases   ] GC(24)   Pre Evacuate Collection Set: 0.1ms
[2024-04-24T10:58:43.629+0000][gc,phases   ] GC(24)   Merge Heap Roots: 0.1ms
[2024-04-24T10:58:43.629+0000][gc,phases   ] GC(24)   Evacuate Collection Set: 5.8ms
[2024-04-24T10:58:43.629+0000][gc,phases   ] GC(24)   Post Evacuate Collection Set: 0.5ms
[2024-04-24T10:58:43.629+0000][gc,phases   ] GC(24)   Other: 0.1ms
[2024-04-24T10:58:43.629+0000][gc,heap     ] GC(24) Eden regions: 601->0(602)
[2024-04-24T10:58:43.629+0000][gc,heap     ] GC(24) Survivor regions: 13->12(77)
[2024-04-24T10:58:43.629+0000][gc,heap     ] GC(24) Old regions: 24->25
[2024-04-24T10:58:43.629+0000][gc,heap     ] GC(24) Archive regions: 2->2
[2024-04-24T10:58:43.630+0000][gc,heap     ] GC(24) Humongous regions: 129->129
[2024-04-24T10:58:43.630+0000][gc,metaspace] GC(24) Metaspace: 42677K(43328K)->42677K(43328K) NonClass: 37646K(38016K)->37646K(38016K) Class: 5031K(5312K)->5031K(5312K)
[2024-04-24T10:58:43.630+0000][gc          ] GC(24) Pause Young (Normal) (G1 Evacuation Pause) 766M->166M(1024M) 6.633ms
[2024-04-24T10:58:43.630+0000][gc,cpu      ] GC(24) User=0.04s Sys=0.00s Real=0.01s
[2024-04-24T10:58:46.006+0000][gc,start    ] GC(25) Pause Young (Normal) (G1 Evacuation Pause)
[2024-04-24T10:58:46.006+0000][gc,task     ] GC(25) Using 8 workers of 8 for evacuation
[2024-04-24T10:58:46.013+0000][gc,phases   ] GC(25)   Pre Evacuate Collection Set: 0.1ms
[2024-04-24T10:58:46.013+0000][gc,phases   ] GC(25)   Merge Heap Roots: 0.1ms
[2024-04-24T10:58:46.013+0000][gc,phases   ] GC(25)   Evacuate Collection Set: 5.8ms
[2024-04-24T10:58:46.013+0000][gc,phases   ] GC(25)   Post Evacuate Collection Set: 0.5ms
[2024-04-24T10:58:46.013+0000][gc,phases   ] GC(25)   Other: 0.1ms
[2024-04-24T10:58:46.013+0000][gc,heap     ] GC(25) Eden regions: 602->0(603)
[2024-04-24T10:58:46.013+0000][gc,heap     ] GC(25) Survivor regions: 12->11(77)
[2024-04-24T10:58:46.013+0000][gc,heap     ] GC(25) Old regions: 25->26
[2024-04-24T10:58:46.013+0000][gc,heap     ] GC(25) Archive regions: 2->2
[2024-04-24T10:58:46.013+0000][gc,heap     ] GC(25) Humongous regions: 129->129
[2024-04-24T10:58:46.013+0000][gc,metaspace] GC(25) Metaspace: 42681K(43328K)->42681K(43328K) NonClass: 37649K(38016K)->37649K(38016K) Class: 5031K(5312K)->5031K(5312K)
[2024-04-24T10:58:46.013+0000][gc          ] GC(25) Pause Young (Normal) (G1 Evacuation Pause) 768M->166M(1024M) 6.655ms
[2024-04-24T10:58:46.013+0000][gc,cpu      ] GC(25) User=0.04s Sys=0.00s Real=0.01s
[2024-04-24T10:58:48.463+0000][gc,start    ] GC(26) Pause Young (Normal) (G1 Evacuation Pause)
[2024-04-24T10:58:48.463+0000][gc,task     ] GC(26) Using 8 workers of 8 for evacuation
[2024-04-24T10:58:48.469+0000][gc,phases   ] GC(26)   Pre Evacuate Collection Set: 0.1ms
[2024-04-24T10:58:48.469+0000][gc,phases   ] GC(26)   Merge Heap Roots: 0.1ms
[2024-04-24T10:58:48.469+0000][gc,phases   ] GC(26)   Evacuate Collection Set: 5.4ms
[2024-04-24T10:58:48.469+0000][gc,phases   ] GC(26)   Post Evacuate Collection Set: 0.5ms
[2024-04-24T10:58:48.469+0000][gc,phases   ] GC(26)   Other: 0.1ms
[2024-04-24T10:58:48.469+0000][gc,heap     ] GC(26) Eden regions: 603->0(604)
[2024-04-24T10:58:48.469+0000][gc,heap     ] GC(26) Survivor regions: 11->10(77)
[2024-04-24T10:58:48.469+0000][gc,heap     ] GC(26) Old regions: 26->28
[2024-04-24T10:58:48.469+0000][gc,heap     ] GC(26) Archive regions: 2->2
[2024-04-24T10:58:48.469+0000][gc,heap     ] GC(26) Humongous regions: 129->129
[2024-04-24T10:58:48.469+0000][gc,metaspace] GC(26) Metaspace: 42695K(43392K)->42695K(43392K) NonClass: 37664K(38080K)->37664K(38080K) Class: 5031K(5312K)->5031K(5312K)
[2024-04-24T10:58:48.469+0000][gc          ] GC(26) Pause Young (Normal) (G1 Evacuation Pause) 769M->167M(1024M) 6.233ms
[2024-04-24T10:58:48.469+0000][gc,cpu      ] GC(26) User=0.03s Sys=0.00s Real=0.01s
[2024-04-24T10:58:50.919+0000][gc,start    ] GC(27) Pause Young (Normal) (G1 Evacuation Pause)
[2024-04-24T10:58:50.919+0000][gc,task     ] GC(27) Using 8 workers of 8 for evacuation
[2024-04-24T10:58:50.925+0000][gc,phases   ] GC(27)   Pre Evacuate Collection Set: 0.1ms
[2024-04-24T10:58:50.925+0000][gc,phases   ] GC(27)   Merge Heap Roots: 0.1ms
[2024-04-24T10:58:50.925+0000][gc,phases   ] GC(27)   Evacuate Collection Set: 5.0ms
[2024-04-24T10:58:50.925+0000][gc,phases   ] GC(27)   Post Evacuate Collection Set: 0.5ms
[2024-04-24T10:58:50.925+0000][gc,phases   ] GC(27)   Other: 0.1ms
[2024-04-24T10:58:50.925+0000][gc,heap     ] GC(27) Eden regions: 604->0(605)
[2024-04-24T10:58:50.925+0000][gc,heap     ] GC(27) Survivor regions: 10->9(77)
[2024-04-24T10:58:50.925+0000][gc,heap     ] GC(27) Old regions: 28->29
[2024-04-24T10:58:50.925+0000][gc,heap     ] GC(27) Archive regions: 2->2
[2024-04-24T10:58:50.925+0000][gc,heap     ] GC(27) Humongous regions: 129->129
[2024-04-24T10:58:50.925+0000][gc,metaspace] GC(27) Metaspace: 42695K(43392K)->42695K(43392K) NonClass: 37664K(38080K)->37664K(38080K) Class: 5031K(5312K)->5031K(5312K)
[2024-04-24T10:58:50.925+0000][gc          ] GC(27) Pause Young (Normal) (G1 Evacuation Pause) 771M->166M(1024M) 5.784ms
[2024-04-24T10:58:50.925+0000][gc,cpu      ] GC(27) User=0.03s Sys=0.00s Real=0.01s
[2024-04-24T10:58:53.368+0000][gc,start    ] GC(28) Pause Young (Normal) (G1 Evacuation Pause)
[2024-04-24T10:58:53.368+0000][gc,task     ] GC(28) Using 8 workers of 8 for evacuation
[2024-04-24T10:58:53.373+0000][gc,phases   ] GC(28)   Pre Evacuate Collection Set: 0.1ms
[2024-04-24T10:58:53.373+0000][gc,phases   ] GC(28)   Merge Heap Roots: 0.1ms
[2024-04-24T10:58:53.373+0000][gc,phases   ] GC(28)   Evacuate Collection Set: 4.8ms
[2024-04-24T10:58:53.373+0000][gc,phases   ] GC(28)   Post Evacuate Collection Set: 0.5ms
[2024-04-24T10:58:53.373+0000][gc,phases   ] GC(28)   Other: 0.1ms
[2024-04-24T10:58:53.373+0000][gc,heap     ] GC(28) Eden regions: 605->0(606)
[2024-04-24T10:58:53.373+0000][gc,heap     ] GC(28) Survivor regions: 9->8(77)
[2024-04-24T10:58:53.373+0000][gc,heap     ] GC(28) Old regions: 29->30
[2024-04-24T10:58:53.373+0000][gc,heap     ] GC(28) Archive regions: 2->2
[2024-04-24T10:58:53.373+0000][gc,heap     ] GC(28) Humongous regions: 129->129
[2024-04-24T10:58:53.373+0000][gc,metaspace] GC(28) Metaspace: 42695K(43392K)->42695K(43392K) NonClass: 37664K(38080K)->37664K(38080K) Class: 5031K(5312K)->5031K(5312K)
[2024-04-24T10:58:53.373+0000][gc          ] GC(28) Pause Young (Normal) (G1 Evacuation Pause) 771M->167M(1024M) 5.603ms
[2024-04-24T10:58:53.373+0000][gc,cpu      ] GC(28) User=0.03s Sys=0.00s Real=0.01s
[2024-04-24T10:58:55.749+0000][gc,start    ] GC(29) Pause Young (Normal) (G1 Evacuation Pause)
[2024-04-24T10:58:55.749+0000][gc,task     ] GC(29) Using 8 workers of 8 for evacuation
[2024-04-24T10:58:55.755+0000][gc,phases   ] GC(29)   Pre Evacuate Collection Set: 0.1ms
[2024-04-24T10:58:55.755+0000][gc,phases   ] GC(29)   Merge Heap Roots: 0.1ms
[2024-04-24T10:58:55.755+0000][gc,phases   ] GC(29)   Evacuate Collection Set: 4.6ms
[2024-04-24T10:58:55.755+0000][gc,phases   ] GC(29)   Post Evacuate Collection Set: 0.4ms
[2024-04-24T10:58:55.755+0000][gc,phases   ] GC(29)   Other: 0.1ms
[2024-04-24T10:58:55.755+0000][gc,heap     ] GC(29) Eden regions: 606->0(607)
[2024-04-24T10:58:55.755+0000][gc,heap     ] GC(29) Survivor regions: 8->7(77)
[2024-04-24T10:58:55.755+0000][gc,heap     ] GC(29) Old regions: 30->31
[2024-04-24T10:58:55.755+0000][gc,heap     ] GC(29) Archive regions: 2->2
[2024-04-24T10:58:55.755+0000][gc,heap     ] GC(29) Humongous regions: 129->129
[2024-04-24T10:58:55.755+0000][gc,metaspace] GC(29) Metaspace: 42695K(43392K)->42695K(43392K) NonClass: 37664K(38080K)->37664K(38080K) Class: 5031K(5312K)->5031K(5312K)
[2024-04-24T10:58:55.755+0000][gc          ] GC(29) Pause Young (Normal) (G1 Evacuation Pause) 773M->167M(1024M) 5.386ms
[2024-04-24T10:58:55.755+0000][gc,cpu      ] GC(29) User=0.03s Sys=0.00s Real=0.01s
[2024-04-24T10:58:58.266+0000][gc,start    ] GC(30) Pause Young (Normal) (G1 Evacuation Pause)
[2024-04-24T10:58:58.266+0000][gc,task     ] GC(30) Using 8 workers of 8 for evacuation
[2024-04-24T10:58:58.271+0000][gc,phases   ] GC(30)   Pre Evacuate Collection Set: 0.1ms
[2024-04-24T10:58:58.271+0000][gc,phases   ] GC(30)   Merge Heap Roots: 0.1ms
[2024-04-24T10:58:58.271+0000][gc,phases   ] GC(30)   Evacuate Collection Set: 3.9ms
[2024-04-24T10:58:58.271+0000][gc,phases   ] GC(30)   Post Evacuate Collection Set: 0.5ms
[2024-04-24T10:58:58.271+0000][gc,phases   ] GC(30)   Other: 0.2ms
[2024-04-24T10:58:58.271+0000][gc,heap     ] GC(30) Eden regions: 607->0(608)
[2024-04-24T10:58:58.271+0000][gc,heap     ] GC(30) Survivor regions: 7->6(77)
[2024-04-24T10:58:58.271+0000][gc,heap     ] GC(30) Old regions: 31->33
[2024-04-24T10:58:58.271+0000][gc,heap     ] GC(30) Archive regions: 2->2
[2024-04-24T10:58:58.271+0000][gc,heap     ] GC(30) Humongous regions: 129->129
[2024-04-24T10:58:58.271+0000][gc,metaspace] GC(30) Metaspace: 42810K(43456K)->42810K(43456K) NonClass: 37753K(38144K)->37753K(38144K) Class: 5057K(5312K)->5057K(5312K)
[2024-04-24T10:58:58.271+0000][gc          ] GC(30) Pause Young (Normal) (G1 Evacuation Pause) 774M->167M(1024M) 4.843ms
[2024-04-24T10:58:58.271+0000][gc,cpu      ] GC(30) User=0.02s Sys=0.00s Real=0.00s
[2024-04-24T10:59:00.467+0000][gc,start    ] GC(31) Pause Young (Normal) (G1 Evacuation Pause)
[2024-04-24T10:59:00.467+0000][gc,task     ] GC(31) Using 8 workers of 8 for evacuation
[2024-04-24T10:59:00.471+0000][gc,phases   ] GC(31)   Pre Evacuate Collection Set: 0.1ms
[2024-04-24T10:59:00.471+0000][gc,phases   ] GC(31)   Merge Heap Roots: 0.1ms
[2024-04-24T10:59:00.471+0000][gc,phases   ] GC(31)   Evacuate Collection Set: 3.0ms
[2024-04-24T10:59:00.471+0000][gc,phases   ] GC(31)   Post Evacuate Collection Set: 0.4ms
[2024-04-24T10:59:00.471+0000][gc,phases   ] GC(31)   Other: 0.1ms
[2024-04-24T10:59:00.471+0000][gc,heap     ] GC(31) Eden regions: 608->0(609)
[2024-04-24T10:59:00.471+0000][gc,heap     ] GC(31) Survivor regions: 6->5(77)
[2024-04-24T10:59:00.471+0000][gc,heap     ] GC(31) Old regions: 33->33
[2024-04-24T10:59:00.471+0000][gc,heap     ] GC(31) Archive regions: 2->2
[2024-04-24T10:59:00.471+0000][gc,heap     ] GC(31) Humongous regions: 129->129
[2024-04-24T10:59:00.471+0000][gc,metaspace] GC(31) Metaspace: 42810K(43456K)->42810K(43456K) NonClass: 37753K(38144K)->37753K(38144K) Class: 5057K(5312K)->5057K(5312K)
[2024-04-24T10:59:00.471+0000][gc          ] GC(31) Pause Young (Normal) (G1 Evacuation Pause) 775M->167M(1024M) 3.822ms
[2024-04-24T10:59:00.471+0000][gc,cpu      ] GC(31) User=0.02s Sys=0.00s Real=0.00s
[2024-04-24T10:59:02.932+0000][gc,start    ] GC(32) Pause Young (Normal) (G1 Evacuation Pause)
[2024-04-24T10:59:02.932+0000][gc,task     ] GC(32) Using 8 workers of 8 for evacuation
[2024-04-24T10:59:02.935+0000][gc,phases   ] GC(32)   Pre Evacuate Collection Set: 0.1ms
[2024-04-24T10:59:02.935+0000][gc,phases   ] GC(32)   Merge Heap Roots: 0.1ms
[2024-04-24T10:59:02.935+0000][gc,phases   ] GC(32)   Evacuate Collection Set: 3.0ms
[2024-04-24T10:59:02.935+0000][gc,phases   ] GC(32)   Post Evacuate Collection Set: 0.4ms
[2024-04-24T10:59:02.935+0000][gc,phases   ] GC(32)   Other: 0.1ms
[2024-04-24T10:59:02.935+0000][gc,heap     ] GC(32) Eden regions: 609->0(609)
[2024-04-24T10:59:02.935+0000][gc,heap     ] GC(32) Survivor regions: 5->5(77)
[2024-04-24T10:59:02.935+0000][gc,heap     ] GC(32) Old regions: 33->34
[2024-04-24T10:59:02.935+0000][gc,heap     ] GC(32) Archive regions: 2->2
[2024-04-24T10:59:02.935+0000][gc,heap     ] GC(32) Humongous regions: 129->129
[2024-04-24T10:59:02.935+0000][gc,metaspace] GC(32) Metaspace: 42856K(43520K)->42856K(43520K) NonClass: 37787K(38208K)->37787K(38208K) Class: 5069K(5312K)->5069K(5312K)
[2024-04-24T10:59:02.935+0000][gc          ] GC(32) Pause Young (Normal) (G1 Evacuation Pause) 776M->167M(1024M) 3.791ms
[2024-04-24T10:59:02.935+0000][gc,cpu      ] GC(32) User=0.03s Sys=0.00s Real=0.01s
[2024-04-24T10:59:11.918+0000][gc,heap,exit] Heap
[2024-04-24T10:59:11.919+0000][gc,heap,exit]  garbage-first heap   total 1048576K, used 555265K [0x00000000c0000000, 0x0000000100000000)
[2024-04-24T10:59:11.919+0000][gc,heap,exit]   region size 1024K, 380 young (389120K), 5 survivors (5120K)
[2024-04-24T10:59:11.919+0000][gc,heap,exit]  Metaspace       used 43745K, committed 44352K, reserved 1114112K
[2024-04-24T10:59:11.919+0000][gc,heap,exit]   class space    used 5247K, committed 5504K, reserved 1048576K
