[2024-04-24T12:35:57.594+0000][gc] Using G1
[2024-04-24T12:35:57.600+0000][gc,init] Version: 17.0.10+7-Ubuntu-120.04.1 (release)
[2024-04-24T12:35:57.600+0000][gc,init] CPUs: 8 total, 8 available
[2024-04-24T12:35:57.600+0000][gc,init] Memory: 32059M
[2024-04-24T12:35:57.600+0000][gc,init] Large Page Support: Disabled
[2024-04-24T12:35:57.600+0000][gc,init] NUMA Support: Disabled
[2024-04-24T12:35:57.600+0000][gc,init] Compressed Oops: Enabled (32-bit)
[2024-04-24T12:35:57.600+0000][gc,init] Heap Region Size: 1M
[2024-04-24T12:35:57.600+0000][gc,init] Heap Min Capacity: 1G
[2024-04-24T12:35:57.600+0000][gc,init] Heap Initial Capacity: 1G
[2024-04-24T12:35:57.600+0000][gc,init] Heap Max Capacity: 1G
[2024-04-24T12:35:57.600+0000][gc,init] Pre-touch: Disabled
[2024-04-24T12:35:57.601+0000][gc,init] Parallel Workers: 8
[2024-04-24T12:35:57.601+0000][gc,init] Concurrent Workers: 2
[2024-04-24T12:35:57.601+0000][gc,init] Concurrent Refinement Workers: 8
[2024-04-24T12:35:57.601+0000][gc,init] Periodic GC: Disabled
[2024-04-24T12:35:57.608+0000][gc,metaspace] CDS archive(s) mapped at: [0x00007f5bcf000000-0x00007f5bcfbc7000-0x00007f5bcfbc7000), size 12349440, SharedBaseAddress: 0x00007f5bcf000000, ArchiveRelocationMode: 1.
[2024-04-24T12:35:57.608+0000][gc,metaspace] Compressed class space mapped at: 0x00007f5bd0000000-0x00007f5c10000000, reserved size: 1073741824
[2024-04-24T12:35:57.608+0000][gc,metaspace] Narrow klass base: 0x00007f5bcf000000, Narrow klass shift: 0, Narrow klass range: 0x100000000
[2024-04-24T12:35:58.469+0000][gc,start    ] GC(0) Pause Young (Normal) (G1 Evacuation Pause)
[2024-04-24T12:35:58.470+0000][gc,task     ] GC(0) Using 8 workers of 8 for evacuation
[2024-04-24T12:35:58.474+0000][gc,phases   ] GC(0)   Pre Evacuate Collection Set: 0.1ms
[2024-04-24T12:35:58.474+0000][gc,phases   ] GC(0)   Merge Heap Roots: 0.0ms
[2024-04-24T12:35:58.474+0000][gc,phases   ] GC(0)   Evacuate Collection Set: 3.1ms
[2024-04-24T12:35:58.474+0000][gc,phases   ] GC(0)   Post Evacuate Collection Set: 0.5ms
[2024-04-24T12:35:58.474+0000][gc,phases   ] GC(0)   Other: 0.7ms
[2024-04-24T12:35:58.474+0000][gc,heap     ] GC(0) Eden regions: 51->0(44)
[2024-04-24T12:35:58.474+0000][gc,heap     ] GC(0) Survivor regions: 0->7(7)
[2024-04-24T12:35:58.474+0000][gc,heap     ] GC(0) Old regions: 0->6
[2024-04-24T12:35:58.474+0000][gc,heap     ] GC(0) Archive regions: 2->2
[2024-04-24T12:35:58.474+0000][gc,heap     ] GC(0) Humongous regions: 0->0
[2024-04-24T12:35:58.474+0000][gc,metaspace] GC(0) Metaspace: 15691K(15936K)->15691K(15936K) NonClass: 13791K(13888K)->13791K(13888K) Class: 1900K(2048K)->1900K(2048K)
[2024-04-24T12:35:58.474+0000][gc          ] GC(0) Pause Young (Normal) (G1 Evacuation Pause) 51M->13M(1024M) 4.529ms
[2024-04-24T12:35:58.474+0000][gc,cpu      ] GC(0) User=0.02s Sys=0.01s Real=0.01s
[2024-04-24T12:35:58.677+0000][gc,start    ] GC(1) Pause Young (Concurrent Start) (Metadata GC Threshold)
[2024-04-24T12:35:58.677+0000][gc,task     ] GC(1) Using 8 workers of 8 for evacuation
[2024-04-24T12:35:58.681+0000][gc,phases   ] GC(1)   Pre Evacuate Collection Set: 0.1ms
[2024-04-24T12:35:58.681+0000][gc,phases   ] GC(1)   Merge Heap Roots: 0.1ms
[2024-04-24T12:35:58.681+0000][gc,phases   ] GC(1)   Evacuate Collection Set: 2.6ms
[2024-04-24T12:35:58.681+0000][gc,phases   ] GC(1)   Post Evacuate Collection Set: 0.4ms
[2024-04-24T12:35:58.681+0000][gc,phases   ] GC(1)   Other: 0.2ms
[2024-04-24T12:35:58.681+0000][gc,heap     ] GC(1) Eden regions: 21->0(49)
[2024-04-24T12:35:58.681+0000][gc,heap     ] GC(1) Survivor regions: 7->2(7)
[2024-04-24T12:35:58.681+0000][gc,heap     ] GC(1) Old regions: 6->13
[2024-04-24T12:35:58.681+0000][gc,heap     ] GC(1) Archive regions: 2->2
[2024-04-24T12:35:58.681+0000][gc,heap     ] GC(1) Humongous regions: 0->0
[2024-04-24T12:35:58.681+0000][gc,metaspace] GC(1) Metaspace: 21328K(21504K)->21328K(21504K) NonClass: 18755K(18816K)->18755K(18816K) Class: 2573K(2688K)->2573K(2688K)
[2024-04-24T12:35:58.681+0000][gc          ] GC(1) Pause Young (Concurrent Start) (Metadata GC Threshold) 34M->14M(1024M) 3.435ms
[2024-04-24T12:35:58.681+0000][gc,cpu      ] GC(1) User=0.02s Sys=0.00s Real=0.00s
[2024-04-24T12:35:58.681+0000][gc          ] GC(2) Concurrent Mark Cycle
[2024-04-24T12:35:58.681+0000][gc,marking  ] GC(2) Concurrent Clear Claimed Marks
[2024-04-24T12:35:58.681+0000][gc,marking  ] GC(2) Concurrent Clear Claimed Marks 0.017ms
[2024-04-24T12:35:58.681+0000][gc,marking  ] GC(2) Concurrent Scan Root Regions
[2024-04-24T12:35:58.683+0000][gc,marking  ] GC(2) Concurrent Scan Root Regions 2.023ms
[2024-04-24T12:35:58.683+0000][gc,marking  ] GC(2) Concurrent Mark
[2024-04-24T12:35:58.683+0000][gc,marking  ] GC(2) Concurrent Mark From Roots
[2024-04-24T12:35:58.683+0000][gc,task     ] GC(2) Using 2 workers of 2 for marking
[2024-04-24T12:35:58.686+0000][gc,marking  ] GC(2) Concurrent Mark From Roots 3.066ms
[2024-04-24T12:35:58.686+0000][gc,marking  ] GC(2) Concurrent Preclean
[2024-04-24T12:35:58.686+0000][gc,marking  ] GC(2) Concurrent Preclean 0.099ms
[2024-04-24T12:35:58.686+0000][gc,start    ] GC(2) Pause Remark
[2024-04-24T12:35:58.688+0000][gc          ] GC(2) Pause Remark 15M->15M(1024M) 1.374ms
[2024-04-24T12:35:58.688+0000][gc,cpu      ] GC(2) User=0.01s Sys=0.00s Real=0.00s
[2024-04-24T12:35:58.688+0000][gc,marking  ] GC(2) Concurrent Mark 4.728ms
[2024-04-24T12:35:58.688+0000][gc,marking  ] GC(2) Concurrent Rebuild Remembered Sets
[2024-04-24T12:35:58.690+0000][gc,marking  ] GC(2) Concurrent Rebuild Remembered Sets 2.342ms
[2024-04-24T12:35:58.690+0000][gc,start    ] GC(2) Pause Cleanup
[2024-04-24T12:35:58.690+0000][gc          ] GC(2) Pause Cleanup 15M->15M(1024M) 0.136ms
[2024-04-24T12:35:58.690+0000][gc,cpu      ] GC(2) User=0.00s Sys=0.00s Real=0.00s
[2024-04-24T12:35:58.690+0000][gc,marking  ] GC(2) Concurrent Cleanup for Next Mark
[2024-04-24T12:35:58.694+0000][gc,marking  ] GC(2) Concurrent Cleanup for Next Mark 4.123ms
[2024-04-24T12:35:58.694+0000][gc          ] GC(2) Concurrent Mark Cycle 13.651ms
[2024-04-24T12:35:59.203+0000][gc,start    ] GC(3) Pause Young (Normal) (G1 Evacuation Pause)
[2024-04-24T12:35:59.203+0000][gc,task     ] GC(3) Using 8 workers of 8 for evacuation
[2024-04-24T12:35:59.207+0000][gc,phases   ] GC(3)   Pre Evacuate Collection Set: 0.1ms
[2024-04-24T12:35:59.207+0000][gc,phases   ] GC(3)   Merge Heap Roots: 0.1ms
[2024-04-24T12:35:59.207+0000][gc,phases   ] GC(3)   Evacuate Collection Set: 3.0ms
[2024-04-24T12:35:59.207+0000][gc,phases   ] GC(3)   Post Evacuate Collection Set: 0.5ms
[2024-04-24T12:35:59.207+0000][gc,phases   ] GC(3)   Other: 0.1ms
[2024-04-24T12:35:59.207+0000][gc,heap     ] GC(3) Eden regions: 49->0(45)
[2024-04-24T12:35:59.207+0000][gc,heap     ] GC(3) Survivor regions: 2->6(7)
[2024-04-24T12:35:59.207+0000][gc,heap     ] GC(3) Old regions: 13->13
[2024-04-24T12:35:59.207+0000][gc,heap     ] GC(3) Archive regions: 2->2
[2024-04-24T12:35:59.207+0000][gc,heap     ] GC(3) Humongous regions: 129->129
[2024-04-24T12:35:59.207+0000][gc,metaspace] GC(3) Metaspace: 29817K(30144K)->29817K(30144K) NonClass: 26425K(26624K)->26425K(26624K) Class: 3392K(3520K)->3392K(3520K)
[2024-04-24T12:35:59.207+0000][gc          ] GC(3) Pause Young (Normal) (G1 Evacuation Pause) 192M->148M(1024M) 3.917ms
[2024-04-24T12:35:59.207+0000][gc,cpu      ] GC(3) User=0.02s Sys=0.00s Real=0.01s
[2024-04-24T12:35:59.471+0000][gc,start    ] GC(4) Pause Young (Concurrent Start) (Metadata GC Threshold)
[2024-04-24T12:35:59.471+0000][gc,task     ] GC(4) Using 8 workers of 8 for evacuation
[2024-04-24T12:35:59.476+0000][gc,phases   ] GC(4)   Pre Evacuate Collection Set: 0.1ms
[2024-04-24T12:35:59.476+0000][gc,phases   ] GC(4)   Merge Heap Roots: 0.0ms
[2024-04-24T12:35:59.476+0000][gc,phases   ] GC(4)   Evacuate Collection Set: 3.8ms
[2024-04-24T12:35:59.476+0000][gc,phases   ] GC(4)   Post Evacuate Collection Set: 0.3ms
[2024-04-24T12:35:59.476+0000][gc,phases   ] GC(4)   Other: 0.1ms
[2024-04-24T12:35:59.476+0000][gc,heap     ] GC(4) Eden regions: 27->0(48)
[2024-04-24T12:35:59.476+0000][gc,heap     ] GC(4) Survivor regions: 6->3(7)
[2024-04-24T12:35:59.476+0000][gc,heap     ] GC(4) Old regions: 13->18
[2024-04-24T12:35:59.476+0000][gc,heap     ] GC(4) Archive regions: 2->2
[2024-04-24T12:35:59.476+0000][gc,heap     ] GC(4) Humongous regions: 129->129
[2024-04-24T12:35:59.476+0000][gc,metaspace] GC(4) Metaspace: 35828K(36096K)->35828K(36096K) NonClass: 31826K(31936K)->31826K(31936K) Class: 4001K(4160K)->4001K(4160K)
[2024-04-24T12:35:59.476+0000][gc          ] GC(4) Pause Young (Concurrent Start) (Metadata GC Threshold) 174M->150M(1024M) 4.505ms
[2024-04-24T12:35:59.476+0000][gc,cpu      ] GC(4) User=0.03s Sys=0.00s Real=0.01s
[2024-04-24T12:35:59.476+0000][gc          ] GC(5) Concurrent Mark Cycle
[2024-04-24T12:35:59.476+0000][gc,marking  ] GC(5) Concurrent Clear Claimed Marks
[2024-04-24T12:35:59.476+0000][gc,marking  ] GC(5) Concurrent Clear Claimed Marks 0.023ms
[2024-04-24T12:35:59.476+0000][gc,marking  ] GC(5) Concurrent Scan Root Regions
[2024-04-24T12:35:59.479+0000][gc,marking  ] GC(5) Concurrent Scan Root Regions 2.980ms
[2024-04-24T12:35:59.479+0000][gc,marking  ] GC(5) Concurrent Mark
[2024-04-24T12:35:59.479+0000][gc,marking  ] GC(5) Concurrent Mark From Roots
[2024-04-24T12:35:59.479+0000][gc,task     ] GC(5) Using 2 workers of 2 for marking
[2024-04-24T12:35:59.485+0000][gc,marking  ] GC(5) Concurrent Mark From Roots 5.618ms
[2024-04-24T12:35:59.485+0000][gc,marking  ] GC(5) Concurrent Preclean
[2024-04-24T12:35:59.485+0000][gc,marking  ] GC(5) Concurrent Preclean 0.155ms
[2024-04-24T12:35:59.485+0000][gc,start    ] GC(5) Pause Remark
[2024-04-24T12:35:59.486+0000][gc          ] GC(5) Pause Remark 151M->151M(1024M) 1.289ms
[2024-04-24T12:35:59.486+0000][gc,cpu      ] GC(5) User=0.00s Sys=0.00s Real=0.00s
[2024-04-24T12:35:59.486+0000][gc,marking  ] GC(5) Concurrent Mark 7.219ms
[2024-04-24T12:35:59.486+0000][gc,marking  ] GC(5) Concurrent Rebuild Remembered Sets
[2024-04-24T12:35:59.486+0000][gc,marking  ] GC(5) Concurrent Rebuild Remembered Sets 0.007ms
[2024-04-24T12:35:59.486+0000][gc,start    ] GC(5) Pause Cleanup
[2024-04-24T12:35:59.486+0000][gc          ] GC(5) Pause Cleanup 151M->151M(1024M) 0.011ms
[2024-04-24T12:35:59.486+0000][gc,cpu      ] GC(5) User=0.00s Sys=0.00s Real=0.00s
[2024-04-24T12:35:59.486+0000][gc,marking  ] GC(5) Concurrent Cleanup for Next Mark
[2024-04-24T12:35:59.490+0000][gc,marking  ] GC(5) Concurrent Cleanup for Next Mark 4.003ms
[2024-04-24T12:35:59.490+0000][gc          ] GC(5) Concurrent Mark Cycle 14.419ms
[2024-04-24T12:36:26.836+0000][gc,start    ] GC(6) Pause Young (Normal) (G1 Evacuation Pause)
[2024-04-24T12:36:26.836+0000][gc,task     ] GC(6) Using 8 workers of 8 for evacuation
[2024-04-24T12:36:26.840+0000][gc,phases   ] GC(6)   Pre Evacuate Collection Set: 0.2ms
[2024-04-24T12:36:26.840+0000][gc,phases   ] GC(6)   Merge Heap Roots: 0.0ms
[2024-04-24T12:36:26.840+0000][gc,phases   ] GC(6)   Evacuate Collection Set: 3.3ms
[2024-04-24T12:36:26.840+0000][gc,phases   ] GC(6)   Post Evacuate Collection Set: 0.5ms
[2024-04-24T12:36:26.840+0000][gc,phases   ] GC(6)   Other: 0.1ms
[2024-04-24T12:36:26.840+0000][gc,heap     ] GC(6) Eden regions: 48->0(46)
[2024-04-24T12:36:26.840+0000][gc,heap     ] GC(6) Survivor regions: 3->5(7)
[2024-04-24T12:36:26.840+0000][gc,heap     ] GC(6) Old regions: 18->18
[2024-04-24T12:36:26.840+0000][gc,heap     ] GC(6) Archive regions: 2->2
[2024-04-24T12:36:26.840+0000][gc,heap     ] GC(6) Humongous regions: 159->129
[2024-04-24T12:36:26.840+0000][gc,metaspace] GC(6) Metaspace: 41443K(41920K)->41443K(41920K) NonClass: 36592K(36864K)->36592K(36864K) Class: 4850K(5056K)->4850K(5056K)
[2024-04-24T12:36:26.840+0000][gc          ] GC(6) Pause Young (Normal) (G1 Evacuation Pause) 228M->152M(1024M) 4.165ms
[2024-04-24T12:36:26.840+0000][gc,cpu      ] GC(6) User=0.02s Sys=0.00s Real=0.00s
[2024-04-24T12:36:27.315+0000][gc,start    ] GC(7) Pause Young (Normal) (G1 Evacuation Pause)
[2024-04-24T12:36:27.315+0000][gc,task     ] GC(7) Using 8 workers of 8 for evacuation
[2024-04-24T12:36:27.318+0000][gc,phases   ] GC(7)   Pre Evacuate Collection Set: 0.1ms
[2024-04-24T12:36:27.318+0000][gc,phases   ] GC(7)   Merge Heap Roots: 0.0ms
[2024-04-24T12:36:27.318+0000][gc,phases   ] GC(7)   Evacuate Collection Set: 3.0ms
[2024-04-24T12:36:27.318+0000][gc,phases   ] GC(7)   Post Evacuate Collection Set: 0.4ms
[2024-04-24T12:36:27.318+0000][gc,phases   ] GC(7)   Other: 0.1ms
[2024-04-24T12:36:27.318+0000][gc,heap     ] GC(7) Eden regions: 46->0(48)
[2024-04-24T12:36:27.318+0000][gc,heap     ] GC(7) Survivor regions: 5->3(7)
[2024-04-24T12:36:27.318+0000][gc,heap     ] GC(7) Old regions: 18->20
[2024-04-24T12:36:27.318+0000][gc,heap     ] GC(7) Archive regions: 2->2
[2024-04-24T12:36:27.318+0000][gc,heap     ] GC(7) Humongous regions: 129->129
[2024-04-24T12:36:27.318+0000][gc,metaspace] GC(7) Metaspace: 41596K(42112K)->41596K(42112K) NonClass: 36744K(37056K)->36744K(37056K) Class: 4851K(5056K)->4851K(5056K)
[2024-04-24T12:36:27.318+0000][gc          ] GC(7) Pause Young (Normal) (G1 Evacuation Pause) 198M->152M(1024M) 3.760ms
[2024-04-24T12:36:27.318+0000][gc,cpu      ] GC(7) User=0.02s Sys=0.00s Real=0.00s
[2024-04-24T12:36:27.641+0000][gc,start    ] GC(8) Pause Young (Normal) (G1 Evacuation Pause)
[2024-04-24T12:36:27.641+0000][gc,task     ] GC(8) Using 8 workers of 8 for evacuation
[2024-04-24T12:36:27.644+0000][gc,phases   ] GC(8)   Pre Evacuate Collection Set: 0.1ms
[2024-04-24T12:36:27.644+0000][gc,phases   ] GC(8)   Merge Heap Roots: 0.0ms
[2024-04-24T12:36:27.644+0000][gc,phases   ] GC(8)   Evacuate Collection Set: 2.3ms
[2024-04-24T12:36:27.644+0000][gc,phases   ] GC(8)   Post Evacuate Collection Set: 0.3ms
[2024-04-24T12:36:27.644+0000][gc,phases   ] GC(8)   Other: 0.1ms
[2024-04-24T12:36:27.644+0000][gc,heap     ] GC(8) Eden regions: 48->0(49)
[2024-04-24T12:36:27.644+0000][gc,heap     ] GC(8) Survivor regions: 3->3(7)
[2024-04-24T12:36:27.644+0000][gc,heap     ] GC(8) Old regions: 20->20
[2024-04-24T12:36:27.644+0000][gc,heap     ] GC(8) Archive regions: 2->2
[2024-04-24T12:36:27.644+0000][gc,heap     ] GC(8) Humongous regions: 129->129
[2024-04-24T12:36:27.644+0000][gc,metaspace] GC(8) Metaspace: 41649K(42176K)->41649K(42176K) NonClass: 36797K(37120K)->36797K(37120K) Class: 4851K(5056K)->4851K(5056K)
[2024-04-24T12:36:27.644+0000][gc          ] GC(8) Pause Young (Normal) (G1 Evacuation Pause) 200M->152M(1024M) 2.908ms
[2024-04-24T12:36:27.644+0000][gc,cpu      ] GC(8) User=0.01s Sys=0.00s Real=0.01s
[2024-04-24T12:36:27.964+0000][gc,start    ] GC(9) Pause Young (Normal) (G1 Evacuation Pause)
[2024-04-24T12:36:27.965+0000][gc,task     ] GC(9) Using 8 workers of 8 for evacuation
[2024-04-24T12:36:27.968+0000][gc,phases   ] GC(9)   Pre Evacuate Collection Set: 0.1ms
[2024-04-24T12:36:27.968+0000][gc,phases   ] GC(9)   Merge Heap Roots: 0.0ms
[2024-04-24T12:36:27.968+0000][gc,phases   ] GC(9)   Evacuate Collection Set: 2.5ms
[2024-04-24T12:36:27.968+0000][gc,phases   ] GC(9)   Post Evacuate Collection Set: 0.3ms
[2024-04-24T12:36:27.968+0000][gc,phases   ] GC(9)   Other: 0.1ms
[2024-04-24T12:36:27.968+0000][gc,heap     ] GC(9) Eden regions: 49->0(75)
[2024-04-24T12:36:27.968+0000][gc,heap     ] GC(9) Survivor regions: 3->4(7)
[2024-04-24T12:36:27.968+0000][gc,heap     ] GC(9) Old regions: 20->20
[2024-04-24T12:36:27.968+0000][gc,heap     ] GC(9) Archive regions: 2->2
[2024-04-24T12:36:27.968+0000][gc,heap     ] GC(9) Humongous regions: 129->129
[2024-04-24T12:36:27.968+0000][gc,metaspace] GC(9) Metaspace: 41728K(42240K)->41728K(42240K) NonClass: 36876K(37184K)->36876K(37184K) Class: 4851K(5056K)->4851K(5056K)
[2024-04-24T12:36:27.968+0000][gc          ] GC(9) Pause Young (Normal) (G1 Evacuation Pause) 201M->152M(1024M) 3.121ms
[2024-04-24T12:36:27.968+0000][gc,cpu      ] GC(9) User=0.01s Sys=0.00s Real=0.00s
[2024-04-24T12:36:28.447+0000][gc,start    ] GC(10) Pause Young (Normal) (G1 Evacuation Pause)
[2024-04-24T12:36:28.447+0000][gc,task     ] GC(10) Using 8 workers of 8 for evacuation
[2024-04-24T12:36:28.451+0000][gc,phases   ] GC(10)   Pre Evacuate Collection Set: 0.1ms
[2024-04-24T12:36:28.451+0000][gc,phases   ] GC(10)   Merge Heap Roots: 0.0ms
[2024-04-24T12:36:28.451+0000][gc,phases   ] GC(10)   Evacuate Collection Set: 2.7ms
[2024-04-24T12:36:28.451+0000][gc,phases   ] GC(10)   Post Evacuate Collection Set: 0.4ms
[2024-04-24T12:36:28.451+0000][gc,phases   ] GC(10)   Other: 0.1ms
[2024-04-24T12:36:28.451+0000][gc,heap     ] GC(10) Eden regions: 75->0(292)
[2024-04-24T12:36:28.451+0000][gc,heap     ] GC(10) Survivor regions: 4->4(10)
[2024-04-24T12:36:28.451+0000][gc,heap     ] GC(10) Old regions: 20->20
[2024-04-24T12:36:28.451+0000][gc,heap     ] GC(10) Archive regions: 2->2
[2024-04-24T12:36:28.451+0000][gc,heap     ] GC(10) Humongous regions: 129->129
[2024-04-24T12:36:28.451+0000][gc,metaspace] GC(10) Metaspace: 41774K(42304K)->41774K(42304K) NonClass: 36922K(37248K)->36922K(37248K) Class: 4851K(5056K)->4851K(5056K)
[2024-04-24T12:36:28.451+0000][gc          ] GC(10) Pause Young (Normal) (G1 Evacuation Pause) 227M->153M(1024M) 3.421ms
[2024-04-24T12:36:28.451+0000][gc,cpu      ] GC(10) User=0.02s Sys=0.00s Real=0.00s
[2024-04-24T12:36:30.052+0000][gc,start    ] GC(11) Pause Young (Normal) (G1 Evacuation Pause)
[2024-04-24T12:36:30.052+0000][gc,task     ] GC(11) Using 8 workers of 8 for evacuation
[2024-04-24T12:36:30.056+0000][gc,phases   ] GC(11)   Pre Evacuate Collection Set: 0.1ms
[2024-04-24T12:36:30.056+0000][gc,phases   ] GC(11)   Merge Heap Roots: 0.1ms
[2024-04-24T12:36:30.056+0000][gc,phases   ] GC(11)   Evacuate Collection Set: 2.9ms
[2024-04-24T12:36:30.056+0000][gc,phases   ] GC(11)   Post Evacuate Collection Set: 0.4ms
[2024-04-24T12:36:30.056+0000][gc,phases   ] GC(11)   Other: 0.2ms
[2024-04-24T12:36:30.056+0000][gc,heap     ] GC(11) Eden regions: 292->0(514)
[2024-04-24T12:36:30.056+0000][gc,heap     ] GC(11) Survivor regions: 4->4(37)
[2024-04-24T12:36:30.056+0000][gc,heap     ] GC(11) Old regions: 20->20
[2024-04-24T12:36:30.056+0000][gc,heap     ] GC(11) Archive regions: 2->2
[2024-04-24T12:36:30.056+0000][gc,heap     ] GC(11) Humongous regions: 129->129
[2024-04-24T12:36:30.056+0000][gc,metaspace] GC(11) Metaspace: 42110K(42624K)->42110K(42624K) NonClass: 37215K(37504K)->37215K(37504K) Class: 4894K(5120K)->4894K(5120K)
[2024-04-24T12:36:30.056+0000][gc          ] GC(11) Pause Young (Normal) (G1 Evacuation Pause) 445M->153M(1024M) 3.744ms
[2024-04-24T12:36:30.056+0000][gc,cpu      ] GC(11) User=0.02s Sys=0.00s Real=0.00s
[2024-04-24T12:36:31.840+0000][gc,start    ] GC(12) Pause Young (Normal) (G1 Evacuation Pause)
[2024-04-24T12:36:31.840+0000][gc,task     ] GC(12) Using 8 workers of 8 for evacuation
[2024-04-24T12:36:31.843+0000][gc,phases   ] GC(12)   Pre Evacuate Collection Set: 0.1ms
[2024-04-24T12:36:31.843+0000][gc,phases   ] GC(12)   Merge Heap Roots: 0.1ms
[2024-04-24T12:36:31.843+0000][gc,phases   ] GC(12)   Evacuate Collection Set: 2.4ms
[2024-04-24T12:36:31.843+0000][gc,phases   ] GC(12)   Post Evacuate Collection Set: 0.5ms
[2024-04-24T12:36:31.843+0000][gc,phases   ] GC(12)   Other: 0.1ms
[2024-04-24T12:36:31.843+0000][gc,heap     ] GC(12) Eden regions: 514->0(610)
[2024-04-24T12:36:31.843+0000][gc,heap     ] GC(12) Survivor regions: 4->4(65)
[2024-04-24T12:36:31.843+0000][gc,heap     ] GC(12) Old regions: 20->20
[2024-04-24T12:36:31.843+0000][gc,heap     ] GC(12) Archive regions: 2->2
[2024-04-24T12:36:31.843+0000][gc,heap     ] GC(12) Humongous regions: 129->129
[2024-04-24T12:36:31.843+0000][gc,metaspace] GC(12) Metaspace: 42308K(42880K)->42308K(42880K) NonClass: 37365K(37696K)->37365K(37696K) Class: 4942K(5184K)->4942K(5184K)
[2024-04-24T12:36:31.844+0000][gc          ] GC(12) Pause Young (Normal) (G1 Evacuation Pause) 667M->153M(1024M) 3.241ms
[2024-04-24T12:36:31.844+0000][gc,cpu      ] GC(12) User=0.01s Sys=0.00s Real=0.00s
[2024-04-24T12:36:33.726+0000][gc,start    ] GC(13) Pause Young (Normal) (G1 Evacuation Pause)
[2024-04-24T12:36:33.726+0000][gc,task     ] GC(13) Using 8 workers of 8 for evacuation
[2024-04-24T12:36:33.730+0000][gc,phases   ] GC(13)   Pre Evacuate Collection Set: 0.1ms
[2024-04-24T12:36:33.730+0000][gc,phases   ] GC(13)   Merge Heap Roots: 0.1ms
[2024-04-24T12:36:33.730+0000][gc,phases   ] GC(13)   Evacuate Collection Set: 2.8ms
[2024-04-24T12:36:33.730+0000][gc,phases   ] GC(13)   Post Evacuate Collection Set: 0.5ms
[2024-04-24T12:36:33.730+0000][gc,phases   ] GC(13)   Other: 0.1ms
[2024-04-24T12:36:33.730+0000][gc,heap     ] GC(13) Eden regions: 610->0(609)
[2024-04-24T12:36:33.730+0000][gc,heap     ] GC(13) Survivor regions: 4->5(77)
[2024-04-24T12:36:33.730+0000][gc,heap     ] GC(13) Old regions: 20->20
[2024-04-24T12:36:33.730+0000][gc,heap     ] GC(13) Archive regions: 2->2
[2024-04-24T12:36:33.730+0000][gc,heap     ] GC(13) Humongous regions: 129->129
[2024-04-24T12:36:33.730+0000][gc,metaspace] GC(13) Metaspace: 42310K(42880K)->42310K(42880K) NonClass: 37368K(37696K)->37368K(37696K) Class: 4942K(5184K)->4942K(5184K)
[2024-04-24T12:36:33.730+0000][gc          ] GC(13) Pause Young (Normal) (G1 Evacuation Pause) 763M->153M(1024M) 3.653ms
[2024-04-24T12:36:33.730+0000][gc,cpu      ] GC(13) User=0.02s Sys=0.00s Real=0.00s
[2024-04-24T12:36:35.460+0000][gc,start    ] GC(14) Pause Young (Normal) (G1 Evacuation Pause)
[2024-04-24T12:36:35.460+0000][gc,task     ] GC(14) Using 8 workers of 8 for evacuation
[2024-04-24T12:36:35.464+0000][gc,phases   ] GC(14)   Pre Evacuate Collection Set: 0.1ms
[2024-04-24T12:36:35.464+0000][gc,phases   ] GC(14)   Merge Heap Roots: 0.1ms
[2024-04-24T12:36:35.464+0000][gc,phases   ] GC(14)   Evacuate Collection Set: 3.0ms
[2024-04-24T12:36:35.464+0000][gc,phases   ] GC(14)   Post Evacuate Collection Set: 0.6ms
[2024-04-24T12:36:35.464+0000][gc,phases   ] GC(14)   Other: 0.1ms
[2024-04-24T12:36:35.464+0000][gc,heap     ] GC(14) Eden regions: 609->0(610)
[2024-04-24T12:36:35.464+0000][gc,heap     ] GC(14) Survivor regions: 5->4(77)
[2024-04-24T12:36:35.464+0000][gc,heap     ] GC(14) Old regions: 20->20
[2024-04-24T12:36:35.464+0000][gc,heap     ] GC(14) Archive regions: 2->2
[2024-04-24T12:36:35.464+0000][gc,heap     ] GC(14) Humongous regions: 129->129
[2024-04-24T12:36:35.464+0000][gc,metaspace] GC(14) Metaspace: 42312K(42880K)->42312K(42880K) NonClass: 37370K(37696K)->37370K(37696K) Class: 4942K(5184K)->4942K(5184K)
[2024-04-24T12:36:35.464+0000][gc          ] GC(14) Pause Young (Normal) (G1 Evacuation Pause) 762M->153M(1024M) 4.029ms
[2024-04-24T12:36:35.464+0000][gc,cpu      ] GC(14) User=0.02s Sys=0.00s Real=0.00s
[2024-04-24T12:36:37.087+0000][gc,start    ] GC(15) Pause Young (Normal) (G1 Evacuation Pause)
[2024-04-24T12:36:37.087+0000][gc,task     ] GC(15) Using 8 workers of 8 for evacuation
[2024-04-24T12:36:37.090+0000][gc,phases   ] GC(15)   Pre Evacuate Collection Set: 0.1ms
[2024-04-24T12:36:37.090+0000][gc,phases   ] GC(15)   Merge Heap Roots: 0.1ms
[2024-04-24T12:36:37.090+0000][gc,phases   ] GC(15)   Evacuate Collection Set: 2.0ms
[2024-04-24T12:36:37.090+0000][gc,phases   ] GC(15)   Post Evacuate Collection Set: 0.5ms
[2024-04-24T12:36:37.090+0000][gc,phases   ] GC(15)   Other: 0.1ms
[2024-04-24T12:36:37.090+0000][gc,heap     ] GC(15) Eden regions: 610->0(610)
[2024-04-24T12:36:37.090+0000][gc,heap     ] GC(15) Survivor regions: 4->4(77)
[2024-04-24T12:36:37.090+0000][gc,heap     ] GC(15) Old regions: 20->20
[2024-04-24T12:36:37.090+0000][gc,heap     ] GC(15) Archive regions: 2->2
[2024-04-24T12:36:37.090+0000][gc,heap     ] GC(15) Humongous regions: 129->129
[2024-04-24T12:36:37.090+0000][gc,metaspace] GC(15) Metaspace: 42317K(42880K)->42317K(42880K) NonClass: 37374K(37696K)->37374K(37696K) Class: 4942K(5184K)->4942K(5184K)
[2024-04-24T12:36:37.090+0000][gc          ] GC(15) Pause Young (Normal) (G1 Evacuation Pause) 763M->153M(1024M) 2.900ms
[2024-04-24T12:36:37.090+0000][gc,cpu      ] GC(15) User=0.01s Sys=0.00s Real=0.00s
[2024-04-24T12:36:38.686+0000][gc,start    ] GC(16) Pause Young (Normal) (G1 Evacuation Pause)
[2024-04-24T12:36:38.686+0000][gc,task     ] GC(16) Using 8 workers of 8 for evacuation
[2024-04-24T12:36:38.689+0000][gc,phases   ] GC(16)   Pre Evacuate Collection Set: 0.1ms
[2024-04-24T12:36:38.689+0000][gc,phases   ] GC(16)   Merge Heap Roots: 0.1ms
[2024-04-24T12:36:38.689+0000][gc,phases   ] GC(16)   Evacuate Collection Set: 2.5ms
[2024-04-24T12:36:38.689+0000][gc,phases   ] GC(16)   Post Evacuate Collection Set: 0.5ms
[2024-04-24T12:36:38.689+0000][gc,phases   ] GC(16)   Other: 0.1ms
[2024-04-24T12:36:38.689+0000][gc,heap     ] GC(16) Eden regions: 610->0(609)
[2024-04-24T12:36:38.689+0000][gc,heap     ] GC(16) Survivor regions: 4->5(77)
[2024-04-24T12:36:38.689+0000][gc,heap     ] GC(16) Old regions: 20->20
[2024-04-24T12:36:38.689+0000][gc,heap     ] GC(16) Archive regions: 2->2
[2024-04-24T12:36:38.689+0000][gc,heap     ] GC(16) Humongous regions: 129->129
[2024-04-24T12:36:38.689+0000][gc,metaspace] GC(16) Metaspace: 42317K(42880K)->42317K(42880K) NonClass: 37375K(37696K)->37375K(37696K) Class: 4942K(5184K)->4942K(5184K)
[2024-04-24T12:36:38.689+0000][gc          ] GC(16) Pause Young (Normal) (G1 Evacuation Pause) 763M->153M(1024M) 3.280ms
[2024-04-24T12:36:38.689+0000][gc,cpu      ] GC(16) User=0.02s Sys=0.00s Real=0.00s
[2024-04-24T12:36:40.245+0000][gc,start    ] GC(17) Pause Young (Normal) (G1 Evacuation Pause)
[2024-04-24T12:36:40.245+0000][gc,task     ] GC(17) Using 8 workers of 8 for evacuation
[2024-04-24T12:36:40.247+0000][gc,phases   ] GC(17)   Pre Evacuate Collection Set: 0.1ms
[2024-04-24T12:36:40.247+0000][gc,phases   ] GC(17)   Merge Heap Roots: 0.1ms
[2024-04-24T12:36:40.247+0000][gc,phases   ] GC(17)   Evacuate Collection Set: 2.0ms
[2024-04-24T12:36:40.247+0000][gc,phases   ] GC(17)   Post Evacuate Collection Set: 0.5ms
[2024-04-24T12:36:40.247+0000][gc,phases   ] GC(17)   Other: 0.1ms
[2024-04-24T12:36:40.247+0000][gc,heap     ] GC(17) Eden regions: 609->0(609)
[2024-04-24T12:36:40.247+0000][gc,heap     ] GC(17) Survivor regions: 5->5(77)
[2024-04-24T12:36:40.247+0000][gc,heap     ] GC(17) Old regions: 20->20
[2024-04-24T12:36:40.247+0000][gc,heap     ] GC(17) Archive regions: 2->2
[2024-04-24T12:36:40.247+0000][gc,heap     ] GC(17) Humongous regions: 129->129
[2024-04-24T12:36:40.247+0000][gc,metaspace] GC(17) Metaspace: 42318K(42880K)->42318K(42880K) NonClass: 37376K(37696K)->37376K(37696K) Class: 4942K(5184K)->4942K(5184K)
[2024-04-24T12:36:40.247+0000][gc          ] GC(17) Pause Young (Normal) (G1 Evacuation Pause) 762M->153M(1024M) 2.806ms
[2024-04-24T12:36:40.247+0000][gc,cpu      ] GC(17) User=0.02s Sys=0.00s Real=0.00s
[2024-04-24T12:36:41.704+0000][gc,start    ] GC(18) Pause Young (Normal) (G1 Evacuation Pause)
[2024-04-24T12:36:41.704+0000][gc,task     ] GC(18) Using 8 workers of 8 for evacuation
[2024-04-24T12:36:41.707+0000][gc,phases   ] GC(18)   Pre Evacuate Collection Set: 0.1ms
[2024-04-24T12:36:41.707+0000][gc,phases   ] GC(18)   Merge Heap Roots: 0.1ms
[2024-04-24T12:36:41.707+0000][gc,phases   ] GC(18)   Evacuate Collection Set: 2.0ms
[2024-04-24T12:36:41.707+0000][gc,phases   ] GC(18)   Post Evacuate Collection Set: 0.5ms
[2024-04-24T12:36:41.707+0000][gc,phases   ] GC(18)   Other: 0.1ms
[2024-04-24T12:36:41.707+0000][gc,heap     ] GC(18) Eden regions: 609->0(610)
[2024-04-24T12:36:41.707+0000][gc,heap     ] GC(18) Survivor regions: 5->4(77)
[2024-04-24T12:36:41.707+0000][gc,heap     ] GC(18) Old regions: 20->20
[2024-04-24T12:36:41.707+0000][gc,heap     ] GC(18) Archive regions: 2->2
[2024-04-24T12:36:41.707+0000][gc,heap     ] GC(18) Humongous regions: 129->129
[2024-04-24T12:36:41.707+0000][gc,metaspace] GC(18) Metaspace: 42318K(42880K)->42318K(42880K) NonClass: 37376K(37696K)->37376K(37696K) Class: 4942K(5184K)->4942K(5184K)
[2024-04-24T12:36:41.707+0000][gc          ] GC(18) Pause Young (Normal) (G1 Evacuation Pause) 762M->153M(1024M) 2.873ms
[2024-04-24T12:36:41.707+0000][gc,cpu      ] GC(18) User=0.01s Sys=0.01s Real=0.00s
[2024-04-24T12:36:43.168+0000][gc,start    ] GC(19) Pause Young (Normal) (G1 Evacuation Pause)
[2024-04-24T12:36:43.168+0000][gc,task     ] GC(19) Using 8 workers of 8 for evacuation
[2024-04-24T12:36:43.171+0000][gc,phases   ] GC(19)   Pre Evacuate Collection Set: 0.1ms
[2024-04-24T12:36:43.171+0000][gc,phases   ] GC(19)   Merge Heap Roots: 0.1ms
[2024-04-24T12:36:43.171+0000][gc,phases   ] GC(19)   Evacuate Collection Set: 2.1ms
[2024-04-24T12:36:43.171+0000][gc,phases   ] GC(19)   Post Evacuate Collection Set: 0.5ms
[2024-04-24T12:36:43.171+0000][gc,phases   ] GC(19)   Other: 0.1ms
[2024-04-24T12:36:43.171+0000][gc,heap     ] GC(19) Eden regions: 610->0(610)
[2024-04-24T12:36:43.171+0000][gc,heap     ] GC(19) Survivor regions: 4->4(77)
[2024-04-24T12:36:43.171+0000][gc,heap     ] GC(19) Old regions: 20->20
[2024-04-24T12:36:43.171+0000][gc,heap     ] GC(19) Archive regions: 2->2
[2024-04-24T12:36:43.171+0000][gc,heap     ] GC(19) Humongous regions: 129->129
[2024-04-24T12:36:43.171+0000][gc,metaspace] GC(19) Metaspace: 42318K(42880K)->42318K(42880K) NonClass: 37376K(37696K)->37376K(37696K) Class: 4942K(5184K)->4942K(5184K)
[2024-04-24T12:36:43.171+0000][gc          ] GC(19) Pause Young (Normal) (G1 Evacuation Pause) 763M->153M(1024M) 2.843ms
[2024-04-24T12:36:43.171+0000][gc,cpu      ] GC(19) User=0.02s Sys=0.00s Real=0.00s
[2024-04-24T12:36:44.737+0000][gc,start    ] GC(20) Pause Young (Normal) (G1 Evacuation Pause)
[2024-04-24T12:36:44.737+0000][gc,task     ] GC(20) Using 8 workers of 8 for evacuation
[2024-04-24T12:36:44.740+0000][gc,phases   ] GC(20)   Pre Evacuate Collection Set: 0.1ms
[2024-04-24T12:36:44.740+0000][gc,phases   ] GC(20)   Merge Heap Roots: 0.1ms
[2024-04-24T12:36:44.740+0000][gc,phases   ] GC(20)   Evacuate Collection Set: 2.0ms
[2024-04-24T12:36:44.740+0000][gc,phases   ] GC(20)   Post Evacuate Collection Set: 0.5ms
[2024-04-24T12:36:44.740+0000][gc,phases   ] GC(20)   Other: 0.1ms
[2024-04-24T12:36:44.740+0000][gc,heap     ] GC(20) Eden regions: 610->0(610)
[2024-04-24T12:36:44.740+0000][gc,heap     ] GC(20) Survivor regions: 4->4(77)
[2024-04-24T12:36:44.740+0000][gc,heap     ] GC(20) Old regions: 20->20
[2024-04-24T12:36:44.740+0000][gc,heap     ] GC(20) Archive regions: 2->2
[2024-04-24T12:36:44.740+0000][gc,heap     ] GC(20) Humongous regions: 129->129
[2024-04-24T12:36:44.740+0000][gc,metaspace] GC(20) Metaspace: 42325K(42880K)->42325K(42880K) NonClass: 37383K(37696K)->37383K(37696K) Class: 4942K(5184K)->4942K(5184K)
[2024-04-24T12:36:44.740+0000][gc          ] GC(20) Pause Young (Normal) (G1 Evacuation Pause) 763M->153M(1024M) 2.809ms
[2024-04-24T12:36:44.740+0000][gc,cpu      ] GC(20) User=0.02s Sys=0.00s Real=0.00s
[2024-04-24T12:36:46.167+0000][gc,start    ] GC(21) Pause Young (Normal) (G1 Evacuation Pause)
[2024-04-24T12:36:46.167+0000][gc,task     ] GC(21) Using 8 workers of 8 for evacuation
[2024-04-24T12:36:46.170+0000][gc,phases   ] GC(21)   Pre Evacuate Collection Set: 0.1ms
[2024-04-24T12:36:46.170+0000][gc,phases   ] GC(21)   Merge Heap Roots: 0.1ms
[2024-04-24T12:36:46.170+0000][gc,phases   ] GC(21)   Evacuate Collection Set: 2.1ms
[2024-04-24T12:36:46.170+0000][gc,phases   ] GC(21)   Post Evacuate Collection Set: 0.4ms
[2024-04-24T12:36:46.170+0000][gc,phases   ] GC(21)   Other: 0.1ms
[2024-04-24T12:36:46.170+0000][gc,heap     ] GC(21) Eden regions: 610->0(611)
[2024-04-24T12:36:46.170+0000][gc,heap     ] GC(21) Survivor regions: 4->3(77)
[2024-04-24T12:36:46.170+0000][gc,heap     ] GC(21) Old regions: 20->22
[2024-04-24T12:36:46.170+0000][gc,heap     ] GC(21) Archive regions: 2->2
[2024-04-24T12:36:46.170+0000][gc,heap     ] GC(21) Humongous regions: 129->129
[2024-04-24T12:36:46.170+0000][gc,metaspace] GC(21) Metaspace: 42325K(42880K)->42325K(42880K) NonClass: 37383K(37696K)->37383K(37696K) Class: 4942K(5184K)->4942K(5184K)
[2024-04-24T12:36:46.170+0000][gc          ] GC(21) Pause Young (Normal) (G1 Evacuation Pause) 763M->153M(1024M) 2.834ms
[2024-04-24T12:36:46.170+0000][gc,cpu      ] GC(21) User=0.01s Sys=0.00s Real=0.00s
[2024-04-24T12:36:47.659+0000][gc,start    ] GC(22) Pause Young (Normal) (G1 Evacuation Pause)
[2024-04-24T12:36:47.659+0000][gc,task     ] GC(22) Using 8 workers of 8 for evacuation
[2024-04-24T12:36:47.661+0000][gc,phases   ] GC(22)   Pre Evacuate Collection Set: 0.1ms
[2024-04-24T12:36:47.661+0000][gc,phases   ] GC(22)   Merge Heap Roots: 0.1ms
[2024-04-24T12:36:47.661+0000][gc,phases   ] GC(22)   Evacuate Collection Set: 1.2ms
[2024-04-24T12:36:47.661+0000][gc,phases   ] GC(22)   Post Evacuate Collection Set: 0.4ms
[2024-04-24T12:36:47.661+0000][gc,phases   ] GC(22)   Other: 0.1ms
[2024-04-24T12:36:47.661+0000][gc,heap     ] GC(22) Eden regions: 611->0(611)
[2024-04-24T12:36:47.661+0000][gc,heap     ] GC(22) Survivor regions: 3->3(77)
[2024-04-24T12:36:47.661+0000][gc,heap     ] GC(22) Old regions: 22->22
[2024-04-24T12:36:47.661+0000][gc,heap     ] GC(22) Archive regions: 2->2
[2024-04-24T12:36:47.661+0000][gc,heap     ] GC(22) Humongous regions: 129->129
[2024-04-24T12:36:47.661+0000][gc,metaspace] GC(22) Metaspace: 42326K(42880K)->42326K(42880K) NonClass: 37384K(37696K)->37384K(37696K) Class: 4942K(5184K)->4942K(5184K)
[2024-04-24T12:36:47.661+0000][gc          ] GC(22) Pause Young (Normal) (G1 Evacuation Pause) 764M->154M(1024M) 1.907ms
[2024-04-24T12:36:47.661+0000][gc,cpu      ] GC(22) User=0.01s Sys=0.00s Real=0.00s
[2024-04-24T12:36:49.056+0000][gc,start    ] GC(23) Pause Young (Normal) (G1 Evacuation Pause)
[2024-04-24T12:36:49.056+0000][gc,task     ] GC(23) Using 8 workers of 8 for evacuation
[2024-04-24T12:36:49.057+0000][gc,phases   ] GC(23)   Pre Evacuate Collection Set: 0.1ms
[2024-04-24T12:36:49.057+0000][gc,phases   ] GC(23)   Merge Heap Roots: 0.1ms
[2024-04-24T12:36:49.057+0000][gc,phases   ] GC(23)   Evacuate Collection Set: 1.1ms
[2024-04-24T12:36:49.057+0000][gc,phases   ] GC(23)   Post Evacuate Collection Set: 0.4ms
[2024-04-24T12:36:49.057+0000][gc,phases   ] GC(23)   Other: 0.1ms
[2024-04-24T12:36:49.057+0000][gc,heap     ] GC(23) Eden regions: 611->0(611)
[2024-04-24T12:36:49.057+0000][gc,heap     ] GC(23) Survivor regions: 3->3(77)
[2024-04-24T12:36:49.057+0000][gc,heap     ] GC(23) Old regions: 22->23
[2024-04-24T12:36:49.057+0000][gc,heap     ] GC(23) Archive regions: 2->2
[2024-04-24T12:36:49.057+0000][gc,heap     ] GC(23) Humongous regions: 129->129
[2024-04-24T12:36:49.057+0000][gc,metaspace] GC(23) Metaspace: 42326K(42880K)->42326K(42880K) NonClass: 37384K(37696K)->37384K(37696K) Class: 4942K(5184K)->4942K(5184K)
[2024-04-24T12:36:49.057+0000][gc          ] GC(23) Pause Young (Normal) (G1 Evacuation Pause) 765M->154M(1024M) 1.773ms
[2024-04-24T12:36:49.057+0000][gc,cpu      ] GC(23) User=0.01s Sys=0.00s Real=0.00s
[2024-04-24T12:36:50.522+0000][gc,start    ] GC(24) Pause Young (Normal) (G1 Evacuation Pause)
[2024-04-24T12:36:50.522+0000][gc,task     ] GC(24) Using 8 workers of 8 for evacuation
[2024-04-24T12:36:50.524+0000][gc,phases   ] GC(24)   Pre Evacuate Collection Set: 0.1ms
[2024-04-24T12:36:50.524+0000][gc,phases   ] GC(24)   Merge Heap Roots: 0.1ms
[2024-04-24T12:36:50.524+0000][gc,phases   ] GC(24)   Evacuate Collection Set: 1.1ms
[2024-04-24T12:36:50.524+0000][gc,phases   ] GC(24)   Post Evacuate Collection Set: 0.4ms
[2024-04-24T12:36:50.524+0000][gc,phases   ] GC(24)   Other: 0.1ms
[2024-04-24T12:36:50.524+0000][gc,heap     ] GC(24) Eden regions: 611->0(611)
[2024-04-24T12:36:50.524+0000][gc,heap     ] GC(24) Survivor regions: 3->3(77)
[2024-04-24T12:36:50.524+0000][gc,heap     ] GC(24) Old regions: 23->23
[2024-04-24T12:36:50.524+0000][gc,heap     ] GC(24) Archive regions: 2->2
[2024-04-24T12:36:50.524+0000][gc,heap     ] GC(24) Humongous regions: 129->129
[2024-04-24T12:36:50.524+0000][gc,metaspace] GC(24) Metaspace: 42326K(42880K)->42326K(42880K) NonClass: 37384K(37696K)->37384K(37696K) Class: 4942K(5184K)->4942K(5184K)
[2024-04-24T12:36:50.524+0000][gc          ] GC(24) Pause Young (Normal) (G1 Evacuation Pause) 765M->154M(1024M) 1.844ms
[2024-04-24T12:36:50.524+0000][gc,cpu      ] GC(24) User=0.01s Sys=0.01s Real=0.00s
[2024-04-24T12:36:51.965+0000][gc,start    ] GC(25) Pause Young (Normal) (G1 Evacuation Pause)
[2024-04-24T12:36:51.965+0000][gc,task     ] GC(25) Using 8 workers of 8 for evacuation
[2024-04-24T12:36:51.967+0000][gc,phases   ] GC(25)   Pre Evacuate Collection Set: 0.1ms
[2024-04-24T12:36:51.967+0000][gc,phases   ] GC(25)   Merge Heap Roots: 0.1ms
[2024-04-24T12:36:51.967+0000][gc,phases   ] GC(25)   Evacuate Collection Set: 1.2ms
[2024-04-24T12:36:51.967+0000][gc,phases   ] GC(25)   Post Evacuate Collection Set: 0.4ms
[2024-04-24T12:36:51.967+0000][gc,phases   ] GC(25)   Other: 0.1ms
[2024-04-24T12:36:51.967+0000][gc,heap     ] GC(25) Eden regions: 611->0(611)
[2024-04-24T12:36:51.967+0000][gc,heap     ] GC(25) Survivor regions: 3->3(77)
[2024-04-24T12:36:51.967+0000][gc,heap     ] GC(25) Old regions: 23->23
[2024-04-24T12:36:51.967+0000][gc,heap     ] GC(25) Archive regions: 2->2
[2024-04-24T12:36:51.967+0000][gc,heap     ] GC(25) Humongous regions: 129->129
[2024-04-24T12:36:51.967+0000][gc,metaspace] GC(25) Metaspace: 42326K(42880K)->42326K(42880K) NonClass: 37384K(37696K)->37384K(37696K) Class: 4942K(5184K)->4942K(5184K)
[2024-04-24T12:36:51.967+0000][gc          ] GC(25) Pause Young (Normal) (G1 Evacuation Pause) 765M->154M(1024M) 1.875ms
[2024-04-24T12:36:51.967+0000][gc,cpu      ] GC(25) User=0.01s Sys=0.01s Real=0.00s
[2024-04-24T12:36:53.403+0000][gc,start    ] GC(26) Pause Young (Normal) (G1 Evacuation Pause)
[2024-04-24T12:36:53.403+0000][gc,task     ] GC(26) Using 8 workers of 8 for evacuation
[2024-04-24T12:36:53.405+0000][gc,phases   ] GC(26)   Pre Evacuate Collection Set: 0.1ms
[2024-04-24T12:36:53.405+0000][gc,phases   ] GC(26)   Merge Heap Roots: 0.1ms
[2024-04-24T12:36:53.405+0000][gc,phases   ] GC(26)   Evacuate Collection Set: 1.3ms
[2024-04-24T12:36:53.405+0000][gc,phases   ] GC(26)   Post Evacuate Collection Set: 0.4ms
[2024-04-24T12:36:53.405+0000][gc,phases   ] GC(26)   Other: 0.1ms
[2024-04-24T12:36:53.405+0000][gc,heap     ] GC(26) Eden regions: 611->0(611)
[2024-04-24T12:36:53.405+0000][gc,heap     ] GC(26) Survivor regions: 3->3(77)
[2024-04-24T12:36:53.405+0000][gc,heap     ] GC(26) Old regions: 23->23
[2024-04-24T12:36:53.405+0000][gc,heap     ] GC(26) Archive regions: 2->2
[2024-04-24T12:36:53.405+0000][gc,heap     ] GC(26) Humongous regions: 129->129
[2024-04-24T12:36:53.405+0000][gc,metaspace] GC(26) Metaspace: 42326K(42880K)->42326K(42880K) NonClass: 37384K(37696K)->37384K(37696K) Class: 4942K(5184K)->4942K(5184K)
[2024-04-24T12:36:53.405+0000][gc          ] GC(26) Pause Young (Normal) (G1 Evacuation Pause) 765M->154M(1024M) 1.971ms
[2024-04-24T12:36:53.405+0000][gc,cpu      ] GC(26) User=0.01s Sys=0.00s Real=0.01s
[2024-04-24T12:36:54.815+0000][gc,start    ] GC(27) Pause Young (Normal) (G1 Evacuation Pause)
[2024-04-24T12:36:54.815+0000][gc,task     ] GC(27) Using 8 workers of 8 for evacuation
[2024-04-24T12:36:54.817+0000][gc,phases   ] GC(27)   Pre Evacuate Collection Set: 0.1ms
[2024-04-24T12:36:54.817+0000][gc,phases   ] GC(27)   Merge Heap Roots: 0.1ms
[2024-04-24T12:36:54.817+0000][gc,phases   ] GC(27)   Evacuate Collection Set: 1.3ms
[2024-04-24T12:36:54.817+0000][gc,phases   ] GC(27)   Post Evacuate Collection Set: 0.4ms
[2024-04-24T12:36:54.817+0000][gc,phases   ] GC(27)   Other: 0.1ms
[2024-04-24T12:36:54.817+0000][gc,heap     ] GC(27) Eden regions: 611->0(611)
[2024-04-24T12:36:54.817+0000][gc,heap     ] GC(27) Survivor regions: 3->3(77)
[2024-04-24T12:36:54.817+0000][gc,heap     ] GC(27) Old regions: 23->23
[2024-04-24T12:36:54.817+0000][gc,heap     ] GC(27) Archive regions: 2->2
[2024-04-24T12:36:54.817+0000][gc,heap     ] GC(27) Humongous regions: 129->129
[2024-04-24T12:36:54.817+0000][gc,metaspace] GC(27) Metaspace: 42326K(42880K)->42326K(42880K) NonClass: 37384K(37696K)->37384K(37696K) Class: 4942K(5184K)->4942K(5184K)
[2024-04-24T12:36:54.817+0000][gc          ] GC(27) Pause Young (Normal) (G1 Evacuation Pause) 765M->154M(1024M) 2.001ms
[2024-04-24T12:36:54.817+0000][gc,cpu      ] GC(27) User=0.01s Sys=0.00s Real=0.00s
[2024-04-24T12:36:56.243+0000][gc,start    ] GC(28) Pause Young (Normal) (G1 Evacuation Pause)
[2024-04-24T12:36:56.243+0000][gc,task     ] GC(28) Using 8 workers of 8 for evacuation
[2024-04-24T12:36:56.245+0000][gc,phases   ] GC(28)   Pre Evacuate Collection Set: 0.1ms
[2024-04-24T12:36:56.245+0000][gc,phases   ] GC(28)   Merge Heap Roots: 0.1ms
[2024-04-24T12:36:56.245+0000][gc,phases   ] GC(28)   Evacuate Collection Set: 1.3ms
[2024-04-24T12:36:56.245+0000][gc,phases   ] GC(28)   Post Evacuate Collection Set: 0.4ms
[2024-04-24T12:36:56.245+0000][gc,phases   ] GC(28)   Other: 0.1ms
[2024-04-24T12:36:56.245+0000][gc,heap     ] GC(28) Eden regions: 611->0(611)
[2024-04-24T12:36:56.245+0000][gc,heap     ] GC(28) Survivor regions: 3->3(77)
[2024-04-24T12:36:56.245+0000][gc,heap     ] GC(28) Old regions: 23->23
[2024-04-24T12:36:56.245+0000][gc,heap     ] GC(28) Archive regions: 2->2
[2024-04-24T12:36:56.245+0000][gc,heap     ] GC(28) Humongous regions: 129->129
[2024-04-24T12:36:56.245+0000][gc,metaspace] GC(28) Metaspace: 42326K(42880K)->42326K(42880K) NonClass: 37384K(37696K)->37384K(37696K) Class: 4942K(5184K)->4942K(5184K)
[2024-04-24T12:36:56.245+0000][gc          ] GC(28) Pause Young (Normal) (G1 Evacuation Pause) 765M->154M(1024M) 2.054ms
[2024-04-24T12:36:56.245+0000][gc,cpu      ] GC(28) User=0.01s Sys=0.00s Real=0.01s
[2024-04-24T12:36:57.699+0000][gc,start    ] GC(29) Pause Young (Normal) (G1 Evacuation Pause)
[2024-04-24T12:36:57.699+0000][gc,task     ] GC(29) Using 8 workers of 8 for evacuation
[2024-04-24T12:36:57.701+0000][gc,phases   ] GC(29)   Pre Evacuate Collection Set: 0.1ms
[2024-04-24T12:36:57.701+0000][gc,phases   ] GC(29)   Merge Heap Roots: 0.1ms
[2024-04-24T12:36:57.701+0000][gc,phases   ] GC(29)   Evacuate Collection Set: 1.3ms
[2024-04-24T12:36:57.701+0000][gc,phases   ] GC(29)   Post Evacuate Collection Set: 0.4ms
[2024-04-24T12:36:57.701+0000][gc,phases   ] GC(29)   Other: 0.1ms
[2024-04-24T12:36:57.701+0000][gc,heap     ] GC(29) Eden regions: 611->0(611)
[2024-04-24T12:36:57.701+0000][gc,heap     ] GC(29) Survivor regions: 3->3(77)
[2024-04-24T12:36:57.701+0000][gc,heap     ] GC(29) Old regions: 23->23
[2024-04-24T12:36:57.701+0000][gc,heap     ] GC(29) Archive regions: 2->2
[2024-04-24T12:36:57.701+0000][gc,heap     ] GC(29) Humongous regions: 129->129
[2024-04-24T12:36:57.701+0000][gc,metaspace] GC(29) Metaspace: 42327K(42880K)->42327K(42880K) NonClass: 37385K(37696K)->37385K(37696K) Class: 4942K(5184K)->4942K(5184K)
[2024-04-24T12:36:57.701+0000][gc          ] GC(29) Pause Young (Normal) (G1 Evacuation Pause) 765M->154M(1024M) 2.035ms
[2024-04-24T12:36:57.701+0000][gc,cpu      ] GC(29) User=0.01s Sys=0.00s Real=0.00s
[2024-04-24T12:36:59.128+0000][gc,start    ] GC(30) Pause Young (Normal) (G1 Evacuation Pause)
[2024-04-24T12:36:59.128+0000][gc,task     ] GC(30) Using 8 workers of 8 for evacuation
[2024-04-24T12:36:59.130+0000][gc,phases   ] GC(30)   Pre Evacuate Collection Set: 0.1ms
[2024-04-24T12:36:59.130+0000][gc,phases   ] GC(30)   Merge Heap Roots: 0.1ms
[2024-04-24T12:36:59.130+0000][gc,phases   ] GC(30)   Evacuate Collection Set: 1.2ms
[2024-04-24T12:36:59.130+0000][gc,phases   ] GC(30)   Post Evacuate Collection Set: 0.4ms
[2024-04-24T12:36:59.130+0000][gc,phases   ] GC(30)   Other: 0.1ms
[2024-04-24T12:36:59.130+0000][gc,heap     ] GC(30) Eden regions: 611->0(611)
[2024-04-24T12:36:59.130+0000][gc,heap     ] GC(30) Survivor regions: 3->3(77)
[2024-04-24T12:36:59.130+0000][gc,heap     ] GC(30) Old regions: 23->23
[2024-04-24T12:36:59.130+0000][gc,heap     ] GC(30) Archive regions: 2->2
[2024-04-24T12:36:59.130+0000][gc,heap     ] GC(30) Humongous regions: 129->129
[2024-04-24T12:36:59.130+0000][gc,metaspace] GC(30) Metaspace: 42337K(42944K)->42337K(42944K) NonClass: 37394K(37760K)->37394K(37760K) Class: 4942K(5184K)->4942K(5184K)
[2024-04-24T12:36:59.130+0000][gc          ] GC(30) Pause Young (Normal) (G1 Evacuation Pause) 765M->155M(1024M) 2.007ms
[2024-04-24T12:36:59.130+0000][gc,cpu      ] GC(30) User=0.01s Sys=0.00s Real=0.00s
[2024-04-24T12:37:00.607+0000][gc,start    ] GC(31) Pause Young (Normal) (G1 Evacuation Pause)
[2024-04-24T12:37:00.607+0000][gc,task     ] GC(31) Using 8 workers of 8 for evacuation
[2024-04-24T12:37:00.609+0000][gc,phases   ] GC(31)   Pre Evacuate Collection Set: 0.1ms
[2024-04-24T12:37:00.609+0000][gc,phases   ] GC(31)   Merge Heap Roots: 0.1ms
[2024-04-24T12:37:00.609+0000][gc,phases   ] GC(31)   Evacuate Collection Set: 1.3ms
[2024-04-24T12:37:00.609+0000][gc,phases   ] GC(31)   Post Evacuate Collection Set: 0.4ms
[2024-04-24T12:37:00.609+0000][gc,phases   ] GC(31)   Other: 0.1ms
[2024-04-24T12:37:00.609+0000][gc,heap     ] GC(31) Eden regions: 611->0(611)
[2024-04-24T12:37:00.609+0000][gc,heap     ] GC(31) Survivor regions: 3->3(77)
[2024-04-24T12:37:00.609+0000][gc,heap     ] GC(31) Old regions: 23->23
[2024-04-24T12:37:00.609+0000][gc,heap     ] GC(31) Archive regions: 2->2
[2024-04-24T12:37:00.609+0000][gc,heap     ] GC(31) Humongous regions: 129->129
[2024-04-24T12:37:00.609+0000][gc,metaspace] GC(31) Metaspace: 42337K(42944K)->42337K(42944K) NonClass: 37394K(37760K)->37394K(37760K) Class: 4942K(5184K)->4942K(5184K)
[2024-04-24T12:37:00.609+0000][gc          ] GC(31) Pause Young (Normal) (G1 Evacuation Pause) 766M->155M(1024M) 2.036ms
[2024-04-24T12:37:00.609+0000][gc,cpu      ] GC(31) User=0.01s Sys=0.00s Real=0.00s
[2024-04-24T12:37:02.076+0000][gc,start    ] GC(32) Pause Young (Normal) (G1 Evacuation Pause)
[2024-04-24T12:37:02.076+0000][gc,task     ] GC(32) Using 8 workers of 8 for evacuation
[2024-04-24T12:37:02.079+0000][gc,phases   ] GC(32)   Pre Evacuate Collection Set: 0.1ms
[2024-04-24T12:37:02.079+0000][gc,phases   ] GC(32)   Merge Heap Roots: 0.1ms
[2024-04-24T12:37:02.079+0000][gc,phases   ] GC(32)   Evacuate Collection Set: 1.4ms
[2024-04-24T12:37:02.079+0000][gc,phases   ] GC(32)   Post Evacuate Collection Set: 0.4ms
[2024-04-24T12:37:02.079+0000][gc,phases   ] GC(32)   Other: 0.1ms
[2024-04-24T12:37:02.079+0000][gc,heap     ] GC(32) Eden regions: 611->0(611)
[2024-04-24T12:37:02.079+0000][gc,heap     ] GC(32) Survivor regions: 3->3(77)
[2024-04-24T12:37:02.079+0000][gc,heap     ] GC(32) Old regions: 23->24
[2024-04-24T12:37:02.079+0000][gc,heap     ] GC(32) Archive regions: 2->2
[2024-04-24T12:37:02.079+0000][gc,heap     ] GC(32) Humongous regions: 129->129
[2024-04-24T12:37:02.079+0000][gc,metaspace] GC(32) Metaspace: 42337K(42944K)->42337K(42944K) NonClass: 37394K(37760K)->37394K(37760K) Class: 4942K(5184K)->4942K(5184K)
[2024-04-24T12:37:02.079+0000][gc          ] GC(32) Pause Young (Normal) (G1 Evacuation Pause) 766M->155M(1024M) 2.166ms
[2024-04-24T12:37:02.079+0000][gc,cpu      ] GC(32) User=0.01s Sys=0.01s Real=0.00s
[2024-04-24T12:37:03.647+0000][gc,start    ] GC(33) Pause Young (Normal) (G1 Evacuation Pause)
[2024-04-24T12:37:03.647+0000][gc,task     ] GC(33) Using 8 workers of 8 for evacuation
[2024-04-24T12:37:03.649+0000][gc,phases   ] GC(33)   Pre Evacuate Collection Set: 0.2ms
[2024-04-24T12:37:03.649+0000][gc,phases   ] GC(33)   Merge Heap Roots: 0.1ms
[2024-04-24T12:37:03.649+0000][gc,phases   ] GC(33)   Evacuate Collection Set: 1.3ms
[2024-04-24T12:37:03.649+0000][gc,phases   ] GC(33)   Post Evacuate Collection Set: 0.4ms
[2024-04-24T12:37:03.649+0000][gc,phases   ] GC(33)   Other: 0.1ms
[2024-04-24T12:37:03.649+0000][gc,heap     ] GC(33) Eden regions: 611->0(611)
[2024-04-24T12:37:03.649+0000][gc,heap     ] GC(33) Survivor regions: 3->3(77)
[2024-04-24T12:37:03.649+0000][gc,heap     ] GC(33) Old regions: 24->24
[2024-04-24T12:37:03.649+0000][gc,heap     ] GC(33) Archive regions: 2->2
[2024-04-24T12:37:03.649+0000][gc,heap     ] GC(33) Humongous regions: 129->129
[2024-04-24T12:37:03.649+0000][gc,metaspace] GC(33) Metaspace: 42338K(42944K)->42338K(42944K) NonClass: 37396K(37760K)->37396K(37760K) Class: 4942K(5184K)->4942K(5184K)
[2024-04-24T12:37:03.649+0000][gc          ] GC(33) Pause Young (Normal) (G1 Evacuation Pause) 766M->155M(1024M) 2.114ms
[2024-04-24T12:37:03.649+0000][gc,cpu      ] GC(33) User=0.01s Sys=0.00s Real=0.00s
[2024-04-24T12:37:06.839+0000][gc,start    ] GC(34) Pause Young (Normal) (G1 Evacuation Pause)
[2024-04-24T12:37:06.839+0000][gc,task     ] GC(34) Using 8 workers of 8 for evacuation
[2024-04-24T12:37:06.842+0000][gc,phases   ] GC(34)   Pre Evacuate Collection Set: 0.1ms
[2024-04-24T12:37:06.842+0000][gc,phases   ] GC(34)   Merge Heap Roots: 0.1ms
[2024-04-24T12:37:06.842+0000][gc,phases   ] GC(34)   Evacuate Collection Set: 1.5ms
[2024-04-24T12:37:06.842+0000][gc,phases   ] GC(34)   Post Evacuate Collection Set: 0.4ms
[2024-04-24T12:37:06.842+0000][gc,phases   ] GC(34)   Other: 0.1ms
[2024-04-24T12:37:06.842+0000][gc,heap     ] GC(34) Eden regions: 611->0(611)
[2024-04-24T12:37:06.842+0000][gc,heap     ] GC(34) Survivor regions: 3->3(77)
[2024-04-24T12:37:06.842+0000][gc,heap     ] GC(34) Old regions: 24->24
[2024-04-24T12:37:06.842+0000][gc,heap     ] GC(34) Archive regions: 2->2
[2024-04-24T12:37:06.842+0000][gc,heap     ] GC(34) Humongous regions: 129->129
[2024-04-24T12:37:06.842+0000][gc,metaspace] GC(34) Metaspace: 42338K(42944K)->42338K(42944K) NonClass: 37396K(37760K)->37396K(37760K) Class: 4942K(5184K)->4942K(5184K)
[2024-04-24T12:37:06.842+0000][gc          ] GC(34) Pause Young (Normal) (G1 Evacuation Pause) 766M->155M(1024M) 2.307ms
[2024-04-24T12:37:06.842+0000][gc,cpu      ] GC(34) User=0.01s Sys=0.00s Real=0.00s
[2024-04-24T12:37:09.345+0000][gc,start    ] GC(35) Pause Young (Normal) (G1 Evacuation Pause)
[2024-04-24T12:37:09.345+0000][gc,task     ] GC(35) Using 8 workers of 8 for evacuation
[2024-04-24T12:37:09.347+0000][gc,phases   ] GC(35)   Pre Evacuate Collection Set: 0.1ms
[2024-04-24T12:37:09.347+0000][gc,phases   ] GC(35)   Merge Heap Roots: 0.1ms
[2024-04-24T12:37:09.347+0000][gc,phases   ] GC(35)   Evacuate Collection Set: 1.5ms
[2024-04-24T12:37:09.347+0000][gc,phases   ] GC(35)   Post Evacuate Collection Set: 0.4ms
[2024-04-24T12:37:09.347+0000][gc,phases   ] GC(35)   Other: 0.1ms
[2024-04-24T12:37:09.347+0000][gc,heap     ] GC(35) Eden regions: 611->0(611)
[2024-04-24T12:37:09.347+0000][gc,heap     ] GC(35) Survivor regions: 3->3(77)
[2024-04-24T12:37:09.347+0000][gc,heap     ] GC(35) Old regions: 24->24
[2024-04-24T12:37:09.347+0000][gc,heap     ] GC(35) Archive regions: 2->2
[2024-04-24T12:37:09.347+0000][gc,heap     ] GC(35) Humongous regions: 129->129
[2024-04-24T12:37:09.347+0000][gc,metaspace] GC(35) Metaspace: 42340K(42944K)->42340K(42944K) NonClass: 37397K(37760K)->37397K(37760K) Class: 4942K(5184K)->4942K(5184K)
[2024-04-24T12:37:09.347+0000][gc          ] GC(35) Pause Young (Normal) (G1 Evacuation Pause) 766M->155M(1024M) 2.262ms
[2024-04-24T12:37:09.347+0000][gc,cpu      ] GC(35) User=0.01s Sys=0.00s Real=0.00s
[2024-04-24T12:37:10.889+0000][gc,start    ] GC(36) Pause Young (Normal) (G1 Evacuation Pause)
[2024-04-24T12:37:10.889+0000][gc,task     ] GC(36) Using 8 workers of 8 for evacuation
[2024-04-24T12:37:10.891+0000][gc,phases   ] GC(36)   Pre Evacuate Collection Set: 0.1ms
[2024-04-24T12:37:10.891+0000][gc,phases   ] GC(36)   Merge Heap Roots: 0.1ms
[2024-04-24T12:37:10.891+0000][gc,phases   ] GC(36)   Evacuate Collection Set: 1.5ms
[2024-04-24T12:37:10.891+0000][gc,phases   ] GC(36)   Post Evacuate Collection Set: 0.4ms
[2024-04-24T12:37:10.891+0000][gc,phases   ] GC(36)   Other: 0.1ms
[2024-04-24T12:37:10.891+0000][gc,heap     ] GC(36) Eden regions: 611->0(611)
[2024-04-24T12:37:10.891+0000][gc,heap     ] GC(36) Survivor regions: 3->3(77)
[2024-04-24T12:37:10.891+0000][gc,heap     ] GC(36) Old regions: 24->24
[2024-04-24T12:37:10.891+0000][gc,heap     ] GC(36) Archive regions: 2->2
[2024-04-24T12:37:10.891+0000][gc,heap     ] GC(36) Humongous regions: 129->129
[2024-04-24T12:37:10.891+0000][gc,metaspace] GC(36) Metaspace: 42340K(42944K)->42340K(42944K) NonClass: 37397K(37760K)->37397K(37760K) Class: 4942K(5184K)->4942K(5184K)
[2024-04-24T12:37:10.891+0000][gc          ] GC(36) Pause Young (Normal) (G1 Evacuation Pause) 766M->156M(1024M) 2.300ms
[2024-04-24T12:37:10.891+0000][gc,cpu      ] GC(36) User=0.01s Sys=0.00s Real=0.00s
[2024-04-24T12:37:12.320+0000][gc,start    ] GC(37) Pause Young (Normal) (G1 Evacuation Pause)
[2024-04-24T12:37:12.320+0000][gc,task     ] GC(37) Using 8 workers of 8 for evacuation
[2024-04-24T12:37:12.322+0000][gc,phases   ] GC(37)   Pre Evacuate Collection Set: 0.1ms
[2024-04-24T12:37:12.322+0000][gc,phases   ] GC(37)   Merge Heap Roots: 0.1ms
[2024-04-24T12:37:12.322+0000][gc,phases   ] GC(37)   Evacuate Collection Set: 1.4ms
[2024-04-24T12:37:12.322+0000][gc,phases   ] GC(37)   Post Evacuate Collection Set: 0.4ms
[2024-04-24T12:37:12.322+0000][gc,phases   ] GC(37)   Other: 0.1ms
[2024-04-24T12:37:12.322+0000][gc,heap     ] GC(37) Eden regions: 611->0(611)
[2024-04-24T12:37:12.322+0000][gc,heap     ] GC(37) Survivor regions: 3->3(77)
[2024-04-24T12:37:12.322+0000][gc,heap     ] GC(37) Old regions: 24->24
[2024-04-24T12:37:12.322+0000][gc,heap     ] GC(37) Archive regions: 2->2
[2024-04-24T12:37:12.322+0000][gc,heap     ] GC(37) Humongous regions: 129->129
[2024-04-24T12:37:12.322+0000][gc,metaspace] GC(37) Metaspace: 42340K(42944K)->42340K(42944K) NonClass: 37398K(37760K)->37398K(37760K) Class: 4942K(5184K)->4942K(5184K)
[2024-04-24T12:37:12.322+0000][gc          ] GC(37) Pause Young (Normal) (G1 Evacuation Pause) 767M->156M(1024M) 2.151ms
[2024-04-24T12:37:12.322+0000][gc,cpu      ] GC(37) User=0.02s Sys=0.00s Real=0.00s
[2024-04-24T12:37:13.752+0000][gc,start    ] GC(38) Pause Young (Normal) (G1 Evacuation Pause)
[2024-04-24T12:37:13.752+0000][gc,task     ] GC(38) Using 8 workers of 8 for evacuation
[2024-04-24T12:37:13.754+0000][gc,phases   ] GC(38)   Pre Evacuate Collection Set: 0.1ms
[2024-04-24T12:37:13.754+0000][gc,phases   ] GC(38)   Merge Heap Roots: 0.1ms
[2024-04-24T12:37:13.754+0000][gc,phases   ] GC(38)   Evacuate Collection Set: 1.5ms
[2024-04-24T12:37:13.754+0000][gc,phases   ] GC(38)   Post Evacuate Collection Set: 0.4ms
[2024-04-24T12:37:13.754+0000][gc,phases   ] GC(38)   Other: 0.1ms
[2024-04-24T12:37:13.754+0000][gc,heap     ] GC(38) Eden regions: 611->0(611)
[2024-04-24T12:37:13.754+0000][gc,heap     ] GC(38) Survivor regions: 3->3(77)
[2024-04-24T12:37:13.754+0000][gc,heap     ] GC(38) Old regions: 24->24
[2024-04-24T12:37:13.754+0000][gc,heap     ] GC(38) Archive regions: 2->2
[2024-04-24T12:37:13.754+0000][gc,heap     ] GC(38) Humongous regions: 129->129
[2024-04-24T12:37:13.754+0000][gc,metaspace] GC(38) Metaspace: 42340K(42944K)->42340K(42944K) NonClass: 37398K(37760K)->37398K(37760K) Class: 4942K(5184K)->4942K(5184K)
[2024-04-24T12:37:13.754+0000][gc          ] GC(38) Pause Young (Normal) (G1 Evacuation Pause) 767M->156M(1024M) 2.260ms
[2024-04-24T12:37:13.754+0000][gc,cpu      ] GC(38) User=0.02s Sys=0.00s Real=0.01s
[2024-04-24T12:37:15.226+0000][gc,start    ] GC(39) Pause Young (Normal) (G1 Evacuation Pause)
[2024-04-24T12:37:15.226+0000][gc,task     ] GC(39) Using 8 workers of 8 for evacuation
[2024-04-24T12:37:15.228+0000][gc,phases   ] GC(39)   Pre Evacuate Collection Set: 0.1ms
[2024-04-24T12:37:15.228+0000][gc,phases   ] GC(39)   Merge Heap Roots: 0.1ms
[2024-04-24T12:37:15.228+0000][gc,phases   ] GC(39)   Evacuate Collection Set: 1.5ms
[2024-04-24T12:37:15.228+0000][gc,phases   ] GC(39)   Post Evacuate Collection Set: 0.4ms
[2024-04-24T12:37:15.228+0000][gc,phases   ] GC(39)   Other: 0.1ms
[2024-04-24T12:37:15.228+0000][gc,heap     ] GC(39) Eden regions: 611->0(611)
[2024-04-24T12:37:15.228+0000][gc,heap     ] GC(39) Survivor regions: 3->3(77)
[2024-04-24T12:37:15.228+0000][gc,heap     ] GC(39) Old regions: 24->25
[2024-04-24T12:37:15.228+0000][gc,heap     ] GC(39) Archive regions: 2->2
[2024-04-24T12:37:15.228+0000][gc,heap     ] GC(39) Humongous regions: 129->129
[2024-04-24T12:37:15.228+0000][gc,metaspace] GC(39) Metaspace: 42360K(42944K)->42360K(42944K) NonClass: 37417K(37760K)->37417K(37760K) Class: 4942K(5184K)->4942K(5184K)
[2024-04-24T12:37:15.228+0000][gc          ] GC(39) Pause Young (Normal) (G1 Evacuation Pause) 767M->156M(1024M) 2.256ms
[2024-04-24T12:37:15.228+0000][gc,cpu      ] GC(39) User=0.01s Sys=0.00s Real=0.00s
[2024-04-24T12:37:16.682+0000][gc,start    ] GC(40) Pause Young (Normal) (G1 Evacuation Pause)
[2024-04-24T12:37:16.682+0000][gc,task     ] GC(40) Using 8 workers of 8 for evacuation
[2024-04-24T12:37:16.684+0000][gc,phases   ] GC(40)   Pre Evacuate Collection Set: 0.1ms
[2024-04-24T12:37:16.684+0000][gc,phases   ] GC(40)   Merge Heap Roots: 0.1ms
[2024-04-24T12:37:16.684+0000][gc,phases   ] GC(40)   Evacuate Collection Set: 1.5ms
[2024-04-24T12:37:16.684+0000][gc,phases   ] GC(40)   Post Evacuate Collection Set: 0.4ms
[2024-04-24T12:37:16.684+0000][gc,phases   ] GC(40)   Other: 0.1ms
[2024-04-24T12:37:16.684+0000][gc,heap     ] GC(40) Eden regions: 611->0(611)
[2024-04-24T12:37:16.684+0000][gc,heap     ] GC(40) Survivor regions: 3->3(77)
[2024-04-24T12:37:16.684+0000][gc,heap     ] GC(40) Old regions: 25->25
[2024-04-24T12:37:16.684+0000][gc,heap     ] GC(40) Archive regions: 2->2
[2024-04-24T12:37:16.684+0000][gc,heap     ] GC(40) Humongous regions: 129->129
[2024-04-24T12:37:16.684+0000][gc,metaspace] GC(40) Metaspace: 42360K(42944K)->42360K(42944K) NonClass: 37418K(37760K)->37418K(37760K) Class: 4942K(5184K)->4942K(5184K)
[2024-04-24T12:37:16.684+0000][gc          ] GC(40) Pause Young (Normal) (G1 Evacuation Pause) 767M->156M(1024M) 2.272ms
[2024-04-24T12:37:16.684+0000][gc,cpu      ] GC(40) User=0.01s Sys=0.01s Real=0.01s
[2024-04-24T12:37:18.136+0000][gc,start    ] GC(41) Pause Young (Normal) (G1 Evacuation Pause)
[2024-04-24T12:37:18.136+0000][gc,task     ] GC(41) Using 8 workers of 8 for evacuation
[2024-04-24T12:37:18.139+0000][gc,phases   ] GC(41)   Pre Evacuate Collection Set: 0.1ms
[2024-04-24T12:37:18.139+0000][gc,phases   ] GC(41)   Merge Heap Roots: 0.1ms
[2024-04-24T12:37:18.139+0000][gc,phases   ] GC(41)   Evacuate Collection Set: 1.8ms
[2024-04-24T12:37:18.139+0000][gc,phases   ] GC(41)   Post Evacuate Collection Set: 0.4ms
[2024-04-24T12:37:18.139+0000][gc,phases   ] GC(41)   Other: 0.1ms
[2024-04-24T12:37:18.139+0000][gc,heap     ] GC(41) Eden regions: 611->0(611)
[2024-04-24T12:37:18.139+0000][gc,heap     ] GC(41) Survivor regions: 3->3(77)
[2024-04-24T12:37:18.139+0000][gc,heap     ] GC(41) Old regions: 25->25
[2024-04-24T12:37:18.139+0000][gc,heap     ] GC(41) Archive regions: 2->2
[2024-04-24T12:37:18.139+0000][gc,heap     ] GC(41) Humongous regions: 129->129
[2024-04-24T12:37:18.139+0000][gc,metaspace] GC(41) Metaspace: 42360K(42944K)->42360K(42944K) NonClass: 37418K(37760K)->37418K(37760K) Class: 4942K(5184K)->4942K(5184K)
[2024-04-24T12:37:18.139+0000][gc          ] GC(41) Pause Young (Normal) (G1 Evacuation Pause) 767M->156M(1024M) 2.604ms
[2024-04-24T12:37:18.139+0000][gc,cpu      ] GC(41) User=0.01s Sys=0.00s Real=0.00s
[2024-04-24T12:37:19.586+0000][gc,start    ] GC(42) Pause Young (Normal) (G1 Evacuation Pause)
[2024-04-24T12:37:19.586+0000][gc,task     ] GC(42) Using 8 workers of 8 for evacuation
[2024-04-24T12:37:19.588+0000][gc,phases   ] GC(42)   Pre Evacuate Collection Set: 0.1ms
[2024-04-24T12:37:19.588+0000][gc,phases   ] GC(42)   Merge Heap Roots: 0.1ms
[2024-04-24T12:37:19.588+0000][gc,phases   ] GC(42)   Evacuate Collection Set: 1.5ms
[2024-04-24T12:37:19.588+0000][gc,phases   ] GC(42)   Post Evacuate Collection Set: 0.4ms
[2024-04-24T12:37:19.588+0000][gc,phases   ] GC(42)   Other: 0.1ms
[2024-04-24T12:37:19.588+0000][gc,heap     ] GC(42) Eden regions: 611->0(611)
[2024-04-24T12:37:19.588+0000][gc,heap     ] GC(42) Survivor regions: 3->3(77)
[2024-04-24T12:37:19.588+0000][gc,heap     ] GC(42) Old regions: 25->25
[2024-04-24T12:37:19.588+0000][gc,heap     ] GC(42) Archive regions: 2->2
[2024-04-24T12:37:19.588+0000][gc,heap     ] GC(42) Humongous regions: 129->129
[2024-04-24T12:37:19.588+0000][gc,metaspace] GC(42) Metaspace: 42360K(42944K)->42360K(42944K) NonClass: 37418K(37760K)->37418K(37760K) Class: 4942K(5184K)->4942K(5184K)
[2024-04-24T12:37:19.588+0000][gc          ] GC(42) Pause Young (Normal) (G1 Evacuation Pause) 767M->156M(1024M) 2.254ms
[2024-04-24T12:37:19.588+0000][gc,cpu      ] GC(42) User=0.01s Sys=0.00s Real=0.00s
[2024-04-24T12:37:21.077+0000][gc,start    ] GC(43) Pause Young (Normal) (G1 Evacuation Pause)
[2024-04-24T12:37:21.077+0000][gc,task     ] GC(43) Using 8 workers of 8 for evacuation
[2024-04-24T12:37:21.079+0000][gc,phases   ] GC(43)   Pre Evacuate Collection Set: 0.1ms
[2024-04-24T12:37:21.079+0000][gc,phases   ] GC(43)   Merge Heap Roots: 0.1ms
[2024-04-24T12:37:21.079+0000][gc,phases   ] GC(43)   Evacuate Collection Set: 1.5ms
[2024-04-24T12:37:21.079+0000][gc,phases   ] GC(43)   Post Evacuate Collection Set: 0.4ms
[2024-04-24T12:37:21.079+0000][gc,phases   ] GC(43)   Other: 0.1ms
[2024-04-24T12:37:21.079+0000][gc,heap     ] GC(43) Eden regions: 611->0(611)
[2024-04-24T12:37:21.079+0000][gc,heap     ] GC(43) Survivor regions: 3->3(77)
[2024-04-24T12:37:21.079+0000][gc,heap     ] GC(43) Old regions: 25->25
[2024-04-24T12:37:21.079+0000][gc,heap     ] GC(43) Archive regions: 2->2
[2024-04-24T12:37:21.079+0000][gc,heap     ] GC(43) Humongous regions: 129->129
[2024-04-24T12:37:21.079+0000][gc,metaspace] GC(43) Metaspace: 42360K(42944K)->42360K(42944K) NonClass: 37418K(37760K)->37418K(37760K) Class: 4942K(5184K)->4942K(5184K)
[2024-04-24T12:37:21.079+0000][gc          ] GC(43) Pause Young (Normal) (G1 Evacuation Pause) 767M->157M(1024M) 2.255ms
[2024-04-24T12:37:21.079+0000][gc,cpu      ] GC(43) User=0.01s Sys=0.01s Real=0.00s
[2024-04-24T12:37:22.571+0000][gc,start    ] GC(44) Pause Young (Normal) (G1 Evacuation Pause)
[2024-04-24T12:37:22.571+0000][gc,task     ] GC(44) Using 8 workers of 8 for evacuation
[2024-04-24T12:37:22.573+0000][gc,phases   ] GC(44)   Pre Evacuate Collection Set: 0.1ms
[2024-04-24T12:37:22.573+0000][gc,phases   ] GC(44)   Merge Heap Roots: 0.1ms
[2024-04-24T12:37:22.573+0000][gc,phases   ] GC(44)   Evacuate Collection Set: 1.5ms
[2024-04-24T12:37:22.573+0000][gc,phases   ] GC(44)   Post Evacuate Collection Set: 0.4ms
[2024-04-24T12:37:22.573+0000][gc,phases   ] GC(44)   Other: 0.1ms
[2024-04-24T12:37:22.573+0000][gc,heap     ] GC(44) Eden regions: 611->0(611)
[2024-04-24T12:37:22.573+0000][gc,heap     ] GC(44) Survivor regions: 3->3(77)
[2024-04-24T12:37:22.573+0000][gc,heap     ] GC(44) Old regions: 25->26
[2024-04-24T12:37:22.573+0000][gc,heap     ] GC(44) Archive regions: 2->2
[2024-04-24T12:37:22.573+0000][gc,heap     ] GC(44) Humongous regions: 129->129
[2024-04-24T12:37:22.573+0000][gc,metaspace] GC(44) Metaspace: 42370K(42944K)->42370K(42944K) NonClass: 37427K(37760K)->37427K(37760K) Class: 4942K(5184K)->4942K(5184K)
[2024-04-24T12:37:22.573+0000][gc          ] GC(44) Pause Young (Normal) (G1 Evacuation Pause) 768M->157M(1024M) 2.225ms
[2024-04-24T12:37:22.573+0000][gc,cpu      ] GC(44) User=0.01s Sys=0.00s Real=0.01s
[2024-04-24T12:37:24.061+0000][gc,start    ] GC(45) Pause Young (Normal) (G1 Evacuation Pause)
[2024-04-24T12:37:24.061+0000][gc,task     ] GC(45) Using 8 workers of 8 for evacuation
[2024-04-24T12:37:24.063+0000][gc,phases   ] GC(45)   Pre Evacuate Collection Set: 0.1ms
[2024-04-24T12:37:24.063+0000][gc,phases   ] GC(45)   Merge Heap Roots: 0.1ms
[2024-04-24T12:37:24.063+0000][gc,phases   ] GC(45)   Evacuate Collection Set: 1.5ms
[2024-04-24T12:37:24.063+0000][gc,phases   ] GC(45)   Post Evacuate Collection Set: 0.4ms
[2024-04-24T12:37:24.063+0000][gc,phases   ] GC(45)   Other: 0.1ms
[2024-04-24T12:37:24.063+0000][gc,heap     ] GC(45) Eden regions: 611->0(612)
[2024-04-24T12:37:24.063+0000][gc,heap     ] GC(45) Survivor regions: 3->2(77)
[2024-04-24T12:37:24.063+0000][gc,heap     ] GC(45) Old regions: 26->26
[2024-04-24T12:37:24.063+0000][gc,heap     ] GC(45) Archive regions: 2->2
[2024-04-24T12:37:24.063+0000][gc,heap     ] GC(45) Humongous regions: 129->129
[2024-04-24T12:37:24.063+0000][gc,metaspace] GC(45) Metaspace: 42371K(42944K)->42371K(42944K) NonClass: 37428K(37760K)->37428K(37760K) Class: 4942K(5184K)->4942K(5184K)
[2024-04-24T12:37:24.063+0000][gc          ] GC(45) Pause Young (Normal) (G1 Evacuation Pause) 768M->157M(1024M) 2.241ms
[2024-04-24T12:37:24.063+0000][gc,cpu      ] GC(45) User=0.00s Sys=0.00s Real=0.00s
[2024-04-24T12:37:25.554+0000][gc,start    ] GC(46) Pause Young (Normal) (G1 Evacuation Pause)
[2024-04-24T12:37:25.554+0000][gc,task     ] GC(46) Using 8 workers of 8 for evacuation
[2024-04-24T12:37:25.556+0000][gc,phases   ] GC(46)   Pre Evacuate Collection Set: 0.1ms
[2024-04-24T12:37:25.556+0000][gc,phases   ] GC(46)   Merge Heap Roots: 0.1ms
[2024-04-24T12:37:25.556+0000][gc,phases   ] GC(46)   Evacuate Collection Set: 1.5ms
[2024-04-24T12:37:25.556+0000][gc,phases   ] GC(46)   Post Evacuate Collection Set: 0.4ms
[2024-04-24T12:37:25.556+0000][gc,phases   ] GC(46)   Other: 0.1ms
[2024-04-24T12:37:25.556+0000][gc,heap     ] GC(46) Eden regions: 612->0(611)
[2024-04-24T12:37:25.556+0000][gc,heap     ] GC(46) Survivor regions: 2->3(77)
[2024-04-24T12:37:25.556+0000][gc,heap     ] GC(46) Old regions: 26->26
[2024-04-24T12:37:25.556+0000][gc,heap     ] GC(46) Archive regions: 2->2
[2024-04-24T12:37:25.556+0000][gc,heap     ] GC(46) Humongous regions: 129->129
[2024-04-24T12:37:25.556+0000][gc,metaspace] GC(46) Metaspace: 42373K(42944K)->42373K(42944K) NonClass: 37431K(37760K)->37431K(37760K) Class: 4942K(5184K)->4942K(5184K)
[2024-04-24T12:37:25.556+0000][gc          ] GC(46) Pause Young (Normal) (G1 Evacuation Pause) 769M->157M(1024M) 2.301ms
[2024-04-24T12:37:25.556+0000][gc,cpu      ] GC(46) User=0.01s Sys=0.00s Real=0.00s
[2024-04-24T12:50:26.130+0000][gc,heap,exit] Heap
[2024-04-24T12:50:26.130+0000][gc,heap,exit]  garbage-first heap   total 1048576K, used 641433K [0x00000000c0000000, 0x0000000100000000)
[2024-04-24T12:50:26.130+0000][gc,heap,exit]   region size 1024K, 472 young (483328K), 3 survivors (3072K)
[2024-04-24T12:50:26.130+0000][gc,heap,exit]  Metaspace       used 43630K, committed 44160K, reserved 1114112K
[2024-04-24T12:50:26.130+0000][gc,heap,exit]   class space    used 5162K, committed 5376K, reserved 1048576K
