[2024-04-24T07:32:27.217+0000][gc] Using G1
[2024-04-24T07:32:27.229+0000][gc,init] Version: 17.0.10+7-Ubuntu-120.04.1 (release)
[2024-04-24T07:32:27.229+0000][gc,init] CPUs: 8 total, 8 available
[2024-04-24T07:32:27.229+0000][gc,init] Memory: 32059M
[2024-04-24T07:32:27.229+0000][gc,init] Large Page Support: Disabled
[2024-04-24T07:32:27.229+0000][gc,init] NUMA Support: Disabled
[2024-04-24T07:32:27.229+0000][gc,init] Compressed Oops: Enabled (32-bit)
[2024-04-24T07:32:27.229+0000][gc,init] Heap Region Size: 1M
[2024-04-24T07:32:27.229+0000][gc,init] Heap Min Capacity: 1G
[2024-04-24T07:32:27.229+0000][gc,init] Heap Initial Capacity: 1G
[2024-04-24T07:32:27.229+0000][gc,init] Heap Max Capacity: 1G
[2024-04-24T07:32:27.229+0000][gc,init] Pre-touch: Disabled
[2024-04-24T07:32:27.229+0000][gc,init] Parallel Workers: 8
[2024-04-24T07:32:27.229+0000][gc,init] Concurrent Workers: 2
[2024-04-24T07:32:27.229+0000][gc,init] Concurrent Refinement Workers: 8
[2024-04-24T07:32:27.229+0000][gc,init] Periodic GC: Disabled
[2024-04-24T07:32:27.234+0000][gc,metaspace] CDS archive(s) mapped at: [0x00007f814b000000-0x00007f814bbc7000-0x00007f814bbc7000), size 12349440, SharedBaseAddress: 0x00007f814b000000, ArchiveRelocationMode: 1.
[2024-04-24T07:32:27.234+0000][gc,metaspace] Compressed class space mapped at: 0x00007f814c000000-0x00007f818c000000, reserved size: 1073741824
[2024-04-24T07:32:27.234+0000][gc,metaspace] Narrow klass base: 0x00007f814b000000, Narrow klass shift: 0, Narrow klass range: 0x100000000
[2024-04-24T07:32:28.994+0000][gc,start    ] GC(0) Pause Young (Normal) (G1 Evacuation Pause)
[2024-04-24T07:32:28.995+0000][gc,task     ] GC(0) Using 8 workers of 8 for evacuation
[2024-04-24T07:32:29.001+0000][gc,phases   ] GC(0)   Pre Evacuate Collection Set: 0.1ms
[2024-04-24T07:32:29.001+0000][gc,phases   ] GC(0)   Merge Heap Roots: 0.1ms
[2024-04-24T07:32:29.001+0000][gc,phases   ] GC(0)   Evacuate Collection Set: 5.2ms
[2024-04-24T07:32:29.001+0000][gc,phases   ] GC(0)   Post Evacuate Collection Set: 0.4ms
[2024-04-24T07:32:29.001+0000][gc,phases   ] GC(0)   Other: 1.3ms
[2024-04-24T07:32:29.001+0000][gc,heap     ] GC(0) Eden regions: 51->0(44)
[2024-04-24T07:32:29.001+0000][gc,heap     ] GC(0) Survivor regions: 0->7(7)
[2024-04-24T07:32:29.001+0000][gc,heap     ] GC(0) Old regions: 0->6
[2024-04-24T07:32:29.001+0000][gc,heap     ] GC(0) Archive regions: 2->2
[2024-04-24T07:32:29.001+0000][gc,heap     ] GC(0) Humongous regions: 0->0
[2024-04-24T07:32:29.001+0000][gc,metaspace] GC(0) Metaspace: 15638K(15872K)->15638K(15872K) NonClass: 13743K(13824K)->13743K(13824K) Class: 1895K(2048K)->1895K(2048K)
[2024-04-24T07:32:29.001+0000][gc          ] GC(0) Pause Young (Normal) (G1 Evacuation Pause) 51M->13M(1024M) 7.183ms
[2024-04-24T07:32:29.001+0000][gc,cpu      ] GC(0) User=0.04s Sys=0.00s Real=0.00s
[2024-04-24T07:32:29.567+0000][gc,start    ] GC(1) Pause Young (Concurrent Start) (Metadata GC Threshold)
[2024-04-24T07:32:29.567+0000][gc,task     ] GC(1) Using 8 workers of 8 for evacuation
[2024-04-24T07:32:29.570+0000][gc,phases   ] GC(1)   Pre Evacuate Collection Set: 0.1ms
[2024-04-24T07:32:29.570+0000][gc,phases   ] GC(1)   Merge Heap Roots: 0.0ms
[2024-04-24T07:32:29.570+0000][gc,phases   ] GC(1)   Evacuate Collection Set: 2.7ms
[2024-04-24T07:32:29.570+0000][gc,phases   ] GC(1)   Post Evacuate Collection Set: 0.4ms
[2024-04-24T07:32:29.570+0000][gc,phases   ] GC(1)   Other: 0.2ms
[2024-04-24T07:32:29.570+0000][gc,heap     ] GC(1) Eden regions: 21->0(49)
[2024-04-24T07:32:29.570+0000][gc,heap     ] GC(1) Survivor regions: 7->2(7)
[2024-04-24T07:32:29.570+0000][gc,heap     ] GC(1) Old regions: 6->13
[2024-04-24T07:32:29.570+0000][gc,heap     ] GC(1) Archive regions: 2->2
[2024-04-24T07:32:29.570+0000][gc,heap     ] GC(1) Humongous regions: 0->0
[2024-04-24T07:32:29.570+0000][gc,metaspace] GC(1) Metaspace: 21283K(21504K)->21283K(21504K) NonClass: 18718K(18880K)->18718K(18880K) Class: 2564K(2624K)->2564K(2624K)
[2024-04-24T07:32:29.570+0000][gc          ] GC(1) Pause Young (Concurrent Start) (Metadata GC Threshold) 34M->14M(1024M) 3.479ms
[2024-04-24T07:32:29.570+0000][gc,cpu      ] GC(1) User=0.02s Sys=0.00s Real=0.00s
[2024-04-24T07:32:29.570+0000][gc          ] GC(2) Concurrent Mark Cycle
[2024-04-24T07:32:29.570+0000][gc,marking  ] GC(2) Concurrent Clear Claimed Marks
[2024-04-24T07:32:29.570+0000][gc,marking  ] GC(2) Concurrent Clear Claimed Marks 0.016ms
[2024-04-24T07:32:29.570+0000][gc,marking  ] GC(2) Concurrent Scan Root Regions
[2024-04-24T07:32:29.576+0000][gc,marking  ] GC(2) Concurrent Scan Root Regions 5.911ms
[2024-04-24T07:32:29.576+0000][gc,marking  ] GC(2) Concurrent Mark
[2024-04-24T07:32:29.576+0000][gc,marking  ] GC(2) Concurrent Mark From Roots
[2024-04-24T07:32:29.576+0000][gc,task     ] GC(2) Using 2 workers of 2 for marking
[2024-04-24T07:32:29.580+0000][gc,marking  ] GC(2) Concurrent Mark From Roots 3.227ms
[2024-04-24T07:32:29.580+0000][gc,marking  ] GC(2) Concurrent Preclean
[2024-04-24T07:32:29.580+0000][gc,marking  ] GC(2) Concurrent Preclean 0.080ms
[2024-04-24T07:32:29.580+0000][gc,start    ] GC(2) Pause Remark
[2024-04-24T07:32:29.581+0000][gc          ] GC(2) Pause Remark 15M->15M(1024M) 1.158ms
[2024-04-24T07:32:29.581+0000][gc,cpu      ] GC(2) User=0.00s Sys=0.01s Real=0.00s
[2024-04-24T07:32:29.581+0000][gc,marking  ] GC(2) Concurrent Mark 4.597ms
[2024-04-24T07:32:29.581+0000][gc,marking  ] GC(2) Concurrent Rebuild Remembered Sets
[2024-04-24T07:32:29.583+0000][gc,marking  ] GC(2) Concurrent Rebuild Remembered Sets 2.417ms
[2024-04-24T07:32:29.583+0000][gc,start    ] GC(2) Pause Cleanup
[2024-04-24T07:32:29.584+0000][gc          ] GC(2) Pause Cleanup 15M->15M(1024M) 0.112ms
[2024-04-24T07:32:29.584+0000][gc,cpu      ] GC(2) User=0.00s Sys=0.00s Real=0.00s
[2024-04-24T07:32:29.584+0000][gc,marking  ] GC(2) Concurrent Cleanup for Next Mark
[2024-04-24T07:32:29.588+0000][gc,marking  ] GC(2) Concurrent Cleanup for Next Mark 4.486ms
[2024-04-24T07:32:29.588+0000][gc          ] GC(2) Concurrent Mark Cycle 17.751ms
[2024-04-24T07:32:32.531+0000][gc,start    ] GC(3) Pause Young (Normal) (G1 Evacuation Pause)
[2024-04-24T07:32:32.531+0000][gc,task     ] GC(3) Using 8 workers of 8 for evacuation
[2024-04-24T07:32:32.533+0000][gc,phases   ] GC(3)   Pre Evacuate Collection Set: 0.1ms
[2024-04-24T07:32:32.533+0000][gc,phases   ] GC(3)   Merge Heap Roots: 0.0ms
[2024-04-24T07:32:32.533+0000][gc,phases   ] GC(3)   Evacuate Collection Set: 2.2ms
[2024-04-24T07:32:32.533+0000][gc,phases   ] GC(3)   Post Evacuate Collection Set: 0.3ms
[2024-04-24T07:32:32.533+0000][gc,phases   ] GC(3)   Other: 0.1ms
[2024-04-24T07:32:32.533+0000][gc,heap     ] GC(3) Eden regions: 49->0(46)
[2024-04-24T07:32:32.533+0000][gc,heap     ] GC(3) Survivor regions: 2->5(7)
[2024-04-24T07:32:32.533+0000][gc,heap     ] GC(3) Old regions: 13->13
[2024-04-24T07:32:32.533+0000][gc,heap     ] GC(3) Archive regions: 2->2
[2024-04-24T07:32:32.533+0000][gc,heap     ] GC(3) Humongous regions: 129->129
[2024-04-24T07:32:32.533+0000][gc,metaspace] GC(3) Metaspace: 29385K(29696K)->29385K(29696K) NonClass: 26061K(26240K)->26061K(26240K) Class: 3324K(3456K)->3324K(3456K)
[2024-04-24T07:32:32.533+0000][gc          ] GC(3) Pause Young (Normal) (G1 Evacuation Pause) 192M->147M(1024M) 2.812ms
[2024-04-24T07:32:32.533+0000][gc,cpu      ] GC(3) User=0.02s Sys=0.00s Real=0.01s
[2024-04-24T07:32:33.114+0000][gc,start    ] GC(4) Pause Young (Concurrent Start) (Metadata GC Threshold)
[2024-04-24T07:32:33.114+0000][gc,task     ] GC(4) Using 8 workers of 8 for evacuation
[2024-04-24T07:32:33.118+0000][gc,phases   ] GC(4)   Pre Evacuate Collection Set: 0.1ms
[2024-04-24T07:32:33.118+0000][gc,phases   ] GC(4)   Merge Heap Roots: 0.0ms
[2024-04-24T07:32:33.118+0000][gc,phases   ] GC(4)   Evacuate Collection Set: 2.9ms
[2024-04-24T07:32:33.118+0000][gc,phases   ] GC(4)   Post Evacuate Collection Set: 0.3ms
[2024-04-24T07:32:33.118+0000][gc,phases   ] GC(4)   Other: 0.1ms
[2024-04-24T07:32:33.118+0000][gc,heap     ] GC(4) Eden regions: 32->0(47)
[2024-04-24T07:32:33.118+0000][gc,heap     ] GC(4) Survivor regions: 5->4(7)
[2024-04-24T07:32:33.118+0000][gc,heap     ] GC(4) Old regions: 13->18
[2024-04-24T07:32:33.118+0000][gc,heap     ] GC(4) Archive regions: 2->2
[2024-04-24T07:32:33.118+0000][gc,heap     ] GC(4) Humongous regions: 129->129
[2024-04-24T07:32:33.118+0000][gc,metaspace] GC(4) Metaspace: 35688K(35968K)->35688K(35968K) NonClass: 31748K(31872K)->31748K(31872K) Class: 3940K(4096K)->3940K(4096K)
[2024-04-24T07:32:33.118+0000][gc          ] GC(4) Pause Young (Concurrent Start) (Metadata GC Threshold) 178M->150M(1024M) 3.604ms
[2024-04-24T07:32:33.118+0000][gc,cpu      ] GC(4) User=0.01s Sys=0.00s Real=0.00s
[2024-04-24T07:32:33.118+0000][gc          ] GC(5) Concurrent Mark Cycle
[2024-04-24T07:32:33.118+0000][gc,marking  ] GC(5) Concurrent Clear Claimed Marks
[2024-04-24T07:32:33.118+0000][gc,marking  ] GC(5) Concurrent Clear Claimed Marks 0.020ms
[2024-04-24T07:32:33.118+0000][gc,marking  ] GC(5) Concurrent Scan Root Regions
[2024-04-24T07:32:33.121+0000][gc,marking  ] GC(5) Concurrent Scan Root Regions 2.953ms
[2024-04-24T07:32:33.121+0000][gc,marking  ] GC(5) Concurrent Mark
[2024-04-24T07:32:33.121+0000][gc,marking  ] GC(5) Concurrent Mark From Roots
[2024-04-24T07:32:33.121+0000][gc,task     ] GC(5) Using 2 workers of 2 for marking
[2024-04-24T07:32:33.127+0000][gc,marking  ] GC(5) Concurrent Mark From Roots 5.997ms
[2024-04-24T07:32:33.127+0000][gc,marking  ] GC(5) Concurrent Preclean
[2024-04-24T07:32:33.127+0000][gc,marking  ] GC(5) Concurrent Preclean 0.194ms
[2024-04-24T07:32:33.127+0000][gc,start    ] GC(5) Pause Remark
[2024-04-24T07:32:33.129+0000][gc          ] GC(5) Pause Remark 150M->150M(1024M) 1.226ms
[2024-04-24T07:32:33.129+0000][gc,cpu      ] GC(5) User=0.00s Sys=0.01s Real=0.00s
[2024-04-24T07:32:33.129+0000][gc,marking  ] GC(5) Concurrent Mark 7.564ms
[2024-04-24T07:32:33.129+0000][gc,marking  ] GC(5) Concurrent Rebuild Remembered Sets
[2024-04-24T07:32:33.132+0000][gc,marking  ] GC(5) Concurrent Rebuild Remembered Sets 3.733ms
[2024-04-24T07:32:33.133+0000][gc,start    ] GC(5) Pause Cleanup
[2024-04-24T07:32:33.133+0000][gc          ] GC(5) Pause Cleanup 151M->151M(1024M) 0.131ms
[2024-04-24T07:32:33.133+0000][gc,cpu      ] GC(5) User=0.00s Sys=0.00s Real=0.00s
[2024-04-24T07:32:33.133+0000][gc,marking  ] GC(5) Concurrent Cleanup for Next Mark
[2024-04-24T07:32:33.136+0000][gc,marking  ] GC(5) Concurrent Cleanup for Next Mark 3.473ms
[2024-04-24T07:32:33.136+0000][gc          ] GC(5) Concurrent Mark Cycle 18.171ms
[2024-04-24T07:38:47.224+0000][gc,start    ] GC(6) Pause Young (Prepare Mixed) (G1 Evacuation Pause)
[2024-04-24T07:38:47.224+0000][gc,task     ] GC(6) Using 8 workers of 8 for evacuation
[2024-04-24T07:38:47.231+0000][gc,phases   ] GC(6)   Pre Evacuate Collection Set: 0.4ms
[2024-04-24T07:38:47.231+0000][gc,phases   ] GC(6)   Merge Heap Roots: 0.2ms
[2024-04-24T07:38:47.231+0000][gc,phases   ] GC(6)   Evacuate Collection Set: 5.2ms
[2024-04-24T07:38:47.231+0000][gc,phases   ] GC(6)   Post Evacuate Collection Set: 0.5ms
[2024-04-24T07:38:47.231+0000][gc,phases   ] GC(6)   Other: 0.3ms
[2024-04-24T07:38:47.231+0000][gc,heap     ] GC(6) Eden regions: 47->0(45)
[2024-04-24T07:38:47.231+0000][gc,heap     ] GC(6) Survivor regions: 4->6(7)
[2024-04-24T07:38:47.231+0000][gc,heap     ] GC(6) Old regions: 18->18
[2024-04-24T07:38:47.231+0000][gc,heap     ] GC(6) Archive regions: 2->2
[2024-04-24T07:38:47.231+0000][gc,heap     ] GC(6) Humongous regions: 159->129
[2024-04-24T07:38:47.231+0000][gc,metaspace] GC(6) Metaspace: 40800K(41280K)->40800K(41280K) NonClass: 35982K(36288K)->35982K(36288K) Class: 4818K(4992K)->4818K(4992K)
[2024-04-24T07:38:47.231+0000][gc          ] GC(6) Pause Young (Prepare Mixed) (G1 Evacuation Pause) 227M->152M(1024M) 6.687ms
[2024-04-24T07:38:47.231+0000][gc,cpu      ] GC(6) User=0.04s Sys=0.00s Real=0.00s
[2024-04-24T07:45:25.757+0000][gc,heap,exit] Heap
[2024-04-24T07:45:25.757+0000][gc,heap,exit]  garbage-first heap   total 1048576K, used 188042K [0x00000000c0000000, 0x0000000100000000)
[2024-04-24T07:45:25.757+0000][gc,heap,exit]   region size 1024K, 38 young (38912K), 6 survivors (6144K)
[2024-04-24T07:45:25.757+0000][gc,heap,exit]  Metaspace       used 42221K, committed 42752K, reserved 1114112K
[2024-04-24T07:45:25.757+0000][gc,heap,exit]   class space    used 5036K, committed 5248K, reserved 1048576K
