[2024-04-18T13:43:03.575+0000][gc] Using G1
[2024-04-18T13:43:03.584+0000][gc,init] Version: 17.0.10+7-Ubuntu-120.04.1 (release)
[2024-04-18T13:43:03.584+0000][gc,init] CPUs: 8 total, 8 available
[2024-04-18T13:43:03.584+0000][gc,init] Memory: 32059M
[2024-04-18T13:43:03.584+0000][gc,init] Large Page Support: Disabled
[2024-04-18T13:43:03.584+0000][gc,init] NUMA Support: Disabled
[2024-04-18T13:43:03.584+0000][gc,init] Compressed Oops: Enabled (32-bit)
[2024-04-18T13:43:03.584+0000][gc,init] Heap Region Size: 1M
[2024-04-18T13:43:03.584+0000][gc,init] Heap Min Capacity: 1G
[2024-04-18T13:43:03.584+0000][gc,init] Heap Initial Capacity: 1G
[2024-04-18T13:43:03.584+0000][gc,init] Heap Max Capacity: 1G
[2024-04-18T13:43:03.584+0000][gc,init] Pre-touch: Disabled
[2024-04-18T13:43:03.584+0000][gc,init] Parallel Workers: 8
[2024-04-18T13:43:03.584+0000][gc,init] Concurrent Workers: 2
[2024-04-18T13:43:03.584+0000][gc,init] Concurrent Refinement Workers: 8
[2024-04-18T13:43:03.584+0000][gc,init] Periodic GC: Disabled
[2024-04-18T13:43:03.590+0000][gc,metaspace] CDS archive(s) mapped at: [0x00007f7623000000-0x00007f7623bc7000-0x00007f7623bc7000), size 12349440, SharedBaseAddress: 0x00007f7623000000, ArchiveRelocationMode: 1.
[2024-04-18T13:43:03.590+0000][gc,metaspace] Compressed class space mapped at: 0x00007f7624000000-0x00007f7664000000, reserved size: 1073741824
[2024-04-18T13:43:03.590+0000][gc,metaspace] Narrow klass base: 0x00007f7623000000, Narrow klass shift: 0, Narrow klass range: 0x100000000
[2024-04-18T13:43:04.648+0000][gc,start    ] GC(0) Pause Young (Normal) (G1 Evacuation Pause)
[2024-04-18T13:43:04.649+0000][gc,task     ] GC(0) Using 8 workers of 8 for evacuation
[2024-04-18T13:43:04.652+0000][gc,phases   ] GC(0)   Pre Evacuate Collection Set: 0.1ms
[2024-04-18T13:43:04.652+0000][gc,phases   ] GC(0)   Merge Heap Roots: 0.1ms
[2024-04-18T13:43:04.652+0000][gc,phases   ] GC(0)   Evacuate Collection Set: 3.2ms
[2024-04-18T13:43:04.652+0000][gc,phases   ] GC(0)   Post Evacuate Collection Set: 0.4ms
[2024-04-18T13:43:04.652+0000][gc,phases   ] GC(0)   Other: 0.8ms
[2024-04-18T13:43:04.652+0000][gc,heap     ] GC(0) Eden regions: 51->0(44)
[2024-04-18T13:43:04.652+0000][gc,heap     ] GC(0) Survivor regions: 0->7(7)
[2024-04-18T13:43:04.652+0000][gc,heap     ] GC(0) Old regions: 0->6
[2024-04-18T13:43:04.652+0000][gc,heap     ] GC(0) Archive regions: 2->2
[2024-04-18T13:43:04.652+0000][gc,heap     ] GC(0) Humongous regions: 0->0
[2024-04-18T13:43:04.652+0000][gc,metaspace] GC(0) Metaspace: 15680K(15936K)->15680K(15936K) NonClass: 13779K(13888K)->13779K(13888K) Class: 1900K(2048K)->1900K(2048K)
[2024-04-18T13:43:04.652+0000][gc          ] GC(0) Pause Young (Normal) (G1 Evacuation Pause) 51M->13M(1024M) 4.622ms
[2024-04-18T13:43:04.652+0000][gc,cpu      ] GC(0) User=0.02s Sys=0.00s Real=0.01s
[2024-04-18T13:43:04.941+0000][gc,start    ] GC(1) Pause Young (Concurrent Start) (Metadata GC Threshold)
[2024-04-18T13:43:04.942+0000][gc,task     ] GC(1) Using 8 workers of 8 for evacuation
[2024-04-18T13:43:04.945+0000][gc,phases   ] GC(1)   Pre Evacuate Collection Set: 0.1ms
[2024-04-18T13:43:04.945+0000][gc,phases   ] GC(1)   Merge Heap Roots: 0.1ms
[2024-04-18T13:43:04.945+0000][gc,phases   ] GC(1)   Evacuate Collection Set: 2.7ms
[2024-04-18T13:43:04.945+0000][gc,phases   ] GC(1)   Post Evacuate Collection Set: 0.4ms
[2024-04-18T13:43:04.945+0000][gc,phases   ] GC(1)   Other: 0.2ms
[2024-04-18T13:43:04.945+0000][gc,heap     ] GC(1) Eden regions: 21->0(49)
[2024-04-18T13:43:04.945+0000][gc,heap     ] GC(1) Survivor regions: 7->2(7)
[2024-04-18T13:43:04.945+0000][gc,heap     ] GC(1) Old regions: 6->13
[2024-04-18T13:43:04.945+0000][gc,heap     ] GC(1) Archive regions: 2->2
[2024-04-18T13:43:04.945+0000][gc,heap     ] GC(1) Humongous regions: 0->0
[2024-04-18T13:43:04.945+0000][gc,metaspace] GC(1) Metaspace: 21290K(21504K)->21290K(21504K) NonClass: 18726K(18880K)->18726K(18880K) Class: 2564K(2624K)->2564K(2624K)
[2024-04-18T13:43:04.945+0000][gc          ] GC(1) Pause Young (Concurrent Start) (Metadata GC Threshold) 34M->15M(1024M) 3.544ms
[2024-04-18T13:43:04.945+0000][gc,cpu      ] GC(1) User=0.03s Sys=0.00s Real=0.01s
[2024-04-18T13:43:04.945+0000][gc          ] GC(2) Concurrent Mark Cycle
[2024-04-18T13:43:04.945+0000][gc,marking  ] GC(2) Concurrent Clear Claimed Marks
[2024-04-18T13:43:04.945+0000][gc,marking  ] GC(2) Concurrent Clear Claimed Marks 0.013ms
[2024-04-18T13:43:04.945+0000][gc,marking  ] GC(2) Concurrent Scan Root Regions
[2024-04-18T13:43:04.947+0000][gc,marking  ] GC(2) Concurrent Scan Root Regions 1.482ms
[2024-04-18T13:43:04.947+0000][gc,marking  ] GC(2) Concurrent Mark
[2024-04-18T13:43:04.947+0000][gc,marking  ] GC(2) Concurrent Mark From Roots
[2024-04-18T13:43:04.947+0000][gc,task     ] GC(2) Using 2 workers of 2 for marking
[2024-04-18T13:43:04.949+0000][gc,marking  ] GC(2) Concurrent Mark From Roots 2.257ms
[2024-04-18T13:43:04.949+0000][gc,marking  ] GC(2) Concurrent Preclean
[2024-04-18T13:43:04.949+0000][gc,marking  ] GC(2) Concurrent Preclean 0.075ms
[2024-04-18T13:43:04.949+0000][gc,start    ] GC(2) Pause Remark
[2024-04-18T13:43:04.950+0000][gc          ] GC(2) Pause Remark 15M->15M(1024M) 1.207ms
[2024-04-18T13:43:04.950+0000][gc,cpu      ] GC(2) User=0.01s Sys=0.00s Real=0.00s
[2024-04-18T13:43:04.950+0000][gc,marking  ] GC(2) Concurrent Mark 3.704ms
[2024-04-18T13:43:04.950+0000][gc,marking  ] GC(2) Concurrent Rebuild Remembered Sets
[2024-04-18T13:43:04.950+0000][gc,marking  ] GC(2) Concurrent Rebuild Remembered Sets 0.004ms
[2024-04-18T13:43:04.950+0000][gc,start    ] GC(2) Pause Cleanup
[2024-04-18T13:43:04.950+0000][gc          ] GC(2) Pause Cleanup 15M->15M(1024M) 0.009ms
[2024-04-18T13:43:04.950+0000][gc,cpu      ] GC(2) User=0.00s Sys=0.00s Real=0.00s
[2024-04-18T13:43:04.950+0000][gc,marking  ] GC(2) Concurrent Cleanup for Next Mark
[2024-04-18T13:43:04.954+0000][gc,marking  ] GC(2) Concurrent Cleanup for Next Mark 3.623ms
[2024-04-18T13:43:04.954+0000][gc          ] GC(2) Concurrent Mark Cycle 9.054ms
[2024-04-18T13:43:07.327+0000][gc,start    ] GC(3) Pause Young (Normal) (G1 Evacuation Pause)
[2024-04-18T13:43:07.327+0000][gc,task     ] GC(3) Using 8 workers of 8 for evacuation
[2024-04-18T13:43:07.330+0000][gc,phases   ] GC(3)   Pre Evacuate Collection Set: 0.1ms
[2024-04-18T13:43:07.330+0000][gc,phases   ] GC(3)   Merge Heap Roots: 0.1ms
[2024-04-18T13:43:07.330+0000][gc,phases   ] GC(3)   Evacuate Collection Set: 2.0ms
[2024-04-18T13:43:07.330+0000][gc,phases   ] GC(3)   Post Evacuate Collection Set: 0.3ms
[2024-04-18T13:43:07.330+0000][gc,phases   ] GC(3)   Other: 0.1ms
[2024-04-18T13:43:07.330+0000][gc,heap     ] GC(3) Eden regions: 49->0(46)
[2024-04-18T13:43:07.330+0000][gc,heap     ] GC(3) Survivor regions: 2->5(7)
[2024-04-18T13:43:07.330+0000][gc,heap     ] GC(3) Old regions: 13->13
[2024-04-18T13:43:07.330+0000][gc,heap     ] GC(3) Archive regions: 2->2
[2024-04-18T13:43:07.330+0000][gc,heap     ] GC(3) Humongous regions: 129->129
[2024-04-18T13:43:07.330+0000][gc,metaspace] GC(3) Metaspace: 29360K(29632K)->29360K(29632K) NonClass: 26039K(26176K)->26039K(26176K) Class: 3320K(3456K)->3320K(3456K)
[2024-04-18T13:43:07.330+0000][gc          ] GC(3) Pause Young (Normal) (G1 Evacuation Pause) 193M->147M(1024M) 2.718ms
[2024-04-18T13:43:07.330+0000][gc,cpu      ] GC(3) User=0.02s Sys=0.00s Real=0.00s
[2024-04-18T13:43:07.651+0000][gc,start    ] GC(4) Pause Young (Concurrent Start) (Metadata GC Threshold)
[2024-04-18T13:43:07.651+0000][gc,task     ] GC(4) Using 8 workers of 8 for evacuation
[2024-04-18T13:43:07.655+0000][gc,phases   ] GC(4)   Pre Evacuate Collection Set: 0.1ms
[2024-04-18T13:43:07.655+0000][gc,phases   ] GC(4)   Merge Heap Roots: 0.0ms
[2024-04-18T13:43:07.655+0000][gc,phases   ] GC(4)   Evacuate Collection Set: 3.6ms
[2024-04-18T13:43:07.655+0000][gc,phases   ] GC(4)   Post Evacuate Collection Set: 0.2ms
[2024-04-18T13:43:07.655+0000][gc,phases   ] GC(4)   Other: 0.2ms
[2024-04-18T13:43:07.655+0000][gc,heap     ] GC(4) Eden regions: 31->0(48)
[2024-04-18T13:43:07.655+0000][gc,heap     ] GC(4) Survivor regions: 5->3(7)
[2024-04-18T13:43:07.656+0000][gc,heap     ] GC(4) Old regions: 13->18
[2024-04-18T13:43:07.656+0000][gc,heap     ] GC(4) Archive regions: 2->2
[2024-04-18T13:43:07.656+0000][gc,heap     ] GC(4) Humongous regions: 129->129
[2024-04-18T13:43:07.656+0000][gc,metaspace] GC(4) Metaspace: 35820K(36096K)->35820K(36096K) NonClass: 31864K(32000K)->31864K(32000K) Class: 3956K(4096K)->3956K(4096K)
[2024-04-18T13:43:07.656+0000][gc          ] GC(4) Pause Young (Concurrent Start) (Metadata GC Threshold) 178M->150M(1024M) 4.310ms
[2024-04-18T13:43:07.656+0000][gc,cpu      ] GC(4) User=0.03s Sys=0.00s Real=0.01s
[2024-04-18T13:43:07.656+0000][gc          ] GC(5) Concurrent Mark Cycle
[2024-04-18T13:43:07.656+0000][gc,marking  ] GC(5) Concurrent Clear Claimed Marks
[2024-04-18T13:43:07.656+0000][gc,marking  ] GC(5) Concurrent Clear Claimed Marks 0.018ms
[2024-04-18T13:43:07.656+0000][gc,marking  ] GC(5) Concurrent Scan Root Regions
[2024-04-18T13:43:07.658+0000][gc,marking  ] GC(5) Concurrent Scan Root Regions 2.566ms
[2024-04-18T13:43:07.658+0000][gc,marking  ] GC(5) Concurrent Mark
[2024-04-18T13:43:07.658+0000][gc,marking  ] GC(5) Concurrent Mark From Roots
[2024-04-18T13:43:07.658+0000][gc,task     ] GC(5) Using 2 workers of 2 for marking
[2024-04-18T13:43:07.665+0000][gc,marking  ] GC(5) Concurrent Mark From Roots 6.996ms
[2024-04-18T13:43:07.665+0000][gc,marking  ] GC(5) Concurrent Preclean
[2024-04-18T13:43:07.665+0000][gc,marking  ] GC(5) Concurrent Preclean 0.180ms
[2024-04-18T13:43:07.666+0000][gc,start    ] GC(5) Pause Remark
[2024-04-18T13:43:07.667+0000][gc          ] GC(5) Pause Remark 151M->151M(1024M) 1.395ms
[2024-04-18T13:43:07.667+0000][gc,cpu      ] GC(5) User=0.01s Sys=0.00s Real=0.00s
[2024-04-18T13:43:07.667+0000][gc,marking  ] GC(5) Concurrent Mark 8.724ms
[2024-04-18T13:43:07.667+0000][gc,marking  ] GC(5) Concurrent Rebuild Remembered Sets
[2024-04-18T13:43:07.672+0000][gc,marking  ] GC(5) Concurrent Rebuild Remembered Sets 5.369ms
[2024-04-18T13:43:07.672+0000][gc,start    ] GC(5) Pause Cleanup
[2024-04-18T13:43:07.673+0000][gc          ] GC(5) Pause Cleanup 151M->151M(1024M) 0.172ms
[2024-04-18T13:43:07.673+0000][gc,cpu      ] GC(5) User=0.00s Sys=0.00s Real=0.00s
[2024-04-18T13:43:07.673+0000][gc,marking  ] GC(5) Concurrent Cleanup for Next Mark
[2024-04-18T13:43:07.678+0000][gc,marking  ] GC(5) Concurrent Cleanup for Next Mark 5.481ms
[2024-04-18T13:43:07.678+0000][gc          ] GC(5) Concurrent Mark Cycle 22.568ms
[2024-04-18T13:43:59.297+0000][gc,start    ] GC(6) Pause Young (Prepare Mixed) (G1 Evacuation Pause)
[2024-04-18T13:43:59.297+0000][gc,task     ] GC(6) Using 8 workers of 8 for evacuation
[2024-04-18T13:43:59.300+0000][gc,phases   ] GC(6)   Pre Evacuate Collection Set: 0.1ms
[2024-04-18T13:43:59.300+0000][gc,phases   ] GC(6)   Merge Heap Roots: 0.1ms
[2024-04-18T13:43:59.300+0000][gc,phases   ] GC(6)   Evacuate Collection Set: 2.7ms
[2024-04-18T13:43:59.300+0000][gc,phases   ] GC(6)   Post Evacuate Collection Set: 0.4ms
[2024-04-18T13:43:59.300+0000][gc,phases   ] GC(6)   Other: 0.1ms
[2024-04-18T13:43:59.300+0000][gc,heap     ] GC(6) Eden regions: 48->0(45)
[2024-04-18T13:43:59.300+0000][gc,heap     ] GC(6) Survivor regions: 3->6(7)
[2024-04-18T13:43:59.300+0000][gc,heap     ] GC(6) Old regions: 18->18
[2024-04-18T13:43:59.300+0000][gc,heap     ] GC(6) Archive regions: 2->2
[2024-04-18T13:43:59.300+0000][gc,heap     ] GC(6) Humongous regions: 159->129
[2024-04-18T13:43:59.300+0000][gc,metaspace] GC(6) Metaspace: 41653K(42176K)->41653K(42176K) NonClass: 36815K(37120K)->36815K(37120K) Class: 4838K(5056K)->4838K(5056K)
[2024-04-18T13:43:59.300+0000][gc          ] GC(6) Pause Young (Prepare Mixed) (G1 Evacuation Pause) 228M->153M(1024M) 3.416ms
[2024-04-18T13:43:59.300+0000][gc,cpu      ] GC(6) User=0.02s Sys=0.00s Real=0.00s
[2024-04-18T13:44:00.678+0000][gc,start    ] GC(7) Pause Young (Mixed) (G1 Evacuation Pause)
[2024-04-18T13:44:00.678+0000][gc,task     ] GC(7) Using 8 workers of 8 for evacuation
[2024-04-18T13:44:00.683+0000][gc,phases   ] GC(7)   Pre Evacuate Collection Set: 0.1ms
[2024-04-18T13:44:00.683+0000][gc,phases   ] GC(7)   Merge Heap Roots: 0.0ms
[2024-04-18T13:44:00.683+0000][gc,phases   ] GC(7)   Evacuate Collection Set: 4.4ms
[2024-04-18T13:44:00.683+0000][gc,phases   ] GC(7)   Post Evacuate Collection Set: 0.4ms
[2024-04-18T13:44:00.683+0000][gc,phases   ] GC(7)   Other: 0.1ms
[2024-04-18T13:44:00.683+0000][gc,heap     ] GC(7) Eden regions: 45->0(47)
[2024-04-18T13:44:00.683+0000][gc,heap     ] GC(7) Survivor regions: 6->4(7)
[2024-04-18T13:44:00.683+0000][gc,heap     ] GC(7) Old regions: 18->20
[2024-04-18T13:44:00.683+0000][gc,heap     ] GC(7) Archive regions: 2->2
[2024-04-18T13:44:00.683+0000][gc,heap     ] GC(7) Humongous regions: 129->129
[2024-04-18T13:44:00.683+0000][gc,metaspace] GC(7) Metaspace: 41705K(42240K)->41705K(42240K) NonClass: 36867K(37184K)->36867K(37184K) Class: 4838K(5056K)->4838K(5056K)
[2024-04-18T13:44:00.683+0000][gc          ] GC(7) Pause Young (Mixed) (G1 Evacuation Pause) 198M->153M(1024M) 5.200ms
[2024-04-18T13:44:00.683+0000][gc,cpu      ] GC(7) User=0.03s Sys=0.00s Real=0.00s
[2024-04-18T13:44:02.352+0000][gc,start    ] GC(8) Pause Young (Normal) (G1 Evacuation Pause)
[2024-04-18T13:44:02.352+0000][gc,task     ] GC(8) Using 8 workers of 8 for evacuation
[2024-04-18T13:44:02.356+0000][gc,phases   ] GC(8)   Pre Evacuate Collection Set: 0.1ms
[2024-04-18T13:44:02.356+0000][gc,phases   ] GC(8)   Merge Heap Roots: 0.0ms
[2024-04-18T13:44:02.356+0000][gc,phases   ] GC(8)   Evacuate Collection Set: 3.9ms
[2024-04-18T13:44:02.356+0000][gc,phases   ] GC(8)   Post Evacuate Collection Set: 0.3ms
[2024-04-18T13:44:02.356+0000][gc,phases   ] GC(8)   Other: 0.1ms
[2024-04-18T13:44:02.356+0000][gc,heap     ] GC(8) Eden regions: 47->0(47)
[2024-04-18T13:44:02.356+0000][gc,heap     ] GC(8) Survivor regions: 4->4(7)
[2024-04-18T13:44:02.356+0000][gc,heap     ] GC(8) Old regions: 20->20
[2024-04-18T13:44:02.357+0000][gc,heap     ] GC(8) Archive regions: 2->2
[2024-04-18T13:44:02.357+0000][gc,heap     ] GC(8) Humongous regions: 129->129
[2024-04-18T13:44:02.357+0000][gc,metaspace] GC(8) Metaspace: 41722K(42240K)->41722K(42240K) NonClass: 36880K(37184K)->36880K(37184K) Class: 4842K(5056K)->4842K(5056K)
[2024-04-18T13:44:02.357+0000][gc          ] GC(8) Pause Young (Normal) (G1 Evacuation Pause) 200M->153M(1024M) 4.577ms
[2024-04-18T13:44:02.357+0000][gc,cpu      ] GC(8) User=0.02s Sys=0.00s Real=0.00s
[2024-04-18T13:44:03.369+0000][gc,start    ] GC(9) Pause Young (Normal) (G1 Evacuation Pause)
[2024-04-18T13:44:03.369+0000][gc,task     ] GC(9) Using 8 workers of 8 for evacuation
[2024-04-18T13:44:03.373+0000][gc,phases   ] GC(9)   Pre Evacuate Collection Set: 0.1ms
[2024-04-18T13:44:03.373+0000][gc,phases   ] GC(9)   Merge Heap Roots: 0.0ms
[2024-04-18T13:44:03.373+0000][gc,phases   ] GC(9)   Evacuate Collection Set: 3.6ms
[2024-04-18T13:44:03.373+0000][gc,phases   ] GC(9)   Post Evacuate Collection Set: 0.4ms
[2024-04-18T13:44:03.373+0000][gc,phases   ] GC(9)   Other: 0.1ms
[2024-04-18T13:44:03.373+0000][gc,heap     ] GC(9) Eden regions: 47->0(62)
[2024-04-18T13:44:03.373+0000][gc,heap     ] GC(9) Survivor regions: 4->4(7)
[2024-04-18T13:44:03.373+0000][gc,heap     ] GC(9) Old regions: 20->20
[2024-04-18T13:44:03.373+0000][gc,heap     ] GC(9) Archive regions: 2->2
[2024-04-18T13:44:03.373+0000][gc,heap     ] GC(9) Humongous regions: 129->129
[2024-04-18T13:44:03.373+0000][gc,metaspace] GC(9) Metaspace: 41722K(42240K)->41722K(42240K) NonClass: 36880K(37184K)->36880K(37184K) Class: 4842K(5056K)->4842K(5056K)
[2024-04-18T13:44:03.373+0000][gc          ] GC(9) Pause Young (Normal) (G1 Evacuation Pause) 200M->153M(1024M) 4.332ms
[2024-04-18T13:44:03.373+0000][gc,cpu      ] GC(9) User=0.01s Sys=0.00s Real=0.01s
[2024-04-18T13:44:04.344+0000][gc,start    ] GC(10) Pause Young (Normal) (G1 Evacuation Pause)
[2024-04-18T13:44:04.344+0000][gc,task     ] GC(10) Using 8 workers of 8 for evacuation
[2024-04-18T13:44:04.348+0000][gc,phases   ] GC(10)   Pre Evacuate Collection Set: 0.1ms
[2024-04-18T13:44:04.348+0000][gc,phases   ] GC(10)   Merge Heap Roots: 0.0ms
[2024-04-18T13:44:04.348+0000][gc,phases   ] GC(10)   Evacuate Collection Set: 3.0ms
[2024-04-18T13:44:04.348+0000][gc,phases   ] GC(10)   Post Evacuate Collection Set: 0.5ms
[2024-04-18T13:44:04.348+0000][gc,phases   ] GC(10)   Other: 0.2ms
[2024-04-18T13:44:04.348+0000][gc,heap     ] GC(10) Eden regions: 62->0(274)
[2024-04-18T13:44:04.348+0000][gc,heap     ] GC(10) Survivor regions: 4->4(9)
[2024-04-18T13:44:04.348+0000][gc,heap     ] GC(10) Old regions: 20->20
[2024-04-18T13:44:04.348+0000][gc,heap     ] GC(10) Archive regions: 2->2
[2024-04-18T13:44:04.348+0000][gc,heap     ] GC(10) Humongous regions: 129->129
[2024-04-18T13:44:04.348+0000][gc,metaspace] GC(10) Metaspace: 41855K(42432K)->41855K(42432K) NonClass: 36977K(37312K)->36977K(37312K) Class: 4878K(5120K)->4878K(5120K)
[2024-04-18T13:44:04.348+0000][gc          ] GC(10) Pause Young (Normal) (G1 Evacuation Pause) 215M->153M(1024M) 3.981ms
[2024-04-18T13:44:04.348+0000][gc,cpu      ] GC(10) User=0.01s Sys=0.00s Real=0.01s
[2024-04-18T13:44:06.826+0000][gc,start    ] GC(11) Pause Young (Normal) (G1 Evacuation Pause)
[2024-04-18T13:44:06.826+0000][gc,task     ] GC(11) Using 8 workers of 8 for evacuation
[2024-04-18T13:44:06.829+0000][gc,phases   ] GC(11)   Pre Evacuate Collection Set: 0.1ms
[2024-04-18T13:44:06.829+0000][gc,phases   ] GC(11)   Merge Heap Roots: 0.1ms
[2024-04-18T13:44:06.829+0000][gc,phases   ] GC(11)   Evacuate Collection Set: 2.7ms
[2024-04-18T13:44:06.829+0000][gc,phases   ] GC(11)   Post Evacuate Collection Set: 0.4ms
[2024-04-18T13:44:06.829+0000][gc,phases   ] GC(11)   Other: 0.2ms
[2024-04-18T13:44:06.829+0000][gc,heap     ] GC(11) Eden regions: 274->0(444)
[2024-04-18T13:44:06.829+0000][gc,heap     ] GC(11) Survivor regions: 4->4(35)
[2024-04-18T13:44:06.829+0000][gc,heap     ] GC(11) Old regions: 20->20
[2024-04-18T13:44:06.829+0000][gc,heap     ] GC(11) Archive regions: 2->2
[2024-04-18T13:44:06.829+0000][gc,heap     ] GC(11) Humongous regions: 129->129
[2024-04-18T13:44:06.829+0000][gc,metaspace] GC(11) Metaspace: 41858K(42432K)->41858K(42432K) NonClass: 36980K(37312K)->36980K(37312K) Class: 4878K(5120K)->4878K(5120K)
[2024-04-18T13:44:06.829+0000][gc          ] GC(11) Pause Young (Normal) (G1 Evacuation Pause) 427M->153M(1024M) 3.407ms
[2024-04-18T13:44:06.829+0000][gc,cpu      ] GC(11) User=0.02s Sys=0.00s Real=0.00s
[2024-04-18T13:44:10.044+0000][gc,start    ] GC(12) Pause Young (Normal) (G1 Evacuation Pause)
[2024-04-18T13:44:10.044+0000][gc,task     ] GC(12) Using 8 workers of 8 for evacuation
[2024-04-18T13:44:10.047+0000][gc,phases   ] GC(12)   Pre Evacuate Collection Set: 0.1ms
[2024-04-18T13:44:10.047+0000][gc,phases   ] GC(12)   Merge Heap Roots: 0.1ms
[2024-04-18T13:44:10.047+0000][gc,phases   ] GC(12)   Evacuate Collection Set: 2.1ms
[2024-04-18T13:44:10.047+0000][gc,phases   ] GC(12)   Post Evacuate Collection Set: 0.4ms
[2024-04-18T13:44:10.047+0000][gc,phases   ] GC(12)   Other: 0.1ms
[2024-04-18T13:44:10.047+0000][gc,heap     ] GC(12) Eden regions: 444->0(610)
[2024-04-18T13:44:10.047+0000][gc,heap     ] GC(12) Survivor regions: 4->4(56)
[2024-04-18T13:44:10.047+0000][gc,heap     ] GC(12) Old regions: 20->20
[2024-04-18T13:44:10.047+0000][gc,heap     ] GC(12) Archive regions: 2->2
[2024-04-18T13:44:10.047+0000][gc,heap     ] GC(12) Humongous regions: 129->129
[2024-04-18T13:44:10.047+0000][gc,metaspace] GC(12) Metaspace: 41883K(42432K)->41883K(42432K) NonClass: 37005K(37312K)->37005K(37312K) Class: 4878K(5120K)->4878K(5120K)
[2024-04-18T13:44:10.047+0000][gc          ] GC(12) Pause Young (Normal) (G1 Evacuation Pause) 597M->153M(1024M) 2.883ms
[2024-04-18T13:44:10.047+0000][gc,cpu      ] GC(12) User=0.02s Sys=0.00s Real=0.00s
[2024-04-18T13:44:14.518+0000][gc,start    ] GC(13) Pause Young (Normal) (G1 Evacuation Pause)
[2024-04-18T13:44:14.518+0000][gc,task     ] GC(13) Using 8 workers of 8 for evacuation
[2024-04-18T13:44:14.521+0000][gc,phases   ] GC(13)   Pre Evacuate Collection Set: 0.1ms
[2024-04-18T13:44:14.521+0000][gc,phases   ] GC(13)   Merge Heap Roots: 0.1ms
[2024-04-18T13:44:14.521+0000][gc,phases   ] GC(13)   Evacuate Collection Set: 2.3ms
[2024-04-18T13:44:14.521+0000][gc,phases   ] GC(13)   Post Evacuate Collection Set: 0.5ms
[2024-04-18T13:44:14.521+0000][gc,phases   ] GC(13)   Other: 0.1ms
[2024-04-18T13:44:14.521+0000][gc,heap     ] GC(13) Eden regions: 610->0(610)
[2024-04-18T13:44:14.521+0000][gc,heap     ] GC(13) Survivor regions: 4->4(77)
[2024-04-18T13:44:14.521+0000][gc,heap     ] GC(13) Old regions: 20->20
[2024-04-18T13:44:14.521+0000][gc,heap     ] GC(13) Archive regions: 2->2
[2024-04-18T13:44:14.521+0000][gc,heap     ] GC(13) Humongous regions: 129->129
[2024-04-18T13:44:14.521+0000][gc,metaspace] GC(13) Metaspace: 41884K(42432K)->41884K(42432K) NonClass: 37006K(37312K)->37006K(37312K) Class: 4878K(5120K)->4878K(5120K)
[2024-04-18T13:44:14.521+0000][gc          ] GC(13) Pause Young (Normal) (G1 Evacuation Pause) 763M->153M(1024M) 3.131ms
[2024-04-18T13:44:14.521+0000][gc,cpu      ] GC(13) User=0.02s Sys=0.00s Real=0.00s
[2024-04-18T13:44:18.855+0000][gc,start    ] GC(14) Pause Young (Normal) (G1 Evacuation Pause)
[2024-04-18T13:44:18.855+0000][gc,task     ] GC(14) Using 8 workers of 8 for evacuation
[2024-04-18T13:44:18.858+0000][gc,phases   ] GC(14)   Pre Evacuate Collection Set: 0.1ms
[2024-04-18T13:44:18.858+0000][gc,phases   ] GC(14)   Merge Heap Roots: 0.1ms
[2024-04-18T13:44:18.858+0000][gc,phases   ] GC(14)   Evacuate Collection Set: 2.2ms
[2024-04-18T13:44:18.858+0000][gc,phases   ] GC(14)   Post Evacuate Collection Set: 0.5ms
[2024-04-18T13:44:18.858+0000][gc,phases   ] GC(14)   Other: 0.1ms
[2024-04-18T13:44:18.858+0000][gc,heap     ] GC(14) Eden regions: 610->0(610)
[2024-04-18T13:44:18.858+0000][gc,heap     ] GC(14) Survivor regions: 4->4(77)
[2024-04-18T13:44:18.858+0000][gc,heap     ] GC(14) Old regions: 20->20
[2024-04-18T13:44:18.858+0000][gc,heap     ] GC(14) Archive regions: 2->2
[2024-04-18T13:44:18.858+0000][gc,heap     ] GC(14) Humongous regions: 129->129
[2024-04-18T13:44:18.858+0000][gc,metaspace] GC(14) Metaspace: 41887K(42432K)->41887K(42432K) NonClass: 37009K(37312K)->37009K(37312K) Class: 4878K(5120K)->4878K(5120K)
[2024-04-18T13:44:18.858+0000][gc          ] GC(14) Pause Young (Normal) (G1 Evacuation Pause) 763M->153M(1024M) 2.993ms
[2024-04-18T13:44:18.858+0000][gc,cpu      ] GC(14) User=0.02s Sys=0.00s Real=0.00s
[2024-04-18T13:44:23.348+0000][gc,start    ] GC(15) Pause Young (Normal) (G1 Evacuation Pause)
[2024-04-18T13:44:23.348+0000][gc,task     ] GC(15) Using 8 workers of 8 for evacuation
[2024-04-18T13:44:23.351+0000][gc,phases   ] GC(15)   Pre Evacuate Collection Set: 0.1ms
[2024-04-18T13:44:23.351+0000][gc,phases   ] GC(15)   Merge Heap Roots: 0.1ms
[2024-04-18T13:44:23.351+0000][gc,phases   ] GC(15)   Evacuate Collection Set: 2.1ms
[2024-04-18T13:44:23.351+0000][gc,phases   ] GC(15)   Post Evacuate Collection Set: 0.5ms
[2024-04-18T13:44:23.351+0000][gc,phases   ] GC(15)   Other: 0.1ms
[2024-04-18T13:44:23.351+0000][gc,heap     ] GC(15) Eden regions: 610->0(610)
[2024-04-18T13:44:23.351+0000][gc,heap     ] GC(15) Survivor regions: 4->4(77)
[2024-04-18T13:44:23.351+0000][gc,heap     ] GC(15) Old regions: 20->20
[2024-04-18T13:44:23.351+0000][gc,heap     ] GC(15) Archive regions: 2->2
[2024-04-18T13:44:23.351+0000][gc,heap     ] GC(15) Humongous regions: 129->129
[2024-04-18T13:44:23.351+0000][gc,metaspace] GC(15) Metaspace: 41895K(42432K)->41895K(42432K) NonClass: 37017K(37312K)->37017K(37312K) Class: 4878K(5120K)->4878K(5120K)
[2024-04-18T13:44:23.351+0000][gc          ] GC(15) Pause Young (Normal) (G1 Evacuation Pause) 763M->153M(1024M) 3.020ms
[2024-04-18T13:44:23.351+0000][gc,cpu      ] GC(15) User=0.01s Sys=0.00s Real=0.00s
[2024-04-18T13:44:27.701+0000][gc,start    ] GC(16) Pause Young (Normal) (G1 Evacuation Pause)
[2024-04-18T13:44:27.701+0000][gc,task     ] GC(16) Using 8 workers of 8 for evacuation
[2024-04-18T13:44:27.704+0000][gc,phases   ] GC(16)   Pre Evacuate Collection Set: 0.1ms
[2024-04-18T13:44:27.704+0000][gc,phases   ] GC(16)   Merge Heap Roots: 0.1ms
[2024-04-18T13:44:27.704+0000][gc,phases   ] GC(16)   Evacuate Collection Set: 2.2ms
[2024-04-18T13:44:27.704+0000][gc,phases   ] GC(16)   Post Evacuate Collection Set: 0.5ms
[2024-04-18T13:44:27.704+0000][gc,phases   ] GC(16)   Other: 0.1ms
[2024-04-18T13:44:27.704+0000][gc,heap     ] GC(16) Eden regions: 610->0(610)
[2024-04-18T13:44:27.704+0000][gc,heap     ] GC(16) Survivor regions: 4->4(77)
[2024-04-18T13:44:27.704+0000][gc,heap     ] GC(16) Old regions: 20->20
[2024-04-18T13:44:27.704+0000][gc,heap     ] GC(16) Archive regions: 2->2
[2024-04-18T13:44:27.704+0000][gc,heap     ] GC(16) Humongous regions: 129->129
[2024-04-18T13:44:27.704+0000][gc,metaspace] GC(16) Metaspace: 41896K(42432K)->41896K(42432K) NonClass: 37018K(37312K)->37018K(37312K) Class: 4878K(5120K)->4878K(5120K)
[2024-04-18T13:44:27.704+0000][gc          ] GC(16) Pause Young (Normal) (G1 Evacuation Pause) 763M->153M(1024M) 3.120ms
[2024-04-18T13:44:27.704+0000][gc,cpu      ] GC(16) User=0.01s Sys=0.01s Real=0.01s
[2024-04-18T13:44:33.530+0000][gc,start    ] GC(17) Pause Young (Normal) (G1 Evacuation Pause)
[2024-04-18T13:44:33.530+0000][gc,task     ] GC(17) Using 8 workers of 8 for evacuation
[2024-04-18T13:44:33.533+0000][gc,phases   ] GC(17)   Pre Evacuate Collection Set: 0.1ms
[2024-04-18T13:44:33.533+0000][gc,phases   ] GC(17)   Merge Heap Roots: 0.1ms
[2024-04-18T13:44:33.533+0000][gc,phases   ] GC(17)   Evacuate Collection Set: 1.9ms
[2024-04-18T13:44:33.533+0000][gc,phases   ] GC(17)   Post Evacuate Collection Set: 0.5ms
[2024-04-18T13:44:33.533+0000][gc,phases   ] GC(17)   Other: 0.1ms
[2024-04-18T13:44:33.533+0000][gc,heap     ] GC(17) Eden regions: 610->0(610)
[2024-04-18T13:44:33.533+0000][gc,heap     ] GC(17) Survivor regions: 4->4(77)
[2024-04-18T13:44:33.533+0000][gc,heap     ] GC(17) Old regions: 20->20
[2024-04-18T13:44:33.533+0000][gc,heap     ] GC(17) Archive regions: 2->2
[2024-04-18T13:44:33.533+0000][gc,heap     ] GC(17) Humongous regions: 129->129
[2024-04-18T13:44:33.533+0000][gc,metaspace] GC(17) Metaspace: 41898K(42432K)->41898K(42432K) NonClass: 37020K(37312K)->37020K(37312K) Class: 4878K(5120K)->4878K(5120K)
[2024-04-18T13:44:33.533+0000][gc          ] GC(17) Pause Young (Normal) (G1 Evacuation Pause) 763M->153M(1024M) 2.763ms
[2024-04-18T13:44:33.533+0000][gc,cpu      ] GC(17) User=0.02s Sys=0.00s Real=0.01s
[2024-04-18T13:44:37.952+0000][gc,start    ] GC(18) Pause Young (Normal) (G1 Evacuation Pause)
[2024-04-18T13:44:37.952+0000][gc,task     ] GC(18) Using 8 workers of 8 for evacuation
[2024-04-18T13:44:37.955+0000][gc,phases   ] GC(18)   Pre Evacuate Collection Set: 0.1ms
[2024-04-18T13:44:37.955+0000][gc,phases   ] GC(18)   Merge Heap Roots: 0.1ms
[2024-04-18T13:44:37.955+0000][gc,phases   ] GC(18)   Evacuate Collection Set: 2.0ms
[2024-04-18T13:44:37.955+0000][gc,phases   ] GC(18)   Post Evacuate Collection Set: 0.5ms
[2024-04-18T13:44:37.955+0000][gc,phases   ] GC(18)   Other: 0.1ms
[2024-04-18T13:44:37.955+0000][gc,heap     ] GC(18) Eden regions: 610->0(610)
[2024-04-18T13:44:37.955+0000][gc,heap     ] GC(18) Survivor regions: 4->4(77)
[2024-04-18T13:44:37.955+0000][gc,heap     ] GC(18) Old regions: 20->20
[2024-04-18T13:44:37.955+0000][gc,heap     ] GC(18) Archive regions: 2->2
[2024-04-18T13:44:37.955+0000][gc,heap     ] GC(18) Humongous regions: 129->129
[2024-04-18T13:44:37.955+0000][gc,metaspace] GC(18) Metaspace: 41909K(42432K)->41909K(42432K) NonClass: 37031K(37312K)->37031K(37312K) Class: 4878K(5120K)->4878K(5120K)
[2024-04-18T13:44:37.955+0000][gc          ] GC(18) Pause Young (Normal) (G1 Evacuation Pause) 763M->153M(1024M) 2.821ms
[2024-04-18T13:44:37.955+0000][gc,cpu      ] GC(18) User=0.01s Sys=0.00s Real=0.00s
[2024-04-18T13:44:42.211+0000][gc,start    ] GC(19) Pause Young (Normal) (G1 Evacuation Pause)
[2024-04-18T13:44:42.212+0000][gc,task     ] GC(19) Using 8 workers of 8 for evacuation
[2024-04-18T13:44:42.214+0000][gc,phases   ] GC(19)   Pre Evacuate Collection Set: 0.1ms
[2024-04-18T13:44:42.214+0000][gc,phases   ] GC(19)   Merge Heap Roots: 0.1ms
[2024-04-18T13:44:42.214+0000][gc,phases   ] GC(19)   Evacuate Collection Set: 1.9ms
[2024-04-18T13:44:42.214+0000][gc,phases   ] GC(19)   Post Evacuate Collection Set: 0.5ms
[2024-04-18T13:44:42.214+0000][gc,phases   ] GC(19)   Other: 0.1ms
[2024-04-18T13:44:42.214+0000][gc,heap     ] GC(19) Eden regions: 610->0(610)
[2024-04-18T13:44:42.214+0000][gc,heap     ] GC(19) Survivor regions: 4->4(77)
[2024-04-18T13:44:42.214+0000][gc,heap     ] GC(19) Old regions: 20->20
[2024-04-18T13:44:42.214+0000][gc,heap     ] GC(19) Archive regions: 2->2
[2024-04-18T13:44:42.214+0000][gc,heap     ] GC(19) Humongous regions: 129->129
[2024-04-18T13:44:42.214+0000][gc,metaspace] GC(19) Metaspace: 41909K(42432K)->41909K(42432K) NonClass: 37031K(37312K)->37031K(37312K) Class: 4878K(5120K)->4878K(5120K)
[2024-04-18T13:44:42.214+0000][gc          ] GC(19) Pause Young (Normal) (G1 Evacuation Pause) 763M->153M(1024M) 2.673ms
[2024-04-18T13:44:42.214+0000][gc,cpu      ] GC(19) User=0.01s Sys=0.00s Real=0.01s
[2024-04-18T13:44:46.527+0000][gc,start    ] GC(20) Pause Young (Normal) (G1 Evacuation Pause)
[2024-04-18T13:44:46.527+0000][gc,task     ] GC(20) Using 8 workers of 8 for evacuation
[2024-04-18T13:44:46.529+0000][gc,phases   ] GC(20)   Pre Evacuate Collection Set: 0.1ms
[2024-04-18T13:44:46.529+0000][gc,phases   ] GC(20)   Merge Heap Roots: 0.1ms
[2024-04-18T13:44:46.529+0000][gc,phases   ] GC(20)   Evacuate Collection Set: 1.9ms
[2024-04-18T13:44:46.529+0000][gc,phases   ] GC(20)   Post Evacuate Collection Set: 0.5ms
[2024-04-18T13:44:46.529+0000][gc,phases   ] GC(20)   Other: 0.1ms
[2024-04-18T13:44:46.529+0000][gc,heap     ] GC(20) Eden regions: 610->0(610)
[2024-04-18T13:44:46.529+0000][gc,heap     ] GC(20) Survivor regions: 4->4(77)
[2024-04-18T13:44:46.529+0000][gc,heap     ] GC(20) Old regions: 20->20
[2024-04-18T13:44:46.529+0000][gc,heap     ] GC(20) Archive regions: 2->2
[2024-04-18T13:44:46.529+0000][gc,heap     ] GC(20) Humongous regions: 129->129
[2024-04-18T13:44:46.529+0000][gc,metaspace] GC(20) Metaspace: 41915K(42432K)->41915K(42432K) NonClass: 37037K(37312K)->37037K(37312K) Class: 4878K(5120K)->4878K(5120K)
[2024-04-18T13:44:46.529+0000][gc          ] GC(20) Pause Young (Normal) (G1 Evacuation Pause) 763M->153M(1024M) 2.709ms
[2024-04-18T13:44:46.529+0000][gc,cpu      ] GC(20) User=0.02s Sys=0.00s Real=0.00s
[2024-04-18T13:44:50.888+0000][gc,start    ] GC(21) Pause Young (Normal) (G1 Evacuation Pause)
[2024-04-18T13:44:50.888+0000][gc,task     ] GC(21) Using 8 workers of 8 for evacuation
[2024-04-18T13:44:50.890+0000][gc,phases   ] GC(21)   Pre Evacuate Collection Set: 0.1ms
[2024-04-18T13:44:50.890+0000][gc,phases   ] GC(21)   Merge Heap Roots: 0.1ms
[2024-04-18T13:44:50.890+0000][gc,phases   ] GC(21)   Evacuate Collection Set: 1.8ms
[2024-04-18T13:44:50.890+0000][gc,phases   ] GC(21)   Post Evacuate Collection Set: 0.4ms
[2024-04-18T13:44:50.890+0000][gc,phases   ] GC(21)   Other: 0.1ms
[2024-04-18T13:44:50.890+0000][gc,heap     ] GC(21) Eden regions: 610->0(612)
[2024-04-18T13:44:50.890+0000][gc,heap     ] GC(21) Survivor regions: 4->2(77)
[2024-04-18T13:44:50.890+0000][gc,heap     ] GC(21) Old regions: 20->23
[2024-04-18T13:44:50.890+0000][gc,heap     ] GC(21) Archive regions: 2->2
[2024-04-18T13:44:50.890+0000][gc,heap     ] GC(21) Humongous regions: 129->129
[2024-04-18T13:44:50.890+0000][gc,metaspace] GC(21) Metaspace: 41916K(42432K)->41916K(42432K) NonClass: 37038K(37312K)->37038K(37312K) Class: 4878K(5120K)->4878K(5120K)
[2024-04-18T13:44:50.890+0000][gc          ] GC(21) Pause Young (Normal) (G1 Evacuation Pause) 763M->153M(1024M) 2.572ms
[2024-04-18T13:44:50.890+0000][gc,cpu      ] GC(21) User=0.02s Sys=0.01s Real=0.00s
[2024-04-18T13:44:55.245+0000][gc,start    ] GC(22) Pause Young (Normal) (G1 Evacuation Pause)
[2024-04-18T13:44:55.245+0000][gc,task     ] GC(22) Using 8 workers of 8 for evacuation
[2024-04-18T13:44:55.246+0000][gc,phases   ] GC(22)   Pre Evacuate Collection Set: 0.1ms
[2024-04-18T13:44:55.246+0000][gc,phases   ] GC(22)   Merge Heap Roots: 0.1ms
[2024-04-18T13:44:55.246+0000][gc,phases   ] GC(22)   Evacuate Collection Set: 0.8ms
[2024-04-18T13:44:55.246+0000][gc,phases   ] GC(22)   Post Evacuate Collection Set: 0.4ms
[2024-04-18T13:44:55.246+0000][gc,phases   ] GC(22)   Other: 0.1ms
[2024-04-18T13:44:55.246+0000][gc,heap     ] GC(22) Eden regions: 612->0(612)
[2024-04-18T13:44:55.246+0000][gc,heap     ] GC(22) Survivor regions: 2->2(77)
[2024-04-18T13:44:55.246+0000][gc,heap     ] GC(22) Old regions: 23->23
[2024-04-18T13:44:55.246+0000][gc,heap     ] GC(22) Archive regions: 2->2
[2024-04-18T13:44:55.246+0000][gc,heap     ] GC(22) Humongous regions: 129->129
[2024-04-18T13:44:55.246+0000][gc,metaspace] GC(22) Metaspace: 41943K(42496K)->41943K(42496K) NonClass: 37065K(37376K)->37065K(37376K) Class: 4878K(5120K)->4878K(5120K)
[2024-04-18T13:44:55.246+0000][gc          ] GC(22) Pause Young (Normal) (G1 Evacuation Pause) 765M->153M(1024M) 1.520ms
[2024-04-18T13:44:55.247+0000][gc,cpu      ] GC(22) User=0.01s Sys=0.01s Real=0.00s
[2024-04-18T13:49:40.485+0000][gc,heap,exit] Heap
[2024-04-18T13:49:40.485+0000][gc,heap,exit]  garbage-first heap   total 1048576K, used 551896K [0x00000000c0000000, 0x0000000100000000)
[2024-04-18T13:49:40.485+0000][gc,heap,exit]   region size 1024K, 388 young (397312K), 2 survivors (2048K)
[2024-04-18T13:49:40.485+0000][gc,heap,exit]  Metaspace       used 43065K, committed 43648K, reserved 1114112K
[2024-04-18T13:49:40.485+0000][gc,heap,exit]   class space    used 5095K, committed 5312K, reserved 1048576K
