[2024-04-24T11:25:14.894+0000][gc] Using G1
[2024-04-24T11:25:14.902+0000][gc,init] Version: 17.0.10+7-Ubuntu-120.04.1 (release)
[2024-04-24T11:25:14.902+0000][gc,init] CPUs: 8 total, 8 available
[2024-04-24T11:25:14.902+0000][gc,init] Memory: 32059M
[2024-04-24T11:25:14.902+0000][gc,init] Large Page Support: Disabled
[2024-04-24T11:25:14.902+0000][gc,init] NUMA Support: Disabled
[2024-04-24T11:25:14.902+0000][gc,init] Compressed Oops: Enabled (32-bit)
[2024-04-24T11:25:14.902+0000][gc,init] Heap Region Size: 1M
[2024-04-24T11:25:14.902+0000][gc,init] Heap Min Capacity: 1G
[2024-04-24T11:25:14.902+0000][gc,init] Heap Initial Capacity: 1G
[2024-04-24T11:25:14.902+0000][gc,init] Heap Max Capacity: 1G
[2024-04-24T11:25:14.902+0000][gc,init] Pre-touch: Disabled
[2024-04-24T11:25:14.902+0000][gc,init] Parallel Workers: 8
[2024-04-24T11:25:14.902+0000][gc,init] Concurrent Workers: 2
[2024-04-24T11:25:14.902+0000][gc,init] Concurrent Refinement Workers: 8
[2024-04-24T11:25:14.902+0000][gc,init] Periodic GC: Disabled
[2024-04-24T11:25:14.910+0000][gc,metaspace] CDS archive(s) mapped at: [0x00007fb78f000000-0x00007fb78fbc7000-0x00007fb78fbc7000), size 12349440, SharedBaseAddress: 0x00007fb78f000000, ArchiveRelocationMode: 1.
[2024-04-24T11:25:14.910+0000][gc,metaspace] Compressed class space mapped at: 0x00007fb790000000-0x00007fb7d0000000, reserved size: 1073741824
[2024-04-24T11:25:14.910+0000][gc,metaspace] Narrow klass base: 0x00007fb78f000000, Narrow klass shift: 0, Narrow klass range: 0x100000000
[2024-04-24T11:25:15.775+0000][gc,start    ] GC(0) Pause Young (Normal) (G1 Evacuation Pause)
[2024-04-24T11:25:15.775+0000][gc,task     ] GC(0) Using 8 workers of 8 for evacuation
[2024-04-24T11:25:15.779+0000][gc,phases   ] GC(0)   Pre Evacuate Collection Set: 0.1ms
[2024-04-24T11:25:15.779+0000][gc,phases   ] GC(0)   Merge Heap Roots: 0.0ms
[2024-04-24T11:25:15.779+0000][gc,phases   ] GC(0)   Evacuate Collection Set: 3.1ms
[2024-04-24T11:25:15.779+0000][gc,phases   ] GC(0)   Post Evacuate Collection Set: 0.4ms
[2024-04-24T11:25:15.779+0000][gc,phases   ] GC(0)   Other: 0.7ms
[2024-04-24T11:25:15.779+0000][gc,heap     ] GC(0) Eden regions: 51->0(44)
[2024-04-24T11:25:15.779+0000][gc,heap     ] GC(0) Survivor regions: 0->7(7)
[2024-04-24T11:25:15.779+0000][gc,heap     ] GC(0) Old regions: 0->6
[2024-04-24T11:25:15.779+0000][gc,heap     ] GC(0) Archive regions: 2->2
[2024-04-24T11:25:15.779+0000][gc,heap     ] GC(0) Humongous regions: 0->0
[2024-04-24T11:25:15.779+0000][gc,metaspace] GC(0) Metaspace: 15652K(15872K)->15652K(15872K) NonClass: 13757K(13824K)->13757K(13824K) Class: 1895K(2048K)->1895K(2048K)
[2024-04-24T11:25:15.779+0000][gc          ] GC(0) Pause Young (Normal) (G1 Evacuation Pause) 51M->13M(1024M) 4.381ms
[2024-04-24T11:25:15.779+0000][gc,cpu      ] GC(0) User=0.02s Sys=0.00s Real=0.00s
[2024-04-24T11:25:15.973+0000][gc,start    ] GC(1) Pause Young (Concurrent Start) (Metadata GC Threshold)
[2024-04-24T11:25:15.973+0000][gc,task     ] GC(1) Using 8 workers of 8 for evacuation
[2024-04-24T11:25:15.976+0000][gc,phases   ] GC(1)   Pre Evacuate Collection Set: 0.1ms
[2024-04-24T11:25:15.976+0000][gc,phases   ] GC(1)   Merge Heap Roots: 0.1ms
[2024-04-24T11:25:15.976+0000][gc,phases   ] GC(1)   Evacuate Collection Set: 2.7ms
[2024-04-24T11:25:15.976+0000][gc,phases   ] GC(1)   Post Evacuate Collection Set: 0.3ms
[2024-04-24T11:25:15.976+0000][gc,phases   ] GC(1)   Other: 0.2ms
[2024-04-24T11:25:15.976+0000][gc,heap     ] GC(1) Eden regions: 21->0(49)
[2024-04-24T11:25:15.976+0000][gc,heap     ] GC(1) Survivor regions: 7->2(7)
[2024-04-24T11:25:15.976+0000][gc,heap     ] GC(1) Old regions: 6->13
[2024-04-24T11:25:15.976+0000][gc,heap     ] GC(1) Archive regions: 2->2
[2024-04-24T11:25:15.976+0000][gc,heap     ] GC(1) Humongous regions: 0->0
[2024-04-24T11:25:15.976+0000][gc,metaspace] GC(1) Metaspace: 21263K(21504K)->21263K(21504K) NonClass: 18698K(18816K)->18698K(18816K) Class: 2564K(2688K)->2564K(2688K)
[2024-04-24T11:25:15.976+0000][gc          ] GC(1) Pause Young (Concurrent Start) (Metadata GC Threshold) 33M->14M(1024M) 3.535ms
[2024-04-24T11:25:15.976+0000][gc,cpu      ] GC(1) User=0.02s Sys=0.00s Real=0.00s
[2024-04-24T11:25:15.976+0000][gc          ] GC(2) Concurrent Mark Cycle
[2024-04-24T11:25:15.976+0000][gc,marking  ] GC(2) Concurrent Clear Claimed Marks
[2024-04-24T11:25:15.977+0000][gc,marking  ] GC(2) Concurrent Clear Claimed Marks 0.016ms
[2024-04-24T11:25:15.977+0000][gc,marking  ] GC(2) Concurrent Scan Root Regions
[2024-04-24T11:25:15.978+0000][gc,marking  ] GC(2) Concurrent Scan Root Regions 1.576ms
[2024-04-24T11:25:15.978+0000][gc,marking  ] GC(2) Concurrent Mark
[2024-04-24T11:25:15.978+0000][gc,marking  ] GC(2) Concurrent Mark From Roots
[2024-04-24T11:25:15.978+0000][gc,task     ] GC(2) Using 2 workers of 2 for marking
[2024-04-24T11:25:15.980+0000][gc,marking  ] GC(2) Concurrent Mark From Roots 2.197ms
[2024-04-24T11:25:15.980+0000][gc,marking  ] GC(2) Concurrent Preclean
[2024-04-24T11:25:15.980+0000][gc,marking  ] GC(2) Concurrent Preclean 0.103ms
[2024-04-24T11:25:15.981+0000][gc,start    ] GC(2) Pause Remark
[2024-04-24T11:25:15.982+0000][gc          ] GC(2) Pause Remark 15M->15M(1024M) 1.170ms
[2024-04-24T11:25:15.982+0000][gc,cpu      ] GC(2) User=0.00s Sys=0.00s Real=0.00s
[2024-04-24T11:25:15.982+0000][gc,marking  ] GC(2) Concurrent Mark 3.672ms
[2024-04-24T11:25:15.982+0000][gc,marking  ] GC(2) Concurrent Rebuild Remembered Sets
[2024-04-24T11:25:15.984+0000][gc,marking  ] GC(2) Concurrent Rebuild Remembered Sets 2.316ms
[2024-04-24T11:25:15.984+0000][gc,start    ] GC(2) Pause Cleanup
[2024-04-24T11:25:15.984+0000][gc          ] GC(2) Pause Cleanup 15M->15M(1024M) 0.141ms
[2024-04-24T11:25:15.984+0000][gc,cpu      ] GC(2) User=0.00s Sys=0.00s Real=0.00s
[2024-04-24T11:25:15.984+0000][gc,marking  ] GC(2) Concurrent Cleanup for Next Mark
[2024-04-24T11:25:15.988+0000][gc,marking  ] GC(2) Concurrent Cleanup for Next Mark 3.335ms
[2024-04-24T11:25:15.988+0000][gc          ] GC(2) Concurrent Mark Cycle 11.403ms
[2024-04-24T11:25:16.484+0000][gc,start    ] GC(3) Pause Young (Normal) (G1 Evacuation Pause)
[2024-04-24T11:25:16.484+0000][gc,task     ] GC(3) Using 8 workers of 8 for evacuation
[2024-04-24T11:25:16.488+0000][gc,phases   ] GC(3)   Pre Evacuate Collection Set: 0.1ms
[2024-04-24T11:25:16.489+0000][gc,phases   ] GC(3)   Merge Heap Roots: 0.0ms
[2024-04-24T11:25:16.489+0000][gc,phases   ] GC(3)   Evacuate Collection Set: 3.8ms
[2024-04-24T11:25:16.489+0000][gc,phases   ] GC(3)   Post Evacuate Collection Set: 0.4ms
[2024-04-24T11:25:16.489+0000][gc,phases   ] GC(3)   Other: 0.1ms
[2024-04-24T11:25:16.489+0000][gc,heap     ] GC(3) Eden regions: 49->0(45)
[2024-04-24T11:25:16.489+0000][gc,heap     ] GC(3) Survivor regions: 2->6(7)
[2024-04-24T11:25:16.489+0000][gc,heap     ] GC(3) Old regions: 13->13
[2024-04-24T11:25:16.489+0000][gc,heap     ] GC(3) Archive regions: 2->2
[2024-04-24T11:25:16.489+0000][gc,heap     ] GC(3) Humongous regions: 129->129
[2024-04-24T11:25:16.489+0000][gc,metaspace] GC(3) Metaspace: 29822K(30080K)->29822K(30080K) NonClass: 26430K(26560K)->26430K(26560K) Class: 3392K(3520K)->3392K(3520K)
[2024-04-24T11:25:16.489+0000][gc          ] GC(3) Pause Young (Normal) (G1 Evacuation Pause) 192M->147M(1024M) 4.560ms
[2024-04-24T11:25:16.489+0000][gc,cpu      ] GC(3) User=0.02s Sys=0.00s Real=0.00s
[2024-04-24T11:25:16.718+0000][gc,start    ] GC(4) Pause Young (Concurrent Start) (Metadata GC Threshold)
[2024-04-24T11:25:16.718+0000][gc,task     ] GC(4) Using 8 workers of 8 for evacuation
[2024-04-24T11:25:16.722+0000][gc,phases   ] GC(4)   Pre Evacuate Collection Set: 0.1ms
[2024-04-24T11:25:16.722+0000][gc,phases   ] GC(4)   Merge Heap Roots: 0.0ms
[2024-04-24T11:25:16.722+0000][gc,phases   ] GC(4)   Evacuate Collection Set: 3.4ms
[2024-04-24T11:25:16.722+0000][gc,phases   ] GC(4)   Post Evacuate Collection Set: 0.3ms
[2024-04-24T11:25:16.722+0000][gc,phases   ] GC(4)   Other: 0.1ms
[2024-04-24T11:25:16.722+0000][gc,heap     ] GC(4) Eden regions: 27->0(48)
[2024-04-24T11:25:16.722+0000][gc,heap     ] GC(4) Survivor regions: 6->3(7)
[2024-04-24T11:25:16.722+0000][gc,heap     ] GC(4) Old regions: 13->18
[2024-04-24T11:25:16.722+0000][gc,heap     ] GC(4) Archive regions: 2->2
[2024-04-24T11:25:16.722+0000][gc,heap     ] GC(4) Humongous regions: 129->129
[2024-04-24T11:25:16.722+0000][gc,metaspace] GC(4) Metaspace: 35842K(36096K)->35842K(36096K) NonClass: 31835K(31936K)->31835K(31936K) Class: 4006K(4160K)->4006K(4160K)
[2024-04-24T11:25:16.722+0000][gc          ] GC(4) Pause Young (Concurrent Start) (Metadata GC Threshold) 174M->150M(1024M) 4.129ms
[2024-04-24T11:25:16.722+0000][gc,cpu      ] GC(4) User=0.03s Sys=0.00s Real=0.00s
[2024-04-24T11:25:16.722+0000][gc          ] GC(5) Concurrent Mark Cycle
[2024-04-24T11:25:16.722+0000][gc,marking  ] GC(5) Concurrent Clear Claimed Marks
[2024-04-24T11:25:16.722+0000][gc,marking  ] GC(5) Concurrent Clear Claimed Marks 0.021ms
[2024-04-24T11:25:16.722+0000][gc,marking  ] GC(5) Concurrent Scan Root Regions
[2024-04-24T11:25:16.725+0000][gc,marking  ] GC(5) Concurrent Scan Root Regions 2.696ms
[2024-04-24T11:25:16.725+0000][gc,marking  ] GC(5) Concurrent Mark
[2024-04-24T11:25:16.725+0000][gc,marking  ] GC(5) Concurrent Mark From Roots
[2024-04-24T11:25:16.725+0000][gc,task     ] GC(5) Using 2 workers of 2 for marking
[2024-04-24T11:25:16.731+0000][gc,marking  ] GC(5) Concurrent Mark From Roots 5.802ms
[2024-04-24T11:25:16.731+0000][gc,marking  ] GC(5) Concurrent Preclean
[2024-04-24T11:25:16.731+0000][gc,marking  ] GC(5) Concurrent Preclean 0.202ms
[2024-04-24T11:25:16.731+0000][gc,start    ] GC(5) Pause Remark
[2024-04-24T11:25:16.733+0000][gc          ] GC(5) Pause Remark 151M->151M(1024M) 1.468ms
[2024-04-24T11:25:16.733+0000][gc,cpu      ] GC(5) User=0.01s Sys=0.00s Real=0.01s
[2024-04-24T11:25:16.733+0000][gc,marking  ] GC(5) Concurrent Mark 7.796ms
[2024-04-24T11:25:16.733+0000][gc,marking  ] GC(5) Concurrent Rebuild Remembered Sets
[2024-04-24T11:25:16.737+0000][gc,marking  ] GC(5) Concurrent Rebuild Remembered Sets 4.627ms
[2024-04-24T11:25:16.738+0000][gc,start    ] GC(5) Pause Cleanup
[2024-04-24T11:25:16.738+0000][gc          ] GC(5) Pause Cleanup 151M->151M(1024M) 0.134ms
[2024-04-24T11:25:16.738+0000][gc,cpu      ] GC(5) User=0.00s Sys=0.00s Real=0.00s
[2024-04-24T11:25:16.738+0000][gc,marking  ] GC(5) Concurrent Cleanup for Next Mark
[2024-04-24T11:25:16.744+0000][gc,marking  ] GC(5) Concurrent Cleanup for Next Mark 5.965ms
[2024-04-24T11:25:16.744+0000][gc          ] GC(5) Concurrent Mark Cycle 21.733ms
[2024-04-24T11:26:17.028+0000][gc,start    ] GC(6) Pause Young (Prepare Mixed) (G1 Evacuation Pause)
[2024-04-24T11:26:17.028+0000][gc,task     ] GC(6) Using 8 workers of 8 for evacuation
[2024-04-24T11:26:17.036+0000][gc,phases   ] GC(6)   Pre Evacuate Collection Set: 0.3ms
[2024-04-24T11:26:17.036+0000][gc,phases   ] GC(6)   Merge Heap Roots: 0.2ms
[2024-04-24T11:26:17.036+0000][gc,phases   ] GC(6)   Evacuate Collection Set: 7.0ms
[2024-04-24T11:26:17.036+0000][gc,phases   ] GC(6)   Post Evacuate Collection Set: 0.5ms
[2024-04-24T11:26:17.036+0000][gc,phases   ] GC(6)   Other: 0.2ms
[2024-04-24T11:26:17.036+0000][gc,heap     ] GC(6) Eden regions: 48->0(46)
[2024-04-24T11:26:17.036+0000][gc,heap     ] GC(6) Survivor regions: 3->5(7)
[2024-04-24T11:26:17.036+0000][gc,heap     ] GC(6) Old regions: 18->18
[2024-04-24T11:26:17.036+0000][gc,heap     ] GC(6) Archive regions: 2->2
[2024-04-24T11:26:17.036+0000][gc,heap     ] GC(6) Humongous regions: 159->129
[2024-04-24T11:26:17.036+0000][gc,metaspace] GC(6) Metaspace: 41675K(42240K)->41675K(42240K) NonClass: 36788K(37120K)->36788K(37120K) Class: 4886K(5120K)->4886K(5120K)
[2024-04-24T11:26:17.037+0000][gc          ] GC(6) Pause Young (Prepare Mixed) (G1 Evacuation Pause) 228M->152M(1024M) 8.277ms
[2024-04-24T11:26:17.037+0000][gc,cpu      ] GC(6) User=0.05s Sys=0.01s Real=0.01s
[2024-04-24T11:40:40.477+0000][gc,start    ] GC(7) Pause Young (Mixed) (G1 Evacuation Pause)
[2024-04-24T11:40:40.477+0000][gc,task     ] GC(7) Using 8 workers of 8 for evacuation
[2024-04-24T11:40:40.481+0000][gc,phases   ] GC(7)   Pre Evacuate Collection Set: 0.1ms
[2024-04-24T11:40:40.481+0000][gc,phases   ] GC(7)   Merge Heap Roots: 0.0ms
[2024-04-24T11:40:40.481+0000][gc,phases   ] GC(7)   Evacuate Collection Set: 3.3ms
[2024-04-24T11:40:40.481+0000][gc,phases   ] GC(7)   Post Evacuate Collection Set: 0.4ms
[2024-04-24T11:40:40.481+0000][gc,phases   ] GC(7)   Other: 0.1ms
[2024-04-24T11:40:40.481+0000][gc,heap     ] GC(7) Eden regions: 46->0(47)
[2024-04-24T11:40:40.481+0000][gc,heap     ] GC(7) Survivor regions: 5->4(7)
[2024-04-24T11:40:40.481+0000][gc,heap     ] GC(7) Old regions: 18->20
[2024-04-24T11:40:40.481+0000][gc,heap     ] GC(7) Archive regions: 2->2
[2024-04-24T11:40:40.481+0000][gc,heap     ] GC(7) Humongous regions: 129->129
[2024-04-24T11:40:40.481+0000][gc,metaspace] GC(7) Metaspace: 42670K(43264K)->42670K(43264K) NonClass: 37688K(38016K)->37688K(38016K) Class: 4982K(5248K)->4982K(5248K)
[2024-04-24T11:40:40.481+0000][gc          ] GC(7) Pause Young (Mixed) (G1 Evacuation Pause) 198M->153M(1024M) 4.006ms
[2024-04-24T11:40:40.481+0000][gc,cpu      ] GC(7) User=0.02s Sys=0.00s Real=0.00s
[2024-04-24T11:40:41.112+0000][gc,start    ] GC(8) Pause Young (Normal) (G1 Evacuation Pause)
[2024-04-24T11:40:41.112+0000][gc,task     ] GC(8) Using 8 workers of 8 for evacuation
[2024-04-24T11:40:41.115+0000][gc,phases   ] GC(8)   Pre Evacuate Collection Set: 0.2ms
[2024-04-24T11:40:41.115+0000][gc,phases   ] GC(8)   Merge Heap Roots: 0.0ms
[2024-04-24T11:40:41.115+0000][gc,phases   ] GC(8)   Evacuate Collection Set: 2.8ms
[2024-04-24T11:40:41.115+0000][gc,phases   ] GC(8)   Post Evacuate Collection Set: 0.3ms
[2024-04-24T11:40:41.115+0000][gc,phases   ] GC(8)   Other: 0.1ms
[2024-04-24T11:40:41.115+0000][gc,heap     ] GC(8) Eden regions: 47->0(50)
[2024-04-24T11:40:41.115+0000][gc,heap     ] GC(8) Survivor regions: 4->2(7)
[2024-04-24T11:40:41.115+0000][gc,heap     ] GC(8) Old regions: 20->23
[2024-04-24T11:40:41.115+0000][gc,heap     ] GC(8) Archive regions: 2->2
[2024-04-24T11:40:41.115+0000][gc,heap     ] GC(8) Humongous regions: 129->129
[2024-04-24T11:40:41.115+0000][gc,metaspace] GC(8) Metaspace: 42711K(43328K)->42711K(43328K) NonClass: 37729K(38080K)->37729K(38080K) Class: 4982K(5248K)->4982K(5248K)
[2024-04-24T11:40:41.115+0000][gc          ] GC(8) Pause Young (Normal) (G1 Evacuation Pause) 200M->153M(1024M) 3.387ms
[2024-04-24T11:40:41.115+0000][gc,cpu      ] GC(8) User=0.02s Sys=0.00s Real=0.01s
[2024-04-24T11:40:41.627+0000][gc,start    ] GC(9) Pause Young (Normal) (G1 Evacuation Pause)
[2024-04-24T11:40:41.627+0000][gc,task     ] GC(9) Using 8 workers of 8 for evacuation
[2024-04-24T11:40:41.630+0000][gc,phases   ] GC(9)   Pre Evacuate Collection Set: 0.1ms
[2024-04-24T11:40:41.630+0000][gc,phases   ] GC(9)   Merge Heap Roots: 0.1ms
[2024-04-24T11:40:41.630+0000][gc,phases   ] GC(9)   Evacuate Collection Set: 2.4ms
[2024-04-24T11:40:41.630+0000][gc,phases   ] GC(9)   Post Evacuate Collection Set: 0.3ms
[2024-04-24T11:40:41.630+0000][gc,phases   ] GC(9)   Other: 0.1ms
[2024-04-24T11:40:41.630+0000][gc,heap     ] GC(9) Eden regions: 50->0(76)
[2024-04-24T11:40:41.630+0000][gc,heap     ] GC(9) Survivor regions: 2->2(7)
[2024-04-24T11:40:41.630+0000][gc,heap     ] GC(9) Old regions: 23->23
[2024-04-24T11:40:41.630+0000][gc,heap     ] GC(9) Archive regions: 2->2
[2024-04-24T11:40:41.630+0000][gc,heap     ] GC(9) Humongous regions: 129->129
[2024-04-24T11:40:41.630+0000][gc,metaspace] GC(9) Metaspace: 42712K(43328K)->42712K(43328K) NonClass: 37729K(38080K)->37729K(38080K) Class: 4982K(5248K)->4982K(5248K)
[2024-04-24T11:40:41.630+0000][gc          ] GC(9) Pause Young (Normal) (G1 Evacuation Pause) 203M->153M(1024M) 3.070ms
[2024-04-24T11:40:41.630+0000][gc,cpu      ] GC(9) User=0.03s Sys=0.00s Real=0.00s
[2024-04-24T11:40:42.311+0000][gc,start    ] GC(10) Pause Young (Normal) (G1 Evacuation Pause)
[2024-04-24T11:40:42.311+0000][gc,task     ] GC(10) Using 8 workers of 8 for evacuation
[2024-04-24T11:40:42.313+0000][gc,phases   ] GC(10)   Pre Evacuate Collection Set: 0.1ms
[2024-04-24T11:40:42.313+0000][gc,phases   ] GC(10)   Merge Heap Roots: 0.0ms
[2024-04-24T11:40:42.313+0000][gc,phases   ] GC(10)   Evacuate Collection Set: 2.0ms
[2024-04-24T11:40:42.313+0000][gc,phases   ] GC(10)   Post Evacuate Collection Set: 0.2ms
[2024-04-24T11:40:42.313+0000][gc,phases   ] GC(10)   Other: 0.1ms
[2024-04-24T11:40:42.313+0000][gc,heap     ] GC(10) Eden regions: 76->0(151)
[2024-04-24T11:40:42.313+0000][gc,heap     ] GC(10) Survivor regions: 2->3(10)
[2024-04-24T11:40:42.313+0000][gc,heap     ] GC(10) Old regions: 23->23
[2024-04-24T11:40:42.313+0000][gc,heap     ] GC(10) Archive regions: 2->2
[2024-04-24T11:40:42.313+0000][gc,heap     ] GC(10) Humongous regions: 129->129
[2024-04-24T11:40:42.313+0000][gc,metaspace] GC(10) Metaspace: 42712K(43328K)->42712K(43328K) NonClass: 37730K(38080K)->37730K(38080K) Class: 4982K(5248K)->4982K(5248K)
[2024-04-24T11:40:42.313+0000][gc          ] GC(10) Pause Young (Normal) (G1 Evacuation Pause) 229M->154M(1024M) 2.577ms
[2024-04-24T11:40:42.313+0000][gc,cpu      ] GC(10) User=0.01s Sys=0.00s Real=0.01s
[2024-04-24T11:40:43.613+0000][gc,start    ] GC(11) Pause Young (Normal) (G1 Evacuation Pause)
[2024-04-24T11:40:43.613+0000][gc,task     ] GC(11) Using 8 workers of 8 for evacuation
[2024-04-24T11:40:43.617+0000][gc,phases   ] GC(11)   Pre Evacuate Collection Set: 0.1ms
[2024-04-24T11:40:43.617+0000][gc,phases   ] GC(11)   Merge Heap Roots: 0.0ms
[2024-04-24T11:40:43.617+0000][gc,phases   ] GC(11)   Evacuate Collection Set: 3.3ms
[2024-04-24T11:40:43.617+0000][gc,phases   ] GC(11)   Post Evacuate Collection Set: 0.3ms
[2024-04-24T11:40:43.617+0000][gc,phases   ] GC(11)   Other: 0.1ms
[2024-04-24T11:40:43.617+0000][gc,heap     ] GC(11) Eden regions: 151->0(207)
[2024-04-24T11:40:43.617+0000][gc,heap     ] GC(11) Survivor regions: 3->4(20)
[2024-04-24T11:40:43.617+0000][gc,heap     ] GC(11) Old regions: 23->23
[2024-04-24T11:40:43.617+0000][gc,heap     ] GC(11) Archive regions: 2->2
[2024-04-24T11:40:43.617+0000][gc,heap     ] GC(11) Humongous regions: 129->129
[2024-04-24T11:40:43.617+0000][gc,metaspace] GC(11) Metaspace: 42713K(43328K)->42713K(43328K) NonClass: 37730K(38080K)->37730K(38080K) Class: 4982K(5248K)->4982K(5248K)
[2024-04-24T11:40:43.617+0000][gc          ] GC(11) Pause Young (Normal) (G1 Evacuation Pause) 305M->155M(1024M) 3.933ms
[2024-04-24T11:40:43.617+0000][gc,cpu      ] GC(11) User=0.02s Sys=0.00s Real=0.00s
[2024-04-24T11:40:44.846+0000][gc,start    ] GC(12) Pause Young (Normal) (G1 Evacuation Pause)
[2024-04-24T11:40:44.846+0000][gc,task     ] GC(12) Using 8 workers of 8 for evacuation
[2024-04-24T11:40:44.851+0000][gc,phases   ] GC(12)   Pre Evacuate Collection Set: 0.1ms
[2024-04-24T11:40:44.851+0000][gc,phases   ] GC(12)   Merge Heap Roots: 0.1ms
[2024-04-24T11:40:44.851+0000][gc,phases   ] GC(12)   Evacuate Collection Set: 3.9ms
[2024-04-24T11:40:44.851+0000][gc,phases   ] GC(12)   Post Evacuate Collection Set: 0.3ms
[2024-04-24T11:40:44.851+0000][gc,phases   ] GC(12)   Other: 0.1ms
[2024-04-24T11:40:44.851+0000][gc,heap     ] GC(12) Eden regions: 207->0(368)
[2024-04-24T11:40:44.851+0000][gc,heap     ] GC(12) Survivor regions: 4->5(27)
[2024-04-24T11:40:44.851+0000][gc,heap     ] GC(12) Old regions: 23->23
[2024-04-24T11:40:44.851+0000][gc,heap     ] GC(12) Archive regions: 2->2
[2024-04-24T11:40:44.851+0000][gc,heap     ] GC(12) Humongous regions: 129->129
[2024-04-24T11:40:44.851+0000][gc,metaspace] GC(12) Metaspace: 42724K(43328K)->42724K(43328K) NonClass: 37741K(38080K)->37741K(38080K) Class: 4982K(5248K)->4982K(5248K)
[2024-04-24T11:40:44.851+0000][gc          ] GC(12) Pause Young (Normal) (G1 Evacuation Pause) 362M->156M(1024M) 4.610ms
[2024-04-24T11:40:44.851+0000][gc,cpu      ] GC(12) User=0.02s Sys=0.00s Real=0.00s
[2024-04-24T11:40:46.992+0000][gc,start    ] GC(13) Pause Young (Normal) (G1 Evacuation Pause)
[2024-04-24T11:40:46.992+0000][gc,task     ] GC(13) Using 8 workers of 8 for evacuation
[2024-04-24T11:40:46.997+0000][gc,phases   ] GC(13)   Pre Evacuate Collection Set: 0.2ms
[2024-04-24T11:40:46.997+0000][gc,phases   ] GC(13)   Merge Heap Roots: 0.1ms
[2024-04-24T11:40:46.997+0000][gc,phases   ] GC(13)   Evacuate Collection Set: 4.5ms
[2024-04-24T11:40:46.997+0000][gc,phases   ] GC(13)   Post Evacuate Collection Set: 0.4ms
[2024-04-24T11:40:46.997+0000][gc,phases   ] GC(13)   Other: 0.1ms
[2024-04-24T11:40:46.997+0000][gc,heap     ] GC(13) Eden regions: 368->0(603)
[2024-04-24T11:40:46.997+0000][gc,heap     ] GC(13) Survivor regions: 5->6(47)
[2024-04-24T11:40:46.997+0000][gc,heap     ] GC(13) Old regions: 23->23
[2024-04-24T11:40:46.997+0000][gc,heap     ] GC(13) Archive regions: 2->2
[2024-04-24T11:40:46.997+0000][gc,heap     ] GC(13) Humongous regions: 129->129
[2024-04-24T11:40:46.997+0000][gc,metaspace] GC(13) Metaspace: 42726K(43328K)->42726K(43328K) NonClass: 37743K(38080K)->37743K(38080K) Class: 4982K(5248K)->4982K(5248K)
[2024-04-24T11:40:46.997+0000][gc          ] GC(13) Pause Young (Normal) (G1 Evacuation Pause) 524M->157M(1024M) 5.400ms
[2024-04-24T11:40:46.997+0000][gc,cpu      ] GC(13) User=0.03s Sys=0.00s Real=0.01s
[2024-04-24T11:40:50.430+0000][gc,start    ] GC(14) Pause Young (Normal) (G1 Evacuation Pause)
[2024-04-24T11:40:50.430+0000][gc,task     ] GC(14) Using 8 workers of 8 for evacuation
[2024-04-24T11:40:50.435+0000][gc,phases   ] GC(14)   Pre Evacuate Collection Set: 0.1ms
[2024-04-24T11:40:50.435+0000][gc,phases   ] GC(14)   Merge Heap Roots: 0.1ms
[2024-04-24T11:40:50.435+0000][gc,phases   ] GC(14)   Evacuate Collection Set: 3.6ms
[2024-04-24T11:40:50.435+0000][gc,phases   ] GC(14)   Post Evacuate Collection Set: 0.5ms
[2024-04-24T11:40:50.435+0000][gc,phases   ] GC(14)   Other: 0.2ms
[2024-04-24T11:40:50.435+0000][gc,heap     ] GC(14) Eden regions: 603->0(606)
[2024-04-24T11:40:50.435+0000][gc,heap     ] GC(14) Survivor regions: 6->8(77)
[2024-04-24T11:40:50.435+0000][gc,heap     ] GC(14) Old regions: 23->23
[2024-04-24T11:40:50.435+0000][gc,heap     ] GC(14) Archive regions: 2->2
[2024-04-24T11:40:50.435+0000][gc,heap     ] GC(14) Humongous regions: 129->129
[2024-04-24T11:40:50.435+0000][gc,metaspace] GC(14) Metaspace: 42727K(43328K)->42727K(43328K) NonClass: 37745K(38080K)->37745K(38080K) Class: 4982K(5248K)->4982K(5248K)
[2024-04-24T11:40:50.435+0000][gc          ] GC(14) Pause Young (Normal) (G1 Evacuation Pause) 760M->159M(1024M) 4.475ms
[2024-04-24T11:40:50.435+0000][gc,cpu      ] GC(14) User=0.03s Sys=0.00s Real=0.01s
[2024-04-24T11:40:53.655+0000][gc,start    ] GC(15) Pause Young (Normal) (G1 Evacuation Pause)
[2024-04-24T11:40:53.655+0000][gc,task     ] GC(15) Using 8 workers of 8 for evacuation
[2024-04-24T11:40:53.659+0000][gc,phases   ] GC(15)   Pre Evacuate Collection Set: 0.1ms
[2024-04-24T11:40:53.659+0000][gc,phases   ] GC(15)   Merge Heap Roots: 0.1ms
[2024-04-24T11:40:53.659+0000][gc,phases   ] GC(15)   Evacuate Collection Set: 3.7ms
[2024-04-24T11:40:53.659+0000][gc,phases   ] GC(15)   Post Evacuate Collection Set: 0.5ms
[2024-04-24T11:40:53.659+0000][gc,phases   ] GC(15)   Other: 0.1ms
[2024-04-24T11:40:53.659+0000][gc,heap     ] GC(15) Eden regions: 606->0(605)
[2024-04-24T11:40:53.659+0000][gc,heap     ] GC(15) Survivor regions: 8->9(77)
[2024-04-24T11:40:53.659+0000][gc,heap     ] GC(15) Old regions: 23->23
[2024-04-24T11:40:53.659+0000][gc,heap     ] GC(15) Archive regions: 2->2
[2024-04-24T11:40:53.659+0000][gc,heap     ] GC(15) Humongous regions: 129->129
[2024-04-24T11:40:53.659+0000][gc,metaspace] GC(15) Metaspace: 42727K(43328K)->42727K(43328K) NonClass: 37745K(38080K)->37745K(38080K) Class: 4982K(5248K)->4982K(5248K)
[2024-04-24T11:40:53.659+0000][gc          ] GC(15) Pause Young (Normal) (G1 Evacuation Pause) 765M->160M(1024M) 4.494ms
[2024-04-24T11:40:53.659+0000][gc,cpu      ] GC(15) User=0.02s Sys=0.01s Real=0.00s
[2024-04-24T11:40:57.105+0000][gc,start    ] GC(16) Pause Young (Normal) (G1 Evacuation Pause)
[2024-04-24T11:40:57.105+0000][gc,task     ] GC(16) Using 8 workers of 8 for evacuation
[2024-04-24T11:40:57.109+0000][gc,phases   ] GC(16)   Pre Evacuate Collection Set: 0.1ms
[2024-04-24T11:40:57.109+0000][gc,phases   ] GC(16)   Merge Heap Roots: 0.1ms
[2024-04-24T11:40:57.109+0000][gc,phases   ] GC(16)   Evacuate Collection Set: 3.4ms
[2024-04-24T11:40:57.109+0000][gc,phases   ] GC(16)   Post Evacuate Collection Set: 0.5ms
[2024-04-24T11:40:57.109+0000][gc,phases   ] GC(16)   Other: 0.1ms
[2024-04-24T11:40:57.109+0000][gc,heap     ] GC(16) Eden regions: 605->0(605)
[2024-04-24T11:40:57.109+0000][gc,heap     ] GC(16) Survivor regions: 9->9(77)
[2024-04-24T11:40:57.109+0000][gc,heap     ] GC(16) Old regions: 23->23
[2024-04-24T11:40:57.109+0000][gc,heap     ] GC(16) Archive regions: 2->2
[2024-04-24T11:40:57.109+0000][gc,heap     ] GC(16) Humongous regions: 129->129
[2024-04-24T11:40:57.109+0000][gc,metaspace] GC(16) Metaspace: 42728K(43328K)->42728K(43328K) NonClass: 37745K(38080K)->37745K(38080K) Class: 4982K(5248K)->4982K(5248K)
[2024-04-24T11:40:57.109+0000][gc          ] GC(16) Pause Young (Normal) (G1 Evacuation Pause) 765M->160M(1024M) 4.253ms
[2024-04-24T11:40:57.109+0000][gc,cpu      ] GC(16) User=0.03s Sys=0.00s Real=0.00s
[2024-04-24T11:41:00.546+0000][gc,start    ] GC(17) Pause Young (Normal) (G1 Evacuation Pause)
[2024-04-24T11:41:00.546+0000][gc,task     ] GC(17) Using 8 workers of 8 for evacuation
[2024-04-24T11:41:00.550+0000][gc,phases   ] GC(17)   Pre Evacuate Collection Set: 0.1ms
[2024-04-24T11:41:00.550+0000][gc,phases   ] GC(17)   Merge Heap Roots: 0.1ms
[2024-04-24T11:41:00.550+0000][gc,phases   ] GC(17)   Evacuate Collection Set: 3.3ms
[2024-04-24T11:41:00.550+0000][gc,phases   ] GC(17)   Post Evacuate Collection Set: 0.5ms
[2024-04-24T11:41:00.550+0000][gc,phases   ] GC(17)   Other: 0.1ms
[2024-04-24T11:41:00.550+0000][gc,heap     ] GC(17) Eden regions: 605->0(605)
[2024-04-24T11:41:00.550+0000][gc,heap     ] GC(17) Survivor regions: 9->9(77)
[2024-04-24T11:41:00.550+0000][gc,heap     ] GC(17) Old regions: 23->23
[2024-04-24T11:41:00.550+0000][gc,heap     ] GC(17) Archive regions: 2->2
[2024-04-24T11:41:00.550+0000][gc,heap     ] GC(17) Humongous regions: 129->129
[2024-04-24T11:41:00.550+0000][gc,metaspace] GC(17) Metaspace: 42729K(43328K)->42729K(43328K) NonClass: 37746K(38080K)->37746K(38080K) Class: 4982K(5248K)->4982K(5248K)
[2024-04-24T11:41:00.550+0000][gc          ] GC(17) Pause Young (Normal) (G1 Evacuation Pause) 765M->160M(1024M) 4.152ms
[2024-04-24T11:41:00.550+0000][gc,cpu      ] GC(17) User=0.02s Sys=0.00s Real=0.00s
[2024-04-24T11:41:03.971+0000][gc,start    ] GC(18) Pause Young (Normal) (G1 Evacuation Pause)
[2024-04-24T11:41:03.971+0000][gc,task     ] GC(18) Using 8 workers of 8 for evacuation
[2024-04-24T11:41:03.975+0000][gc,phases   ] GC(18)   Pre Evacuate Collection Set: 0.1ms
[2024-04-24T11:41:03.975+0000][gc,phases   ] GC(18)   Merge Heap Roots: 0.1ms
[2024-04-24T11:41:03.975+0000][gc,phases   ] GC(18)   Evacuate Collection Set: 3.4ms
[2024-04-24T11:41:03.975+0000][gc,phases   ] GC(18)   Post Evacuate Collection Set: 0.6ms
[2024-04-24T11:41:03.975+0000][gc,phases   ] GC(18)   Other: 0.1ms
[2024-04-24T11:41:03.976+0000][gc,heap     ] GC(18) Eden regions: 605->0(604)
[2024-04-24T11:41:03.976+0000][gc,heap     ] GC(18) Survivor regions: 9->10(77)
[2024-04-24T11:41:03.976+0000][gc,heap     ] GC(18) Old regions: 23->23
[2024-04-24T11:41:03.976+0000][gc,heap     ] GC(18) Archive regions: 2->2
[2024-04-24T11:41:03.976+0000][gc,heap     ] GC(18) Humongous regions: 129->129
[2024-04-24T11:41:03.976+0000][gc,metaspace] GC(18) Metaspace: 42734K(43328K)->42734K(43328K) NonClass: 37751K(38080K)->37751K(38080K) Class: 4982K(5248K)->4982K(5248K)
[2024-04-24T11:41:03.976+0000][gc          ] GC(18) Pause Young (Normal) (G1 Evacuation Pause) 765M->161M(1024M) 4.341ms
[2024-04-24T11:41:03.976+0000][gc,cpu      ] GC(18) User=0.03s Sys=0.00s Real=0.01s
[2024-04-24T11:41:07.392+0000][gc,start    ] GC(19) Pause Young (Normal) (G1 Evacuation Pause)
[2024-04-24T11:41:07.392+0000][gc,task     ] GC(19) Using 8 workers of 8 for evacuation
[2024-04-24T11:41:07.397+0000][gc,phases   ] GC(19)   Pre Evacuate Collection Set: 0.1ms
[2024-04-24T11:41:07.397+0000][gc,phases   ] GC(19)   Merge Heap Roots: 0.1ms
[2024-04-24T11:41:07.397+0000][gc,phases   ] GC(19)   Evacuate Collection Set: 3.8ms
[2024-04-24T11:41:07.397+0000][gc,phases   ] GC(19)   Post Evacuate Collection Set: 0.5ms
[2024-04-24T11:41:07.397+0000][gc,phases   ] GC(19)   Other: 0.1ms
[2024-04-24T11:41:07.397+0000][gc,heap     ] GC(19) Eden regions: 604->0(604)
[2024-04-24T11:41:07.397+0000][gc,heap     ] GC(19) Survivor regions: 10->10(77)
[2024-04-24T11:41:07.397+0000][gc,heap     ] GC(19) Old regions: 23->23
[2024-04-24T11:41:07.397+0000][gc,heap     ] GC(19) Archive regions: 2->2
[2024-04-24T11:41:07.397+0000][gc,heap     ] GC(19) Humongous regions: 129->129
[2024-04-24T11:41:07.397+0000][gc,metaspace] GC(19) Metaspace: 42734K(43328K)->42734K(43328K) NonClass: 37751K(38080K)->37751K(38080K) Class: 4982K(5248K)->4982K(5248K)
[2024-04-24T11:41:07.397+0000][gc          ] GC(19) Pause Young (Normal) (G1 Evacuation Pause) 765M->161M(1024M) 4.647ms
[2024-04-24T11:41:07.397+0000][gc,cpu      ] GC(19) User=0.02s Sys=0.00s Real=0.00s
[2024-04-24T11:41:10.791+0000][gc,start    ] GC(20) Pause Young (Normal) (G1 Evacuation Pause)
[2024-04-24T11:41:10.791+0000][gc,task     ] GC(20) Using 8 workers of 8 for evacuation
[2024-04-24T11:41:10.796+0000][gc,phases   ] GC(20)   Pre Evacuate Collection Set: 0.1ms
[2024-04-24T11:41:10.796+0000][gc,phases   ] GC(20)   Merge Heap Roots: 0.1ms
[2024-04-24T11:41:10.796+0000][gc,phases   ] GC(20)   Evacuate Collection Set: 4.6ms
[2024-04-24T11:41:10.796+0000][gc,phases   ] GC(20)   Post Evacuate Collection Set: 0.5ms
[2024-04-24T11:41:10.796+0000][gc,phases   ] GC(20)   Other: 0.1ms
[2024-04-24T11:41:10.796+0000][gc,heap     ] GC(20) Eden regions: 604->0(604)
[2024-04-24T11:41:10.796+0000][gc,heap     ] GC(20) Survivor regions: 10->10(77)
[2024-04-24T11:41:10.796+0000][gc,heap     ] GC(20) Old regions: 23->23
[2024-04-24T11:41:10.796+0000][gc,heap     ] GC(20) Archive regions: 2->2
[2024-04-24T11:41:10.796+0000][gc,heap     ] GC(20) Humongous regions: 129->129
[2024-04-24T11:41:10.796+0000][gc,metaspace] GC(20) Metaspace: 42735K(43328K)->42735K(43328K) NonClass: 37752K(38080K)->37752K(38080K) Class: 4982K(5248K)->4982K(5248K)
[2024-04-24T11:41:10.796+0000][gc          ] GC(20) Pause Young (Normal) (G1 Evacuation Pause) 765M->161M(1024M) 5.442ms
[2024-04-24T11:41:10.796+0000][gc,cpu      ] GC(20) User=0.03s Sys=0.00s Real=0.01s
[2024-04-24T11:41:14.149+0000][gc,start    ] GC(21) Pause Young (Normal) (G1 Evacuation Pause)
[2024-04-24T11:41:14.149+0000][gc,task     ] GC(21) Using 8 workers of 8 for evacuation
[2024-04-24T11:41:14.154+0000][gc,phases   ] GC(21)   Pre Evacuate Collection Set: 0.1ms
[2024-04-24T11:41:14.154+0000][gc,phases   ] GC(21)   Merge Heap Roots: 0.1ms
[2024-04-24T11:41:14.154+0000][gc,phases   ] GC(21)   Evacuate Collection Set: 4.2ms
[2024-04-24T11:41:14.154+0000][gc,phases   ] GC(21)   Post Evacuate Collection Set: 0.5ms
[2024-04-24T11:41:14.154+0000][gc,phases   ] GC(21)   Other: 0.1ms
[2024-04-24T11:41:14.154+0000][gc,heap     ] GC(21) Eden regions: 604->0(604)
[2024-04-24T11:41:14.154+0000][gc,heap     ] GC(21) Survivor regions: 10->10(77)
[2024-04-24T11:41:14.154+0000][gc,heap     ] GC(21) Old regions: 23->23
[2024-04-24T11:41:14.154+0000][gc,heap     ] GC(21) Archive regions: 2->2
[2024-04-24T11:41:14.154+0000][gc,heap     ] GC(21) Humongous regions: 129->129
[2024-04-24T11:41:14.154+0000][gc,metaspace] GC(21) Metaspace: 42735K(43328K)->42735K(43328K) NonClass: 37752K(38080K)->37752K(38080K) Class: 4982K(5248K)->4982K(5248K)
[2024-04-24T11:41:14.154+0000][gc          ] GC(21) Pause Young (Normal) (G1 Evacuation Pause) 765M->161M(1024M) 5.077ms
[2024-04-24T11:41:14.154+0000][gc,cpu      ] GC(21) User=0.03s Sys=0.00s Real=0.01s
[2024-04-24T11:41:17.582+0000][gc,start    ] GC(22) Pause Young (Normal) (G1 Evacuation Pause)
[2024-04-24T11:41:17.582+0000][gc,task     ] GC(22) Using 8 workers of 8 for evacuation
[2024-04-24T11:41:17.587+0000][gc,phases   ] GC(22)   Pre Evacuate Collection Set: 0.1ms
[2024-04-24T11:41:17.587+0000][gc,phases   ] GC(22)   Merge Heap Roots: 0.1ms
[2024-04-24T11:41:17.587+0000][gc,phases   ] GC(22)   Evacuate Collection Set: 3.8ms
[2024-04-24T11:41:17.587+0000][gc,phases   ] GC(22)   Post Evacuate Collection Set: 0.4ms
[2024-04-24T11:41:17.587+0000][gc,phases   ] GC(22)   Other: 0.1ms
[2024-04-24T11:41:17.587+0000][gc,heap     ] GC(22) Eden regions: 604->0(604)
[2024-04-24T11:41:17.587+0000][gc,heap     ] GC(22) Survivor regions: 10->10(77)
[2024-04-24T11:41:17.587+0000][gc,heap     ] GC(22) Old regions: 23->23
[2024-04-24T11:41:17.587+0000][gc,heap     ] GC(22) Archive regions: 2->2
[2024-04-24T11:41:17.587+0000][gc,heap     ] GC(22) Humongous regions: 129->129
[2024-04-24T11:41:17.587+0000][gc,metaspace] GC(22) Metaspace: 42736K(43328K)->42736K(43328K) NonClass: 37753K(38080K)->37753K(38080K) Class: 4982K(5248K)->4982K(5248K)
[2024-04-24T11:41:17.587+0000][gc          ] GC(22) Pause Young (Normal) (G1 Evacuation Pause) 765M->162M(1024M) 4.600ms
[2024-04-24T11:41:17.587+0000][gc,cpu      ] GC(22) User=0.03s Sys=0.00s Real=0.01s
[2024-04-24T11:41:21.852+0000][gc,start    ] GC(23) Pause Young (Normal) (G1 Evacuation Pause)
[2024-04-24T11:41:21.852+0000][gc,task     ] GC(23) Using 8 workers of 8 for evacuation
[2024-04-24T11:41:21.857+0000][gc,phases   ] GC(23)   Pre Evacuate Collection Set: 0.1ms
[2024-04-24T11:41:21.857+0000][gc,phases   ] GC(23)   Merge Heap Roots: 0.1ms
[2024-04-24T11:41:21.857+0000][gc,phases   ] GC(23)   Evacuate Collection Set: 3.6ms
[2024-04-24T11:41:21.857+0000][gc,phases   ] GC(23)   Post Evacuate Collection Set: 0.4ms
[2024-04-24T11:41:21.857+0000][gc,phases   ] GC(23)   Other: 0.1ms
[2024-04-24T11:41:21.857+0000][gc,heap     ] GC(23) Eden regions: 604->0(604)
[2024-04-24T11:41:21.857+0000][gc,heap     ] GC(23) Survivor regions: 10->10(77)
[2024-04-24T11:41:21.857+0000][gc,heap     ] GC(23) Old regions: 23->23
[2024-04-24T11:41:21.857+0000][gc,heap     ] GC(23) Archive regions: 2->2
[2024-04-24T11:41:21.857+0000][gc,heap     ] GC(23) Humongous regions: 129->129
[2024-04-24T11:41:21.857+0000][gc,metaspace] GC(23) Metaspace: 42789K(43392K)->42789K(43392K) NonClass: 37793K(38144K)->37793K(38144K) Class: 4995K(5248K)->4995K(5248K)
[2024-04-24T11:41:21.857+0000][gc          ] GC(23) Pause Young (Normal) (G1 Evacuation Pause) 766M->162M(1024M) 4.438ms
[2024-04-24T11:41:21.857+0000][gc,cpu      ] GC(23) User=0.03s Sys=0.00s Real=0.00s
[2024-04-24T11:41:24.822+0000][gc,start    ] GC(24) Pause Young (Normal) (G1 Evacuation Pause)
[2024-04-24T11:41:24.822+0000][gc,task     ] GC(24) Using 8 workers of 8 for evacuation
[2024-04-24T11:41:24.827+0000][gc,phases   ] GC(24)   Pre Evacuate Collection Set: 0.1ms
[2024-04-24T11:41:24.827+0000][gc,phases   ] GC(24)   Merge Heap Roots: 0.1ms
[2024-04-24T11:41:24.827+0000][gc,phases   ] GC(24)   Evacuate Collection Set: 3.8ms
[2024-04-24T11:41:24.827+0000][gc,phases   ] GC(24)   Post Evacuate Collection Set: 0.5ms
[2024-04-24T11:41:24.827+0000][gc,phases   ] GC(24)   Other: 0.1ms
[2024-04-24T11:41:24.827+0000][gc,heap     ] GC(24) Eden regions: 604->0(604)
[2024-04-24T11:41:24.827+0000][gc,heap     ] GC(24) Survivor regions: 10->10(77)
[2024-04-24T11:41:24.827+0000][gc,heap     ] GC(24) Old regions: 23->24
[2024-04-24T11:41:24.827+0000][gc,heap     ] GC(24) Archive regions: 2->2
[2024-04-24T11:41:24.827+0000][gc,heap     ] GC(24) Humongous regions: 129->129
[2024-04-24T11:41:24.827+0000][gc,metaspace] GC(24) Metaspace: 42789K(43392K)->42789K(43392K) NonClass: 37793K(38144K)->37793K(38144K) Class: 4995K(5248K)->4995K(5248K)
[2024-04-24T11:41:24.827+0000][gc          ] GC(24) Pause Young (Normal) (G1 Evacuation Pause) 766M->162M(1024M) 4.668ms
[2024-04-24T11:41:24.827+0000][gc,cpu      ] GC(24) User=0.03s Sys=0.00s Real=0.01s
[2024-04-24T11:41:28.260+0000][gc,start    ] GC(25) Pause Young (Normal) (G1 Evacuation Pause)
[2024-04-24T11:41:28.260+0000][gc,task     ] GC(25) Using 8 workers of 8 for evacuation
[2024-04-24T11:41:28.264+0000][gc,phases   ] GC(25)   Pre Evacuate Collection Set: 0.1ms
[2024-04-24T11:41:28.264+0000][gc,phases   ] GC(25)   Merge Heap Roots: 0.1ms
[2024-04-24T11:41:28.264+0000][gc,phases   ] GC(25)   Evacuate Collection Set: 3.5ms
[2024-04-24T11:41:28.264+0000][gc,phases   ] GC(25)   Post Evacuate Collection Set: 0.5ms
[2024-04-24T11:41:28.264+0000][gc,phases   ] GC(25)   Other: 0.1ms
[2024-04-24T11:41:28.264+0000][gc,heap     ] GC(25) Eden regions: 604->0(605)
[2024-04-24T11:41:28.264+0000][gc,heap     ] GC(25) Survivor regions: 10->9(77)
[2024-04-24T11:41:28.264+0000][gc,heap     ] GC(25) Old regions: 24->25
[2024-04-24T11:41:28.264+0000][gc,heap     ] GC(25) Archive regions: 2->2
[2024-04-24T11:41:28.264+0000][gc,heap     ] GC(25) Humongous regions: 129->129
[2024-04-24T11:41:28.264+0000][gc,metaspace] GC(25) Metaspace: 42789K(43392K)->42789K(43392K) NonClass: 37793K(38144K)->37793K(38144K) Class: 4995K(5248K)->4995K(5248K)
[2024-04-24T11:41:28.264+0000][gc          ] GC(25) Pause Young (Normal) (G1 Evacuation Pause) 766M->163M(1024M) 4.290ms
[2024-04-24T11:41:28.264+0000][gc,cpu      ] GC(25) User=0.02s Sys=0.01s Real=0.01s
[2024-04-24T11:41:31.882+0000][gc,start    ] GC(26) Pause Young (Normal) (G1 Evacuation Pause)
[2024-04-24T11:41:31.882+0000][gc,task     ] GC(26) Using 8 workers of 8 for evacuation
[2024-04-24T11:41:31.886+0000][gc,phases   ] GC(26)   Pre Evacuate Collection Set: 0.1ms
[2024-04-24T11:41:31.886+0000][gc,phases   ] GC(26)   Merge Heap Roots: 0.1ms
[2024-04-24T11:41:31.886+0000][gc,phases   ] GC(26)   Evacuate Collection Set: 3.7ms
[2024-04-24T11:41:31.886+0000][gc,phases   ] GC(26)   Post Evacuate Collection Set: 0.5ms
[2024-04-24T11:41:31.886+0000][gc,phases   ] GC(26)   Other: 0.1ms
[2024-04-24T11:41:31.886+0000][gc,heap     ] GC(26) Eden regions: 605->0(606)
[2024-04-24T11:41:31.886+0000][gc,heap     ] GC(26) Survivor regions: 9->8(77)
[2024-04-24T11:41:31.886+0000][gc,heap     ] GC(26) Old regions: 25->26
[2024-04-24T11:41:31.886+0000][gc,heap     ] GC(26) Archive regions: 2->2
[2024-04-24T11:41:31.886+0000][gc,heap     ] GC(26) Humongous regions: 129->129
[2024-04-24T11:41:31.886+0000][gc,metaspace] GC(26) Metaspace: 42789K(43392K)->42789K(43392K) NonClass: 37793K(38144K)->37793K(38144K) Class: 4995K(5248K)->4995K(5248K)
[2024-04-24T11:41:31.886+0000][gc          ] GC(26) Pause Young (Normal) (G1 Evacuation Pause) 768M->163M(1024M) 4.534ms
[2024-04-24T11:41:31.886+0000][gc,cpu      ] GC(26) User=0.02s Sys=0.00s Real=0.01s
[2024-04-24T11:41:35.308+0000][gc,start    ] GC(27) Pause Young (Normal) (G1 Evacuation Pause)
[2024-04-24T11:41:35.308+0000][gc,task     ] GC(27) Using 8 workers of 8 for evacuation
[2024-04-24T11:41:35.312+0000][gc,phases   ] GC(27)   Pre Evacuate Collection Set: 0.1ms
[2024-04-24T11:41:35.312+0000][gc,phases   ] GC(27)   Merge Heap Roots: 0.1ms
[2024-04-24T11:41:35.312+0000][gc,phases   ] GC(27)   Evacuate Collection Set: 3.3ms
[2024-04-24T11:41:35.312+0000][gc,phases   ] GC(27)   Post Evacuate Collection Set: 0.5ms
[2024-04-24T11:41:35.312+0000][gc,phases   ] GC(27)   Other: 0.1ms
[2024-04-24T11:41:35.312+0000][gc,heap     ] GC(27) Eden regions: 606->0(607)
[2024-04-24T11:41:35.312+0000][gc,heap     ] GC(27) Survivor regions: 8->7(77)
[2024-04-24T11:41:35.312+0000][gc,heap     ] GC(27) Old regions: 26->27
[2024-04-24T11:41:35.312+0000][gc,heap     ] GC(27) Archive regions: 2->2
[2024-04-24T11:41:35.312+0000][gc,heap     ] GC(27) Humongous regions: 129->129
[2024-04-24T11:41:35.312+0000][gc,metaspace] GC(27) Metaspace: 42791K(43392K)->42791K(43392K) NonClass: 37795K(38144K)->37795K(38144K) Class: 4995K(5248K)->4995K(5248K)
[2024-04-24T11:41:35.312+0000][gc          ] GC(27) Pause Young (Normal) (G1 Evacuation Pause) 769M->163M(1024M) 4.147ms
[2024-04-24T11:41:35.312+0000][gc,cpu      ] GC(27) User=0.02s Sys=0.00s Real=0.01s
[2024-04-24T11:41:38.743+0000][gc,start    ] GC(28) Pause Young (Normal) (G1 Evacuation Pause)
[2024-04-24T11:41:38.743+0000][gc,task     ] GC(28) Using 8 workers of 8 for evacuation
[2024-04-24T11:41:38.747+0000][gc,phases   ] GC(28)   Pre Evacuate Collection Set: 0.1ms
[2024-04-24T11:41:38.747+0000][gc,phases   ] GC(28)   Merge Heap Roots: 0.1ms
[2024-04-24T11:41:38.747+0000][gc,phases   ] GC(28)   Evacuate Collection Set: 3.1ms
[2024-04-24T11:41:38.747+0000][gc,phases   ] GC(28)   Post Evacuate Collection Set: 0.4ms
[2024-04-24T11:41:38.747+0000][gc,phases   ] GC(28)   Other: 0.1ms
[2024-04-24T11:41:38.747+0000][gc,heap     ] GC(28) Eden regions: 607->0(607)
[2024-04-24T11:41:38.747+0000][gc,heap     ] GC(28) Survivor regions: 7->7(77)
[2024-04-24T11:41:38.747+0000][gc,heap     ] GC(28) Old regions: 27->28
[2024-04-24T11:41:38.747+0000][gc,heap     ] GC(28) Archive regions: 2->2
[2024-04-24T11:41:38.747+0000][gc,heap     ] GC(28) Humongous regions: 129->129
[2024-04-24T11:41:38.747+0000][gc,metaspace] GC(28) Metaspace: 42792K(43392K)->42792K(43392K) NonClass: 37796K(38144K)->37796K(38144K) Class: 4995K(5248K)->4995K(5248K)
[2024-04-24T11:41:38.747+0000][gc          ] GC(28) Pause Young (Normal) (G1 Evacuation Pause) 770M->163M(1024M) 3.862ms
[2024-04-24T11:41:38.747+0000][gc,cpu      ] GC(28) User=0.02s Sys=0.00s Real=0.01s
[2024-04-24T11:49:58.007+0000][gc,start    ] GC(29) Pause Young (Normal) (G1 Evacuation Pause)
[2024-04-24T11:49:58.007+0000][gc,task     ] GC(29) Using 8 workers of 8 for evacuation
[2024-04-24T11:49:58.012+0000][gc,phases   ] GC(29)   Pre Evacuate Collection Set: 0.1ms
[2024-04-24T11:49:58.012+0000][gc,phases   ] GC(29)   Merge Heap Roots: 0.1ms
[2024-04-24T11:49:58.012+0000][gc,phases   ] GC(29)   Evacuate Collection Set: 4.4ms
[2024-04-24T11:49:58.012+0000][gc,phases   ] GC(29)   Post Evacuate Collection Set: 0.4ms
[2024-04-24T11:49:58.012+0000][gc,phases   ] GC(29)   Other: 0.1ms
[2024-04-24T11:49:58.012+0000][gc,heap     ] GC(29) Eden regions: 607->0(605)
[2024-04-24T11:49:58.012+0000][gc,heap     ] GC(29) Survivor regions: 7->9(77)
[2024-04-24T11:49:58.012+0000][gc,heap     ] GC(29) Old regions: 28->29
[2024-04-24T11:49:58.012+0000][gc,heap     ] GC(29) Archive regions: 2->2
[2024-04-24T11:49:58.012+0000][gc,heap     ] GC(29) Humongous regions: 129->129
[2024-04-24T11:49:58.012+0000][gc,metaspace] GC(29) Metaspace: 42846K(43456K)->42846K(43456K) NonClass: 37850K(38208K)->37850K(38208K) Class: 4995K(5248K)->4995K(5248K)
[2024-04-24T11:49:58.012+0000][gc          ] GC(29) Pause Young (Normal) (G1 Evacuation Pause) 770M->166M(1024M) 5.175ms
[2024-04-24T11:49:58.012+0000][gc,cpu      ] GC(29) User=0.03s Sys=0.00s Real=0.00s
[2024-04-24T11:50:01.023+0000][gc,start    ] GC(30) Pause Young (Normal) (G1 Evacuation Pause)
[2024-04-24T11:50:01.023+0000][gc,task     ] GC(30) Using 8 workers of 8 for evacuation
[2024-04-24T11:50:01.027+0000][gc,phases   ] GC(30)   Pre Evacuate Collection Set: 0.1ms
[2024-04-24T11:50:01.027+0000][gc,phases   ] GC(30)   Merge Heap Roots: 0.1ms
[2024-04-24T11:50:01.027+0000][gc,phases   ] GC(30)   Evacuate Collection Set: 4.0ms
[2024-04-24T11:50:01.027+0000][gc,phases   ] GC(30)   Post Evacuate Collection Set: 0.4ms
[2024-04-24T11:50:01.027+0000][gc,phases   ] GC(30)   Other: 0.1ms
[2024-04-24T11:50:01.027+0000][gc,heap     ] GC(30) Eden regions: 605->0(605)
[2024-04-24T11:50:01.027+0000][gc,heap     ] GC(30) Survivor regions: 9->9(77)
[2024-04-24T11:50:01.027+0000][gc,heap     ] GC(30) Old regions: 29->30
[2024-04-24T11:50:01.027+0000][gc,heap     ] GC(30) Archive regions: 2->2
[2024-04-24T11:50:01.027+0000][gc,heap     ] GC(30) Humongous regions: 129->129
[2024-04-24T11:50:01.027+0000][gc,metaspace] GC(30) Metaspace: 42846K(43456K)->42846K(43456K) NonClass: 37850K(38208K)->37850K(38208K) Class: 4995K(5248K)->4995K(5248K)
[2024-04-24T11:50:01.027+0000][gc          ] GC(30) Pause Young (Normal) (G1 Evacuation Pause) 771M->167M(1024M) 4.730ms
[2024-04-24T11:50:01.027+0000][gc,cpu      ] GC(30) User=0.03s Sys=0.00s Real=0.01s
[2024-04-24T11:50:03.981+0000][gc,start    ] GC(31) Pause Young (Normal) (G1 Evacuation Pause)
[2024-04-24T11:50:03.981+0000][gc,task     ] GC(31) Using 8 workers of 8 for evacuation
[2024-04-24T11:50:03.985+0000][gc,phases   ] GC(31)   Pre Evacuate Collection Set: 0.1ms
[2024-04-24T11:50:03.985+0000][gc,phases   ] GC(31)   Merge Heap Roots: 0.1ms
[2024-04-24T11:50:03.985+0000][gc,phases   ] GC(31)   Evacuate Collection Set: 3.8ms
[2024-04-24T11:50:03.985+0000][gc,phases   ] GC(31)   Post Evacuate Collection Set: 0.4ms
[2024-04-24T11:50:03.985+0000][gc,phases   ] GC(31)   Other: 0.1ms
[2024-04-24T11:50:03.985+0000][gc,heap     ] GC(31) Eden regions: 605->0(605)
[2024-04-24T11:50:03.985+0000][gc,heap     ] GC(31) Survivor regions: 9->9(77)
[2024-04-24T11:50:03.985+0000][gc,heap     ] GC(31) Old regions: 30->31
[2024-04-24T11:50:03.985+0000][gc,heap     ] GC(31) Archive regions: 2->2
[2024-04-24T11:50:03.985+0000][gc,heap     ] GC(31) Humongous regions: 129->129
[2024-04-24T11:50:03.985+0000][gc,metaspace] GC(31) Metaspace: 42846K(43456K)->42846K(43456K) NonClass: 37850K(38208K)->37850K(38208K) Class: 4995K(5248K)->4995K(5248K)
[2024-04-24T11:50:03.985+0000][gc          ] GC(31) Pause Young (Normal) (G1 Evacuation Pause) 772M->168M(1024M) 4.597ms
[2024-04-24T11:50:03.985+0000][gc,cpu      ] GC(31) User=0.03s Sys=0.00s Real=0.01s
[2024-04-24T11:50:07.210+0000][gc,start    ] GC(32) Pause Young (Normal) (G1 Evacuation Pause)
[2024-04-24T11:50:07.211+0000][gc,task     ] GC(32) Using 8 workers of 8 for evacuation
[2024-04-24T11:50:07.215+0000][gc,phases   ] GC(32)   Pre Evacuate Collection Set: 0.1ms
[2024-04-24T11:50:07.215+0000][gc,phases   ] GC(32)   Merge Heap Roots: 0.1ms
[2024-04-24T11:50:07.215+0000][gc,phases   ] GC(32)   Evacuate Collection Set: 3.9ms
[2024-04-24T11:50:07.215+0000][gc,phases   ] GC(32)   Post Evacuate Collection Set: 0.4ms
[2024-04-24T11:50:07.215+0000][gc,phases   ] GC(32)   Other: 0.1ms
[2024-04-24T11:50:07.215+0000][gc,heap     ] GC(32) Eden regions: 605->0(605)
[2024-04-24T11:50:07.215+0000][gc,heap     ] GC(32) Survivor regions: 9->9(77)
[2024-04-24T11:50:07.215+0000][gc,heap     ] GC(32) Old regions: 31->31
[2024-04-24T11:50:07.215+0000][gc,heap     ] GC(32) Archive regions: 2->2
[2024-04-24T11:50:07.215+0000][gc,heap     ] GC(32) Humongous regions: 129->129
[2024-04-24T11:50:07.215+0000][gc,metaspace] GC(32) Metaspace: 42846K(43456K)->42846K(43456K) NonClass: 37850K(38208K)->37850K(38208K) Class: 4995K(5248K)->4995K(5248K)
[2024-04-24T11:50:07.215+0000][gc          ] GC(32) Pause Young (Normal) (G1 Evacuation Pause) 773M->169M(1024M) 4.675ms
[2024-04-24T11:50:07.215+0000][gc,cpu      ] GC(32) User=0.03s Sys=0.00s Real=0.01s
[2024-04-24T11:50:10.378+0000][gc,start    ] GC(33) Pause Young (Normal) (G1 Evacuation Pause)
[2024-04-24T11:50:10.378+0000][gc,task     ] GC(33) Using 8 workers of 8 for evacuation
[2024-04-24T11:50:10.382+0000][gc,phases   ] GC(33)   Pre Evacuate Collection Set: 0.1ms
[2024-04-24T11:50:10.382+0000][gc,phases   ] GC(33)   Merge Heap Roots: 0.1ms
[2024-04-24T11:50:10.382+0000][gc,phases   ] GC(33)   Evacuate Collection Set: 3.5ms
[2024-04-24T11:50:10.382+0000][gc,phases   ] GC(33)   Post Evacuate Collection Set: 0.4ms
[2024-04-24T11:50:10.382+0000][gc,phases   ] GC(33)   Other: 0.1ms
[2024-04-24T11:50:10.382+0000][gc,heap     ] GC(33) Eden regions: 605->0(605)
[2024-04-24T11:50:10.382+0000][gc,heap     ] GC(33) Survivor regions: 9->9(77)
[2024-04-24T11:50:10.382+0000][gc,heap     ] GC(33) Old regions: 31->31
[2024-04-24T11:50:10.382+0000][gc,heap     ] GC(33) Archive regions: 2->2
[2024-04-24T11:50:10.382+0000][gc,heap     ] GC(33) Humongous regions: 129->129
[2024-04-24T11:50:10.382+0000][gc,metaspace] GC(33) Metaspace: 42846K(43456K)->42846K(43456K) NonClass: 37850K(38208K)->37850K(38208K) Class: 4995K(5248K)->4995K(5248K)
[2024-04-24T11:50:10.382+0000][gc          ] GC(33) Pause Young (Normal) (G1 Evacuation Pause) 774M->169M(1024M) 4.266ms
[2024-04-24T11:50:10.382+0000][gc,cpu      ] GC(33) User=0.03s Sys=0.00s Real=0.00s
[2024-04-24T11:50:13.497+0000][gc,start    ] GC(34) Pause Young (Normal) (G1 Evacuation Pause)
[2024-04-24T11:50:13.497+0000][gc,task     ] GC(34) Using 8 workers of 8 for evacuation
[2024-04-24T11:50:13.501+0000][gc,phases   ] GC(34)   Pre Evacuate Collection Set: 0.1ms
[2024-04-24T11:50:13.501+0000][gc,phases   ] GC(34)   Merge Heap Roots: 0.1ms
[2024-04-24T11:50:13.501+0000][gc,phases   ] GC(34)   Evacuate Collection Set: 3.8ms
[2024-04-24T11:50:13.501+0000][gc,phases   ] GC(34)   Post Evacuate Collection Set: 0.4ms
[2024-04-24T11:50:13.501+0000][gc,phases   ] GC(34)   Other: 0.1ms
[2024-04-24T11:50:13.501+0000][gc,heap     ] GC(34) Eden regions: 605->0(605)
[2024-04-24T11:50:13.501+0000][gc,heap     ] GC(34) Survivor regions: 9->9(77)
[2024-04-24T11:50:13.501+0000][gc,heap     ] GC(34) Old regions: 31->32
[2024-04-24T11:50:13.501+0000][gc,heap     ] GC(34) Archive regions: 2->2
[2024-04-24T11:50:13.501+0000][gc,heap     ] GC(34) Humongous regions: 129->129
[2024-04-24T11:50:13.501+0000][gc,metaspace] GC(34) Metaspace: 42846K(43456K)->42846K(43456K) NonClass: 37850K(38208K)->37850K(38208K) Class: 4995K(5248K)->4995K(5248K)
[2024-04-24T11:50:13.501+0000][gc          ] GC(34) Pause Young (Normal) (G1 Evacuation Pause) 774M->169M(1024M) 4.542ms
[2024-04-24T11:50:13.501+0000][gc,cpu      ] GC(34) User=0.03s Sys=0.00s Real=0.00s
[2024-04-24T11:50:16.606+0000][gc,start    ] GC(35) Pause Young (Normal) (G1 Evacuation Pause)
[2024-04-24T11:50:16.606+0000][gc,task     ] GC(35) Using 8 workers of 8 for evacuation
[2024-04-24T11:50:16.610+0000][gc,phases   ] GC(35)   Pre Evacuate Collection Set: 0.1ms
[2024-04-24T11:50:16.610+0000][gc,phases   ] GC(35)   Merge Heap Roots: 0.1ms
[2024-04-24T11:50:16.610+0000][gc,phases   ] GC(35)   Evacuate Collection Set: 3.4ms
[2024-04-24T11:50:16.610+0000][gc,phases   ] GC(35)   Post Evacuate Collection Set: 0.4ms
[2024-04-24T11:50:16.610+0000][gc,phases   ] GC(35)   Other: 0.1ms
[2024-04-24T11:50:16.610+0000][gc,heap     ] GC(35) Eden regions: 605->0(606)
[2024-04-24T11:50:16.610+0000][gc,heap     ] GC(35) Survivor regions: 9->8(77)
[2024-04-24T11:50:16.610+0000][gc,heap     ] GC(35) Old regions: 32->32
[2024-04-24T11:50:16.610+0000][gc,heap     ] GC(35) Archive regions: 2->2
[2024-04-24T11:50:16.610+0000][gc,heap     ] GC(35) Humongous regions: 129->129
[2024-04-24T11:50:16.610+0000][gc,metaspace] GC(35) Metaspace: 42846K(43456K)->42846K(43456K) NonClass: 37850K(38208K)->37850K(38208K) Class: 4995K(5248K)->4995K(5248K)
[2024-04-24T11:50:16.610+0000][gc          ] GC(35) Pause Young (Normal) (G1 Evacuation Pause) 774M->169M(1024M) 4.223ms
[2024-04-24T11:50:16.610+0000][gc,cpu      ] GC(35) User=0.03s Sys=0.00s Real=0.00s
[2024-04-24T11:50:19.707+0000][gc,start    ] GC(36) Pause Young (Normal) (G1 Evacuation Pause)
[2024-04-24T11:50:19.707+0000][gc,task     ] GC(36) Using 8 workers of 8 for evacuation
[2024-04-24T11:50:19.711+0000][gc,phases   ] GC(36)   Pre Evacuate Collection Set: 0.1ms
[2024-04-24T11:50:19.711+0000][gc,phases   ] GC(36)   Merge Heap Roots: 0.1ms
[2024-04-24T11:50:19.711+0000][gc,phases   ] GC(36)   Evacuate Collection Set: 3.7ms
[2024-04-24T11:50:19.711+0000][gc,phases   ] GC(36)   Post Evacuate Collection Set: 0.4ms
[2024-04-24T11:50:19.711+0000][gc,phases   ] GC(36)   Other: 0.1ms
[2024-04-24T11:50:19.711+0000][gc,heap     ] GC(36) Eden regions: 606->0(606)
[2024-04-24T11:50:19.711+0000][gc,heap     ] GC(36) Survivor regions: 8->8(77)
[2024-04-24T11:50:19.711+0000][gc,heap     ] GC(36) Old regions: 32->32
[2024-04-24T11:50:19.711+0000][gc,heap     ] GC(36) Archive regions: 2->2
[2024-04-24T11:50:19.711+0000][gc,heap     ] GC(36) Humongous regions: 129->129
[2024-04-24T11:50:19.711+0000][gc,metaspace] GC(36) Metaspace: 42846K(43456K)->42846K(43456K) NonClass: 37850K(38208K)->37850K(38208K) Class: 4995K(5248K)->4995K(5248K)
[2024-04-24T11:50:19.711+0000][gc          ] GC(36) Pause Young (Normal) (G1 Evacuation Pause) 775M->169M(1024M) 4.426ms
[2024-04-24T11:50:19.711+0000][gc,cpu      ] GC(36) User=0.02s Sys=0.00s Real=0.00s
[2024-04-24T11:50:22.619+0000][gc,start    ] GC(37) Pause Young (Normal) (G1 Evacuation Pause)
[2024-04-24T11:50:22.619+0000][gc,task     ] GC(37) Using 8 workers of 8 for evacuation
[2024-04-24T11:50:22.624+0000][gc,phases   ] GC(37)   Pre Evacuate Collection Set: 0.1ms
[2024-04-24T11:50:22.624+0000][gc,phases   ] GC(37)   Merge Heap Roots: 0.1ms
[2024-04-24T11:50:22.624+0000][gc,phases   ] GC(37)   Evacuate Collection Set: 3.5ms
[2024-04-24T11:50:22.624+0000][gc,phases   ] GC(37)   Post Evacuate Collection Set: 0.4ms
[2024-04-24T11:50:22.624+0000][gc,phases   ] GC(37)   Other: 0.1ms
[2024-04-24T11:50:22.624+0000][gc,heap     ] GC(37) Eden regions: 606->0(606)
[2024-04-24T11:50:22.624+0000][gc,heap     ] GC(37) Survivor regions: 8->8(77)
[2024-04-24T11:50:22.624+0000][gc,heap     ] GC(37) Old regions: 32->33
[2024-04-24T11:50:22.624+0000][gc,heap     ] GC(37) Archive regions: 2->2
[2024-04-24T11:50:22.624+0000][gc,heap     ] GC(37) Humongous regions: 129->129
[2024-04-24T11:50:22.624+0000][gc,metaspace] GC(37) Metaspace: 42850K(43456K)->42850K(43456K) NonClass: 37854K(38208K)->37854K(38208K) Class: 4995K(5248K)->4995K(5248K)
[2024-04-24T11:50:22.624+0000][gc          ] GC(37) Pause Young (Normal) (G1 Evacuation Pause) 775M->169M(1024M) 4.297ms
[2024-04-24T11:50:22.624+0000][gc,cpu      ] GC(37) User=0.03s Sys=0.00s Real=0.00s
[2024-04-24T11:50:25.780+0000][gc,start    ] GC(38) Pause Young (Normal) (G1 Evacuation Pause)
[2024-04-24T11:50:25.780+0000][gc,task     ] GC(38) Using 8 workers of 8 for evacuation
[2024-04-24T11:50:25.784+0000][gc,phases   ] GC(38)   Pre Evacuate Collection Set: 0.1ms
[2024-04-24T11:50:25.784+0000][gc,phases   ] GC(38)   Merge Heap Roots: 0.1ms
[2024-04-24T11:50:25.784+0000][gc,phases   ] GC(38)   Evacuate Collection Set: 3.4ms
[2024-04-24T11:50:25.784+0000][gc,phases   ] GC(38)   Post Evacuate Collection Set: 0.4ms
[2024-04-24T11:50:25.784+0000][gc,phases   ] GC(38)   Other: 0.1ms
[2024-04-24T11:50:25.784+0000][gc,heap     ] GC(38) Eden regions: 606->0(606)
[2024-04-24T11:50:25.784+0000][gc,heap     ] GC(38) Survivor regions: 8->8(77)
[2024-04-24T11:50:25.784+0000][gc,heap     ] GC(38) Old regions: 33->33
[2024-04-24T11:50:25.784+0000][gc,heap     ] GC(38) Archive regions: 2->2
[2024-04-24T11:50:25.784+0000][gc,heap     ] GC(38) Humongous regions: 129->129
[2024-04-24T11:50:25.784+0000][gc,metaspace] GC(38) Metaspace: 42850K(43456K)->42850K(43456K) NonClass: 37854K(38208K)->37854K(38208K) Class: 4995K(5248K)->4995K(5248K)
[2024-04-24T11:50:25.784+0000][gc          ] GC(38) Pause Young (Normal) (G1 Evacuation Pause) 775M->169M(1024M) 4.131ms
[2024-04-24T11:50:25.784+0000][gc,cpu      ] GC(38) User=0.03s Sys=0.00s Real=0.00s
[2024-04-24T11:50:28.965+0000][gc,start    ] GC(39) Pause Young (Normal) (G1 Evacuation Pause)
[2024-04-24T11:50:28.965+0000][gc,task     ] GC(39) Using 8 workers of 8 for evacuation
[2024-04-24T11:50:28.969+0000][gc,phases   ] GC(39)   Pre Evacuate Collection Set: 0.1ms
[2024-04-24T11:50:28.969+0000][gc,phases   ] GC(39)   Merge Heap Roots: 0.1ms
[2024-04-24T11:50:28.969+0000][gc,phases   ] GC(39)   Evacuate Collection Set: 3.5ms
[2024-04-24T11:50:28.969+0000][gc,phases   ] GC(39)   Post Evacuate Collection Set: 0.4ms
[2024-04-24T11:50:28.969+0000][gc,phases   ] GC(39)   Other: 0.1ms
[2024-04-24T11:50:28.969+0000][gc,heap     ] GC(39) Eden regions: 606->0(606)
[2024-04-24T11:50:28.969+0000][gc,heap     ] GC(39) Survivor regions: 8->8(77)
[2024-04-24T11:50:28.969+0000][gc,heap     ] GC(39) Old regions: 33->33
[2024-04-24T11:50:28.969+0000][gc,heap     ] GC(39) Archive regions: 2->2
[2024-04-24T11:50:28.969+0000][gc,heap     ] GC(39) Humongous regions: 129->129
[2024-04-24T11:50:28.969+0000][gc,metaspace] GC(39) Metaspace: 42850K(43456K)->42850K(43456K) NonClass: 37854K(38208K)->37854K(38208K) Class: 4995K(5248K)->4995K(5248K)
[2024-04-24T11:50:28.969+0000][gc          ] GC(39) Pause Young (Normal) (G1 Evacuation Pause) 775M->170M(1024M) 4.262ms
[2024-04-24T11:50:28.969+0000][gc,cpu      ] GC(39) User=0.03s Sys=0.00s Real=0.00s
[2024-04-24T11:50:32.124+0000][gc,start    ] GC(40) Pause Young (Normal) (G1 Evacuation Pause)
[2024-04-24T11:50:32.124+0000][gc,task     ] GC(40) Using 8 workers of 8 for evacuation
[2024-04-24T11:50:32.128+0000][gc,phases   ] GC(40)   Pre Evacuate Collection Set: 0.1ms
[2024-04-24T11:50:32.128+0000][gc,phases   ] GC(40)   Merge Heap Roots: 0.1ms
[2024-04-24T11:50:32.128+0000][gc,phases   ] GC(40)   Evacuate Collection Set: 3.4ms
[2024-04-24T11:50:32.128+0000][gc,phases   ] GC(40)   Post Evacuate Collection Set: 0.4ms
[2024-04-24T11:50:32.128+0000][gc,phases   ] GC(40)   Other: 0.1ms
[2024-04-24T11:50:32.128+0000][gc,heap     ] GC(40) Eden regions: 606->0(606)
[2024-04-24T11:50:32.128+0000][gc,heap     ] GC(40) Survivor regions: 8->8(77)
[2024-04-24T11:50:32.128+0000][gc,heap     ] GC(40) Old regions: 33->34
[2024-04-24T11:50:32.128+0000][gc,heap     ] GC(40) Archive regions: 2->2
[2024-04-24T11:50:32.128+0000][gc,heap     ] GC(40) Humongous regions: 129->129
[2024-04-24T11:50:32.128+0000][gc,metaspace] GC(40) Metaspace: 42850K(43456K)->42850K(43456K) NonClass: 37854K(38208K)->37854K(38208K) Class: 4995K(5248K)->4995K(5248K)
[2024-04-24T11:50:32.128+0000][gc          ] GC(40) Pause Young (Normal) (G1 Evacuation Pause) 776M->170M(1024M) 4.216ms
[2024-04-24T11:50:32.128+0000][gc,cpu      ] GC(40) User=0.02s Sys=0.00s Real=0.00s
[2024-04-24T11:50:35.057+0000][gc,start    ] GC(41) Pause Young (Normal) (G1 Evacuation Pause)
[2024-04-24T11:50:35.057+0000][gc,task     ] GC(41) Using 8 workers of 8 for evacuation
[2024-04-24T11:50:35.061+0000][gc,phases   ] GC(41)   Pre Evacuate Collection Set: 0.1ms
[2024-04-24T11:50:35.061+0000][gc,phases   ] GC(41)   Merge Heap Roots: 0.1ms
[2024-04-24T11:50:35.061+0000][gc,phases   ] GC(41)   Evacuate Collection Set: 3.4ms
[2024-04-24T11:50:35.061+0000][gc,phases   ] GC(41)   Post Evacuate Collection Set: 0.5ms
[2024-04-24T11:50:35.061+0000][gc,phases   ] GC(41)   Other: 0.1ms
[2024-04-24T11:50:35.061+0000][gc,heap     ] GC(41) Eden regions: 606->0(606)
[2024-04-24T11:50:35.061+0000][gc,heap     ] GC(41) Survivor regions: 8->8(77)
[2024-04-24T11:50:35.061+0000][gc,heap     ] GC(41) Old regions: 34->34
[2024-04-24T11:50:35.061+0000][gc,heap     ] GC(41) Archive regions: 2->2
[2024-04-24T11:50:35.061+0000][gc,heap     ] GC(41) Humongous regions: 129->129
[2024-04-24T11:50:35.061+0000][gc,metaspace] GC(41) Metaspace: 42850K(43456K)->42850K(43456K) NonClass: 37854K(38208K)->37854K(38208K) Class: 4995K(5248K)->4995K(5248K)
[2024-04-24T11:50:35.061+0000][gc          ] GC(41) Pause Young (Normal) (G1 Evacuation Pause) 776M->170M(1024M) 4.200ms
[2024-04-24T11:50:35.061+0000][gc,cpu      ] GC(41) User=0.02s Sys=0.00s Real=0.00s
[2024-04-24T11:50:38.286+0000][gc,start    ] GC(42) Pause Young (Normal) (G1 Evacuation Pause)
[2024-04-24T11:50:38.286+0000][gc,task     ] GC(42) Using 8 workers of 8 for evacuation
[2024-04-24T11:50:38.290+0000][gc,phases   ] GC(42)   Pre Evacuate Collection Set: 0.1ms
[2024-04-24T11:50:38.290+0000][gc,phases   ] GC(42)   Merge Heap Roots: 0.1ms
[2024-04-24T11:50:38.290+0000][gc,phases   ] GC(42)   Evacuate Collection Set: 3.2ms
[2024-04-24T11:50:38.290+0000][gc,phases   ] GC(42)   Post Evacuate Collection Set: 0.4ms
[2024-04-24T11:50:38.290+0000][gc,phases   ] GC(42)   Other: 0.1ms
[2024-04-24T11:50:38.290+0000][gc,heap     ] GC(42) Eden regions: 606->0(607)
[2024-04-24T11:50:38.290+0000][gc,heap     ] GC(42) Survivor regions: 8->7(77)
[2024-04-24T11:50:38.290+0000][gc,heap     ] GC(42) Old regions: 34->34
[2024-04-24T11:50:38.290+0000][gc,heap     ] GC(42) Archive regions: 2->2
[2024-04-24T11:50:38.290+0000][gc,heap     ] GC(42) Humongous regions: 129->129
[2024-04-24T11:50:38.290+0000][gc,metaspace] GC(42) Metaspace: 42850K(43456K)->42850K(43456K) NonClass: 37854K(38208K)->37854K(38208K) Class: 4995K(5248K)->4995K(5248K)
[2024-04-24T11:50:38.290+0000][gc          ] GC(42) Pause Young (Normal) (G1 Evacuation Pause) 776M->170M(1024M) 4.021ms
[2024-04-24T11:50:38.290+0000][gc,cpu      ] GC(42) User=0.03s Sys=0.00s Real=0.00s
[2024-04-24T11:50:41.257+0000][gc,start    ] GC(43) Pause Young (Normal) (G1 Evacuation Pause)
[2024-04-24T11:50:41.257+0000][gc,task     ] GC(43) Using 8 workers of 8 for evacuation
[2024-04-24T11:50:41.261+0000][gc,phases   ] GC(43)   Pre Evacuate Collection Set: 0.1ms
[2024-04-24T11:50:41.261+0000][gc,phases   ] GC(43)   Merge Heap Roots: 0.1ms
[2024-04-24T11:50:41.261+0000][gc,phases   ] GC(43)   Evacuate Collection Set: 3.1ms
[2024-04-24T11:50:41.261+0000][gc,phases   ] GC(43)   Post Evacuate Collection Set: 0.4ms
[2024-04-24T11:50:41.261+0000][gc,phases   ] GC(43)   Other: 0.1ms
[2024-04-24T11:50:41.261+0000][gc,heap     ] GC(43) Eden regions: 607->0(607)
[2024-04-24T11:50:41.261+0000][gc,heap     ] GC(43) Survivor regions: 7->7(77)
[2024-04-24T11:50:41.261+0000][gc,heap     ] GC(43) Old regions: 34->34
[2024-04-24T11:50:41.261+0000][gc,heap     ] GC(43) Archive regions: 2->2
[2024-04-24T11:50:41.261+0000][gc,heap     ] GC(43) Humongous regions: 129->129
[2024-04-24T11:50:41.261+0000][gc,metaspace] GC(43) Metaspace: 42850K(43456K)->42850K(43456K) NonClass: 37854K(38208K)->37854K(38208K) Class: 4995K(5248K)->4995K(5248K)
[2024-04-24T11:50:41.261+0000][gc          ] GC(43) Pause Young (Normal) (G1 Evacuation Pause) 777M->170M(1024M) 3.931ms
[2024-04-24T11:50:41.261+0000][gc,cpu      ] GC(43) User=0.02s Sys=0.00s Real=0.00s
[2024-04-24T11:50:44.396+0000][gc,start    ] GC(44) Pause Young (Normal) (G1 Evacuation Pause)
[2024-04-24T11:50:44.396+0000][gc,task     ] GC(44) Using 8 workers of 8 for evacuation
[2024-04-24T11:50:44.400+0000][gc,phases   ] GC(44)   Pre Evacuate Collection Set: 0.1ms
[2024-04-24T11:50:44.400+0000][gc,phases   ] GC(44)   Merge Heap Roots: 0.1ms
[2024-04-24T11:50:44.400+0000][gc,phases   ] GC(44)   Evacuate Collection Set: 3.1ms
[2024-04-24T11:50:44.400+0000][gc,phases   ] GC(44)   Post Evacuate Collection Set: 0.4ms
[2024-04-24T11:50:44.400+0000][gc,phases   ] GC(44)   Other: 0.1ms
[2024-04-24T11:50:44.400+0000][gc,heap     ] GC(44) Eden regions: 607->0(610)
[2024-04-24T11:50:44.400+0000][gc,heap     ] GC(44) Survivor regions: 7->4(77)
[2024-04-24T11:50:44.400+0000][gc,heap     ] GC(44) Old regions: 34->38
[2024-04-24T11:50:44.400+0000][gc,heap     ] GC(44) Archive regions: 2->2
[2024-04-24T11:50:44.400+0000][gc,heap     ] GC(44) Humongous regions: 129->129
[2024-04-24T11:50:44.400+0000][gc,metaspace] GC(44) Metaspace: 42850K(43456K)->42850K(43456K) NonClass: 37854K(38208K)->37854K(38208K) Class: 4995K(5248K)->4995K(5248K)
[2024-04-24T11:50:44.400+0000][gc          ] GC(44) Pause Young (Normal) (G1 Evacuation Pause) 777M->170M(1024M) 3.920ms
[2024-04-24T11:50:44.400+0000][gc,cpu      ] GC(44) User=0.02s Sys=0.00s Real=0.00s
[2024-04-24T11:50:47.492+0000][gc,start    ] GC(45) Pause Young (Normal) (G1 Evacuation Pause)
[2024-04-24T11:50:47.492+0000][gc,task     ] GC(45) Using 8 workers of 8 for evacuation
[2024-04-24T11:50:47.494+0000][gc,phases   ] GC(45)   Pre Evacuate Collection Set: 0.1ms
[2024-04-24T11:50:47.494+0000][gc,phases   ] GC(45)   Merge Heap Roots: 0.1ms
[2024-04-24T11:50:47.494+0000][gc,phases   ] GC(45)   Evacuate Collection Set: 1.5ms
[2024-04-24T11:50:47.494+0000][gc,phases   ] GC(45)   Post Evacuate Collection Set: 0.4ms
[2024-04-24T11:50:47.494+0000][gc,phases   ] GC(45)   Other: 0.1ms
[2024-04-24T11:50:47.494+0000][gc,heap     ] GC(45) Eden regions: 610->0(611)
[2024-04-24T11:50:47.494+0000][gc,heap     ] GC(45) Survivor regions: 4->3(77)
[2024-04-24T11:50:47.494+0000][gc,heap     ] GC(45) Old regions: 38->39
[2024-04-24T11:50:47.494+0000][gc,heap     ] GC(45) Archive regions: 2->2
[2024-04-24T11:50:47.494+0000][gc,heap     ] GC(45) Humongous regions: 129->129
[2024-04-24T11:50:47.494+0000][gc,metaspace] GC(45) Metaspace: 42850K(43456K)->42850K(43456K) NonClass: 37854K(38208K)->37854K(38208K) Class: 4995K(5248K)->4995K(5248K)
[2024-04-24T11:50:47.494+0000][gc          ] GC(45) Pause Young (Normal) (G1 Evacuation Pause) 780M->170M(1024M) 2.215ms
[2024-04-24T11:50:47.494+0000][gc,cpu      ] GC(45) User=0.01s Sys=0.00s Real=0.01s
[2024-04-24T11:50:50.445+0000][gc,start    ] GC(46) Pause Young (Normal) (G1 Evacuation Pause)
[2024-04-24T11:50:50.445+0000][gc,task     ] GC(46) Using 8 workers of 8 for evacuation
[2024-04-24T11:50:50.447+0000][gc,phases   ] GC(46)   Pre Evacuate Collection Set: 0.1ms
[2024-04-24T11:50:50.447+0000][gc,phases   ] GC(46)   Merge Heap Roots: 0.1ms
[2024-04-24T11:50:50.447+0000][gc,phases   ] GC(46)   Evacuate Collection Set: 1.4ms
[2024-04-24T11:50:50.447+0000][gc,phases   ] GC(46)   Post Evacuate Collection Set: 0.5ms
[2024-04-24T11:50:50.447+0000][gc,phases   ] GC(46)   Other: 0.1ms
[2024-04-24T11:50:50.447+0000][gc,heap     ] GC(46) Eden regions: 611->0(611)
[2024-04-24T11:50:50.447+0000][gc,heap     ] GC(46) Survivor regions: 3->3(77)
[2024-04-24T11:50:50.447+0000][gc,heap     ] GC(46) Old regions: 39->39
[2024-04-24T11:50:50.447+0000][gc,heap     ] GC(46) Archive regions: 2->2
[2024-04-24T11:50:50.447+0000][gc,heap     ] GC(46) Humongous regions: 129->129
[2024-04-24T11:50:50.447+0000][gc,metaspace] GC(46) Metaspace: 42850K(43456K)->42850K(43456K) NonClass: 37854K(38208K)->37854K(38208K) Class: 4995K(5248K)->4995K(5248K)
[2024-04-24T11:50:50.447+0000][gc          ] GC(46) Pause Young (Normal) (G1 Evacuation Pause) 781M->170M(1024M) 2.199ms
[2024-04-24T11:50:50.447+0000][gc,cpu      ] GC(46) User=0.00s Sys=0.00s Real=0.00s
[2024-04-24T11:50:53.568+0000][gc,start    ] GC(47) Pause Young (Normal) (G1 Evacuation Pause)
[2024-04-24T11:50:53.568+0000][gc,task     ] GC(47) Using 8 workers of 8 for evacuation
[2024-04-24T11:50:53.570+0000][gc,phases   ] GC(47)   Pre Evacuate Collection Set: 0.1ms
[2024-04-24T11:50:53.570+0000][gc,phases   ] GC(47)   Merge Heap Roots: 0.1ms
[2024-04-24T11:50:53.570+0000][gc,phases   ] GC(47)   Evacuate Collection Set: 1.1ms
[2024-04-24T11:50:53.570+0000][gc,phases   ] GC(47)   Post Evacuate Collection Set: 0.4ms
[2024-04-24T11:50:53.570+0000][gc,phases   ] GC(47)   Other: 0.1ms
[2024-04-24T11:50:53.570+0000][gc,heap     ] GC(47) Eden regions: 611->0(612)
[2024-04-24T11:50:53.570+0000][gc,heap     ] GC(47) Survivor regions: 3->2(77)
[2024-04-24T11:50:53.570+0000][gc,heap     ] GC(47) Old regions: 39->40
[2024-04-24T11:50:53.570+0000][gc,heap     ] GC(47) Archive regions: 2->2
[2024-04-24T11:50:53.570+0000][gc,heap     ] GC(47) Humongous regions: 129->129
[2024-04-24T11:50:53.570+0000][gc,metaspace] GC(47) Metaspace: 42850K(43456K)->42850K(43456K) NonClass: 37854K(38208K)->37854K(38208K) Class: 4995K(5248K)->4995K(5248K)
[2024-04-24T11:50:53.570+0000][gc          ] GC(47) Pause Young (Normal) (G1 Evacuation Pause) 781M->170M(1024M) 1.869ms
[2024-04-24T11:50:53.570+0000][gc,cpu      ] GC(47) User=0.01s Sys=0.01s Real=0.00s
[2024-04-24T11:50:56.535+0000][gc,start    ] GC(48) Pause Young (Normal) (G1 Evacuation Pause)
[2024-04-24T11:50:56.535+0000][gc,task     ] GC(48) Using 8 workers of 8 for evacuation
[2024-04-24T11:50:56.537+0000][gc,phases   ] GC(48)   Pre Evacuate Collection Set: 0.1ms
[2024-04-24T11:50:56.537+0000][gc,phases   ] GC(48)   Merge Heap Roots: 0.1ms
[2024-04-24T11:50:56.537+0000][gc,phases   ] GC(48)   Evacuate Collection Set: 1.1ms
[2024-04-24T11:50:56.537+0000][gc,phases   ] GC(48)   Post Evacuate Collection Set: 0.4ms
[2024-04-24T11:50:56.537+0000][gc,phases   ] GC(48)   Other: 0.1ms
[2024-04-24T11:50:56.537+0000][gc,heap     ] GC(48) Eden regions: 612->0(612)
[2024-04-24T11:50:56.537+0000][gc,heap     ] GC(48) Survivor regions: 2->2(77)
[2024-04-24T11:50:56.537+0000][gc,heap     ] GC(48) Old regions: 40->40
[2024-04-24T11:50:56.537+0000][gc,heap     ] GC(48) Archive regions: 2->2
[2024-04-24T11:50:56.537+0000][gc,heap     ] GC(48) Humongous regions: 129->129
[2024-04-24T11:50:56.537+0000][gc,metaspace] GC(48) Metaspace: 42851K(43456K)->42851K(43456K) NonClass: 37855K(38208K)->37855K(38208K) Class: 4995K(5248K)->4995K(5248K)
[2024-04-24T11:50:56.537+0000][gc          ] GC(48) Pause Young (Normal) (G1 Evacuation Pause) 782M->170M(1024M) 1.823ms
[2024-04-24T11:50:56.537+0000][gc,cpu      ] GC(48) User=0.01s Sys=0.00s Real=0.00s
[2024-04-24T11:54:36.486+0000][gc,heap,exit] Heap
[2024-04-24T11:54:36.486+0000][gc,heap,exit]  garbage-first heap   total 1048576K, used 253689K [0x00000000c0000000, 0x0000000100000000)
[2024-04-24T11:54:36.486+0000][gc,heap,exit]   region size 1024K, 79 young (80896K), 2 survivors (2048K)
[2024-04-24T11:54:36.486+0000][gc,heap,exit]  Metaspace       used 43746K, committed 44352K, reserved 1114112K
[2024-04-24T11:54:36.486+0000][gc,heap,exit]   class space    used 5171K, committed 5440K, reserved 1048576K
