[2024-04-24T11:01:15.250+0000][gc] Using G1
[2024-04-24T11:01:15.261+0000][gc,init] Version: 17.0.10+7-Ubuntu-120.04.1 (release)
[2024-04-24T11:01:15.261+0000][gc,init] CPUs: 8 total, 8 available
[2024-04-24T11:01:15.261+0000][gc,init] Memory: 32059M
[2024-04-24T11:01:15.261+0000][gc,init] Large Page Support: Disabled
[2024-04-24T11:01:15.261+0000][gc,init] NUMA Support: Disabled
[2024-04-24T11:01:15.261+0000][gc,init] Compressed Oops: Enabled (32-bit)
[2024-04-24T11:01:15.261+0000][gc,init] Heap Region Size: 1M
[2024-04-24T11:01:15.261+0000][gc,init] Heap Min Capacity: 1G
[2024-04-24T11:01:15.261+0000][gc,init] Heap Initial Capacity: 1G
[2024-04-24T11:01:15.261+0000][gc,init] Heap Max Capacity: 1G
[2024-04-24T11:01:15.261+0000][gc,init] Pre-touch: Disabled
[2024-04-24T11:01:15.261+0000][gc,init] Parallel Workers: 8
[2024-04-24T11:01:15.261+0000][gc,init] Concurrent Workers: 2
[2024-04-24T11:01:15.261+0000][gc,init] Concurrent Refinement Workers: 8
[2024-04-24T11:01:15.261+0000][gc,init] Periodic GC: Disabled
[2024-04-24T11:01:15.266+0000][gc,metaspace] CDS archive(s) mapped at: [0x00007fdcf3000000-0x00007fdcf3bc7000-0x00007fdcf3bc7000), size 12349440, SharedBaseAddress: 0x00007fdcf3000000, ArchiveRelocationMode: 1.
[2024-04-24T11:01:15.266+0000][gc,metaspace] Compressed class space mapped at: 0x00007fdcf4000000-0x00007fdd34000000, reserved size: 1073741824
[2024-04-24T11:01:15.266+0000][gc,metaspace] Narrow klass base: 0x00007fdcf3000000, Narrow klass shift: 0, Narrow klass range: 0x100000000
[2024-04-24T11:01:16.136+0000][gc,start    ] GC(0) Pause Young (Normal) (G1 Evacuation Pause)
[2024-04-24T11:01:16.137+0000][gc,task     ] GC(0) Using 8 workers of 8 for evacuation
[2024-04-24T11:01:16.141+0000][gc,phases   ] GC(0)   Pre Evacuate Collection Set: 0.1ms
[2024-04-24T11:01:16.141+0000][gc,phases   ] GC(0)   Merge Heap Roots: 0.1ms
[2024-04-24T11:01:16.141+0000][gc,phases   ] GC(0)   Evacuate Collection Set: 3.2ms
[2024-04-24T11:01:16.141+0000][gc,phases   ] GC(0)   Post Evacuate Collection Set: 0.4ms
[2024-04-24T11:01:16.141+0000][gc,phases   ] GC(0)   Other: 0.7ms
[2024-04-24T11:01:16.141+0000][gc,heap     ] GC(0) Eden regions: 51->0(44)
[2024-04-24T11:01:16.141+0000][gc,heap     ] GC(0) Survivor regions: 0->7(7)
[2024-04-24T11:01:16.141+0000][gc,heap     ] GC(0) Old regions: 0->6
[2024-04-24T11:01:16.141+0000][gc,heap     ] GC(0) Archive regions: 2->2
[2024-04-24T11:01:16.141+0000][gc,heap     ] GC(0) Humongous regions: 0->0
[2024-04-24T11:01:16.141+0000][gc,metaspace] GC(0) Metaspace: 15637K(15872K)->15637K(15872K) NonClass: 13742K(13824K)->13742K(13824K) Class: 1895K(2048K)->1895K(2048K)
[2024-04-24T11:01:16.141+0000][gc          ] GC(0) Pause Young (Normal) (G1 Evacuation Pause) 51M->13M(1024M) 4.556ms
[2024-04-24T11:01:16.141+0000][gc,cpu      ] GC(0) User=0.03s Sys=0.00s Real=0.00s
[2024-04-24T11:01:16.333+0000][gc,start    ] GC(1) Pause Young (Concurrent Start) (Metadata GC Threshold)
[2024-04-24T11:01:16.333+0000][gc,task     ] GC(1) Using 8 workers of 8 for evacuation
[2024-04-24T11:01:16.336+0000][gc,phases   ] GC(1)   Pre Evacuate Collection Set: 0.1ms
[2024-04-24T11:01:16.336+0000][gc,phases   ] GC(1)   Merge Heap Roots: 0.0ms
[2024-04-24T11:01:16.336+0000][gc,phases   ] GC(1)   Evacuate Collection Set: 2.7ms
[2024-04-24T11:01:16.336+0000][gc,phases   ] GC(1)   Post Evacuate Collection Set: 0.3ms
[2024-04-24T11:01:16.336+0000][gc,phases   ] GC(1)   Other: 0.2ms
[2024-04-24T11:01:16.336+0000][gc,heap     ] GC(1) Eden regions: 21->0(49)
[2024-04-24T11:01:16.336+0000][gc,heap     ] GC(1) Survivor regions: 7->2(7)
[2024-04-24T11:01:16.336+0000][gc,heap     ] GC(1) Old regions: 6->13
[2024-04-24T11:01:16.336+0000][gc,heap     ] GC(1) Archive regions: 2->2
[2024-04-24T11:01:16.336+0000][gc,heap     ] GC(1) Humongous regions: 0->0
[2024-04-24T11:01:16.336+0000][gc,metaspace] GC(1) Metaspace: 21263K(21504K)->21263K(21504K) NonClass: 18698K(18816K)->18698K(18816K) Class: 2564K(2688K)->2564K(2688K)
[2024-04-24T11:01:16.336+0000][gc          ] GC(1) Pause Young (Concurrent Start) (Metadata GC Threshold) 34M->15M(1024M) 3.434ms
[2024-04-24T11:01:16.336+0000][gc,cpu      ] GC(1) User=0.02s Sys=0.01s Real=0.00s
[2024-04-24T11:01:16.336+0000][gc          ] GC(2) Concurrent Mark Cycle
[2024-04-24T11:01:16.336+0000][gc,marking  ] GC(2) Concurrent Clear Claimed Marks
[2024-04-24T11:01:16.336+0000][gc,marking  ] GC(2) Concurrent Clear Claimed Marks 0.017ms
[2024-04-24T11:01:16.336+0000][gc,marking  ] GC(2) Concurrent Scan Root Regions
[2024-04-24T11:01:16.338+0000][gc,marking  ] GC(2) Concurrent Scan Root Regions 1.504ms
[2024-04-24T11:01:16.338+0000][gc,marking  ] GC(2) Concurrent Mark
[2024-04-24T11:01:16.338+0000][gc,marking  ] GC(2) Concurrent Mark From Roots
[2024-04-24T11:01:16.338+0000][gc,task     ] GC(2) Using 2 workers of 2 for marking
[2024-04-24T11:01:16.340+0000][gc,marking  ] GC(2) Concurrent Mark From Roots 1.954ms
[2024-04-24T11:01:16.340+0000][gc,marking  ] GC(2) Concurrent Preclean
[2024-04-24T11:01:16.340+0000][gc,marking  ] GC(2) Concurrent Preclean 0.075ms
[2024-04-24T11:01:16.340+0000][gc,start    ] GC(2) Pause Remark
[2024-04-24T11:01:16.341+0000][gc          ] GC(2) Pause Remark 15M->15M(1024M) 1.119ms
[2024-04-24T11:01:16.341+0000][gc,cpu      ] GC(2) User=0.00s Sys=0.00s Real=0.00s
[2024-04-24T11:01:16.341+0000][gc,marking  ] GC(2) Concurrent Mark 3.318ms
[2024-04-24T11:01:16.341+0000][gc,marking  ] GC(2) Concurrent Rebuild Remembered Sets
[2024-04-24T11:01:16.343+0000][gc,marking  ] GC(2) Concurrent Rebuild Remembered Sets 1.694ms
[2024-04-24T11:01:16.343+0000][gc,start    ] GC(2) Pause Cleanup
[2024-04-24T11:01:16.343+0000][gc          ] GC(2) Pause Cleanup 15M->15M(1024M) 0.123ms
[2024-04-24T11:01:16.343+0000][gc,cpu      ] GC(2) User=0.00s Sys=0.00s Real=0.00s
[2024-04-24T11:01:16.343+0000][gc,marking  ] GC(2) Concurrent Cleanup for Next Mark
[2024-04-24T11:01:16.346+0000][gc,marking  ] GC(2) Concurrent Cleanup for Next Mark 3.157ms
[2024-04-24T11:01:16.346+0000][gc          ] GC(2) Concurrent Mark Cycle 10.051ms
[2024-04-24T11:01:16.872+0000][gc,start    ] GC(3) Pause Young (Normal) (G1 Evacuation Pause)
[2024-04-24T11:01:16.872+0000][gc,task     ] GC(3) Using 8 workers of 8 for evacuation
[2024-04-24T11:01:16.876+0000][gc,phases   ] GC(3)   Pre Evacuate Collection Set: 0.1ms
[2024-04-24T11:01:16.876+0000][gc,phases   ] GC(3)   Merge Heap Roots: 0.1ms
[2024-04-24T11:01:16.876+0000][gc,phases   ] GC(3)   Evacuate Collection Set: 2.6ms
[2024-04-24T11:01:16.876+0000][gc,phases   ] GC(3)   Post Evacuate Collection Set: 0.6ms
[2024-04-24T11:01:16.876+0000][gc,phases   ] GC(3)   Other: 0.1ms
[2024-04-24T11:01:16.876+0000][gc,heap     ] GC(3) Eden regions: 49->0(45)
[2024-04-24T11:01:16.876+0000][gc,heap     ] GC(3) Survivor regions: 2->6(7)
[2024-04-24T11:01:16.876+0000][gc,heap     ] GC(3) Old regions: 13->13
[2024-04-24T11:01:16.876+0000][gc,heap     ] GC(3) Archive regions: 2->2
[2024-04-24T11:01:16.876+0000][gc,heap     ] GC(3) Humongous regions: 129->129
[2024-04-24T11:01:16.876+0000][gc,metaspace] GC(3) Metaspace: 30102K(30336K)->30102K(30336K) NonClass: 26695K(26816K)->26695K(26816K) Class: 3406K(3520K)->3406K(3520K)
[2024-04-24T11:01:16.876+0000][gc          ] GC(3) Pause Young (Normal) (G1 Evacuation Pause) 193M->147M(1024M) 3.593ms
[2024-04-24T11:01:16.876+0000][gc,cpu      ] GC(3) User=0.02s Sys=0.00s Real=0.00s
[2024-04-24T11:01:17.131+0000][gc,start    ] GC(4) Pause Young (Concurrent Start) (Metadata GC Threshold)
[2024-04-24T11:01:17.131+0000][gc,task     ] GC(4) Using 8 workers of 8 for evacuation
[2024-04-24T11:01:17.136+0000][gc,phases   ] GC(4)   Pre Evacuate Collection Set: 0.1ms
[2024-04-24T11:01:17.136+0000][gc,phases   ] GC(4)   Merge Heap Roots: 0.0ms
[2024-04-24T11:01:17.136+0000][gc,phases   ] GC(4)   Evacuate Collection Set: 4.7ms
[2024-04-24T11:01:17.136+0000][gc,phases   ] GC(4)   Post Evacuate Collection Set: 0.3ms
[2024-04-24T11:01:17.136+0000][gc,phases   ] GC(4)   Other: 0.2ms
[2024-04-24T11:01:17.136+0000][gc,heap     ] GC(4) Eden regions: 27->0(48)
[2024-04-24T11:01:17.136+0000][gc,heap     ] GC(4) Survivor regions: 6->3(7)
[2024-04-24T11:01:17.136+0000][gc,heap     ] GC(4) Old regions: 13->18
[2024-04-24T11:01:17.136+0000][gc,heap     ] GC(4) Archive regions: 2->2
[2024-04-24T11:01:17.136+0000][gc,heap     ] GC(4) Humongous regions: 129->129
[2024-04-24T11:01:17.136+0000][gc,metaspace] GC(4) Metaspace: 35830K(36096K)->35830K(36096K) NonClass: 31818K(31936K)->31818K(31936K) Class: 4012K(4160K)->4012K(4160K)
[2024-04-24T11:01:17.136+0000][gc          ] GC(4) Pause Young (Concurrent Start) (Metadata GC Threshold) 174M->149M(1024M) 5.397ms
[2024-04-24T11:01:17.136+0000][gc,cpu      ] GC(4) User=0.04s Sys=0.00s Real=0.01s
[2024-04-24T11:01:17.136+0000][gc          ] GC(5) Concurrent Mark Cycle
[2024-04-24T11:01:17.136+0000][gc,marking  ] GC(5) Concurrent Clear Claimed Marks
[2024-04-24T11:01:17.136+0000][gc,marking  ] GC(5) Concurrent Clear Claimed Marks 0.023ms
[2024-04-24T11:01:17.136+0000][gc,marking  ] GC(5) Concurrent Scan Root Regions
[2024-04-24T11:01:17.139+0000][gc,marking  ] GC(5) Concurrent Scan Root Regions 2.875ms
[2024-04-24T11:01:17.139+0000][gc,marking  ] GC(5) Concurrent Mark
[2024-04-24T11:01:17.139+0000][gc,marking  ] GC(5) Concurrent Mark From Roots
[2024-04-24T11:01:17.139+0000][gc,task     ] GC(5) Using 2 workers of 2 for marking
[2024-04-24T11:01:17.146+0000][gc,marking  ] GC(5) Concurrent Mark From Roots 7.158ms
[2024-04-24T11:01:17.146+0000][gc,marking  ] GC(5) Concurrent Preclean
[2024-04-24T11:01:17.147+0000][gc,marking  ] GC(5) Concurrent Preclean 0.242ms
[2024-04-24T11:01:17.147+0000][gc,start    ] GC(5) Pause Remark
[2024-04-24T11:01:17.149+0000][gc          ] GC(5) Pause Remark 150M->150M(1024M) 1.862ms
[2024-04-24T11:01:17.149+0000][gc,cpu      ] GC(5) User=0.02s Sys=0.00s Real=0.00s
[2024-04-24T11:01:17.149+0000][gc,marking  ] GC(5) Concurrent Mark 9.483ms
[2024-04-24T11:01:17.149+0000][gc,marking  ] GC(5) Concurrent Rebuild Remembered Sets
[2024-04-24T11:01:17.157+0000][gc,marking  ] GC(5) Concurrent Rebuild Remembered Sets 7.980ms
[2024-04-24T11:01:17.157+0000][gc,start    ] GC(5) Pause Cleanup
[2024-04-24T11:01:17.157+0000][gc          ] GC(5) Pause Cleanup 150M->150M(1024M) 0.214ms
[2024-04-24T11:01:17.157+0000][gc,cpu      ] GC(5) User=0.00s Sys=0.00s Real=0.00s
[2024-04-24T11:01:17.157+0000][gc,marking  ] GC(5) Concurrent Cleanup for Next Mark
[2024-04-24T11:01:17.162+0000][gc,marking  ] GC(5) Concurrent Cleanup for Next Mark 5.106ms
[2024-04-24T11:01:17.162+0000][gc          ] GC(5) Concurrent Mark Cycle 26.174ms
[2024-04-24T11:01:38.263+0000][gc,start    ] GC(6) Pause Young (Prepare Mixed) (G1 Evacuation Pause)
[2024-04-24T11:01:38.263+0000][gc,task     ] GC(6) Using 8 workers of 8 for evacuation
[2024-04-24T11:01:38.269+0000][gc,phases   ] GC(6)   Pre Evacuate Collection Set: 0.1ms
[2024-04-24T11:01:38.269+0000][gc,phases   ] GC(6)   Merge Heap Roots: 0.1ms
[2024-04-24T11:01:38.269+0000][gc,phases   ] GC(6)   Evacuate Collection Set: 5.7ms
[2024-04-24T11:01:38.269+0000][gc,phases   ] GC(6)   Post Evacuate Collection Set: 0.6ms
[2024-04-24T11:01:38.269+0000][gc,phases   ] GC(6)   Other: 0.1ms
[2024-04-24T11:01:38.269+0000][gc,heap     ] GC(6) Eden regions: 48->0(46)
[2024-04-24T11:01:38.269+0000][gc,heap     ] GC(6) Survivor regions: 3->5(7)
[2024-04-24T11:01:38.269+0000][gc,heap     ] GC(6) Old regions: 18->18
[2024-04-24T11:01:38.269+0000][gc,heap     ] GC(6) Archive regions: 2->2
[2024-04-24T11:01:38.269+0000][gc,heap     ] GC(6) Humongous regions: 159->129
[2024-04-24T11:01:38.269+0000][gc,metaspace] GC(6) Metaspace: 41783K(42368K)->41783K(42368K) NonClass: 36853K(37184K)->36853K(37184K) Class: 4930K(5184K)->4930K(5184K)
[2024-04-24T11:01:38.269+0000][gc          ] GC(6) Pause Young (Prepare Mixed) (G1 Evacuation Pause) 227M->152M(1024M) 6.641ms
[2024-04-24T11:01:38.269+0000][gc,cpu      ] GC(6) User=0.03s Sys=0.00s Real=0.01s
[2024-04-24T11:01:39.148+0000][gc,start    ] GC(7) Pause Young (Mixed) (G1 Evacuation Pause)
[2024-04-24T11:01:39.148+0000][gc,task     ] GC(7) Using 8 workers of 8 for evacuation
[2024-04-24T11:01:39.154+0000][gc,phases   ] GC(7)   Pre Evacuate Collection Set: 0.1ms
[2024-04-24T11:01:39.154+0000][gc,phases   ] GC(7)   Merge Heap Roots: 0.1ms
[2024-04-24T11:01:39.154+0000][gc,phases   ] GC(7)   Evacuate Collection Set: 5.4ms
[2024-04-24T11:01:39.154+0000][gc,phases   ] GC(7)   Post Evacuate Collection Set: 0.4ms
[2024-04-24T11:01:39.154+0000][gc,phases   ] GC(7)   Other: 0.1ms
[2024-04-24T11:01:39.154+0000][gc,heap     ] GC(7) Eden regions: 46->0(47)
[2024-04-24T11:01:39.154+0000][gc,heap     ] GC(7) Survivor regions: 5->4(7)
[2024-04-24T11:01:39.154+0000][gc,heap     ] GC(7) Old regions: 18->20
[2024-04-24T11:01:39.154+0000][gc,heap     ] GC(7) Archive regions: 2->2
[2024-04-24T11:01:39.154+0000][gc,heap     ] GC(7) Humongous regions: 129->129
[2024-04-24T11:01:39.154+0000][gc,metaspace] GC(7) Metaspace: 42172K(42752K)->42172K(42752K) NonClass: 37242K(37568K)->37242K(37568K) Class: 4930K(5184K)->4930K(5184K)
[2024-04-24T11:01:39.154+0000][gc          ] GC(7) Pause Young (Mixed) (G1 Evacuation Pause) 198M->152M(1024M) 6.082ms
[2024-04-24T11:01:39.154+0000][gc,cpu      ] GC(7) User=0.03s Sys=0.00s Real=0.01s
[2024-04-24T11:01:39.845+0000][gc,start    ] GC(8) Pause Young (Normal) (G1 Evacuation Pause)
[2024-04-24T11:01:39.845+0000][gc,task     ] GC(8) Using 8 workers of 8 for evacuation
[2024-04-24T11:01:39.849+0000][gc,phases   ] GC(8)   Pre Evacuate Collection Set: 0.1ms
[2024-04-24T11:01:39.849+0000][gc,phases   ] GC(8)   Merge Heap Roots: 0.0ms
[2024-04-24T11:01:39.849+0000][gc,phases   ] GC(8)   Evacuate Collection Set: 3.4ms
[2024-04-24T11:01:39.849+0000][gc,phases   ] GC(8)   Post Evacuate Collection Set: 0.4ms
[2024-04-24T11:01:39.849+0000][gc,phases   ] GC(8)   Other: 0.1ms
[2024-04-24T11:01:39.849+0000][gc,heap     ] GC(8) Eden regions: 47->0(47)
[2024-04-24T11:01:39.849+0000][gc,heap     ] GC(8) Survivor regions: 4->4(7)
[2024-04-24T11:01:39.849+0000][gc,heap     ] GC(8) Old regions: 20->20
[2024-04-24T11:01:39.849+0000][gc,heap     ] GC(8) Archive regions: 2->2
[2024-04-24T11:01:39.849+0000][gc,heap     ] GC(8) Humongous regions: 129->129
[2024-04-24T11:01:39.849+0000][gc,metaspace] GC(8) Metaspace: 42197K(42752K)->42197K(42752K) NonClass: 37266K(37568K)->37266K(37568K) Class: 4931K(5184K)->4931K(5184K)
[2024-04-24T11:01:39.849+0000][gc          ] GC(8) Pause Young (Normal) (G1 Evacuation Pause) 199M->153M(1024M) 4.119ms
[2024-04-24T11:01:39.849+0000][gc,cpu      ] GC(8) User=0.02s Sys=0.00s Real=0.00s
[2024-04-24T11:01:40.445+0000][gc,start    ] GC(9) Pause Young (Normal) (G1 Evacuation Pause)
[2024-04-24T11:01:40.445+0000][gc,task     ] GC(9) Using 8 workers of 8 for evacuation
[2024-04-24T11:01:40.449+0000][gc,phases   ] GC(9)   Pre Evacuate Collection Set: 0.1ms
[2024-04-24T11:01:40.449+0000][gc,phases   ] GC(9)   Merge Heap Roots: 0.1ms
[2024-04-24T11:01:40.449+0000][gc,phases   ] GC(9)   Evacuate Collection Set: 4.1ms
[2024-04-24T11:01:40.449+0000][gc,phases   ] GC(9)   Post Evacuate Collection Set: 0.3ms
[2024-04-24T11:01:40.449+0000][gc,phases   ] GC(9)   Other: 0.1ms
[2024-04-24T11:01:40.449+0000][gc,heap     ] GC(9) Eden regions: 47->0(77)
[2024-04-24T11:01:40.449+0000][gc,heap     ] GC(9) Survivor regions: 4->2(7)
[2024-04-24T11:01:40.450+0000][gc,heap     ] GC(9) Old regions: 20->22
[2024-04-24T11:01:40.450+0000][gc,heap     ] GC(9) Archive regions: 2->2
[2024-04-24T11:01:40.450+0000][gc,heap     ] GC(9) Humongous regions: 129->129
[2024-04-24T11:01:40.450+0000][gc,metaspace] GC(9) Metaspace: 42197K(42752K)->42197K(42752K) NonClass: 37266K(37568K)->37266K(37568K) Class: 4931K(5184K)->4931K(5184K)
[2024-04-24T11:01:40.450+0000][gc          ] GC(9) Pause Young (Normal) (G1 Evacuation Pause) 200M->153M(1024M) 4.735ms
[2024-04-24T11:01:40.450+0000][gc,cpu      ] GC(9) User=0.02s Sys=0.00s Real=0.00s
[2024-04-24T11:01:41.299+0000][gc,start    ] GC(10) Pause Young (Normal) (G1 Evacuation Pause)
[2024-04-24T11:01:41.299+0000][gc,task     ] GC(10) Using 8 workers of 8 for evacuation
[2024-04-24T11:01:41.301+0000][gc,phases   ] GC(10)   Pre Evacuate Collection Set: 0.1ms
[2024-04-24T11:01:41.301+0000][gc,phases   ] GC(10)   Merge Heap Roots: 0.0ms
[2024-04-24T11:01:41.301+0000][gc,phases   ] GC(10)   Evacuate Collection Set: 1.7ms
[2024-04-24T11:01:41.301+0000][gc,phases   ] GC(10)   Post Evacuate Collection Set: 0.3ms
[2024-04-24T11:01:41.301+0000][gc,phases   ] GC(10)   Other: 0.1ms
[2024-04-24T11:01:41.301+0000][gc,heap     ] GC(10) Eden regions: 77->0(177)
[2024-04-24T11:01:41.301+0000][gc,heap     ] GC(10) Survivor regions: 2->3(10)
[2024-04-24T11:01:41.301+0000][gc,heap     ] GC(10) Old regions: 22->22
[2024-04-24T11:01:41.301+0000][gc,heap     ] GC(10) Archive regions: 2->2
[2024-04-24T11:01:41.301+0000][gc,heap     ] GC(10) Humongous regions: 129->129
[2024-04-24T11:01:41.301+0000][gc,metaspace] GC(10) Metaspace: 42217K(42816K)->42217K(42816K) NonClass: 37281K(37632K)->37281K(37632K) Class: 4936K(5184K)->4936K(5184K)
[2024-04-24T11:01:41.301+0000][gc          ] GC(10) Pause Young (Normal) (G1 Evacuation Pause) 230M->154M(1024M) 2.436ms
[2024-04-24T11:01:41.301+0000][gc,cpu      ] GC(10) User=0.01s Sys=0.00s Real=0.00s
[2024-04-24T11:01:43.293+0000][gc,start    ] GC(11) Pause Young (Normal) (G1 Evacuation Pause)
[2024-04-24T11:01:43.293+0000][gc,task     ] GC(11) Using 8 workers of 8 for evacuation
[2024-04-24T11:01:43.298+0000][gc,phases   ] GC(11)   Pre Evacuate Collection Set: 0.1ms
[2024-04-24T11:01:43.298+0000][gc,phases   ] GC(11)   Merge Heap Roots: 0.1ms
[2024-04-24T11:01:43.298+0000][gc,phases   ] GC(11)   Evacuate Collection Set: 3.8ms
[2024-04-24T11:01:43.298+0000][gc,phases   ] GC(11)   Post Evacuate Collection Set: 0.4ms
[2024-04-24T11:01:43.298+0000][gc,phases   ] GC(11)   Other: 0.1ms
[2024-04-24T11:01:43.298+0000][gc,heap     ] GC(11) Eden regions: 177->0(219)
[2024-04-24T11:01:43.298+0000][gc,heap     ] GC(11) Survivor regions: 3->5(23)
[2024-04-24T11:01:43.298+0000][gc,heap     ] GC(11) Old regions: 22->22
[2024-04-24T11:01:43.298+0000][gc,heap     ] GC(11) Archive regions: 2->2
[2024-04-24T11:01:43.298+0000][gc,heap     ] GC(11) Humongous regions: 129->129
[2024-04-24T11:01:43.298+0000][gc,metaspace] GC(11) Metaspace: 42391K(43008K)->42391K(43008K) NonClass: 37407K(37760K)->37407K(37760K) Class: 4983K(5248K)->4983K(5248K)
[2024-04-24T11:01:43.298+0000][gc          ] GC(11) Pause Young (Normal) (G1 Evacuation Pause) 331M->155M(1024M) 4.574ms
[2024-04-24T11:01:43.298+0000][gc,cpu      ] GC(11) User=0.02s Sys=0.00s Real=0.00s
[2024-04-24T11:01:45.560+0000][gc,start    ] GC(12) Pause Young (Normal) (G1 Evacuation Pause)
[2024-04-24T11:01:45.560+0000][gc,task     ] GC(12) Using 8 workers of 8 for evacuation
[2024-04-24T11:01:45.565+0000][gc,phases   ] GC(12)   Pre Evacuate Collection Set: 0.1ms
[2024-04-24T11:01:45.565+0000][gc,phases   ] GC(12)   Merge Heap Roots: 0.0ms
[2024-04-24T11:01:45.565+0000][gc,phases   ] GC(12)   Evacuate Collection Set: 4.0ms
[2024-04-24T11:01:45.565+0000][gc,phases   ] GC(12)   Post Evacuate Collection Set: 0.3ms
[2024-04-24T11:01:45.565+0000][gc,phases   ] GC(12)   Other: 0.1ms
[2024-04-24T11:01:45.565+0000][gc,heap     ] GC(12) Eden regions: 219->0(321)
[2024-04-24T11:01:45.565+0000][gc,heap     ] GC(12) Survivor regions: 5->6(28)
[2024-04-24T11:01:45.565+0000][gc,heap     ] GC(12) Old regions: 22->22
[2024-04-24T11:01:45.565+0000][gc,heap     ] GC(12) Archive regions: 2->2
[2024-04-24T11:01:45.565+0000][gc,heap     ] GC(12) Humongous regions: 129->129
[2024-04-24T11:01:45.565+0000][gc,metaspace] GC(12) Metaspace: 42394K(43008K)->42394K(43008K) NonClass: 37410K(37760K)->37410K(37760K) Class: 4983K(5248K)->4983K(5248K)
[2024-04-24T11:01:45.565+0000][gc          ] GC(12) Pause Young (Normal) (G1 Evacuation Pause) 374M->157M(1024M) 4.665ms
[2024-04-24T11:01:45.565+0000][gc,cpu      ] GC(12) User=0.01s Sys=0.00s Real=0.01s
[2024-04-24T11:01:47.643+0000][gc,start    ] GC(13) Pause Young (Normal) (G1 Evacuation Pause)
[2024-04-24T11:01:47.643+0000][gc,task     ] GC(13) Using 8 workers of 8 for evacuation
[2024-04-24T11:01:47.650+0000][gc,phases   ] GC(13)   Pre Evacuate Collection Set: 0.1ms
[2024-04-24T11:01:47.650+0000][gc,phases   ] GC(13)   Merge Heap Roots: 0.1ms
[2024-04-24T11:01:47.650+0000][gc,phases   ] GC(13)   Evacuate Collection Set: 6.2ms
[2024-04-24T11:01:47.650+0000][gc,phases   ] GC(13)   Post Evacuate Collection Set: 0.4ms
[2024-04-24T11:01:47.650+0000][gc,phases   ] GC(13)   Other: 0.1ms
[2024-04-24T11:01:47.650+0000][gc,heap     ] GC(13) Eden regions: 321->0(524)
[2024-04-24T11:01:47.650+0000][gc,heap     ] GC(13) Survivor regions: 6->7(41)
[2024-04-24T11:01:47.650+0000][gc,heap     ] GC(13) Old regions: 22->22
[2024-04-24T11:01:47.650+0000][gc,heap     ] GC(13) Archive regions: 2->2
[2024-04-24T11:01:47.650+0000][gc,heap     ] GC(13) Humongous regions: 129->129
[2024-04-24T11:01:47.650+0000][gc,metaspace] GC(13) Metaspace: 42551K(43072K)->42551K(43072K) NonClass: 37530K(37824K)->37530K(37824K) Class: 5021K(5248K)->5021K(5248K)
[2024-04-24T11:01:47.650+0000][gc          ] GC(13) Pause Young (Normal) (G1 Evacuation Pause) 478M->158M(1024M) 7.049ms
[2024-04-24T11:01:47.650+0000][gc,cpu      ] GC(13) User=0.03s Sys=0.00s Real=0.01s
[2024-04-24T11:01:50.514+0000][gc,start    ] GC(14) Pause Young (Normal) (G1 Evacuation Pause)
[2024-04-24T11:01:50.515+0000][gc,task     ] GC(14) Using 8 workers of 8 for evacuation
[2024-04-24T11:01:50.521+0000][gc,phases   ] GC(14)   Pre Evacuate Collection Set: 0.1ms
[2024-04-24T11:01:50.521+0000][gc,phases   ] GC(14)   Merge Heap Roots: 0.1ms
[2024-04-24T11:01:50.521+0000][gc,phases   ] GC(14)   Evacuate Collection Set: 5.3ms
[2024-04-24T11:01:50.521+0000][gc,phases   ] GC(14)   Post Evacuate Collection Set: 0.5ms
[2024-04-24T11:01:50.521+0000][gc,phases   ] GC(14)   Other: 0.1ms
[2024-04-24T11:01:50.521+0000][gc,heap     ] GC(14) Eden regions: 524->0(605)
[2024-04-24T11:01:50.521+0000][gc,heap     ] GC(14) Survivor regions: 7->9(67)
[2024-04-24T11:01:50.521+0000][gc,heap     ] GC(14) Old regions: 22->22
[2024-04-24T11:01:50.521+0000][gc,heap     ] GC(14) Archive regions: 2->2
[2024-04-24T11:01:50.521+0000][gc,heap     ] GC(14) Humongous regions: 129->129
[2024-04-24T11:01:50.521+0000][gc,metaspace] GC(14) Metaspace: 42556K(43072K)->42556K(43072K) NonClass: 37535K(37824K)->37535K(37824K) Class: 5021K(5248K)->5021K(5248K)
[2024-04-24T11:01:50.521+0000][gc          ] GC(14) Pause Young (Normal) (G1 Evacuation Pause) 682M->160M(1024M) 6.211ms
[2024-04-24T11:01:50.521+0000][gc,cpu      ] GC(14) User=0.01s Sys=0.02s Real=0.00s
[2024-04-24T11:01:53.226+0000][gc,start    ] GC(15) Pause Young (Normal) (G1 Evacuation Pause)
[2024-04-24T11:01:53.226+0000][gc,task     ] GC(15) Using 8 workers of 8 for evacuation
[2024-04-24T11:01:53.232+0000][gc,phases   ] GC(15)   Pre Evacuate Collection Set: 0.1ms
[2024-04-24T11:01:53.232+0000][gc,phases   ] GC(15)   Merge Heap Roots: 0.1ms
[2024-04-24T11:01:53.232+0000][gc,phases   ] GC(15)   Evacuate Collection Set: 5.2ms
[2024-04-24T11:01:53.232+0000][gc,phases   ] GC(15)   Post Evacuate Collection Set: 0.5ms
[2024-04-24T11:01:53.232+0000][gc,phases   ] GC(15)   Other: 0.1ms
[2024-04-24T11:01:53.232+0000][gc,heap     ] GC(15) Eden regions: 605->0(604)
[2024-04-24T11:01:53.232+0000][gc,heap     ] GC(15) Survivor regions: 9->10(77)
[2024-04-24T11:01:53.232+0000][gc,heap     ] GC(15) Old regions: 22->22
[2024-04-24T11:01:53.232+0000][gc,heap     ] GC(15) Archive regions: 2->2
[2024-04-24T11:01:53.232+0000][gc,heap     ] GC(15) Humongous regions: 129->129
[2024-04-24T11:01:53.232+0000][gc,metaspace] GC(15) Metaspace: 42556K(43072K)->42556K(43072K) NonClass: 37535K(37824K)->37535K(37824K) Class: 5021K(5248K)->5021K(5248K)
[2024-04-24T11:01:53.232+0000][gc          ] GC(15) Pause Young (Normal) (G1 Evacuation Pause) 765M->161M(1024M) 6.011ms
[2024-04-24T11:01:53.232+0000][gc,cpu      ] GC(15) User=0.03s Sys=0.00s Real=0.00s
[2024-04-24T11:01:55.969+0000][gc,start    ] GC(16) Pause Young (Normal) (G1 Evacuation Pause)
[2024-04-24T11:01:55.969+0000][gc,task     ] GC(16) Using 8 workers of 8 for evacuation
[2024-04-24T11:01:55.975+0000][gc,phases   ] GC(16)   Pre Evacuate Collection Set: 0.1ms
[2024-04-24T11:01:55.975+0000][gc,phases   ] GC(16)   Merge Heap Roots: 0.1ms
[2024-04-24T11:01:55.975+0000][gc,phases   ] GC(16)   Evacuate Collection Set: 5.0ms
[2024-04-24T11:01:55.975+0000][gc,phases   ] GC(16)   Post Evacuate Collection Set: 0.5ms
[2024-04-24T11:01:55.975+0000][gc,phases   ] GC(16)   Other: 0.1ms
[2024-04-24T11:01:55.975+0000][gc,heap     ] GC(16) Eden regions: 604->0(603)
[2024-04-24T11:01:55.975+0000][gc,heap     ] GC(16) Survivor regions: 10->11(77)
[2024-04-24T11:01:55.975+0000][gc,heap     ] GC(16) Old regions: 22->22
[2024-04-24T11:01:55.975+0000][gc,heap     ] GC(16) Archive regions: 2->2
[2024-04-24T11:01:55.975+0000][gc,heap     ] GC(16) Humongous regions: 129->129
[2024-04-24T11:01:55.975+0000][gc,metaspace] GC(16) Metaspace: 42560K(43136K)->42560K(43136K) NonClass: 37539K(37888K)->37539K(37888K) Class: 5021K(5248K)->5021K(5248K)
[2024-04-24T11:01:55.975+0000][gc          ] GC(16) Pause Young (Normal) (G1 Evacuation Pause) 765M->161M(1024M) 5.806ms
[2024-04-24T11:01:55.975+0000][gc,cpu      ] GC(16) User=0.03s Sys=0.00s Real=0.01s
[2024-04-24T11:01:58.812+0000][gc,start    ] GC(17) Pause Young (Normal) (G1 Evacuation Pause)
[2024-04-24T11:01:58.812+0000][gc,task     ] GC(17) Using 8 workers of 8 for evacuation
[2024-04-24T11:01:58.818+0000][gc,phases   ] GC(17)   Pre Evacuate Collection Set: 0.1ms
[2024-04-24T11:01:58.818+0000][gc,phases   ] GC(17)   Merge Heap Roots: 0.1ms
[2024-04-24T11:01:58.818+0000][gc,phases   ] GC(17)   Evacuate Collection Set: 4.9ms
[2024-04-24T11:01:58.818+0000][gc,phases   ] GC(17)   Post Evacuate Collection Set: 0.5ms
[2024-04-24T11:01:58.818+0000][gc,phases   ] GC(17)   Other: 0.1ms
[2024-04-24T11:01:58.818+0000][gc,heap     ] GC(17) Eden regions: 603->0(603)
[2024-04-24T11:01:58.818+0000][gc,heap     ] GC(17) Survivor regions: 11->11(77)
[2024-04-24T11:01:58.818+0000][gc,heap     ] GC(17) Old regions: 22->22
[2024-04-24T11:01:58.818+0000][gc,heap     ] GC(17) Archive regions: 2->2
[2024-04-24T11:01:58.818+0000][gc,heap     ] GC(17) Humongous regions: 129->129
[2024-04-24T11:01:58.818+0000][gc,metaspace] GC(17) Metaspace: 42560K(43136K)->42560K(43136K) NonClass: 37539K(37888K)->37539K(37888K) Class: 5021K(5248K)->5021K(5248K)
[2024-04-24T11:01:58.818+0000][gc          ] GC(17) Pause Young (Normal) (G1 Evacuation Pause) 764M->162M(1024M) 5.744ms
[2024-04-24T11:01:58.818+0000][gc,cpu      ] GC(17) User=0.03s Sys=0.00s Real=0.00s
[2024-04-24T11:02:01.699+0000][gc,start    ] GC(18) Pause Young (Normal) (G1 Evacuation Pause)
[2024-04-24T11:02:01.699+0000][gc,task     ] GC(18) Using 8 workers of 8 for evacuation
[2024-04-24T11:02:01.705+0000][gc,phases   ] GC(18)   Pre Evacuate Collection Set: 0.1ms
[2024-04-24T11:02:01.705+0000][gc,phases   ] GC(18)   Merge Heap Roots: 0.1ms
[2024-04-24T11:02:01.705+0000][gc,phases   ] GC(18)   Evacuate Collection Set: 5.1ms
[2024-04-24T11:02:01.705+0000][gc,phases   ] GC(18)   Post Evacuate Collection Set: 0.5ms
[2024-04-24T11:02:01.705+0000][gc,phases   ] GC(18)   Other: 0.1ms
[2024-04-24T11:02:01.705+0000][gc,heap     ] GC(18) Eden regions: 603->0(602)
[2024-04-24T11:02:01.705+0000][gc,heap     ] GC(18) Survivor regions: 11->12(77)
[2024-04-24T11:02:01.705+0000][gc,heap     ] GC(18) Old regions: 22->22
[2024-04-24T11:02:01.705+0000][gc,heap     ] GC(18) Archive regions: 2->2
[2024-04-24T11:02:01.705+0000][gc,heap     ] GC(18) Humongous regions: 129->129
[2024-04-24T11:02:01.705+0000][gc,metaspace] GC(18) Metaspace: 42571K(43200K)->42571K(43200K) NonClass: 37550K(37952K)->37550K(37952K) Class: 5021K(5248K)->5021K(5248K)
[2024-04-24T11:02:01.705+0000][gc          ] GC(18) Pause Young (Normal) (G1 Evacuation Pause) 765M->163M(1024M) 5.945ms
[2024-04-24T11:02:01.705+0000][gc,cpu      ] GC(18) User=0.03s Sys=0.01s Real=0.01s
[2024-04-24T11:02:04.451+0000][gc,start    ] GC(19) Pause Young (Normal) (G1 Evacuation Pause)
[2024-04-24T11:02:04.451+0000][gc,task     ] GC(19) Using 8 workers of 8 for evacuation
[2024-04-24T11:02:04.457+0000][gc,phases   ] GC(19)   Pre Evacuate Collection Set: 0.1ms
[2024-04-24T11:02:04.457+0000][gc,phases   ] GC(19)   Merge Heap Roots: 0.1ms
[2024-04-24T11:02:04.457+0000][gc,phases   ] GC(19)   Evacuate Collection Set: 5.3ms
[2024-04-24T11:02:04.457+0000][gc,phases   ] GC(19)   Post Evacuate Collection Set: 0.5ms
[2024-04-24T11:02:04.457+0000][gc,phases   ] GC(19)   Other: 0.1ms
[2024-04-24T11:02:04.457+0000][gc,heap     ] GC(19) Eden regions: 602->0(602)
[2024-04-24T11:02:04.457+0000][gc,heap     ] GC(19) Survivor regions: 12->12(77)
[2024-04-24T11:02:04.457+0000][gc,heap     ] GC(19) Old regions: 22->22
[2024-04-24T11:02:04.457+0000][gc,heap     ] GC(19) Archive regions: 2->2
[2024-04-24T11:02:04.457+0000][gc,heap     ] GC(19) Humongous regions: 129->129
[2024-04-24T11:02:04.457+0000][gc,metaspace] GC(19) Metaspace: 42572K(43200K)->42572K(43200K) NonClass: 37551K(37952K)->37551K(37952K) Class: 5021K(5248K)->5021K(5248K)
[2024-04-24T11:02:04.457+0000][gc          ] GC(19) Pause Young (Normal) (G1 Evacuation Pause) 765M->163M(1024M) 6.129ms
[2024-04-24T11:02:04.457+0000][gc,cpu      ] GC(19) User=0.03s Sys=0.00s Real=0.01s
[2024-04-24T11:02:07.325+0000][gc,start    ] GC(20) Pause Young (Normal) (G1 Evacuation Pause)
[2024-04-24T11:02:07.325+0000][gc,task     ] GC(20) Using 8 workers of 8 for evacuation
[2024-04-24T11:02:07.331+0000][gc,phases   ] GC(20)   Pre Evacuate Collection Set: 0.1ms
[2024-04-24T11:02:07.331+0000][gc,phases   ] GC(20)   Merge Heap Roots: 0.1ms
[2024-04-24T11:02:07.331+0000][gc,phases   ] GC(20)   Evacuate Collection Set: 6.0ms
[2024-04-24T11:02:07.331+0000][gc,phases   ] GC(20)   Post Evacuate Collection Set: 0.5ms
[2024-04-24T11:02:07.331+0000][gc,phases   ] GC(20)   Other: 0.1ms
[2024-04-24T11:02:07.331+0000][gc,heap     ] GC(20) Eden regions: 602->0(601)
[2024-04-24T11:02:07.331+0000][gc,heap     ] GC(20) Survivor regions: 12->13(77)
[2024-04-24T11:02:07.331+0000][gc,heap     ] GC(20) Old regions: 22->22
[2024-04-24T11:02:07.331+0000][gc,heap     ] GC(20) Archive regions: 2->2
[2024-04-24T11:02:07.331+0000][gc,heap     ] GC(20) Humongous regions: 129->129
[2024-04-24T11:02:07.331+0000][gc,metaspace] GC(20) Metaspace: 42572K(43200K)->42572K(43200K) NonClass: 37551K(37952K)->37551K(37952K) Class: 5021K(5248K)->5021K(5248K)
[2024-04-24T11:02:07.331+0000][gc          ] GC(20) Pause Young (Normal) (G1 Evacuation Pause) 765M->164M(1024M) 6.824ms
[2024-04-24T11:02:07.331+0000][gc,cpu      ] GC(20) User=0.03s Sys=0.00s Real=0.00s
[2024-04-24T11:02:10.210+0000][gc,start    ] GC(21) Pause Young (Normal) (G1 Evacuation Pause)
[2024-04-24T11:02:10.210+0000][gc,task     ] GC(21) Using 8 workers of 8 for evacuation
[2024-04-24T11:02:10.216+0000][gc,phases   ] GC(21)   Pre Evacuate Collection Set: 0.1ms
[2024-04-24T11:02:10.216+0000][gc,phases   ] GC(21)   Merge Heap Roots: 0.1ms
[2024-04-24T11:02:10.216+0000][gc,phases   ] GC(21)   Evacuate Collection Set: 5.6ms
[2024-04-24T11:02:10.216+0000][gc,phases   ] GC(21)   Post Evacuate Collection Set: 0.5ms
[2024-04-24T11:02:10.216+0000][gc,phases   ] GC(21)   Other: 0.1ms
[2024-04-24T11:02:10.216+0000][gc,heap     ] GC(21) Eden regions: 601->0(601)
[2024-04-24T11:02:10.216+0000][gc,heap     ] GC(21) Survivor regions: 13->13(77)
[2024-04-24T11:02:10.216+0000][gc,heap     ] GC(21) Old regions: 22->22
[2024-04-24T11:02:10.216+0000][gc,heap     ] GC(21) Archive regions: 2->2
[2024-04-24T11:02:10.216+0000][gc,heap     ] GC(21) Humongous regions: 129->129
[2024-04-24T11:02:10.216+0000][gc,metaspace] GC(21) Metaspace: 42574K(43200K)->42574K(43200K) NonClass: 37553K(37952K)->37553K(37952K) Class: 5021K(5248K)->5021K(5248K)
[2024-04-24T11:02:10.216+0000][gc          ] GC(21) Pause Young (Normal) (G1 Evacuation Pause) 765M->164M(1024M) 6.418ms
[2024-04-24T11:02:10.216+0000][gc,cpu      ] GC(21) User=0.03s Sys=0.00s Real=0.01s
[2024-04-24T11:02:13.076+0000][gc,start    ] GC(22) Pause Young (Normal) (G1 Evacuation Pause)
[2024-04-24T11:02:13.076+0000][gc,task     ] GC(22) Using 8 workers of 8 for evacuation
[2024-04-24T11:02:13.083+0000][gc,phases   ] GC(22)   Pre Evacuate Collection Set: 0.1ms
[2024-04-24T11:02:13.083+0000][gc,phases   ] GC(22)   Merge Heap Roots: 0.1ms
[2024-04-24T11:02:13.083+0000][gc,phases   ] GC(22)   Evacuate Collection Set: 6.8ms
[2024-04-24T11:02:13.083+0000][gc,phases   ] GC(22)   Post Evacuate Collection Set: 0.5ms
[2024-04-24T11:02:13.083+0000][gc,phases   ] GC(22)   Other: 0.1ms
[2024-04-24T11:02:13.083+0000][gc,heap     ] GC(22) Eden regions: 601->0(601)
[2024-04-24T11:02:13.084+0000][gc,heap     ] GC(22) Survivor regions: 13->13(77)
[2024-04-24T11:02:13.084+0000][gc,heap     ] GC(22) Old regions: 22->23
[2024-04-24T11:02:13.084+0000][gc,heap     ] GC(22) Archive regions: 2->2
[2024-04-24T11:02:13.084+0000][gc,heap     ] GC(22) Humongous regions: 129->129
[2024-04-24T11:02:13.084+0000][gc,metaspace] GC(22) Metaspace: 42574K(43200K)->42574K(43200K) NonClass: 37553K(37952K)->37553K(37952K) Class: 5021K(5248K)->5021K(5248K)
[2024-04-24T11:02:13.084+0000][gc          ] GC(22) Pause Young (Normal) (G1 Evacuation Pause) 765M->164M(1024M) 7.681ms
[2024-04-24T11:02:13.084+0000][gc,cpu      ] GC(22) User=0.03s Sys=0.00s Real=0.00s
[2024-04-24T11:02:15.926+0000][gc,start    ] GC(23) Pause Young (Normal) (G1 Evacuation Pause)
[2024-04-24T11:02:15.926+0000][gc,task     ] GC(23) Using 8 workers of 8 for evacuation
[2024-04-24T11:02:15.933+0000][gc,phases   ] GC(23)   Pre Evacuate Collection Set: 0.1ms
[2024-04-24T11:02:15.933+0000][gc,phases   ] GC(23)   Merge Heap Roots: 0.1ms
[2024-04-24T11:02:15.933+0000][gc,phases   ] GC(23)   Evacuate Collection Set: 5.8ms
[2024-04-24T11:02:15.933+0000][gc,phases   ] GC(23)   Post Evacuate Collection Set: 0.5ms
[2024-04-24T11:02:15.933+0000][gc,phases   ] GC(23)   Other: 0.1ms
[2024-04-24T11:02:15.933+0000][gc,heap     ] GC(23) Eden regions: 601->0(601)
[2024-04-24T11:02:15.933+0000][gc,heap     ] GC(23) Survivor regions: 13->13(77)
[2024-04-24T11:02:15.933+0000][gc,heap     ] GC(23) Old regions: 23->23
[2024-04-24T11:02:15.933+0000][gc,heap     ] GC(23) Archive regions: 2->2
[2024-04-24T11:02:15.933+0000][gc,heap     ] GC(23) Humongous regions: 129->129
[2024-04-24T11:02:15.933+0000][gc,metaspace] GC(23) Metaspace: 42574K(43200K)->42574K(43200K) NonClass: 37553K(37952K)->37553K(37952K) Class: 5021K(5248K)->5021K(5248K)
[2024-04-24T11:02:15.933+0000][gc          ] GC(23) Pause Young (Normal) (G1 Evacuation Pause) 765M->165M(1024M) 6.612ms
[2024-04-24T11:02:15.933+0000][gc,cpu      ] GC(23) User=0.04s Sys=0.00s Real=0.01s
[2024-04-24T11:02:18.769+0000][gc,start    ] GC(24) Pause Young (Normal) (G1 Evacuation Pause)
[2024-04-24T11:02:18.769+0000][gc,task     ] GC(24) Using 8 workers of 8 for evacuation
[2024-04-24T11:02:18.776+0000][gc,phases   ] GC(24)   Pre Evacuate Collection Set: 0.1ms
[2024-04-24T11:02:18.776+0000][gc,phases   ] GC(24)   Merge Heap Roots: 0.1ms
[2024-04-24T11:02:18.776+0000][gc,phases   ] GC(24)   Evacuate Collection Set: 6.1ms
[2024-04-24T11:02:18.776+0000][gc,phases   ] GC(24)   Post Evacuate Collection Set: 0.6ms
[2024-04-24T11:02:18.776+0000][gc,phases   ] GC(24)   Other: 0.2ms
[2024-04-24T11:02:18.776+0000][gc,heap     ] GC(24) Eden regions: 601->0(602)
[2024-04-24T11:02:18.776+0000][gc,heap     ] GC(24) Survivor regions: 13->12(77)
[2024-04-24T11:02:18.776+0000][gc,heap     ] GC(24) Old regions: 23->24
[2024-04-24T11:02:18.776+0000][gc,heap     ] GC(24) Archive regions: 2->2
[2024-04-24T11:02:18.776+0000][gc,heap     ] GC(24) Humongous regions: 129->129
[2024-04-24T11:02:18.776+0000][gc,metaspace] GC(24) Metaspace: 42584K(43200K)->42584K(43200K) NonClass: 37563K(37952K)->37563K(37952K) Class: 5021K(5248K)->5021K(5248K)
[2024-04-24T11:02:18.776+0000][gc          ] GC(24) Pause Young (Normal) (G1 Evacuation Pause) 766M->164M(1024M) 7.185ms
[2024-04-24T11:02:18.776+0000][gc,cpu      ] GC(24) User=0.03s Sys=0.01s Real=0.01s
[2024-04-24T11:02:21.565+0000][gc,start    ] GC(25) Pause Young (Normal) (G1 Evacuation Pause)
[2024-04-24T11:02:21.565+0000][gc,task     ] GC(25) Using 8 workers of 8 for evacuation
[2024-04-24T11:02:21.571+0000][gc,phases   ] GC(25)   Pre Evacuate Collection Set: 0.1ms
[2024-04-24T11:02:21.571+0000][gc,phases   ] GC(25)   Merge Heap Roots: 0.1ms
[2024-04-24T11:02:21.571+0000][gc,phases   ] GC(25)   Evacuate Collection Set: 5.8ms
[2024-04-24T11:02:21.571+0000][gc,phases   ] GC(25)   Post Evacuate Collection Set: 0.5ms
[2024-04-24T11:02:21.571+0000][gc,phases   ] GC(25)   Other: 0.1ms
[2024-04-24T11:02:21.571+0000][gc,heap     ] GC(25) Eden regions: 602->0(603)
[2024-04-24T11:02:21.571+0000][gc,heap     ] GC(25) Survivor regions: 12->11(77)
[2024-04-24T11:02:21.571+0000][gc,heap     ] GC(25) Old regions: 24->25
[2024-04-24T11:02:21.571+0000][gc,heap     ] GC(25) Archive regions: 2->2
[2024-04-24T11:02:21.571+0000][gc,heap     ] GC(25) Humongous regions: 129->129
[2024-04-24T11:02:21.571+0000][gc,metaspace] GC(25) Metaspace: 42584K(43200K)->42584K(43200K) NonClass: 37563K(37952K)->37563K(37952K) Class: 5021K(5248K)->5021K(5248K)
[2024-04-24T11:02:21.572+0000][gc          ] GC(25) Pause Young (Normal) (G1 Evacuation Pause) 766M->165M(1024M) 6.661ms
[2024-04-24T11:02:21.572+0000][gc,cpu      ] GC(25) User=0.03s Sys=0.00s Real=0.00s
[2024-04-24T11:02:26.208+0000][gc,start    ] GC(26) Pause Young (Normal) (G1 Evacuation Pause)
[2024-04-24T11:02:26.208+0000][gc,task     ] GC(26) Using 8 workers of 8 for evacuation
[2024-04-24T11:02:26.215+0000][gc,phases   ] GC(26)   Pre Evacuate Collection Set: 0.1ms
[2024-04-24T11:02:26.215+0000][gc,phases   ] GC(26)   Merge Heap Roots: 0.1ms
[2024-04-24T11:02:26.215+0000][gc,phases   ] GC(26)   Evacuate Collection Set: 5.8ms
[2024-04-24T11:02:26.215+0000][gc,phases   ] GC(26)   Post Evacuate Collection Set: 0.5ms
[2024-04-24T11:02:26.215+0000][gc,phases   ] GC(26)   Other: 0.1ms
[2024-04-24T11:02:26.215+0000][gc,heap     ] GC(26) Eden regions: 603->0(604)
[2024-04-24T11:02:26.215+0000][gc,heap     ] GC(26) Survivor regions: 11->10(77)
[2024-04-24T11:02:26.215+0000][gc,heap     ] GC(26) Old regions: 25->26
[2024-04-24T11:02:26.215+0000][gc,heap     ] GC(26) Archive regions: 2->2
[2024-04-24T11:02:26.215+0000][gc,heap     ] GC(26) Humongous regions: 129->129
[2024-04-24T11:02:26.215+0000][gc,metaspace] GC(26) Metaspace: 42590K(43200K)->42590K(43200K) NonClass: 37569K(37952K)->37569K(37952K) Class: 5021K(5248K)->5021K(5248K)
[2024-04-24T11:02:26.215+0000][gc          ] GC(26) Pause Young (Normal) (G1 Evacuation Pause) 768M->165M(1024M) 6.629ms
[2024-04-24T11:02:26.215+0000][gc,cpu      ] GC(26) User=0.02s Sys=0.00s Real=0.01s
[2024-04-24T11:02:28.735+0000][gc,start    ] GC(27) Pause Young (Normal) (G1 Evacuation Pause)
[2024-04-24T11:02:28.735+0000][gc,task     ] GC(27) Using 8 workers of 8 for evacuation
[2024-04-24T11:02:28.740+0000][gc,phases   ] GC(27)   Pre Evacuate Collection Set: 0.1ms
[2024-04-24T11:02:28.740+0000][gc,phases   ] GC(27)   Merge Heap Roots: 0.1ms
[2024-04-24T11:02:28.740+0000][gc,phases   ] GC(27)   Evacuate Collection Set: 5.0ms
[2024-04-24T11:02:28.740+0000][gc,phases   ] GC(27)   Post Evacuate Collection Set: 0.5ms
[2024-04-24T11:02:28.740+0000][gc,phases   ] GC(27)   Other: 0.1ms
[2024-04-24T11:02:28.740+0000][gc,heap     ] GC(27) Eden regions: 604->0(605)
[2024-04-24T11:02:28.740+0000][gc,heap     ] GC(27) Survivor regions: 10->9(77)
[2024-04-24T11:02:28.740+0000][gc,heap     ] GC(27) Old regions: 26->28
[2024-04-24T11:02:28.740+0000][gc,heap     ] GC(27) Archive regions: 2->2
[2024-04-24T11:02:28.740+0000][gc,heap     ] GC(27) Humongous regions: 129->129
[2024-04-24T11:02:28.740+0000][gc,metaspace] GC(27) Metaspace: 42591K(43200K)->42591K(43200K) NonClass: 37570K(37952K)->37570K(37952K) Class: 5021K(5248K)->5021K(5248K)
[2024-04-24T11:02:28.741+0000][gc          ] GC(27) Pause Young (Normal) (G1 Evacuation Pause) 769M->165M(1024M) 5.821ms
[2024-04-24T11:02:28.741+0000][gc,cpu      ] GC(27) User=0.03s Sys=0.00s Real=0.00s
[2024-04-24T11:02:31.347+0000][gc,start    ] GC(28) Pause Young (Normal) (G1 Evacuation Pause)
[2024-04-24T11:02:31.347+0000][gc,task     ] GC(28) Using 8 workers of 8 for evacuation
[2024-04-24T11:02:31.353+0000][gc,phases   ] GC(28)   Pre Evacuate Collection Set: 0.1ms
[2024-04-24T11:02:31.353+0000][gc,phases   ] GC(28)   Merge Heap Roots: 0.1ms
[2024-04-24T11:02:31.353+0000][gc,phases   ] GC(28)   Evacuate Collection Set: 4.9ms
[2024-04-24T11:02:31.353+0000][gc,phases   ] GC(28)   Post Evacuate Collection Set: 0.5ms
[2024-04-24T11:02:31.353+0000][gc,phases   ] GC(28)   Other: 0.1ms
[2024-04-24T11:02:31.353+0000][gc,heap     ] GC(28) Eden regions: 605->0(606)
[2024-04-24T11:02:31.353+0000][gc,heap     ] GC(28) Survivor regions: 9->8(77)
[2024-04-24T11:02:31.353+0000][gc,heap     ] GC(28) Old regions: 28->29
[2024-04-24T11:02:31.353+0000][gc,heap     ] GC(28) Archive regions: 2->2
[2024-04-24T11:02:31.353+0000][gc,heap     ] GC(28) Humongous regions: 129->129
[2024-04-24T11:02:31.353+0000][gc,metaspace] GC(28) Metaspace: 42591K(43200K)->42591K(43200K) NonClass: 37570K(37952K)->37570K(37952K) Class: 5021K(5248K)->5021K(5248K)
[2024-04-24T11:02:31.353+0000][gc          ] GC(28) Pause Young (Normal) (G1 Evacuation Pause) 770M->165M(1024M) 5.786ms
[2024-04-24T11:02:31.353+0000][gc,cpu      ] GC(28) User=0.03s Sys=0.00s Real=0.01s
[2024-04-24T11:02:34.206+0000][gc,start    ] GC(29) Pause Young (Normal) (G1 Evacuation Pause)
[2024-04-24T11:02:34.206+0000][gc,task     ] GC(29) Using 8 workers of 8 for evacuation
[2024-04-24T11:02:34.211+0000][gc,phases   ] GC(29)   Pre Evacuate Collection Set: 0.1ms
[2024-04-24T11:02:34.211+0000][gc,phases   ] GC(29)   Merge Heap Roots: 0.1ms
[2024-04-24T11:02:34.211+0000][gc,phases   ] GC(29)   Evacuate Collection Set: 4.4ms
[2024-04-24T11:02:34.211+0000][gc,phases   ] GC(29)   Post Evacuate Collection Set: 0.5ms
[2024-04-24T11:02:34.211+0000][gc,phases   ] GC(29)   Other: 0.1ms
[2024-04-24T11:02:34.211+0000][gc,heap     ] GC(29) Eden regions: 606->0(607)
[2024-04-24T11:02:34.211+0000][gc,heap     ] GC(29) Survivor regions: 8->7(77)
[2024-04-24T11:02:34.211+0000][gc,heap     ] GC(29) Old regions: 29->30
[2024-04-24T11:02:34.211+0000][gc,heap     ] GC(29) Archive regions: 2->2
[2024-04-24T11:02:34.211+0000][gc,heap     ] GC(29) Humongous regions: 129->129
[2024-04-24T11:02:34.211+0000][gc,metaspace] GC(29) Metaspace: 42603K(43200K)->42603K(43200K) NonClass: 37582K(37952K)->37582K(37952K) Class: 5021K(5248K)->5021K(5248K)
[2024-04-24T11:02:34.211+0000][gc          ] GC(29) Pause Young (Normal) (G1 Evacuation Pause) 771M->166M(1024M) 5.195ms
[2024-04-24T11:02:34.211+0000][gc,cpu      ] GC(29) User=0.03s Sys=0.00s Real=0.00s
[2024-04-24T11:02:37.012+0000][gc,start    ] GC(30) Pause Young (Normal) (G1 Evacuation Pause)
[2024-04-24T11:02:37.012+0000][gc,task     ] GC(30) Using 8 workers of 8 for evacuation
[2024-04-24T11:02:37.017+0000][gc,phases   ] GC(30)   Pre Evacuate Collection Set: 0.1ms
[2024-04-24T11:02:37.017+0000][gc,phases   ] GC(30)   Merge Heap Roots: 0.1ms
[2024-04-24T11:02:37.017+0000][gc,phases   ] GC(30)   Evacuate Collection Set: 3.8ms
[2024-04-24T11:02:37.017+0000][gc,phases   ] GC(30)   Post Evacuate Collection Set: 0.5ms
[2024-04-24T11:02:37.017+0000][gc,phases   ] GC(30)   Other: 0.1ms
[2024-04-24T11:02:37.017+0000][gc,heap     ] GC(30) Eden regions: 607->0(608)
[2024-04-24T11:02:37.017+0000][gc,heap     ] GC(30) Survivor regions: 7->6(77)
[2024-04-24T11:02:37.017+0000][gc,heap     ] GC(30) Old regions: 30->32
[2024-04-24T11:02:37.017+0000][gc,heap     ] GC(30) Archive regions: 2->2
[2024-04-24T11:02:37.017+0000][gc,heap     ] GC(30) Humongous regions: 129->129
[2024-04-24T11:02:37.017+0000][gc,metaspace] GC(30) Metaspace: 42603K(43200K)->42603K(43200K) NonClass: 37582K(37952K)->37582K(37952K) Class: 5021K(5248K)->5021K(5248K)
[2024-04-24T11:02:37.017+0000][gc          ] GC(30) Pause Young (Normal) (G1 Evacuation Pause) 773M->166M(1024M) 4.600ms
[2024-04-24T11:02:37.017+0000][gc,cpu      ] GC(30) User=0.02s Sys=0.00s Real=0.00s
[2024-04-24T11:24:07.256+0000][gc,heap,exit] Heap
[2024-04-24T11:24:07.257+0000][gc,heap,exit]  garbage-first heap   total 1048576K, used 355693K [0x00000000c0000000, 0x0000000100000000)
[2024-04-24T11:24:07.257+0000][gc,heap,exit]   region size 1024K, 187 young (191488K), 6 survivors (6144K)
[2024-04-24T11:24:07.257+0000][gc,heap,exit]  Metaspace       used 43948K, committed 44544K, reserved 1114112K
[2024-04-24T11:24:07.257+0000][gc,heap,exit]   class space    used 5247K, committed 5504K, reserved 1048576K
