[2024-04-24T06:11:38.092+0000][gc] Using G1
[2024-04-24T06:11:38.097+0000][gc,init] Version: 17.0.10+7-Ubuntu-120.04.1 (release)
[2024-04-24T06:11:38.098+0000][gc,init] CPUs: 8 total, 8 available
[2024-04-24T06:11:38.098+0000][gc,init] Memory: 32059M
[2024-04-24T06:11:38.098+0000][gc,init] Large Page Support: Disabled
[2024-04-24T06:11:38.098+0000][gc,init] NUMA Support: Disabled
[2024-04-24T06:11:38.098+0000][gc,init] Compressed Oops: Enabled (32-bit)
[2024-04-24T06:11:38.098+0000][gc,init] Heap Region Size: 1M
[2024-04-24T06:11:38.098+0000][gc,init] Heap Min Capacity: 1G
[2024-04-24T06:11:38.098+0000][gc,init] Heap Initial Capacity: 1G
[2024-04-24T06:11:38.098+0000][gc,init] Heap Max Capacity: 1G
[2024-04-24T06:11:38.098+0000][gc,init] Pre-touch: Disabled
[2024-04-24T06:11:38.098+0000][gc,init] Parallel Workers: 8
[2024-04-24T06:11:38.098+0000][gc,init] Concurrent Workers: 2
[2024-04-24T06:11:38.098+0000][gc,init] Concurrent Refinement Workers: 8
[2024-04-24T06:11:38.098+0000][gc,init] Periodic GC: Disabled
[2024-04-24T06:11:38.103+0000][gc,metaspace] CDS archive(s) mapped at: [0x00007fcf6b000000-0x00007fcf6bbc7000-0x00007fcf6bbc7000), size 12349440, SharedBaseAddress: 0x00007fcf6b000000, ArchiveRelocationMode: 1.
[2024-04-24T06:11:38.103+0000][gc,metaspace] Compressed class space mapped at: 0x00007fcf6c000000-0x00007fcfac000000, reserved size: 1073741824
[2024-04-24T06:11:38.103+0000][gc,metaspace] Narrow klass base: 0x00007fcf6b000000, Narrow klass shift: 0, Narrow klass range: 0x100000000
[2024-04-24T06:11:39.458+0000][gc,start    ] GC(0) Pause Young (Normal) (G1 Evacuation Pause)
[2024-04-24T06:11:39.476+0000][gc,task     ] GC(0) Using 8 workers of 8 for evacuation
[2024-04-24T06:11:39.481+0000][gc,phases   ] GC(0)   Pre Evacuate Collection Set: 0.1ms
[2024-04-24T06:11:39.481+0000][gc,phases   ] GC(0)   Merge Heap Roots: 0.1ms
[2024-04-24T06:11:39.481+0000][gc,phases   ] GC(0)   Evacuate Collection Set: 3.8ms
[2024-04-24T06:11:39.481+0000][gc,phases   ] GC(0)   Post Evacuate Collection Set: 0.6ms
[2024-04-24T06:11:39.481+0000][gc,phases   ] GC(0)   Other: 18.0ms
[2024-04-24T06:11:39.481+0000][gc,heap     ] GC(0) Eden regions: 51->0(44)
[2024-04-24T06:11:39.481+0000][gc,heap     ] GC(0) Survivor regions: 0->7(7)
[2024-04-24T06:11:39.481+0000][gc,heap     ] GC(0) Old regions: 0->6
[2024-04-24T06:11:39.481+0000][gc,heap     ] GC(0) Archive regions: 2->2
[2024-04-24T06:11:39.481+0000][gc,heap     ] GC(0) Humongous regions: 0->0
[2024-04-24T06:11:39.481+0000][gc,metaspace] GC(0) Metaspace: 15692K(15936K)->15692K(15936K) NonClass: 13791K(13888K)->13791K(13888K) Class: 1900K(2048K)->1900K(2048K)
[2024-04-24T06:11:39.481+0000][gc          ] GC(0) Pause Young (Normal) (G1 Evacuation Pause) 51M->13M(1024M) 22.611ms
[2024-04-24T06:11:39.481+0000][gc,cpu      ] GC(0) User=0.02s Sys=0.00s Real=0.02s
[2024-04-24T06:11:39.930+0000][gc,start    ] GC(1) Pause Young (Concurrent Start) (Metadata GC Threshold)
[2024-04-24T06:11:39.930+0000][gc,task     ] GC(1) Using 8 workers of 8 for evacuation
[2024-04-24T06:11:39.934+0000][gc,phases   ] GC(1)   Pre Evacuate Collection Set: 0.1ms
[2024-04-24T06:11:39.935+0000][gc,phases   ] GC(1)   Merge Heap Roots: 0.0ms
[2024-04-24T06:11:39.935+0000][gc,phases   ] GC(1)   Evacuate Collection Set: 4.1ms
[2024-04-24T06:11:39.935+0000][gc,phases   ] GC(1)   Post Evacuate Collection Set: 0.5ms
[2024-04-24T06:11:39.935+0000][gc,phases   ] GC(1)   Other: 0.2ms
[2024-04-24T06:11:39.935+0000][gc,heap     ] GC(1) Eden regions: 21->0(49)
[2024-04-24T06:11:39.935+0000][gc,heap     ] GC(1) Survivor regions: 7->2(7)
[2024-04-24T06:11:39.935+0000][gc,heap     ] GC(1) Old regions: 6->13
[2024-04-24T06:11:39.935+0000][gc,heap     ] GC(1) Archive regions: 2->2
[2024-04-24T06:11:39.935+0000][gc,heap     ] GC(1) Humongous regions: 0->0
[2024-04-24T06:11:39.935+0000][gc,metaspace] GC(1) Metaspace: 21288K(21504K)->21288K(21504K) NonClass: 18724K(18880K)->18724K(18880K) Class: 2564K(2624K)->2564K(2624K)
[2024-04-24T06:11:39.935+0000][gc          ] GC(1) Pause Young (Concurrent Start) (Metadata GC Threshold) 34M->14M(1024M) 5.085ms
[2024-04-24T06:11:39.935+0000][gc,cpu      ] GC(1) User=0.02s Sys=0.01s Real=0.01s
[2024-04-24T06:11:39.935+0000][gc          ] GC(2) Concurrent Mark Cycle
[2024-04-24T06:11:39.935+0000][gc,marking  ] GC(2) Concurrent Clear Claimed Marks
[2024-04-24T06:11:39.935+0000][gc,marking  ] GC(2) Concurrent Clear Claimed Marks 0.018ms
[2024-04-24T06:11:39.935+0000][gc,marking  ] GC(2) Concurrent Scan Root Regions
[2024-04-24T06:11:39.938+0000][gc,marking  ] GC(2) Concurrent Scan Root Regions 3.681ms
[2024-04-24T06:11:39.938+0000][gc,marking  ] GC(2) Concurrent Mark
[2024-04-24T06:11:39.938+0000][gc,marking  ] GC(2) Concurrent Mark From Roots
[2024-04-24T06:11:39.938+0000][gc,task     ] GC(2) Using 2 workers of 2 for marking
[2024-04-24T06:11:39.942+0000][gc,marking  ] GC(2) Concurrent Mark From Roots 3.227ms
[2024-04-24T06:11:39.942+0000][gc,marking  ] GC(2) Concurrent Preclean
[2024-04-24T06:11:39.942+0000][gc,marking  ] GC(2) Concurrent Preclean 0.095ms
[2024-04-24T06:11:39.942+0000][gc,start    ] GC(2) Pause Remark
[2024-04-24T06:11:39.943+0000][gc          ] GC(2) Pause Remark 15M->15M(1024M) 1.638ms
[2024-04-24T06:11:39.944+0000][gc,cpu      ] GC(2) User=0.01s Sys=0.00s Real=0.00s
[2024-04-24T06:11:39.944+0000][gc,marking  ] GC(2) Concurrent Mark 5.140ms
[2024-04-24T06:11:39.944+0000][gc,marking  ] GC(2) Concurrent Rebuild Remembered Sets
[2024-04-24T06:11:39.944+0000][gc,marking  ] GC(2) Concurrent Rebuild Remembered Sets 0.008ms
[2024-04-24T06:11:39.944+0000][gc,start    ] GC(2) Pause Cleanup
[2024-04-24T06:11:39.944+0000][gc          ] GC(2) Pause Cleanup 15M->15M(1024M) 0.015ms
[2024-04-24T06:11:39.944+0000][gc,cpu      ] GC(2) User=0.00s Sys=0.00s Real=0.00s
[2024-04-24T06:11:39.944+0000][gc,marking  ] GC(2) Concurrent Cleanup for Next Mark
[2024-04-24T06:11:39.948+0000][gc,marking  ] GC(2) Concurrent Cleanup for Next Mark 4.141ms
[2024-04-24T06:11:39.948+0000][gc          ] GC(2) Concurrent Mark Cycle 13.562ms
[2024-04-24T06:11:42.679+0000][gc,start    ] GC(3) Pause Young (Normal) (G1 Evacuation Pause)
[2024-04-24T06:11:42.679+0000][gc,task     ] GC(3) Using 8 workers of 8 for evacuation
[2024-04-24T06:11:42.684+0000][gc,phases   ] GC(3)   Pre Evacuate Collection Set: 0.1ms
[2024-04-24T06:11:42.684+0000][gc,phases   ] GC(3)   Merge Heap Roots: 0.0ms
[2024-04-24T06:11:42.684+0000][gc,phases   ] GC(3)   Evacuate Collection Set: 4.1ms
[2024-04-24T06:11:42.684+0000][gc,phases   ] GC(3)   Post Evacuate Collection Set: 0.7ms
[2024-04-24T06:11:42.684+0000][gc,phases   ] GC(3)   Other: 0.1ms
[2024-04-24T06:11:42.684+0000][gc,heap     ] GC(3) Eden regions: 49->0(46)
[2024-04-24T06:11:42.684+0000][gc,heap     ] GC(3) Survivor regions: 2->5(7)
[2024-04-24T06:11:42.684+0000][gc,heap     ] GC(3) Old regions: 13->13
[2024-04-24T06:11:42.684+0000][gc,heap     ] GC(3) Archive regions: 2->2
[2024-04-24T06:11:42.684+0000][gc,heap     ] GC(3) Humongous regions: 129->129
[2024-04-24T06:11:42.684+0000][gc,metaspace] GC(3) Metaspace: 29386K(29696K)->29386K(29696K) NonClass: 26063K(26240K)->26063K(26240K) Class: 3322K(3456K)->3322K(3456K)
[2024-04-24T06:11:42.684+0000][gc          ] GC(3) Pause Young (Normal) (G1 Evacuation Pause) 192M->147M(1024M) 5.220ms
[2024-04-24T06:11:42.684+0000][gc,cpu      ] GC(3) User=0.01s Sys=0.00s Real=0.01s
[2024-04-24T06:11:43.205+0000][gc,start    ] GC(4) Pause Young (Concurrent Start) (Metadata GC Threshold)
[2024-04-24T06:11:43.205+0000][gc,task     ] GC(4) Using 8 workers of 8 for evacuation
[2024-04-24T06:11:43.212+0000][gc,phases   ] GC(4)   Pre Evacuate Collection Set: 0.2ms
[2024-04-24T06:11:43.212+0000][gc,phases   ] GC(4)   Merge Heap Roots: 0.1ms
[2024-04-24T06:11:43.212+0000][gc,phases   ] GC(4)   Evacuate Collection Set: 5.8ms
[2024-04-24T06:11:43.212+0000][gc,phases   ] GC(4)   Post Evacuate Collection Set: 0.4ms
[2024-04-24T06:11:43.212+0000][gc,phases   ] GC(4)   Other: 0.2ms
[2024-04-24T06:11:43.212+0000][gc,heap     ] GC(4) Eden regions: 32->0(48)
[2024-04-24T06:11:43.212+0000][gc,heap     ] GC(4) Survivor regions: 5->3(7)
[2024-04-24T06:11:43.212+0000][gc,heap     ] GC(4) Old regions: 13->18
[2024-04-24T06:11:43.212+0000][gc,heap     ] GC(4) Archive regions: 2->2
[2024-04-24T06:11:43.212+0000][gc,heap     ] GC(4) Humongous regions: 129->129
[2024-04-24T06:11:43.212+0000][gc,metaspace] GC(4) Metaspace: 35858K(36096K)->35858K(36096K) NonClass: 31894K(32000K)->31894K(32000K) Class: 3963K(4096K)->3963K(4096K)
[2024-04-24T06:11:43.212+0000][gc          ] GC(4) Pause Young (Concurrent Start) (Metadata GC Threshold) 178M->150M(1024M) 6.772ms
[2024-04-24T06:11:43.212+0000][gc,cpu      ] GC(4) User=0.03s Sys=0.00s Real=0.01s
[2024-04-24T06:11:43.212+0000][gc          ] GC(5) Concurrent Mark Cycle
[2024-04-24T06:11:43.212+0000][gc,marking  ] GC(5) Concurrent Clear Claimed Marks
[2024-04-24T06:11:43.212+0000][gc,marking  ] GC(5) Concurrent Clear Claimed Marks 0.021ms
[2024-04-24T06:11:43.212+0000][gc,marking  ] GC(5) Concurrent Scan Root Regions
[2024-04-24T06:11:43.215+0000][gc,marking  ] GC(5) Concurrent Scan Root Regions 3.012ms
[2024-04-24T06:11:43.215+0000][gc,marking  ] GC(5) Concurrent Mark
[2024-04-24T06:11:43.215+0000][gc,marking  ] GC(5) Concurrent Mark From Roots
[2024-04-24T06:11:43.215+0000][gc,task     ] GC(5) Using 2 workers of 2 for marking
[2024-04-24T06:11:43.223+0000][gc,marking  ] GC(5) Concurrent Mark From Roots 7.376ms
[2024-04-24T06:11:43.223+0000][gc,marking  ] GC(5) Concurrent Preclean
[2024-04-24T06:11:43.223+0000][gc,marking  ] GC(5) Concurrent Preclean 0.202ms
[2024-04-24T06:11:43.223+0000][gc,start    ] GC(5) Pause Remark
[2024-04-24T06:11:43.226+0000][gc          ] GC(5) Pause Remark 151M->151M(1024M) 3.210ms
[2024-04-24T06:11:43.226+0000][gc,cpu      ] GC(5) User=0.01s Sys=0.00s Real=0.01s
[2024-04-24T06:11:43.227+0000][gc,marking  ] GC(5) Concurrent Mark 11.291ms
[2024-04-24T06:11:43.227+0000][gc,marking  ] GC(5) Concurrent Rebuild Remembered Sets
[2024-04-24T06:11:43.232+0000][gc,marking  ] GC(5) Concurrent Rebuild Remembered Sets 5.647ms
[2024-04-24T06:11:43.232+0000][gc,start    ] GC(5) Pause Cleanup
[2024-04-24T06:11:43.233+0000][gc          ] GC(5) Pause Cleanup 151M->151M(1024M) 0.138ms
[2024-04-24T06:11:43.233+0000][gc,cpu      ] GC(5) User=0.00s Sys=0.00s Real=0.00s
[2024-04-24T06:11:43.233+0000][gc,marking  ] GC(5) Concurrent Cleanup for Next Mark
[2024-04-24T06:11:43.236+0000][gc,marking  ] GC(5) Concurrent Cleanup for Next Mark 3.578ms
[2024-04-24T06:11:43.236+0000][gc          ] GC(5) Concurrent Mark Cycle 23.999ms
[2024-04-24T06:12:55.991+0000][gc,start    ] GC(6) Pause Young (Prepare Mixed) (G1 Evacuation Pause)
[2024-04-24T06:12:55.991+0000][gc,task     ] GC(6) Using 8 workers of 8 for evacuation
[2024-04-24T06:12:55.997+0000][gc,phases   ] GC(6)   Pre Evacuate Collection Set: 0.2ms
[2024-04-24T06:12:55.997+0000][gc,phases   ] GC(6)   Merge Heap Roots: 0.0ms
[2024-04-24T06:12:55.997+0000][gc,phases   ] GC(6)   Evacuate Collection Set: 4.2ms
[2024-04-24T06:12:55.997+0000][gc,phases   ] GC(6)   Post Evacuate Collection Set: 0.8ms
[2024-04-24T06:12:55.997+0000][gc,phases   ] GC(6)   Other: 0.1ms
[2024-04-24T06:12:55.997+0000][gc,heap     ] GC(6) Eden regions: 48->0(45)
[2024-04-24T06:12:55.997+0000][gc,heap     ] GC(6) Survivor regions: 3->6(7)
[2024-04-24T06:12:55.997+0000][gc,heap     ] GC(6) Old regions: 18->18
[2024-04-24T06:12:55.997+0000][gc,heap     ] GC(6) Archive regions: 2->2
[2024-04-24T06:12:55.997+0000][gc,heap     ] GC(6) Humongous regions: 159->129
[2024-04-24T06:12:55.997+0000][gc,metaspace] GC(6) Metaspace: 41290K(41792K)->41290K(41792K) NonClass: 36457K(36736K)->36457K(36736K) Class: 4832K(5056K)->4832K(5056K)
[2024-04-24T06:12:55.997+0000][gc          ] GC(6) Pause Young (Prepare Mixed) (G1 Evacuation Pause) 228M->152M(1024M) 5.352ms
[2024-04-24T06:12:55.997+0000][gc,cpu      ] GC(6) User=0.03s Sys=0.00s Real=0.01s
[2024-04-24T06:12:56.471+0000][gc,start    ] GC(7) Pause Young (Mixed) (G1 Evacuation Pause)
[2024-04-24T06:12:56.471+0000][gc,task     ] GC(7) Using 8 workers of 8 for evacuation
[2024-04-24T06:12:56.475+0000][gc,phases   ] GC(7)   Pre Evacuate Collection Set: 0.1ms
[2024-04-24T06:12:56.475+0000][gc,phases   ] GC(7)   Merge Heap Roots: 0.0ms
[2024-04-24T06:12:56.475+0000][gc,phases   ] GC(7)   Evacuate Collection Set: 3.7ms
[2024-04-24T06:12:56.475+0000][gc,phases   ] GC(7)   Post Evacuate Collection Set: 0.4ms
[2024-04-24T06:12:56.475+0000][gc,phases   ] GC(7)   Other: 0.1ms
[2024-04-24T06:12:56.475+0000][gc,heap     ] GC(7) Eden regions: 45->0(47)
[2024-04-24T06:12:56.475+0000][gc,heap     ] GC(7) Survivor regions: 6->4(7)
[2024-04-24T06:12:56.475+0000][gc,heap     ] GC(7) Old regions: 18->20
[2024-04-24T06:12:56.475+0000][gc,heap     ] GC(7) Archive regions: 2->2
[2024-04-24T06:12:56.475+0000][gc,heap     ] GC(7) Humongous regions: 129->129
[2024-04-24T06:12:56.475+0000][gc,metaspace] GC(7) Metaspace: 41957K(42496K)->41957K(42496K) NonClass: 37059K(37376K)->37059K(37376K) Class: 4897K(5120K)->4897K(5120K)
[2024-04-24T06:12:56.475+0000][gc          ] GC(7) Pause Young (Mixed) (G1 Evacuation Pause) 197M->153M(1024M) 4.376ms
[2024-04-24T06:12:56.475+0000][gc,cpu      ] GC(7) User=0.02s Sys=0.00s Real=0.01s
[2024-04-24T06:12:56.836+0000][gc,start    ] GC(8) Pause Young (Normal) (G1 Evacuation Pause)
[2024-04-24T06:12:56.836+0000][gc,task     ] GC(8) Using 8 workers of 8 for evacuation
[2024-04-24T06:12:56.840+0000][gc,phases   ] GC(8)   Pre Evacuate Collection Set: 0.1ms
[2024-04-24T06:12:56.840+0000][gc,phases   ] GC(8)   Merge Heap Roots: 0.0ms
[2024-04-24T06:12:56.840+0000][gc,phases   ] GC(8)   Evacuate Collection Set: 3.0ms
[2024-04-24T06:12:56.840+0000][gc,phases   ] GC(8)   Post Evacuate Collection Set: 0.4ms
[2024-04-24T06:12:56.840+0000][gc,phases   ] GC(8)   Other: 0.1ms
[2024-04-24T06:12:56.840+0000][gc,heap     ] GC(8) Eden regions: 47->0(47)
[2024-04-24T06:12:56.840+0000][gc,heap     ] GC(8) Survivor regions: 4->4(7)
[2024-04-24T06:12:56.840+0000][gc,heap     ] GC(8) Old regions: 20->20
[2024-04-24T06:12:56.840+0000][gc,heap     ] GC(8) Archive regions: 2->2
[2024-04-24T06:12:56.840+0000][gc,heap     ] GC(8) Humongous regions: 129->129
[2024-04-24T06:12:56.840+0000][gc,metaspace] GC(8) Metaspace: 42013K(42560K)->42013K(42560K) NonClass: 37115K(37440K)->37115K(37440K) Class: 4897K(5120K)->4897K(5120K)
[2024-04-24T06:12:56.840+0000][gc          ] GC(8) Pause Young (Normal) (G1 Evacuation Pause) 200M->153M(1024M) 3.761ms
[2024-04-24T06:12:56.840+0000][gc,cpu      ] GC(8) User=0.01s Sys=0.01s Real=0.00s
[2024-04-24T06:12:57.159+0000][gc,start    ] GC(9) Pause Young (Normal) (G1 Evacuation Pause)
[2024-04-24T06:12:57.159+0000][gc,task     ] GC(9) Using 8 workers of 8 for evacuation
[2024-04-24T06:12:57.164+0000][gc,phases   ] GC(9)   Pre Evacuate Collection Set: 0.1ms
[2024-04-24T06:12:57.164+0000][gc,phases   ] GC(9)   Merge Heap Roots: 0.1ms
[2024-04-24T06:12:57.164+0000][gc,phases   ] GC(9)   Evacuate Collection Set: 3.5ms
[2024-04-24T06:12:57.164+0000][gc,phases   ] GC(9)   Post Evacuate Collection Set: 0.4ms
[2024-04-24T06:12:57.164+0000][gc,phases   ] GC(9)   Other: 0.1ms
[2024-04-24T06:12:57.164+0000][gc,heap     ] GC(9) Eden regions: 47->0(62)
[2024-04-24T06:12:57.164+0000][gc,heap     ] GC(9) Survivor regions: 4->4(7)
[2024-04-24T06:12:57.164+0000][gc,heap     ] GC(9) Old regions: 20->20
[2024-04-24T06:12:57.164+0000][gc,heap     ] GC(9) Archive regions: 2->2
[2024-04-24T06:12:57.164+0000][gc,heap     ] GC(9) Humongous regions: 129->129
[2024-04-24T06:12:57.164+0000][gc,metaspace] GC(9) Metaspace: 42119K(42624K)->42119K(42624K) NonClass: 37221K(37504K)->37221K(37504K) Class: 4898K(5120K)->4898K(5120K)
[2024-04-24T06:12:57.164+0000][gc          ] GC(9) Pause Young (Normal) (G1 Evacuation Pause) 200M->153M(1024M) 4.217ms
[2024-04-24T06:12:57.164+0000][gc,cpu      ] GC(9) User=0.02s Sys=0.00s Real=0.00s
[2024-04-24T06:12:57.600+0000][gc,start    ] GC(10) Pause Young (Normal) (G1 Evacuation Pause)
[2024-04-24T06:12:57.600+0000][gc,task     ] GC(10) Using 8 workers of 8 for evacuation
[2024-04-24T06:12:57.603+0000][gc,phases   ] GC(10)   Pre Evacuate Collection Set: 0.1ms
[2024-04-24T06:12:57.603+0000][gc,phases   ] GC(10)   Merge Heap Roots: 0.0ms
[2024-04-24T06:12:57.603+0000][gc,phases   ] GC(10)   Evacuate Collection Set: 2.9ms
[2024-04-24T06:12:57.603+0000][gc,phases   ] GC(10)   Post Evacuate Collection Set: 0.3ms
[2024-04-24T06:12:57.603+0000][gc,phases   ] GC(10)   Other: 0.1ms
[2024-04-24T06:12:57.603+0000][gc,heap     ] GC(10) Eden regions: 62->0(213)
[2024-04-24T06:12:57.603+0000][gc,heap     ] GC(10) Survivor regions: 4->4(9)
[2024-04-24T06:12:57.603+0000][gc,heap     ] GC(10) Old regions: 20->20
[2024-04-24T06:12:57.603+0000][gc,heap     ] GC(10) Archive regions: 2->2
[2024-04-24T06:12:57.603+0000][gc,heap     ] GC(10) Humongous regions: 129->129
[2024-04-24T06:12:57.603+0000][gc,metaspace] GC(10) Metaspace: 42288K(42816K)->42288K(42816K) NonClass: 37390K(37696K)->37390K(37696K) Class: 4898K(5120K)->4898K(5120K)
[2024-04-24T06:12:57.603+0000][gc          ] GC(10) Pause Young (Normal) (G1 Evacuation Pause) 215M->153M(1024M) 3.500ms
[2024-04-24T06:12:57.603+0000][gc,cpu      ] GC(10) User=0.02s Sys=0.00s Real=0.00s
[2024-04-24T06:12:58.932+0000][gc,start    ] GC(11) Pause Young (Normal) (G1 Evacuation Pause)
[2024-04-24T06:12:58.932+0000][gc,task     ] GC(11) Using 8 workers of 8 for evacuation
[2024-04-24T06:12:58.936+0000][gc,phases   ] GC(11)   Pre Evacuate Collection Set: 0.1ms
[2024-04-24T06:12:58.936+0000][gc,phases   ] GC(11)   Merge Heap Roots: 0.0ms
[2024-04-24T06:12:58.936+0000][gc,phases   ] GC(11)   Evacuate Collection Set: 3.1ms
[2024-04-24T06:12:58.936+0000][gc,phases   ] GC(11)   Post Evacuate Collection Set: 0.5ms
[2024-04-24T06:12:58.936+0000][gc,phases   ] GC(11)   Other: 0.2ms
[2024-04-24T06:12:58.936+0000][gc,heap     ] GC(11) Eden regions: 213->0(456)
[2024-04-24T06:12:58.936+0000][gc,heap     ] GC(11) Survivor regions: 4->5(28)
[2024-04-24T06:12:58.936+0000][gc,heap     ] GC(11) Old regions: 20->20
[2024-04-24T06:12:58.936+0000][gc,heap     ] GC(11) Archive regions: 2->2
[2024-04-24T06:12:58.936+0000][gc,heap     ] GC(11) Humongous regions: 129->129
[2024-04-24T06:12:58.936+0000][gc,metaspace] GC(11) Metaspace: 42332K(42816K)->42332K(42816K) NonClass: 37427K(37696K)->37427K(37696K) Class: 4905K(5120K)->4905K(5120K)
[2024-04-24T06:12:58.936+0000][gc          ] GC(11) Pause Young (Normal) (G1 Evacuation Pause) 366M->154M(1024M) 4.046ms
[2024-04-24T06:12:58.936+0000][gc,cpu      ] GC(11) User=0.02s Sys=0.01s Real=0.00s
[2024-04-24T06:13:00.749+0000][gc,start    ] GC(12) Pause Young (Normal) (G1 Evacuation Pause)
[2024-04-24T06:13:00.749+0000][gc,task     ] GC(12) Using 8 workers of 8 for evacuation
[2024-04-24T06:13:00.752+0000][gc,phases   ] GC(12)   Pre Evacuate Collection Set: 0.1ms
[2024-04-24T06:13:00.752+0000][gc,phases   ] GC(12)   Merge Heap Roots: 0.1ms
[2024-04-24T06:13:00.752+0000][gc,phases   ] GC(12)   Evacuate Collection Set: 3.0ms
[2024-04-24T06:13:00.752+0000][gc,phases   ] GC(12)   Post Evacuate Collection Set: 0.5ms
[2024-04-24T06:13:00.753+0000][gc,phases   ] GC(12)   Other: 0.2ms
[2024-04-24T06:13:00.753+0000][gc,heap     ] GC(12) Eden regions: 456->0(609)
[2024-04-24T06:13:00.753+0000][gc,heap     ] GC(12) Survivor regions: 5->5(58)
[2024-04-24T06:13:00.753+0000][gc,heap     ] GC(12) Old regions: 20->20
[2024-04-24T06:13:00.753+0000][gc,heap     ] GC(12) Archive regions: 2->2
[2024-04-24T06:13:00.753+0000][gc,heap     ] GC(12) Humongous regions: 129->129
[2024-04-24T06:13:00.753+0000][gc,metaspace] GC(12) Metaspace: 42345K(42816K)->42345K(42816K) NonClass: 37440K(37696K)->37440K(37696K) Class: 4905K(5120K)->4905K(5120K)
[2024-04-24T06:13:00.753+0000][gc          ] GC(12) Pause Young (Normal) (G1 Evacuation Pause) 610M->154M(1024M) 3.961ms
[2024-04-24T06:13:00.753+0000][gc,cpu      ] GC(12) User=0.01s Sys=0.00s Real=0.01s
[2024-04-24T06:13:02.752+0000][gc,start    ] GC(13) Pause Young (Normal) (G1 Evacuation Pause)
[2024-04-24T06:13:02.752+0000][gc,task     ] GC(13) Using 8 workers of 8 for evacuation
[2024-04-24T06:13:02.757+0000][gc,phases   ] GC(13)   Pre Evacuate Collection Set: 0.1ms
[2024-04-24T06:13:02.757+0000][gc,phases   ] GC(13)   Merge Heap Roots: 0.1ms
[2024-04-24T06:13:02.757+0000][gc,phases   ] GC(13)   Evacuate Collection Set: 4.0ms
[2024-04-24T06:13:02.757+0000][gc,phases   ] GC(13)   Post Evacuate Collection Set: 0.5ms
[2024-04-24T06:13:02.757+0000][gc,phases   ] GC(13)   Other: 0.1ms
[2024-04-24T06:13:02.757+0000][gc,heap     ] GC(13) Eden regions: 609->0(609)
[2024-04-24T06:13:02.757+0000][gc,heap     ] GC(13) Survivor regions: 5->5(77)
[2024-04-24T06:13:02.757+0000][gc,heap     ] GC(13) Old regions: 20->20
[2024-04-24T06:13:02.757+0000][gc,heap     ] GC(13) Archive regions: 2->2
[2024-04-24T06:13:02.757+0000][gc,heap     ] GC(13) Humongous regions: 129->129
[2024-04-24T06:13:02.757+0000][gc,metaspace] GC(13) Metaspace: 42536K(43072K)->42536K(43072K) NonClass: 37577K(37888K)->37577K(37888K) Class: 4958K(5184K)->4958K(5184K)
[2024-04-24T06:13:02.757+0000][gc          ] GC(13) Pause Young (Normal) (G1 Evacuation Pause) 763M->154M(1024M) 4.933ms
[2024-04-24T06:13:02.757+0000][gc,cpu      ] GC(13) User=0.02s Sys=0.00s Real=0.00s
[2024-04-24T06:13:04.561+0000][gc,start    ] GC(14) Pause Young (Normal) (G1 Evacuation Pause)
[2024-04-24T06:13:04.561+0000][gc,task     ] GC(14) Using 8 workers of 8 for evacuation
[2024-04-24T06:13:04.565+0000][gc,phases   ] GC(14)   Pre Evacuate Collection Set: 0.1ms
[2024-04-24T06:13:04.565+0000][gc,phases   ] GC(14)   Merge Heap Roots: 0.1ms
[2024-04-24T06:13:04.565+0000][gc,phases   ] GC(14)   Evacuate Collection Set: 3.2ms
[2024-04-24T06:13:04.565+0000][gc,phases   ] GC(14)   Post Evacuate Collection Set: 0.7ms
[2024-04-24T06:13:04.565+0000][gc,phases   ] GC(14)   Other: 0.1ms
[2024-04-24T06:13:04.565+0000][gc,heap     ] GC(14) Eden regions: 609->0(609)
[2024-04-24T06:13:04.565+0000][gc,heap     ] GC(14) Survivor regions: 5->5(77)
[2024-04-24T06:13:04.565+0000][gc,heap     ] GC(14) Old regions: 20->20
[2024-04-24T06:13:04.565+0000][gc,heap     ] GC(14) Archive regions: 2->2
[2024-04-24T06:13:04.565+0000][gc,heap     ] GC(14) Humongous regions: 129->129
[2024-04-24T06:13:04.565+0000][gc,metaspace] GC(14) Metaspace: 42536K(43072K)->42536K(43072K) NonClass: 37577K(37888K)->37577K(37888K) Class: 4958K(5184K)->4958K(5184K)
[2024-04-24T06:13:04.565+0000][gc          ] GC(14) Pause Young (Normal) (G1 Evacuation Pause) 763M->154M(1024M) 4.324ms
[2024-04-24T06:13:04.565+0000][gc,cpu      ] GC(14) User=0.02s Sys=0.00s Real=0.01s
[2024-04-24T06:13:06.095+0000][gc,start    ] GC(15) Pause Young (Normal) (G1 Evacuation Pause)
[2024-04-24T06:13:06.095+0000][gc,task     ] GC(15) Using 8 workers of 8 for evacuation
[2024-04-24T06:13:06.098+0000][gc,phases   ] GC(15)   Pre Evacuate Collection Set: 0.1ms
[2024-04-24T06:13:06.098+0000][gc,phases   ] GC(15)   Merge Heap Roots: 0.1ms
[2024-04-24T06:13:06.099+0000][gc,phases   ] GC(15)   Evacuate Collection Set: 2.3ms
[2024-04-24T06:13:06.099+0000][gc,phases   ] GC(15)   Post Evacuate Collection Set: 0.5ms
[2024-04-24T06:13:06.099+0000][gc,phases   ] GC(15)   Other: 0.1ms
[2024-04-24T06:13:06.099+0000][gc,heap     ] GC(15) Eden regions: 609->0(609)
[2024-04-24T06:13:06.099+0000][gc,heap     ] GC(15) Survivor regions: 5->5(77)
[2024-04-24T06:13:06.099+0000][gc,heap     ] GC(15) Old regions: 20->20
[2024-04-24T06:13:06.099+0000][gc,heap     ] GC(15) Archive regions: 2->2
[2024-04-24T06:13:06.099+0000][gc,heap     ] GC(15) Humongous regions: 129->129
[2024-04-24T06:13:06.099+0000][gc,metaspace] GC(15) Metaspace: 42536K(43072K)->42536K(43072K) NonClass: 37577K(37888K)->37577K(37888K) Class: 4958K(5184K)->4958K(5184K)
[2024-04-24T06:13:06.099+0000][gc          ] GC(15) Pause Young (Normal) (G1 Evacuation Pause) 763M->154M(1024M) 3.087ms
[2024-04-24T06:13:06.099+0000][gc,cpu      ] GC(15) User=0.01s Sys=0.00s Real=0.00s
[2024-04-24T06:13:07.470+0000][gc,start    ] GC(16) Pause Young (Normal) (G1 Evacuation Pause)
[2024-04-24T06:13:07.470+0000][gc,task     ] GC(16) Using 8 workers of 8 for evacuation
[2024-04-24T06:13:07.474+0000][gc,phases   ] GC(16)   Pre Evacuate Collection Set: 0.1ms
[2024-04-24T06:13:07.475+0000][gc,phases   ] GC(16)   Merge Heap Roots: 0.1ms
[2024-04-24T06:13:07.475+0000][gc,phases   ] GC(16)   Evacuate Collection Set: 3.3ms
[2024-04-24T06:13:07.475+0000][gc,phases   ] GC(16)   Post Evacuate Collection Set: 0.6ms
[2024-04-24T06:13:07.475+0000][gc,phases   ] GC(16)   Other: 0.1ms
[2024-04-24T06:13:07.475+0000][gc,heap     ] GC(16) Eden regions: 609->0(609)
[2024-04-24T06:13:07.475+0000][gc,heap     ] GC(16) Survivor regions: 5->5(77)
[2024-04-24T06:13:07.475+0000][gc,heap     ] GC(16) Old regions: 20->20
[2024-04-24T06:13:07.475+0000][gc,heap     ] GC(16) Archive regions: 2->2
[2024-04-24T06:13:07.475+0000][gc,heap     ] GC(16) Humongous regions: 129->129
[2024-04-24T06:13:07.475+0000][gc,metaspace] GC(16) Metaspace: 42536K(43072K)->42536K(43072K) NonClass: 37577K(37888K)->37577K(37888K) Class: 4958K(5184K)->4958K(5184K)
[2024-04-24T06:13:07.475+0000][gc          ] GC(16) Pause Young (Normal) (G1 Evacuation Pause) 763M->154M(1024M) 4.293ms
[2024-04-24T06:13:07.475+0000][gc,cpu      ] GC(16) User=0.02s Sys=0.00s Real=0.01s
[2024-04-24T06:13:08.696+0000][gc,start    ] GC(17) Pause Young (Normal) (G1 Evacuation Pause)
[2024-04-24T06:13:08.696+0000][gc,task     ] GC(17) Using 8 workers of 8 for evacuation
[2024-04-24T06:13:08.699+0000][gc,phases   ] GC(17)   Pre Evacuate Collection Set: 0.1ms
[2024-04-24T06:13:08.699+0000][gc,phases   ] GC(17)   Merge Heap Roots: 0.1ms
[2024-04-24T06:13:08.699+0000][gc,phases   ] GC(17)   Evacuate Collection Set: 2.7ms
[2024-04-24T06:13:08.699+0000][gc,phases   ] GC(17)   Post Evacuate Collection Set: 0.5ms
[2024-04-24T06:13:08.699+0000][gc,phases   ] GC(17)   Other: 0.1ms
[2024-04-24T06:13:08.699+0000][gc,heap     ] GC(17) Eden regions: 609->0(609)
[2024-04-24T06:13:08.699+0000][gc,heap     ] GC(17) Survivor regions: 5->5(77)
[2024-04-24T06:13:08.699+0000][gc,heap     ] GC(17) Old regions: 20->20
[2024-04-24T06:13:08.699+0000][gc,heap     ] GC(17) Archive regions: 2->2
[2024-04-24T06:13:08.699+0000][gc,heap     ] GC(17) Humongous regions: 129->129
[2024-04-24T06:13:08.699+0000][gc,metaspace] GC(17) Metaspace: 42537K(43072K)->42537K(43072K) NonClass: 37578K(37888K)->37578K(37888K) Class: 4958K(5184K)->4958K(5184K)
[2024-04-24T06:13:08.699+0000][gc          ] GC(17) Pause Young (Normal) (G1 Evacuation Pause) 763M->154M(1024M) 3.559ms
[2024-04-24T06:13:08.699+0000][gc,cpu      ] GC(17) User=0.01s Sys=0.00s Real=0.00s
[2024-04-24T06:13:09.921+0000][gc,start    ] GC(18) Pause Young (Normal) (G1 Evacuation Pause)
[2024-04-24T06:13:09.921+0000][gc,task     ] GC(18) Using 8 workers of 8 for evacuation
[2024-04-24T06:13:09.924+0000][gc,phases   ] GC(18)   Pre Evacuate Collection Set: 0.1ms
[2024-04-24T06:13:09.924+0000][gc,phases   ] GC(18)   Merge Heap Roots: 0.1ms
[2024-04-24T06:13:09.924+0000][gc,phases   ] GC(18)   Evacuate Collection Set: 2.2ms
[2024-04-24T06:13:09.924+0000][gc,phases   ] GC(18)   Post Evacuate Collection Set: 0.5ms
[2024-04-24T06:13:09.924+0000][gc,phases   ] GC(18)   Other: 0.1ms
[2024-04-24T06:13:09.924+0000][gc,heap     ] GC(18) Eden regions: 609->0(609)
[2024-04-24T06:13:09.924+0000][gc,heap     ] GC(18) Survivor regions: 5->5(77)
[2024-04-24T06:13:09.924+0000][gc,heap     ] GC(18) Old regions: 20->20
[2024-04-24T06:13:09.924+0000][gc,heap     ] GC(18) Archive regions: 2->2
[2024-04-24T06:13:09.924+0000][gc,heap     ] GC(18) Humongous regions: 129->129
[2024-04-24T06:13:09.924+0000][gc,metaspace] GC(18) Metaspace: 42537K(43072K)->42537K(43072K) NonClass: 37578K(37888K)->37578K(37888K) Class: 4958K(5184K)->4958K(5184K)
[2024-04-24T06:13:09.924+0000][gc          ] GC(18) Pause Young (Normal) (G1 Evacuation Pause) 763M->154M(1024M) 2.953ms
[2024-04-24T06:13:09.924+0000][gc,cpu      ] GC(18) User=0.01s Sys=0.00s Real=0.00s
[2024-04-24T06:13:11.040+0000][gc,start    ] GC(19) Pause Young (Normal) (G1 Evacuation Pause)
[2024-04-24T06:13:11.040+0000][gc,task     ] GC(19) Using 8 workers of 8 for evacuation
[2024-04-24T06:13:11.043+0000][gc,phases   ] GC(19)   Pre Evacuate Collection Set: 0.1ms
[2024-04-24T06:13:11.043+0000][gc,phases   ] GC(19)   Merge Heap Roots: 0.1ms
[2024-04-24T06:13:11.043+0000][gc,phases   ] GC(19)   Evacuate Collection Set: 2.4ms
[2024-04-24T06:13:11.043+0000][gc,phases   ] GC(19)   Post Evacuate Collection Set: 0.5ms
[2024-04-24T06:13:11.043+0000][gc,phases   ] GC(19)   Other: 0.1ms
[2024-04-24T06:13:11.043+0000][gc,heap     ] GC(19) Eden regions: 609->0(609)
[2024-04-24T06:13:11.043+0000][gc,heap     ] GC(19) Survivor regions: 5->5(77)
[2024-04-24T06:13:11.043+0000][gc,heap     ] GC(19) Old regions: 20->20
[2024-04-24T06:13:11.043+0000][gc,heap     ] GC(19) Archive regions: 2->2
[2024-04-24T06:13:11.043+0000][gc,heap     ] GC(19) Humongous regions: 129->129
[2024-04-24T06:13:11.043+0000][gc,metaspace] GC(19) Metaspace: 42537K(43072K)->42537K(43072K) NonClass: 37578K(37888K)->37578K(37888K) Class: 4958K(5184K)->4958K(5184K)
[2024-04-24T06:13:11.043+0000][gc          ] GC(19) Pause Young (Normal) (G1 Evacuation Pause) 763M->154M(1024M) 3.212ms
[2024-04-24T06:13:11.043+0000][gc,cpu      ] GC(19) User=0.01s Sys=0.01s Real=0.00s
[2024-04-24T06:13:12.148+0000][gc,start    ] GC(20) Pause Young (Normal) (G1 Evacuation Pause)
[2024-04-24T06:13:12.148+0000][gc,task     ] GC(20) Using 8 workers of 8 for evacuation
[2024-04-24T06:13:12.151+0000][gc,phases   ] GC(20)   Pre Evacuate Collection Set: 0.1ms
[2024-04-24T06:13:12.151+0000][gc,phases   ] GC(20)   Merge Heap Roots: 0.1ms
[2024-04-24T06:13:12.151+0000][gc,phases   ] GC(20)   Evacuate Collection Set: 2.3ms
[2024-04-24T06:13:12.151+0000][gc,phases   ] GC(20)   Post Evacuate Collection Set: 0.5ms
[2024-04-24T06:13:12.151+0000][gc,phases   ] GC(20)   Other: 0.1ms
[2024-04-24T06:13:12.151+0000][gc,heap     ] GC(20) Eden regions: 609->0(609)
[2024-04-24T06:13:12.151+0000][gc,heap     ] GC(20) Survivor regions: 5->5(77)
[2024-04-24T06:13:12.151+0000][gc,heap     ] GC(20) Old regions: 20->20
[2024-04-24T06:13:12.151+0000][gc,heap     ] GC(20) Archive regions: 2->2
[2024-04-24T06:13:12.151+0000][gc,heap     ] GC(20) Humongous regions: 129->129
[2024-04-24T06:13:12.151+0000][gc,metaspace] GC(20) Metaspace: 42537K(43072K)->42537K(43072K) NonClass: 37578K(37888K)->37578K(37888K) Class: 4958K(5184K)->4958K(5184K)
[2024-04-24T06:13:12.151+0000][gc          ] GC(20) Pause Young (Normal) (G1 Evacuation Pause) 763M->154M(1024M) 3.059ms
[2024-04-24T06:13:12.151+0000][gc,cpu      ] GC(20) User=0.02s Sys=0.00s Real=0.00s
[2024-04-24T06:13:13.279+0000][gc,start    ] GC(21) Pause Young (Normal) (G1 Evacuation Pause)
[2024-04-24T06:13:13.279+0000][gc,task     ] GC(21) Using 8 workers of 8 for evacuation
[2024-04-24T06:13:13.282+0000][gc,phases   ] GC(21)   Pre Evacuate Collection Set: 0.1ms
[2024-04-24T06:13:13.282+0000][gc,phases   ] GC(21)   Merge Heap Roots: 0.1ms
[2024-04-24T06:13:13.282+0000][gc,phases   ] GC(21)   Evacuate Collection Set: 2.4ms
[2024-04-24T06:13:13.282+0000][gc,phases   ] GC(21)   Post Evacuate Collection Set: 0.5ms
[2024-04-24T06:13:13.282+0000][gc,phases   ] GC(21)   Other: 0.1ms
[2024-04-24T06:13:13.282+0000][gc,heap     ] GC(21) Eden regions: 609->0(611)
[2024-04-24T06:13:13.282+0000][gc,heap     ] GC(21) Survivor regions: 5->3(77)
[2024-04-24T06:13:13.282+0000][gc,heap     ] GC(21) Old regions: 20->23
[2024-04-24T06:13:13.282+0000][gc,heap     ] GC(21) Archive regions: 2->2
[2024-04-24T06:13:13.282+0000][gc,heap     ] GC(21) Humongous regions: 129->129
[2024-04-24T06:13:13.282+0000][gc,metaspace] GC(21) Metaspace: 42546K(43072K)->42546K(43072K) NonClass: 37587K(37888K)->37587K(37888K) Class: 4958K(5184K)->4958K(5184K)
[2024-04-24T06:13:13.282+0000][gc          ] GC(21) Pause Young (Normal) (G1 Evacuation Pause) 763M->154M(1024M) 3.227ms
[2024-04-24T06:13:13.282+0000][gc,cpu      ] GC(21) User=0.02s Sys=0.00s Real=0.00s
[2024-04-24T06:13:14.450+0000][gc,start    ] GC(22) Pause Young (Normal) (G1 Evacuation Pause)
[2024-04-24T06:13:14.450+0000][gc,task     ] GC(22) Using 8 workers of 8 for evacuation
[2024-04-24T06:13:14.452+0000][gc,phases   ] GC(22)   Pre Evacuate Collection Set: 0.1ms
[2024-04-24T06:13:14.452+0000][gc,phases   ] GC(22)   Merge Heap Roots: 0.1ms
[2024-04-24T06:13:14.452+0000][gc,phases   ] GC(22)   Evacuate Collection Set: 1.3ms
[2024-04-24T06:13:14.452+0000][gc,phases   ] GC(22)   Post Evacuate Collection Set: 0.4ms
[2024-04-24T06:13:14.452+0000][gc,phases   ] GC(22)   Other: 0.1ms
[2024-04-24T06:13:14.452+0000][gc,heap     ] GC(22) Eden regions: 611->0(611)
[2024-04-24T06:13:14.452+0000][gc,heap     ] GC(22) Survivor regions: 3->3(77)
[2024-04-24T06:13:14.452+0000][gc,heap     ] GC(22) Old regions: 23->23
[2024-04-24T06:13:14.452+0000][gc,heap     ] GC(22) Archive regions: 2->2
[2024-04-24T06:13:14.452+0000][gc,heap     ] GC(22) Humongous regions: 129->129
[2024-04-24T06:13:14.452+0000][gc,metaspace] GC(22) Metaspace: 42546K(43072K)->42546K(43072K) NonClass: 37587K(37888K)->37587K(37888K) Class: 4958K(5184K)->4958K(5184K)
[2024-04-24T06:13:14.452+0000][gc          ] GC(22) Pause Young (Normal) (G1 Evacuation Pause) 765M->154M(1024M) 2.066ms
[2024-04-24T06:13:14.452+0000][gc,cpu      ] GC(22) User=0.01s Sys=0.01s Real=0.01s
[2024-04-24T06:13:15.592+0000][gc,start    ] GC(23) Pause Young (Normal) (G1 Evacuation Pause)
[2024-04-24T06:13:15.592+0000][gc,task     ] GC(23) Using 8 workers of 8 for evacuation
[2024-04-24T06:13:15.594+0000][gc,phases   ] GC(23)   Pre Evacuate Collection Set: 0.1ms
[2024-04-24T06:13:15.594+0000][gc,phases   ] GC(23)   Merge Heap Roots: 0.1ms
[2024-04-24T06:13:15.594+0000][gc,phases   ] GC(23)   Evacuate Collection Set: 1.3ms
[2024-04-24T06:13:15.594+0000][gc,phases   ] GC(23)   Post Evacuate Collection Set: 0.4ms
[2024-04-24T06:13:15.594+0000][gc,phases   ] GC(23)   Other: 0.1ms
[2024-04-24T06:13:15.594+0000][gc,heap     ] GC(23) Eden regions: 611->0(611)
[2024-04-24T06:13:15.594+0000][gc,heap     ] GC(23) Survivor regions: 3->3(77)
[2024-04-24T06:13:15.594+0000][gc,heap     ] GC(23) Old regions: 23->23
[2024-04-24T06:13:15.594+0000][gc,heap     ] GC(23) Archive regions: 2->2
[2024-04-24T06:13:15.594+0000][gc,heap     ] GC(23) Humongous regions: 129->129
[2024-04-24T06:13:15.594+0000][gc,metaspace] GC(23) Metaspace: 42546K(43072K)->42546K(43072K) NonClass: 37587K(37888K)->37587K(37888K) Class: 4958K(5184K)->4958K(5184K)
[2024-04-24T06:13:15.594+0000][gc          ] GC(23) Pause Young (Normal) (G1 Evacuation Pause) 765M->154M(1024M) 2.063ms
[2024-04-24T06:13:15.594+0000][gc,cpu      ] GC(23) User=0.01s Sys=0.00s Real=0.00s
[2024-04-24T06:13:16.723+0000][gc,start    ] GC(24) Pause Young (Normal) (G1 Evacuation Pause)
[2024-04-24T06:13:16.723+0000][gc,task     ] GC(24) Using 8 workers of 8 for evacuation
[2024-04-24T06:13:16.725+0000][gc,phases   ] GC(24)   Pre Evacuate Collection Set: 0.1ms
[2024-04-24T06:13:16.725+0000][gc,phases   ] GC(24)   Merge Heap Roots: 0.1ms
[2024-04-24T06:13:16.725+0000][gc,phases   ] GC(24)   Evacuate Collection Set: 1.2ms
[2024-04-24T06:13:16.725+0000][gc,phases   ] GC(24)   Post Evacuate Collection Set: 0.4ms
[2024-04-24T06:13:16.725+0000][gc,phases   ] GC(24)   Other: 0.1ms
[2024-04-24T06:13:16.725+0000][gc,heap     ] GC(24) Eden regions: 611->0(611)
[2024-04-24T06:13:16.725+0000][gc,heap     ] GC(24) Survivor regions: 3->3(77)
[2024-04-24T06:13:16.725+0000][gc,heap     ] GC(24) Old regions: 23->23
[2024-04-24T06:13:16.725+0000][gc,heap     ] GC(24) Archive regions: 2->2
[2024-04-24T06:13:16.725+0000][gc,heap     ] GC(24) Humongous regions: 129->129
[2024-04-24T06:13:16.725+0000][gc,metaspace] GC(24) Metaspace: 42547K(43072K)->42547K(43072K) NonClass: 37588K(37888K)->37588K(37888K) Class: 4958K(5184K)->4958K(5184K)
[2024-04-24T06:13:16.725+0000][gc          ] GC(24) Pause Young (Normal) (G1 Evacuation Pause) 765M->154M(1024M) 1.873ms
[2024-04-24T06:13:16.725+0000][gc,cpu      ] GC(24) User=0.01s Sys=0.00s Real=0.01s
[2024-04-24T06:13:17.940+0000][gc,start    ] GC(25) Pause Young (Normal) (G1 Evacuation Pause)
[2024-04-24T06:13:17.940+0000][gc,task     ] GC(25) Using 8 workers of 8 for evacuation
[2024-04-24T06:13:17.942+0000][gc,phases   ] GC(25)   Pre Evacuate Collection Set: 0.1ms
[2024-04-24T06:13:17.942+0000][gc,phases   ] GC(25)   Merge Heap Roots: 0.1ms
[2024-04-24T06:13:17.942+0000][gc,phases   ] GC(25)   Evacuate Collection Set: 1.4ms
[2024-04-24T06:13:17.942+0000][gc,phases   ] GC(25)   Post Evacuate Collection Set: 0.4ms
[2024-04-24T06:13:17.942+0000][gc,phases   ] GC(25)   Other: 0.1ms
[2024-04-24T06:13:17.942+0000][gc,heap     ] GC(25) Eden regions: 611->0(611)
[2024-04-24T06:13:17.942+0000][gc,heap     ] GC(25) Survivor regions: 3->3(77)
[2024-04-24T06:13:17.942+0000][gc,heap     ] GC(25) Old regions: 23->23
[2024-04-24T06:13:17.942+0000][gc,heap     ] GC(25) Archive regions: 2->2
[2024-04-24T06:13:17.942+0000][gc,heap     ] GC(25) Humongous regions: 129->129
[2024-04-24T06:13:17.942+0000][gc,metaspace] GC(25) Metaspace: 42548K(43072K)->42548K(43072K) NonClass: 37589K(37888K)->37589K(37888K) Class: 4958K(5184K)->4958K(5184K)
[2024-04-24T06:13:17.942+0000][gc          ] GC(25) Pause Young (Normal) (G1 Evacuation Pause) 765M->154M(1024M) 2.103ms
[2024-04-24T06:13:17.942+0000][gc,cpu      ] GC(25) User=0.00s Sys=0.00s Real=0.00s
[2024-04-24T06:13:19.175+0000][gc,start    ] GC(26) Pause Young (Normal) (G1 Evacuation Pause)
[2024-04-24T06:13:19.175+0000][gc,task     ] GC(26) Using 8 workers of 8 for evacuation
[2024-04-24T06:13:19.176+0000][gc,phases   ] GC(26)   Pre Evacuate Collection Set: 0.1ms
[2024-04-24T06:13:19.176+0000][gc,phases   ] GC(26)   Merge Heap Roots: 0.1ms
[2024-04-24T06:13:19.176+0000][gc,phases   ] GC(26)   Evacuate Collection Set: 1.1ms
[2024-04-24T06:13:19.176+0000][gc,phases   ] GC(26)   Post Evacuate Collection Set: 0.4ms
[2024-04-24T06:13:19.176+0000][gc,phases   ] GC(26)   Other: 0.1ms
[2024-04-24T06:13:19.176+0000][gc,heap     ] GC(26) Eden regions: 611->0(611)
[2024-04-24T06:13:19.176+0000][gc,heap     ] GC(26) Survivor regions: 3->3(77)
[2024-04-24T06:13:19.176+0000][gc,heap     ] GC(26) Old regions: 23->23
[2024-04-24T06:13:19.176+0000][gc,heap     ] GC(26) Archive regions: 2->2
[2024-04-24T06:13:19.176+0000][gc,heap     ] GC(26) Humongous regions: 129->129
[2024-04-24T06:13:19.176+0000][gc,metaspace] GC(26) Metaspace: 42548K(43072K)->42548K(43072K) NonClass: 37589K(37888K)->37589K(37888K) Class: 4958K(5184K)->4958K(5184K)
[2024-04-24T06:13:19.176+0000][gc          ] GC(26) Pause Young (Normal) (G1 Evacuation Pause) 765M->154M(1024M) 1.822ms
[2024-04-24T06:13:19.176+0000][gc,cpu      ] GC(26) User=0.01s Sys=0.00s Real=0.00s
[2024-04-24T06:13:20.281+0000][gc,start    ] GC(27) Pause Young (Normal) (G1 Evacuation Pause)
[2024-04-24T06:13:20.281+0000][gc,task     ] GC(27) Using 8 workers of 8 for evacuation
[2024-04-24T06:13:20.283+0000][gc,phases   ] GC(27)   Pre Evacuate Collection Set: 0.1ms
[2024-04-24T06:13:20.283+0000][gc,phases   ] GC(27)   Merge Heap Roots: 0.1ms
[2024-04-24T06:13:20.283+0000][gc,phases   ] GC(27)   Evacuate Collection Set: 1.3ms
[2024-04-24T06:13:20.283+0000][gc,phases   ] GC(27)   Post Evacuate Collection Set: 0.4ms
[2024-04-24T06:13:20.283+0000][gc,phases   ] GC(27)   Other: 0.1ms
[2024-04-24T06:13:20.283+0000][gc,heap     ] GC(27) Eden regions: 611->0(611)
[2024-04-24T06:13:20.283+0000][gc,heap     ] GC(27) Survivor regions: 3->3(77)
[2024-04-24T06:13:20.283+0000][gc,heap     ] GC(27) Old regions: 23->23
[2024-04-24T06:13:20.283+0000][gc,heap     ] GC(27) Archive regions: 2->2
[2024-04-24T06:13:20.283+0000][gc,heap     ] GC(27) Humongous regions: 129->129
[2024-04-24T06:13:20.283+0000][gc,metaspace] GC(27) Metaspace: 42548K(43072K)->42548K(43072K) NonClass: 37589K(37888K)->37589K(37888K) Class: 4958K(5184K)->4958K(5184K)
[2024-04-24T06:13:20.283+0000][gc          ] GC(27) Pause Young (Normal) (G1 Evacuation Pause) 765M->154M(1024M) 2.061ms
[2024-04-24T06:13:20.283+0000][gc,cpu      ] GC(27) User=0.01s Sys=0.00s Real=0.00s
[2024-04-24T06:13:21.506+0000][gc,start    ] GC(28) Pause Young (Normal) (G1 Evacuation Pause)
[2024-04-24T06:13:21.506+0000][gc,task     ] GC(28) Using 8 workers of 8 for evacuation
[2024-04-24T06:13:21.508+0000][gc,phases   ] GC(28)   Pre Evacuate Collection Set: 0.1ms
[2024-04-24T06:13:21.508+0000][gc,phases   ] GC(28)   Merge Heap Roots: 0.1ms
[2024-04-24T06:13:21.508+0000][gc,phases   ] GC(28)   Evacuate Collection Set: 1.3ms
[2024-04-24T06:13:21.508+0000][gc,phases   ] GC(28)   Post Evacuate Collection Set: 0.4ms
[2024-04-24T06:13:21.508+0000][gc,phases   ] GC(28)   Other: 0.1ms
[2024-04-24T06:13:21.508+0000][gc,heap     ] GC(28) Eden regions: 611->0(611)
[2024-04-24T06:13:21.508+0000][gc,heap     ] GC(28) Survivor regions: 3->3(77)
[2024-04-24T06:13:21.508+0000][gc,heap     ] GC(28) Old regions: 23->23
[2024-04-24T06:13:21.508+0000][gc,heap     ] GC(28) Archive regions: 2->2
[2024-04-24T06:13:21.508+0000][gc,heap     ] GC(28) Humongous regions: 129->129
[2024-04-24T06:13:21.508+0000][gc,metaspace] GC(28) Metaspace: 42603K(43200K)->42603K(43200K) NonClass: 37632K(38016K)->37632K(38016K) Class: 4970K(5184K)->4970K(5184K)
[2024-04-24T06:13:21.508+0000][gc          ] GC(28) Pause Young (Normal) (G1 Evacuation Pause) 765M->155M(1024M) 2.042ms
[2024-04-24T06:13:21.508+0000][gc,cpu      ] GC(28) User=0.01s Sys=0.00s Real=0.00s
[2024-04-24T06:13:22.639+0000][gc,start    ] GC(29) Pause Young (Normal) (G1 Evacuation Pause)
[2024-04-24T06:13:22.639+0000][gc,task     ] GC(29) Using 8 workers of 8 for evacuation
[2024-04-24T06:13:22.641+0000][gc,phases   ] GC(29)   Pre Evacuate Collection Set: 0.1ms
[2024-04-24T06:13:22.641+0000][gc,phases   ] GC(29)   Merge Heap Roots: 0.1ms
[2024-04-24T06:13:22.641+0000][gc,phases   ] GC(29)   Evacuate Collection Set: 1.5ms
[2024-04-24T06:13:22.641+0000][gc,phases   ] GC(29)   Post Evacuate Collection Set: 0.4ms
[2024-04-24T06:13:22.641+0000][gc,phases   ] GC(29)   Other: 0.1ms
[2024-04-24T06:13:22.641+0000][gc,heap     ] GC(29) Eden regions: 611->0(611)
[2024-04-24T06:13:22.641+0000][gc,heap     ] GC(29) Survivor regions: 3->3(77)
[2024-04-24T06:13:22.641+0000][gc,heap     ] GC(29) Old regions: 23->23
[2024-04-24T06:13:22.641+0000][gc,heap     ] GC(29) Archive regions: 2->2
[2024-04-24T06:13:22.641+0000][gc,heap     ] GC(29) Humongous regions: 129->129
[2024-04-24T06:13:22.641+0000][gc,metaspace] GC(29) Metaspace: 42605K(43200K)->42605K(43200K) NonClass: 37634K(38016K)->37634K(38016K) Class: 4970K(5184K)->4970K(5184K)
[2024-04-24T06:13:22.641+0000][gc          ] GC(29) Pause Young (Normal) (G1 Evacuation Pause) 766M->155M(1024M) 2.279ms
[2024-04-24T06:13:22.641+0000][gc,cpu      ] GC(29) User=0.01s Sys=0.00s Real=0.00s
[2024-04-24T06:13:23.812+0000][gc,start    ] GC(30) Pause Young (Normal) (G1 Evacuation Pause)
[2024-04-24T06:13:23.812+0000][gc,task     ] GC(30) Using 8 workers of 8 for evacuation
[2024-04-24T06:13:23.814+0000][gc,phases   ] GC(30)   Pre Evacuate Collection Set: 0.1ms
[2024-04-24T06:13:23.814+0000][gc,phases   ] GC(30)   Merge Heap Roots: 0.1ms
[2024-04-24T06:13:23.814+0000][gc,phases   ] GC(30)   Evacuate Collection Set: 1.4ms
[2024-04-24T06:13:23.814+0000][gc,phases   ] GC(30)   Post Evacuate Collection Set: 0.4ms
[2024-04-24T06:13:23.814+0000][gc,phases   ] GC(30)   Other: 0.1ms
[2024-04-24T06:13:23.814+0000][gc,heap     ] GC(30) Eden regions: 611->0(611)
[2024-04-24T06:13:23.814+0000][gc,heap     ] GC(30) Survivor regions: 3->3(77)
[2024-04-24T06:13:23.814+0000][gc,heap     ] GC(30) Old regions: 23->24
[2024-04-24T06:13:23.814+0000][gc,heap     ] GC(30) Archive regions: 2->2
[2024-04-24T06:13:23.814+0000][gc,heap     ] GC(30) Humongous regions: 129->129
[2024-04-24T06:13:23.814+0000][gc,metaspace] GC(30) Metaspace: 42605K(43200K)->42605K(43200K) NonClass: 37634K(38016K)->37634K(38016K) Class: 4970K(5184K)->4970K(5184K)
[2024-04-24T06:13:23.814+0000][gc          ] GC(30) Pause Young (Normal) (G1 Evacuation Pause) 766M->155M(1024M) 2.166ms
[2024-04-24T06:13:23.814+0000][gc,cpu      ] GC(30) User=0.01s Sys=0.00s Real=0.01s
[2024-04-24T06:13:24.953+0000][gc,start    ] GC(31) Pause Young (Normal) (G1 Evacuation Pause)
[2024-04-24T06:13:24.953+0000][gc,task     ] GC(31) Using 8 workers of 8 for evacuation
[2024-04-24T06:13:24.956+0000][gc,phases   ] GC(31)   Pre Evacuate Collection Set: 0.1ms
[2024-04-24T06:13:24.956+0000][gc,phases   ] GC(31)   Merge Heap Roots: 0.1ms
[2024-04-24T06:13:24.956+0000][gc,phases   ] GC(31)   Evacuate Collection Set: 2.0ms
[2024-04-24T06:13:24.956+0000][gc,phases   ] GC(31)   Post Evacuate Collection Set: 0.4ms
[2024-04-24T06:13:24.956+0000][gc,phases   ] GC(31)   Other: 0.1ms
[2024-04-24T06:13:24.956+0000][gc,heap     ] GC(31) Eden regions: 611->0(611)
[2024-04-24T06:13:24.956+0000][gc,heap     ] GC(31) Survivor regions: 3->3(77)
[2024-04-24T06:13:24.956+0000][gc,heap     ] GC(31) Old regions: 24->24
[2024-04-24T06:13:24.956+0000][gc,heap     ] GC(31) Archive regions: 2->2
[2024-04-24T06:13:24.956+0000][gc,heap     ] GC(31) Humongous regions: 129->129
[2024-04-24T06:13:24.956+0000][gc,metaspace] GC(31) Metaspace: 42605K(43200K)->42605K(43200K) NonClass: 37634K(38016K)->37634K(38016K) Class: 4970K(5184K)->4970K(5184K)
[2024-04-24T06:13:24.956+0000][gc          ] GC(31) Pause Young (Normal) (G1 Evacuation Pause) 766M->155M(1024M) 2.804ms
[2024-04-24T06:13:24.956+0000][gc,cpu      ] GC(31) User=0.00s Sys=0.00s Real=0.00s
[2024-04-24T06:13:26.083+0000][gc,start    ] GC(32) Pause Young (Normal) (G1 Evacuation Pause)
[2024-04-24T06:13:26.083+0000][gc,task     ] GC(32) Using 8 workers of 8 for evacuation
[2024-04-24T06:13:26.085+0000][gc,phases   ] GC(32)   Pre Evacuate Collection Set: 0.1ms
[2024-04-24T06:13:26.085+0000][gc,phases   ] GC(32)   Merge Heap Roots: 0.1ms
[2024-04-24T06:13:26.085+0000][gc,phases   ] GC(32)   Evacuate Collection Set: 1.6ms
[2024-04-24T06:13:26.085+0000][gc,phases   ] GC(32)   Post Evacuate Collection Set: 0.4ms
[2024-04-24T06:13:26.085+0000][gc,phases   ] GC(32)   Other: 0.1ms
[2024-04-24T06:13:26.085+0000][gc,heap     ] GC(32) Eden regions: 611->0(611)
[2024-04-24T06:13:26.085+0000][gc,heap     ] GC(32) Survivor regions: 3->3(77)
[2024-04-24T06:13:26.085+0000][gc,heap     ] GC(32) Old regions: 24->24
[2024-04-24T06:13:26.085+0000][gc,heap     ] GC(32) Archive regions: 2->2
[2024-04-24T06:13:26.085+0000][gc,heap     ] GC(32) Humongous regions: 129->129
[2024-04-24T06:13:26.085+0000][gc,metaspace] GC(32) Metaspace: 42608K(43200K)->42608K(43200K) NonClass: 37637K(38016K)->37637K(38016K) Class: 4970K(5184K)->4970K(5184K)
[2024-04-24T06:13:26.085+0000][gc          ] GC(32) Pause Young (Normal) (G1 Evacuation Pause) 766M->155M(1024M) 2.354ms
[2024-04-24T06:13:26.085+0000][gc,cpu      ] GC(32) User=0.01s Sys=0.00s Real=0.01s
[2024-04-24T06:13:27.219+0000][gc,start    ] GC(33) Pause Young (Normal) (G1 Evacuation Pause)
[2024-04-24T06:13:27.219+0000][gc,task     ] GC(33) Using 8 workers of 8 for evacuation
[2024-04-24T06:13:27.221+0000][gc,phases   ] GC(33)   Pre Evacuate Collection Set: 0.1ms
[2024-04-24T06:13:27.221+0000][gc,phases   ] GC(33)   Merge Heap Roots: 0.1ms
[2024-04-24T06:13:27.221+0000][gc,phases   ] GC(33)   Evacuate Collection Set: 1.6ms
[2024-04-24T06:13:27.221+0000][gc,phases   ] GC(33)   Post Evacuate Collection Set: 0.4ms
[2024-04-24T06:13:27.221+0000][gc,phases   ] GC(33)   Other: 0.1ms
[2024-04-24T06:13:27.221+0000][gc,heap     ] GC(33) Eden regions: 611->0(611)
[2024-04-24T06:13:27.221+0000][gc,heap     ] GC(33) Survivor regions: 3->3(77)
[2024-04-24T06:13:27.221+0000][gc,heap     ] GC(33) Old regions: 24->24
[2024-04-24T06:13:27.221+0000][gc,heap     ] GC(33) Archive regions: 2->2
[2024-04-24T06:13:27.221+0000][gc,heap     ] GC(33) Humongous regions: 129->129
[2024-04-24T06:13:27.221+0000][gc,metaspace] GC(33) Metaspace: 42608K(43200K)->42608K(43200K) NonClass: 37637K(38016K)->37637K(38016K) Class: 4970K(5184K)->4970K(5184K)
[2024-04-24T06:13:27.221+0000][gc          ] GC(33) Pause Young (Normal) (G1 Evacuation Pause) 766M->156M(1024M) 2.375ms
[2024-04-24T06:13:27.221+0000][gc,cpu      ] GC(33) User=0.02s Sys=0.00s Real=0.00s
[2024-04-24T06:13:28.363+0000][gc,start    ] GC(34) Pause Young (Normal) (G1 Evacuation Pause)
[2024-04-24T06:13:28.363+0000][gc,task     ] GC(34) Using 8 workers of 8 for evacuation
[2024-04-24T06:13:28.366+0000][gc,phases   ] GC(34)   Pre Evacuate Collection Set: 0.1ms
[2024-04-24T06:13:28.366+0000][gc,phases   ] GC(34)   Merge Heap Roots: 0.1ms
[2024-04-24T06:13:28.366+0000][gc,phases   ] GC(34)   Evacuate Collection Set: 1.7ms
[2024-04-24T06:13:28.366+0000][gc,phases   ] GC(34)   Post Evacuate Collection Set: 0.4ms
[2024-04-24T06:13:28.366+0000][gc,phases   ] GC(34)   Other: 0.1ms
[2024-04-24T06:13:28.366+0000][gc,heap     ] GC(34) Eden regions: 611->0(611)
[2024-04-24T06:13:28.366+0000][gc,heap     ] GC(34) Survivor regions: 3->3(77)
[2024-04-24T06:13:28.366+0000][gc,heap     ] GC(34) Old regions: 24->24
[2024-04-24T06:13:28.366+0000][gc,heap     ] GC(34) Archive regions: 2->2
[2024-04-24T06:13:28.366+0000][gc,heap     ] GC(34) Humongous regions: 129->129
[2024-04-24T06:13:28.366+0000][gc,metaspace] GC(34) Metaspace: 42615K(43200K)->42615K(43200K) NonClass: 37644K(38016K)->37644K(38016K) Class: 4970K(5184K)->4970K(5184K)
[2024-04-24T06:13:28.366+0000][gc          ] GC(34) Pause Young (Normal) (G1 Evacuation Pause) 767M->156M(1024M) 2.403ms
[2024-04-24T06:13:28.366+0000][gc,cpu      ] GC(34) User=0.01s Sys=0.00s Real=0.01s
[2024-04-24T06:13:29.520+0000][gc,start    ] GC(35) Pause Young (Normal) (G1 Evacuation Pause)
[2024-04-24T06:13:29.520+0000][gc,task     ] GC(35) Using 8 workers of 8 for evacuation
[2024-04-24T06:13:29.523+0000][gc,phases   ] GC(35)   Pre Evacuate Collection Set: 0.1ms
[2024-04-24T06:13:29.523+0000][gc,phases   ] GC(35)   Merge Heap Roots: 0.1ms
[2024-04-24T06:13:29.523+0000][gc,phases   ] GC(35)   Evacuate Collection Set: 1.9ms
[2024-04-24T06:13:29.523+0000][gc,phases   ] GC(35)   Post Evacuate Collection Set: 0.4ms
[2024-04-24T06:13:29.523+0000][gc,phases   ] GC(35)   Other: 0.1ms
[2024-04-24T06:13:29.523+0000][gc,heap     ] GC(35) Eden regions: 611->0(611)
[2024-04-24T06:13:29.523+0000][gc,heap     ] GC(35) Survivor regions: 3->3(77)
[2024-04-24T06:13:29.523+0000][gc,heap     ] GC(35) Old regions: 24->24
[2024-04-24T06:13:29.523+0000][gc,heap     ] GC(35) Archive regions: 2->2
[2024-04-24T06:13:29.523+0000][gc,heap     ] GC(35) Humongous regions: 129->129
[2024-04-24T06:13:29.523+0000][gc,metaspace] GC(35) Metaspace: 42615K(43200K)->42615K(43200K) NonClass: 37644K(38016K)->37644K(38016K) Class: 4970K(5184K)->4970K(5184K)
[2024-04-24T06:13:29.523+0000][gc          ] GC(35) Pause Young (Normal) (G1 Evacuation Pause) 767M->156M(1024M) 2.590ms
[2024-04-24T06:13:29.523+0000][gc,cpu      ] GC(35) User=0.01s Sys=0.00s Real=0.00s
[2024-04-24T06:13:30.648+0000][gc,start    ] GC(36) Pause Young (Normal) (G1 Evacuation Pause)
[2024-04-24T06:13:30.648+0000][gc,task     ] GC(36) Using 8 workers of 8 for evacuation
[2024-04-24T06:13:30.651+0000][gc,phases   ] GC(36)   Pre Evacuate Collection Set: 0.1ms
[2024-04-24T06:13:30.651+0000][gc,phases   ] GC(36)   Merge Heap Roots: 0.1ms
[2024-04-24T06:13:30.651+0000][gc,phases   ] GC(36)   Evacuate Collection Set: 2.1ms
[2024-04-24T06:13:30.651+0000][gc,phases   ] GC(36)   Post Evacuate Collection Set: 0.4ms
[2024-04-24T06:13:30.651+0000][gc,phases   ] GC(36)   Other: 0.1ms
[2024-04-24T06:13:30.651+0000][gc,heap     ] GC(36) Eden regions: 611->0(611)
[2024-04-24T06:13:30.651+0000][gc,heap     ] GC(36) Survivor regions: 3->3(77)
[2024-04-24T06:13:30.651+0000][gc,heap     ] GC(36) Old regions: 24->24
[2024-04-24T06:13:30.651+0000][gc,heap     ] GC(36) Archive regions: 2->2
[2024-04-24T06:13:30.651+0000][gc,heap     ] GC(36) Humongous regions: 129->129
[2024-04-24T06:13:30.651+0000][gc,metaspace] GC(36) Metaspace: 42617K(43200K)->42617K(43200K) NonClass: 37646K(38016K)->37646K(38016K) Class: 4970K(5184K)->4970K(5184K)
[2024-04-24T06:13:30.651+0000][gc          ] GC(36) Pause Young (Normal) (G1 Evacuation Pause) 767M->156M(1024M) 2.841ms
[2024-04-24T06:13:30.651+0000][gc,cpu      ] GC(36) User=0.01s Sys=0.01s Real=0.00s
[2024-04-24T06:13:31.766+0000][gc,start    ] GC(37) Pause Young (Normal) (G1 Evacuation Pause)
[2024-04-24T06:13:31.766+0000][gc,task     ] GC(37) Using 8 workers of 8 for evacuation
[2024-04-24T06:13:31.769+0000][gc,phases   ] GC(37)   Pre Evacuate Collection Set: 0.1ms
[2024-04-24T06:13:31.769+0000][gc,phases   ] GC(37)   Merge Heap Roots: 0.1ms
[2024-04-24T06:13:31.769+0000][gc,phases   ] GC(37)   Evacuate Collection Set: 1.7ms
[2024-04-24T06:13:31.769+0000][gc,phases   ] GC(37)   Post Evacuate Collection Set: 0.4ms
[2024-04-24T06:13:31.769+0000][gc,phases   ] GC(37)   Other: 0.1ms
[2024-04-24T06:13:31.769+0000][gc,heap     ] GC(37) Eden regions: 611->0(611)
[2024-04-24T06:13:31.769+0000][gc,heap     ] GC(37) Survivor regions: 3->3(77)
[2024-04-24T06:13:31.769+0000][gc,heap     ] GC(37) Old regions: 24->25
[2024-04-24T06:13:31.769+0000][gc,heap     ] GC(37) Archive regions: 2->2
[2024-04-24T06:13:31.769+0000][gc,heap     ] GC(37) Humongous regions: 129->129
[2024-04-24T06:13:31.769+0000][gc,metaspace] GC(37) Metaspace: 42622K(43200K)->42622K(43200K) NonClass: 37651K(38016K)->37651K(38016K) Class: 4970K(5184K)->4970K(5184K)
[2024-04-24T06:13:31.769+0000][gc          ] GC(37) Pause Young (Normal) (G1 Evacuation Pause) 767M->156M(1024M) 2.404ms
[2024-04-24T06:13:31.769+0000][gc,cpu      ] GC(37) User=0.01s Sys=0.00s Real=0.00s
[2024-04-24T06:13:32.885+0000][gc,start    ] GC(38) Pause Young (Normal) (G1 Evacuation Pause)
[2024-04-24T06:13:32.885+0000][gc,task     ] GC(38) Using 8 workers of 8 for evacuation
[2024-04-24T06:13:32.888+0000][gc,phases   ] GC(38)   Pre Evacuate Collection Set: 0.1ms
[2024-04-24T06:13:32.888+0000][gc,phases   ] GC(38)   Merge Heap Roots: 0.1ms
[2024-04-24T06:13:32.888+0000][gc,phases   ] GC(38)   Evacuate Collection Set: 1.7ms
[2024-04-24T06:13:32.888+0000][gc,phases   ] GC(38)   Post Evacuate Collection Set: 0.4ms
[2024-04-24T06:13:32.888+0000][gc,phases   ] GC(38)   Other: 0.1ms
[2024-04-24T06:13:32.888+0000][gc,heap     ] GC(38) Eden regions: 611->0(611)
[2024-04-24T06:13:32.888+0000][gc,heap     ] GC(38) Survivor regions: 3->3(77)
[2024-04-24T06:13:32.888+0000][gc,heap     ] GC(38) Old regions: 25->25
[2024-04-24T06:13:32.888+0000][gc,heap     ] GC(38) Archive regions: 2->2
[2024-04-24T06:13:32.888+0000][gc,heap     ] GC(38) Humongous regions: 129->129
[2024-04-24T06:13:32.888+0000][gc,metaspace] GC(38) Metaspace: 42627K(43200K)->42627K(43200K) NonClass: 37656K(38016K)->37656K(38016K) Class: 4970K(5184K)->4970K(5184K)
[2024-04-24T06:13:32.888+0000][gc          ] GC(38) Pause Young (Normal) (G1 Evacuation Pause) 767M->156M(1024M) 2.391ms
[2024-04-24T06:13:32.888+0000][gc,cpu      ] GC(38) User=0.01s Sys=0.00s Real=0.00s
[2024-04-24T06:13:34.041+0000][gc,start    ] GC(39) Pause Young (Normal) (G1 Evacuation Pause)
[2024-04-24T06:13:34.041+0000][gc,task     ] GC(39) Using 8 workers of 8 for evacuation
[2024-04-24T06:13:34.044+0000][gc,phases   ] GC(39)   Pre Evacuate Collection Set: 0.1ms
[2024-04-24T06:13:34.044+0000][gc,phases   ] GC(39)   Merge Heap Roots: 0.1ms
[2024-04-24T06:13:34.044+0000][gc,phases   ] GC(39)   Evacuate Collection Set: 1.7ms
[2024-04-24T06:13:34.044+0000][gc,phases   ] GC(39)   Post Evacuate Collection Set: 0.4ms
[2024-04-24T06:13:34.044+0000][gc,phases   ] GC(39)   Other: 0.1ms
[2024-04-24T06:13:34.044+0000][gc,heap     ] GC(39) Eden regions: 611->0(611)
[2024-04-24T06:13:34.044+0000][gc,heap     ] GC(39) Survivor regions: 3->3(77)
[2024-04-24T06:13:34.044+0000][gc,heap     ] GC(39) Old regions: 25->25
[2024-04-24T06:13:34.044+0000][gc,heap     ] GC(39) Archive regions: 2->2
[2024-04-24T06:13:34.044+0000][gc,heap     ] GC(39) Humongous regions: 129->129
[2024-04-24T06:13:34.044+0000][gc,metaspace] GC(39) Metaspace: 42627K(43200K)->42627K(43200K) NonClass: 37656K(38016K)->37656K(38016K) Class: 4970K(5184K)->4970K(5184K)
[2024-04-24T06:13:34.044+0000][gc          ] GC(39) Pause Young (Normal) (G1 Evacuation Pause) 767M->156M(1024M) 2.470ms
[2024-04-24T06:13:34.044+0000][gc,cpu      ] GC(39) User=0.01s Sys=0.00s Real=0.00s
[2024-04-24T06:13:35.159+0000][gc,start    ] GC(40) Pause Young (Normal) (G1 Evacuation Pause)
[2024-04-24T06:13:35.159+0000][gc,task     ] GC(40) Using 8 workers of 8 for evacuation
[2024-04-24T06:13:35.161+0000][gc,phases   ] GC(40)   Pre Evacuate Collection Set: 0.1ms
[2024-04-24T06:13:35.161+0000][gc,phases   ] GC(40)   Merge Heap Roots: 0.1ms
[2024-04-24T06:13:35.161+0000][gc,phases   ] GC(40)   Evacuate Collection Set: 1.7ms
[2024-04-24T06:13:35.161+0000][gc,phases   ] GC(40)   Post Evacuate Collection Set: 0.4ms
[2024-04-24T06:13:35.161+0000][gc,phases   ] GC(40)   Other: 0.1ms
[2024-04-24T06:13:35.161+0000][gc,heap     ] GC(40) Eden regions: 611->0(611)
[2024-04-24T06:13:35.161+0000][gc,heap     ] GC(40) Survivor regions: 3->3(77)
[2024-04-24T06:13:35.161+0000][gc,heap     ] GC(40) Old regions: 25->25
[2024-04-24T06:13:35.161+0000][gc,heap     ] GC(40) Archive regions: 2->2
[2024-04-24T06:13:35.161+0000][gc,heap     ] GC(40) Humongous regions: 129->129
[2024-04-24T06:13:35.161+0000][gc,metaspace] GC(40) Metaspace: 42627K(43200K)->42627K(43200K) NonClass: 37656K(38016K)->37656K(38016K) Class: 4970K(5184K)->4970K(5184K)
[2024-04-24T06:13:35.161+0000][gc          ] GC(40) Pause Young (Normal) (G1 Evacuation Pause) 767M->156M(1024M) 2.408ms
[2024-04-24T06:13:35.161+0000][gc,cpu      ] GC(40) User=0.02s Sys=0.00s Real=0.00s
[2024-04-24T06:13:36.289+0000][gc,start    ] GC(41) Pause Young (Normal) (G1 Evacuation Pause)
[2024-04-24T06:13:36.289+0000][gc,task     ] GC(41) Using 8 workers of 8 for evacuation
[2024-04-24T06:13:36.292+0000][gc,phases   ] GC(41)   Pre Evacuate Collection Set: 0.1ms
[2024-04-24T06:13:36.292+0000][gc,phases   ] GC(41)   Merge Heap Roots: 0.1ms
[2024-04-24T06:13:36.292+0000][gc,phases   ] GC(41)   Evacuate Collection Set: 1.7ms
[2024-04-24T06:13:36.292+0000][gc,phases   ] GC(41)   Post Evacuate Collection Set: 0.4ms
[2024-04-24T06:13:36.292+0000][gc,phases   ] GC(41)   Other: 0.1ms
[2024-04-24T06:13:36.292+0000][gc,heap     ] GC(41) Eden regions: 611->0(611)
[2024-04-24T06:13:36.292+0000][gc,heap     ] GC(41) Survivor regions: 3->3(77)
[2024-04-24T06:13:36.292+0000][gc,heap     ] GC(41) Old regions: 25->25
[2024-04-24T06:13:36.292+0000][gc,heap     ] GC(41) Archive regions: 2->2
[2024-04-24T06:13:36.292+0000][gc,heap     ] GC(41) Humongous regions: 129->129
[2024-04-24T06:13:36.292+0000][gc,metaspace] GC(41) Metaspace: 42631K(43200K)->42631K(43200K) NonClass: 37660K(38016K)->37660K(38016K) Class: 4970K(5184K)->4970K(5184K)
[2024-04-24T06:13:36.292+0000][gc          ] GC(41) Pause Young (Normal) (G1 Evacuation Pause) 767M->157M(1024M) 2.439ms
[2024-04-24T06:13:36.292+0000][gc,cpu      ] GC(41) User=0.01s Sys=0.01s Real=0.00s
[2024-04-24T06:13:37.431+0000][gc,start    ] GC(42) Pause Young (Normal) (G1 Evacuation Pause)
[2024-04-24T06:13:37.431+0000][gc,task     ] GC(42) Using 8 workers of 8 for evacuation
[2024-04-24T06:13:37.434+0000][gc,phases   ] GC(42)   Pre Evacuate Collection Set: 0.1ms
[2024-04-24T06:13:37.434+0000][gc,phases   ] GC(42)   Merge Heap Roots: 0.1ms
[2024-04-24T06:13:37.434+0000][gc,phases   ] GC(42)   Evacuate Collection Set: 1.9ms
[2024-04-24T06:13:37.434+0000][gc,phases   ] GC(42)   Post Evacuate Collection Set: 0.4ms
[2024-04-24T06:13:37.434+0000][gc,phases   ] GC(42)   Other: 0.1ms
[2024-04-24T06:13:37.434+0000][gc,heap     ] GC(42) Eden regions: 611->0(611)
[2024-04-24T06:13:37.434+0000][gc,heap     ] GC(42) Survivor regions: 3->3(77)
[2024-04-24T06:13:37.434+0000][gc,heap     ] GC(42) Old regions: 25->25
[2024-04-24T06:13:37.434+0000][gc,heap     ] GC(42) Archive regions: 2->2
[2024-04-24T06:13:37.434+0000][gc,heap     ] GC(42) Humongous regions: 129->129
[2024-04-24T06:13:37.434+0000][gc,metaspace] GC(42) Metaspace: 42631K(43200K)->42631K(43200K) NonClass: 37660K(38016K)->37660K(38016K) Class: 4970K(5184K)->4970K(5184K)
[2024-04-24T06:13:37.434+0000][gc          ] GC(42) Pause Young (Normal) (G1 Evacuation Pause) 768M->157M(1024M) 2.691ms
[2024-04-24T06:13:37.434+0000][gc,cpu      ] GC(42) User=0.01s Sys=0.00s Real=0.01s
[2024-04-24T06:13:38.579+0000][gc,start    ] GC(43) Pause Young (Normal) (G1 Evacuation Pause)
[2024-04-24T06:13:38.579+0000][gc,task     ] GC(43) Using 8 workers of 8 for evacuation
[2024-04-24T06:13:38.581+0000][gc,phases   ] GC(43)   Pre Evacuate Collection Set: 0.1ms
[2024-04-24T06:13:38.581+0000][gc,phases   ] GC(43)   Merge Heap Roots: 0.1ms
[2024-04-24T06:13:38.581+0000][gc,phases   ] GC(43)   Evacuate Collection Set: 2.0ms
[2024-04-24T06:13:38.581+0000][gc,phases   ] GC(43)   Post Evacuate Collection Set: 0.4ms
[2024-04-24T06:13:38.581+0000][gc,phases   ] GC(43)   Other: 0.1ms
[2024-04-24T06:13:38.581+0000][gc,heap     ] GC(43) Eden regions: 611->0(611)
[2024-04-24T06:13:38.581+0000][gc,heap     ] GC(43) Survivor regions: 3->3(77)
[2024-04-24T06:13:38.581+0000][gc,heap     ] GC(43) Old regions: 25->26
[2024-04-24T06:13:38.581+0000][gc,heap     ] GC(43) Archive regions: 2->2
[2024-04-24T06:13:38.581+0000][gc,heap     ] GC(43) Humongous regions: 129->129
[2024-04-24T06:13:38.581+0000][gc,metaspace] GC(43) Metaspace: 42631K(43200K)->42631K(43200K) NonClass: 37660K(38016K)->37660K(38016K) Class: 4970K(5184K)->4970K(5184K)
[2024-04-24T06:13:38.581+0000][gc          ] GC(43) Pause Young (Normal) (G1 Evacuation Pause) 768M->157M(1024M) 2.813ms
[2024-04-24T06:13:38.581+0000][gc,cpu      ] GC(43) User=0.01s Sys=0.00s Real=0.00s
[2024-04-24T06:13:39.746+0000][gc,start    ] GC(44) Pause Young (Normal) (G1 Evacuation Pause)
[2024-04-24T06:13:39.746+0000][gc,task     ] GC(44) Using 8 workers of 8 for evacuation
[2024-04-24T06:13:39.748+0000][gc,phases   ] GC(44)   Pre Evacuate Collection Set: 0.1ms
[2024-04-24T06:13:39.748+0000][gc,phases   ] GC(44)   Merge Heap Roots: 0.1ms
[2024-04-24T06:13:39.748+0000][gc,phases   ] GC(44)   Evacuate Collection Set: 1.7ms
[2024-04-24T06:13:39.748+0000][gc,phases   ] GC(44)   Post Evacuate Collection Set: 0.4ms
[2024-04-24T06:13:39.748+0000][gc,phases   ] GC(44)   Other: 0.1ms
[2024-04-24T06:13:39.748+0000][gc,heap     ] GC(44) Eden regions: 611->0(611)
[2024-04-24T06:13:39.748+0000][gc,heap     ] GC(44) Survivor regions: 3->3(77)
[2024-04-24T06:13:39.748+0000][gc,heap     ] GC(44) Old regions: 26->26
[2024-04-24T06:13:39.748+0000][gc,heap     ] GC(44) Archive regions: 2->2
[2024-04-24T06:13:39.748+0000][gc,heap     ] GC(44) Humongous regions: 129->129
[2024-04-24T06:13:39.748+0000][gc,metaspace] GC(44) Metaspace: 42632K(43200K)->42632K(43200K) NonClass: 37661K(38016K)->37661K(38016K) Class: 4970K(5184K)->4970K(5184K)
[2024-04-24T06:13:39.748+0000][gc          ] GC(44) Pause Young (Normal) (G1 Evacuation Pause) 768M->157M(1024M) 2.506ms
[2024-04-24T06:13:39.748+0000][gc,cpu      ] GC(44) User=0.01s Sys=0.01s Real=0.00s
[2024-04-24T06:13:40.878+0000][gc,start    ] GC(45) Pause Young (Normal) (G1 Evacuation Pause)
[2024-04-24T06:13:40.878+0000][gc,task     ] GC(45) Using 8 workers of 8 for evacuation
[2024-04-24T06:13:40.881+0000][gc,phases   ] GC(45)   Pre Evacuate Collection Set: 0.1ms
[2024-04-24T06:13:40.881+0000][gc,phases   ] GC(45)   Merge Heap Roots: 0.1ms
[2024-04-24T06:13:40.881+0000][gc,phases   ] GC(45)   Evacuate Collection Set: 1.6ms
[2024-04-24T06:13:40.881+0000][gc,phases   ] GC(45)   Post Evacuate Collection Set: 0.4ms
[2024-04-24T06:13:40.881+0000][gc,phases   ] GC(45)   Other: 0.1ms
[2024-04-24T06:13:40.881+0000][gc,heap     ] GC(45) Eden regions: 611->0(611)
[2024-04-24T06:13:40.881+0000][gc,heap     ] GC(45) Survivor regions: 3->3(77)
[2024-04-24T06:13:40.881+0000][gc,heap     ] GC(45) Old regions: 26->26
[2024-04-24T06:13:40.881+0000][gc,heap     ] GC(45) Archive regions: 2->2
[2024-04-24T06:13:40.881+0000][gc,heap     ] GC(45) Humongous regions: 129->129
[2024-04-24T06:13:40.881+0000][gc,metaspace] GC(45) Metaspace: 42634K(43200K)->42634K(43200K) NonClass: 37663K(38016K)->37663K(38016K) Class: 4970K(5184K)->4970K(5184K)
[2024-04-24T06:13:40.881+0000][gc          ] GC(45) Pause Young (Normal) (G1 Evacuation Pause) 768M->157M(1024M) 2.292ms
[2024-04-24T06:13:40.881+0000][gc,cpu      ] GC(45) User=0.01s Sys=0.00s Real=0.00s
[2024-04-24T06:13:41.999+0000][gc,start    ] GC(46) Pause Young (Normal) (G1 Evacuation Pause)
[2024-04-24T06:13:41.999+0000][gc,task     ] GC(46) Using 8 workers of 8 for evacuation
[2024-04-24T06:13:42.001+0000][gc,phases   ] GC(46)   Pre Evacuate Collection Set: 0.1ms
[2024-04-24T06:13:42.001+0000][gc,phases   ] GC(46)   Merge Heap Roots: 0.1ms
[2024-04-24T06:13:42.001+0000][gc,phases   ] GC(46)   Evacuate Collection Set: 1.7ms
[2024-04-24T06:13:42.001+0000][gc,phases   ] GC(46)   Post Evacuate Collection Set: 0.4ms
[2024-04-24T06:13:42.001+0000][gc,phases   ] GC(46)   Other: 0.1ms
[2024-04-24T06:13:42.001+0000][gc,heap     ] GC(46) Eden regions: 611->0(611)
[2024-04-24T06:13:42.001+0000][gc,heap     ] GC(46) Survivor regions: 3->3(77)
[2024-04-24T06:13:42.001+0000][gc,heap     ] GC(46) Old regions: 26->26
[2024-04-24T06:13:42.001+0000][gc,heap     ] GC(46) Archive regions: 2->2
[2024-04-24T06:13:42.001+0000][gc,heap     ] GC(46) Humongous regions: 129->129
[2024-04-24T06:13:42.001+0000][gc,metaspace] GC(46) Metaspace: 42636K(43200K)->42636K(43200K) NonClass: 37665K(38016K)->37665K(38016K) Class: 4970K(5184K)->4970K(5184K)
[2024-04-24T06:13:42.001+0000][gc          ] GC(46) Pause Young (Normal) (G1 Evacuation Pause) 768M->157M(1024M) 2.393ms
[2024-04-24T06:13:42.001+0000][gc,cpu      ] GC(46) User=0.01s Sys=0.00s Real=0.00s
[2024-04-24T06:13:43.113+0000][gc,start    ] GC(47) Pause Young (Normal) (G1 Evacuation Pause)
[2024-04-24T06:13:43.113+0000][gc,task     ] GC(47) Using 8 workers of 8 for evacuation
[2024-04-24T06:13:43.116+0000][gc,phases   ] GC(47)   Pre Evacuate Collection Set: 0.1ms
[2024-04-24T06:13:43.116+0000][gc,phases   ] GC(47)   Merge Heap Roots: 0.1ms
[2024-04-24T06:13:43.116+0000][gc,phases   ] GC(47)   Evacuate Collection Set: 1.9ms
[2024-04-24T06:13:43.116+0000][gc,phases   ] GC(47)   Post Evacuate Collection Set: 0.4ms
[2024-04-24T06:13:43.116+0000][gc,phases   ] GC(47)   Other: 0.1ms
[2024-04-24T06:13:43.116+0000][gc,heap     ] GC(47) Eden regions: 611->0(612)
[2024-04-24T06:13:43.116+0000][gc,heap     ] GC(47) Survivor regions: 3->2(77)
[2024-04-24T06:13:43.116+0000][gc,heap     ] GC(47) Old regions: 26->26
[2024-04-24T06:13:43.116+0000][gc,heap     ] GC(47) Archive regions: 2->2
[2024-04-24T06:13:43.116+0000][gc,heap     ] GC(47) Humongous regions: 129->129
[2024-04-24T06:13:43.116+0000][gc,metaspace] GC(47) Metaspace: 42648K(43200K)->42648K(43200K) NonClass: 37677K(38016K)->37677K(38016K) Class: 4970K(5184K)->4970K(5184K)
[2024-04-24T06:13:43.116+0000][gc          ] GC(47) Pause Young (Normal) (G1 Evacuation Pause) 768M->157M(1024M) 2.652ms
[2024-04-24T06:13:43.116+0000][gc,cpu      ] GC(47) User=0.01s Sys=0.00s Real=0.00s
[2024-04-24T06:13:44.278+0000][gc,start    ] GC(48) Pause Young (Normal) (G1 Evacuation Pause)
[2024-04-24T06:13:44.278+0000][gc,task     ] GC(48) Using 8 workers of 8 for evacuation
[2024-04-24T06:13:44.280+0000][gc,phases   ] GC(48)   Pre Evacuate Collection Set: 0.1ms
[2024-04-24T06:13:44.280+0000][gc,phases   ] GC(48)   Merge Heap Roots: 0.1ms
[2024-04-24T06:13:44.280+0000][gc,phases   ] GC(48)   Evacuate Collection Set: 1.8ms
[2024-04-24T06:13:44.280+0000][gc,phases   ] GC(48)   Post Evacuate Collection Set: 0.4ms
[2024-04-24T06:13:44.280+0000][gc,phases   ] GC(48)   Other: 0.1ms
[2024-04-24T06:13:44.280+0000][gc,heap     ] GC(48) Eden regions: 612->0(612)
[2024-04-24T06:13:44.280+0000][gc,heap     ] GC(48) Survivor regions: 2->2(77)
[2024-04-24T06:13:44.280+0000][gc,heap     ] GC(48) Old regions: 26->27
[2024-04-24T06:13:44.280+0000][gc,heap     ] GC(48) Archive regions: 2->2
[2024-04-24T06:13:44.280+0000][gc,heap     ] GC(48) Humongous regions: 129->129
[2024-04-24T06:13:44.280+0000][gc,metaspace] GC(48) Metaspace: 42648K(43200K)->42648K(43200K) NonClass: 37677K(38016K)->37677K(38016K) Class: 4970K(5184K)->4970K(5184K)
[2024-04-24T06:13:44.280+0000][gc          ] GC(48) Pause Young (Normal) (G1 Evacuation Pause) 769M->157M(1024M) 2.562ms
[2024-04-24T06:13:44.280+0000][gc,cpu      ] GC(48) User=0.01s Sys=0.00s Real=0.00s
[2024-04-24T06:13:45.427+0000][gc,start    ] GC(49) Pause Young (Normal) (G1 Evacuation Pause)
[2024-04-24T06:13:45.427+0000][gc,task     ] GC(49) Using 8 workers of 8 for evacuation
[2024-04-24T06:13:45.430+0000][gc,phases   ] GC(49)   Pre Evacuate Collection Set: 0.1ms
[2024-04-24T06:13:45.430+0000][gc,phases   ] GC(49)   Merge Heap Roots: 0.1ms
[2024-04-24T06:13:45.430+0000][gc,phases   ] GC(49)   Evacuate Collection Set: 1.9ms
[2024-04-24T06:13:45.430+0000][gc,phases   ] GC(49)   Post Evacuate Collection Set: 0.4ms
[2024-04-24T06:13:45.430+0000][gc,phases   ] GC(49)   Other: 0.1ms
[2024-04-24T06:13:45.430+0000][gc,heap     ] GC(49) Eden regions: 612->0(612)
[2024-04-24T06:13:45.430+0000][gc,heap     ] GC(49) Survivor regions: 2->2(77)
[2024-04-24T06:13:45.430+0000][gc,heap     ] GC(49) Old regions: 27->27
[2024-04-24T06:13:45.430+0000][gc,heap     ] GC(49) Archive regions: 2->2
[2024-04-24T06:13:45.430+0000][gc,heap     ] GC(49) Humongous regions: 129->129
[2024-04-24T06:13:45.430+0000][gc,metaspace] GC(49) Metaspace: 42652K(43200K)->42652K(43200K) NonClass: 37681K(38016K)->37681K(38016K) Class: 4970K(5184K)->4970K(5184K)
[2024-04-24T06:13:45.430+0000][gc          ] GC(49) Pause Young (Normal) (G1 Evacuation Pause) 769M->157M(1024M) 2.612ms
[2024-04-24T06:13:45.430+0000][gc,cpu      ] GC(49) User=0.01s Sys=0.00s Real=0.00s
[2024-04-24T06:13:46.551+0000][gc,start    ] GC(50) Pause Young (Normal) (G1 Evacuation Pause)
[2024-04-24T06:13:46.551+0000][gc,task     ] GC(50) Using 8 workers of 8 for evacuation
[2024-04-24T06:13:46.554+0000][gc,phases   ] GC(50)   Pre Evacuate Collection Set: 0.1ms
[2024-04-24T06:13:46.554+0000][gc,phases   ] GC(50)   Merge Heap Roots: 0.1ms
[2024-04-24T06:13:46.554+0000][gc,phases   ] GC(50)   Evacuate Collection Set: 1.8ms
[2024-04-24T06:13:46.554+0000][gc,phases   ] GC(50)   Post Evacuate Collection Set: 0.4ms
[2024-04-24T06:13:46.554+0000][gc,phases   ] GC(50)   Other: 0.1ms
[2024-04-24T06:13:46.554+0000][gc,heap     ] GC(50) Eden regions: 612->0(612)
[2024-04-24T06:13:46.554+0000][gc,heap     ] GC(50) Survivor regions: 2->2(77)
[2024-04-24T06:13:46.554+0000][gc,heap     ] GC(50) Old regions: 27->27
[2024-04-24T06:13:46.554+0000][gc,heap     ] GC(50) Archive regions: 2->2
[2024-04-24T06:13:46.554+0000][gc,heap     ] GC(50) Humongous regions: 129->129
[2024-04-24T06:13:46.554+0000][gc,metaspace] GC(50) Metaspace: 42652K(43200K)->42652K(43200K) NonClass: 37681K(38016K)->37681K(38016K) Class: 4970K(5184K)->4970K(5184K)
[2024-04-24T06:13:46.554+0000][gc          ] GC(50) Pause Young (Normal) (G1 Evacuation Pause) 769M->158M(1024M) 2.511ms
[2024-04-24T06:13:46.554+0000][gc,cpu      ] GC(50) User=0.02s Sys=0.00s Real=0.01s
[2024-04-24T06:13:47.693+0000][gc,start    ] GC(51) Pause Young (Normal) (G1 Evacuation Pause)
[2024-04-24T06:13:47.693+0000][gc,task     ] GC(51) Using 8 workers of 8 for evacuation
[2024-04-24T06:13:47.696+0000][gc,phases   ] GC(51)   Pre Evacuate Collection Set: 0.1ms
[2024-04-24T06:13:47.696+0000][gc,phases   ] GC(51)   Merge Heap Roots: 0.1ms
[2024-04-24T06:13:47.696+0000][gc,phases   ] GC(51)   Evacuate Collection Set: 1.9ms
[2024-04-24T06:13:47.696+0000][gc,phases   ] GC(51)   Post Evacuate Collection Set: 0.4ms
[2024-04-24T06:13:47.696+0000][gc,phases   ] GC(51)   Other: 0.1ms
[2024-04-24T06:13:47.696+0000][gc,heap     ] GC(51) Eden regions: 612->0(612)
[2024-04-24T06:13:47.696+0000][gc,heap     ] GC(51) Survivor regions: 2->2(77)
[2024-04-24T06:13:47.696+0000][gc,heap     ] GC(51) Old regions: 27->27
[2024-04-24T06:13:47.696+0000][gc,heap     ] GC(51) Archive regions: 2->2
[2024-04-24T06:13:47.696+0000][gc,heap     ] GC(51) Humongous regions: 129->129
[2024-04-24T06:13:47.696+0000][gc,metaspace] GC(51) Metaspace: 42652K(43200K)->42652K(43200K) NonClass: 37681K(38016K)->37681K(38016K) Class: 4970K(5184K)->4970K(5184K)
[2024-04-24T06:13:47.696+0000][gc          ] GC(51) Pause Young (Normal) (G1 Evacuation Pause) 770M->158M(1024M) 2.656ms
[2024-04-24T06:13:47.696+0000][gc,cpu      ] GC(51) User=0.01s Sys=0.01s Real=0.00s
[2024-04-24T06:13:48.840+0000][gc,start    ] GC(52) Pause Young (Normal) (G1 Evacuation Pause)
[2024-04-24T06:13:48.840+0000][gc,task     ] GC(52) Using 8 workers of 8 for evacuation
[2024-04-24T06:13:48.843+0000][gc,phases   ] GC(52)   Pre Evacuate Collection Set: 0.1ms
[2024-04-24T06:13:48.843+0000][gc,phases   ] GC(52)   Merge Heap Roots: 0.1ms
[2024-04-24T06:13:48.843+0000][gc,phases   ] GC(52)   Evacuate Collection Set: 1.5ms
[2024-04-24T06:13:48.843+0000][gc,phases   ] GC(52)   Post Evacuate Collection Set: 0.4ms
[2024-04-24T06:13:48.843+0000][gc,phases   ] GC(52)   Other: 0.1ms
[2024-04-24T06:13:48.843+0000][gc,heap     ] GC(52) Eden regions: 612->0(612)
[2024-04-24T06:13:48.843+0000][gc,heap     ] GC(52) Survivor regions: 2->2(77)
[2024-04-24T06:13:48.843+0000][gc,heap     ] GC(52) Old regions: 27->27
[2024-04-24T06:13:48.843+0000][gc,heap     ] GC(52) Archive regions: 2->2
[2024-04-24T06:13:48.843+0000][gc,heap     ] GC(52) Humongous regions: 129->129
[2024-04-24T06:13:48.843+0000][gc,metaspace] GC(52) Metaspace: 42652K(43200K)->42652K(43200K) NonClass: 37681K(38016K)->37681K(38016K) Class: 4970K(5184K)->4970K(5184K)
[2024-04-24T06:13:48.843+0000][gc          ] GC(52) Pause Young (Normal) (G1 Evacuation Pause) 770M->158M(1024M) 2.311ms
[2024-04-24T06:13:48.843+0000][gc,cpu      ] GC(52) User=0.01s Sys=0.00s Real=0.00s
[2024-04-24T06:13:49.951+0000][gc,start    ] GC(53) Pause Young (Normal) (G1 Evacuation Pause)
[2024-04-24T06:13:49.951+0000][gc,task     ] GC(53) Using 8 workers of 8 for evacuation
[2024-04-24T06:13:49.953+0000][gc,phases   ] GC(53)   Pre Evacuate Collection Set: 0.1ms
[2024-04-24T06:13:49.953+0000][gc,phases   ] GC(53)   Merge Heap Roots: 0.1ms
[2024-04-24T06:13:49.953+0000][gc,phases   ] GC(53)   Evacuate Collection Set: 1.5ms
[2024-04-24T06:13:49.953+0000][gc,phases   ] GC(53)   Post Evacuate Collection Set: 0.5ms
[2024-04-24T06:13:49.953+0000][gc,phases   ] GC(53)   Other: 0.1ms
[2024-04-24T06:13:49.953+0000][gc,heap     ] GC(53) Eden regions: 612->0(612)
[2024-04-24T06:13:49.953+0000][gc,heap     ] GC(53) Survivor regions: 2->2(77)
[2024-04-24T06:13:49.953+0000][gc,heap     ] GC(53) Old regions: 27->27
[2024-04-24T06:13:49.953+0000][gc,heap     ] GC(53) Archive regions: 2->2
[2024-04-24T06:13:49.953+0000][gc,heap     ] GC(53) Humongous regions: 129->129
[2024-04-24T06:13:49.953+0000][gc,metaspace] GC(53) Metaspace: 42652K(43200K)->42652K(43200K) NonClass: 37681K(38016K)->37681K(38016K) Class: 4970K(5184K)->4970K(5184K)
[2024-04-24T06:13:49.953+0000][gc          ] GC(53) Pause Young (Normal) (G1 Evacuation Pause) 770M->158M(1024M) 2.229ms
[2024-04-24T06:13:49.953+0000][gc,cpu      ] GC(53) User=0.01s Sys=0.00s Real=0.01s
[2024-04-24T06:13:51.482+0000][gc,start    ] GC(54) Pause Young (Normal) (G1 Evacuation Pause)
[2024-04-24T06:13:51.482+0000][gc,task     ] GC(54) Using 8 workers of 8 for evacuation
[2024-04-24T06:13:51.484+0000][gc,phases   ] GC(54)   Pre Evacuate Collection Set: 0.1ms
[2024-04-24T06:13:51.484+0000][gc,phases   ] GC(54)   Merge Heap Roots: 0.1ms
[2024-04-24T06:13:51.484+0000][gc,phases   ] GC(54)   Evacuate Collection Set: 1.6ms
[2024-04-24T06:13:51.484+0000][gc,phases   ] GC(54)   Post Evacuate Collection Set: 0.5ms
[2024-04-24T06:13:51.484+0000][gc,phases   ] GC(54)   Other: 0.1ms
[2024-04-24T06:13:51.484+0000][gc,heap     ] GC(54) Eden regions: 612->0(612)
[2024-04-24T06:13:51.484+0000][gc,heap     ] GC(54) Survivor regions: 2->2(77)
[2024-04-24T06:13:51.484+0000][gc,heap     ] GC(54) Old regions: 27->27
[2024-04-24T06:13:51.484+0000][gc,heap     ] GC(54) Archive regions: 2->2
[2024-04-24T06:13:51.484+0000][gc,heap     ] GC(54) Humongous regions: 129->129
[2024-04-24T06:13:51.484+0000][gc,metaspace] GC(54) Metaspace: 42654K(43200K)->42654K(43200K) NonClass: 37683K(38016K)->37683K(38016K) Class: 4970K(5184K)->4970K(5184K)
[2024-04-24T06:13:51.484+0000][gc          ] GC(54) Pause Young (Normal) (G1 Evacuation Pause) 770M->158M(1024M) 2.454ms
[2024-04-24T06:13:51.484+0000][gc,cpu      ] GC(54) User=0.01s Sys=0.00s Real=0.01s
[2024-04-24T06:13:52.605+0000][gc,start    ] GC(55) Pause Young (Normal) (G1 Evacuation Pause)
[2024-04-24T06:13:52.605+0000][gc,task     ] GC(55) Using 8 workers of 8 for evacuation
[2024-04-24T06:13:52.607+0000][gc,phases   ] GC(55)   Pre Evacuate Collection Set: 0.1ms
[2024-04-24T06:13:52.607+0000][gc,phases   ] GC(55)   Merge Heap Roots: 0.1ms
[2024-04-24T06:13:52.607+0000][gc,phases   ] GC(55)   Evacuate Collection Set: 1.7ms
[2024-04-24T06:13:52.607+0000][gc,phases   ] GC(55)   Post Evacuate Collection Set: 0.4ms
[2024-04-24T06:13:52.607+0000][gc,phases   ] GC(55)   Other: 0.1ms
[2024-04-24T06:13:52.607+0000][gc,heap     ] GC(55) Eden regions: 612->0(612)
[2024-04-24T06:13:52.607+0000][gc,heap     ] GC(55) Survivor regions: 2->2(77)
[2024-04-24T06:13:52.607+0000][gc,heap     ] GC(55) Old regions: 27->28
[2024-04-24T06:13:52.607+0000][gc,heap     ] GC(55) Archive regions: 2->2
[2024-04-24T06:13:52.607+0000][gc,heap     ] GC(55) Humongous regions: 129->129
[2024-04-24T06:13:52.607+0000][gc,metaspace] GC(55) Metaspace: 42654K(43200K)->42654K(43200K) NonClass: 37683K(38016K)->37683K(38016K) Class: 4970K(5184K)->4970K(5184K)
[2024-04-24T06:13:52.607+0000][gc          ] GC(55) Pause Young (Normal) (G1 Evacuation Pause) 770M->158M(1024M) 2.487ms
[2024-04-24T06:13:52.607+0000][gc,cpu      ] GC(55) User=0.01s Sys=0.00s Real=0.00s
[2024-04-24T06:13:53.916+0000][gc,start    ] GC(56) Pause Young (Normal) (G1 Evacuation Pause)
[2024-04-24T06:13:53.916+0000][gc,task     ] GC(56) Using 8 workers of 8 for evacuation
[2024-04-24T06:13:53.918+0000][gc,phases   ] GC(56)   Pre Evacuate Collection Set: 0.1ms
[2024-04-24T06:13:53.918+0000][gc,phases   ] GC(56)   Merge Heap Roots: 0.1ms
[2024-04-24T06:13:53.918+0000][gc,phases   ] GC(56)   Evacuate Collection Set: 1.7ms
[2024-04-24T06:13:53.918+0000][gc,phases   ] GC(56)   Post Evacuate Collection Set: 0.5ms
[2024-04-24T06:13:53.918+0000][gc,phases   ] GC(56)   Other: 0.1ms
[2024-04-24T06:13:53.918+0000][gc,heap     ] GC(56) Eden regions: 612->0(612)
[2024-04-24T06:13:53.918+0000][gc,heap     ] GC(56) Survivor regions: 2->2(77)
[2024-04-24T06:13:53.918+0000][gc,heap     ] GC(56) Old regions: 28->28
[2024-04-24T06:13:53.918+0000][gc,heap     ] GC(56) Archive regions: 2->2
[2024-04-24T06:13:53.918+0000][gc,heap     ] GC(56) Humongous regions: 129->129
[2024-04-24T06:13:53.918+0000][gc,metaspace] GC(56) Metaspace: 42656K(43200K)->42656K(43200K) NonClass: 37685K(38016K)->37685K(38016K) Class: 4970K(5184K)->4970K(5184K)
[2024-04-24T06:13:53.918+0000][gc          ] GC(56) Pause Young (Normal) (G1 Evacuation Pause) 770M->158M(1024M) 2.551ms
[2024-04-24T06:13:53.918+0000][gc,cpu      ] GC(56) User=0.01s Sys=0.00s Real=0.00s
[2024-04-24T06:13:55.081+0000][gc,start    ] GC(57) Pause Young (Normal) (G1 Evacuation Pause)
[2024-04-24T06:13:55.081+0000][gc,task     ] GC(57) Using 8 workers of 8 for evacuation
[2024-04-24T06:13:55.083+0000][gc,phases   ] GC(57)   Pre Evacuate Collection Set: 0.1ms
[2024-04-24T06:13:55.083+0000][gc,phases   ] GC(57)   Merge Heap Roots: 0.1ms
[2024-04-24T06:13:55.083+0000][gc,phases   ] GC(57)   Evacuate Collection Set: 1.6ms
[2024-04-24T06:13:55.083+0000][gc,phases   ] GC(57)   Post Evacuate Collection Set: 0.4ms
[2024-04-24T06:13:55.083+0000][gc,phases   ] GC(57)   Other: 0.1ms
[2024-04-24T06:13:55.083+0000][gc,heap     ] GC(57) Eden regions: 612->0(612)
[2024-04-24T06:13:55.083+0000][gc,heap     ] GC(57) Survivor regions: 2->2(77)
[2024-04-24T06:13:55.083+0000][gc,heap     ] GC(57) Old regions: 28->28
[2024-04-24T06:13:55.083+0000][gc,heap     ] GC(57) Archive regions: 2->2
[2024-04-24T06:13:55.083+0000][gc,heap     ] GC(57) Humongous regions: 129->129
[2024-04-24T06:13:55.083+0000][gc,metaspace] GC(57) Metaspace: 42783K(43392K)->42783K(43392K) NonClass: 37786K(38144K)->37786K(38144K) Class: 4997K(5248K)->4997K(5248K)
[2024-04-24T06:13:55.083+0000][gc          ] GC(57) Pause Young (Normal) (G1 Evacuation Pause) 770M->158M(1024M) 2.398ms
[2024-04-24T06:13:55.083+0000][gc,cpu      ] GC(57) User=0.01s Sys=0.00s Real=0.00s
[2024-04-24T06:13:56.133+0000][gc,start    ] GC(58) Pause Young (Normal) (G1 Evacuation Pause)
[2024-04-24T06:13:56.133+0000][gc,task     ] GC(58) Using 8 workers of 8 for evacuation
[2024-04-24T06:13:56.136+0000][gc,phases   ] GC(58)   Pre Evacuate Collection Set: 0.1ms
[2024-04-24T06:13:56.136+0000][gc,phases   ] GC(58)   Merge Heap Roots: 0.1ms
[2024-04-24T06:13:56.136+0000][gc,phases   ] GC(58)   Evacuate Collection Set: 1.8ms
[2024-04-24T06:13:56.136+0000][gc,phases   ] GC(58)   Post Evacuate Collection Set: 0.4ms
[2024-04-24T06:13:56.136+0000][gc,phases   ] GC(58)   Other: 0.1ms
[2024-04-24T06:13:56.136+0000][gc,heap     ] GC(58) Eden regions: 612->0(612)
[2024-04-24T06:13:56.136+0000][gc,heap     ] GC(58) Survivor regions: 2->2(77)
[2024-04-24T06:13:56.136+0000][gc,heap     ] GC(58) Old regions: 28->28
[2024-04-24T06:13:56.136+0000][gc,heap     ] GC(58) Archive regions: 2->2
[2024-04-24T06:13:56.136+0000][gc,heap     ] GC(58) Humongous regions: 129->129
[2024-04-24T06:13:56.136+0000][gc,metaspace] GC(58) Metaspace: 42783K(43392K)->42783K(43392K) NonClass: 37786K(38144K)->37786K(38144K) Class: 4997K(5248K)->4997K(5248K)
[2024-04-24T06:13:56.136+0000][gc          ] GC(58) Pause Young (Normal) (G1 Evacuation Pause) 770M->158M(1024M) 2.522ms
[2024-04-24T06:13:56.136+0000][gc,cpu      ] GC(58) User=0.01s Sys=0.01s Real=0.00s
[2024-04-24T06:13:57.154+0000][gc,start    ] GC(59) Pause Young (Normal) (G1 Evacuation Pause)
[2024-04-24T06:13:57.154+0000][gc,task     ] GC(59) Using 8 workers of 8 for evacuation
[2024-04-24T06:13:57.156+0000][gc,phases   ] GC(59)   Pre Evacuate Collection Set: 0.1ms
[2024-04-24T06:13:57.156+0000][gc,phases   ] GC(59)   Merge Heap Roots: 0.1ms
[2024-04-24T06:13:57.156+0000][gc,phases   ] GC(59)   Evacuate Collection Set: 1.5ms
[2024-04-24T06:13:57.156+0000][gc,phases   ] GC(59)   Post Evacuate Collection Set: 0.4ms
[2024-04-24T06:13:57.156+0000][gc,phases   ] GC(59)   Other: 0.1ms
[2024-04-24T06:13:57.156+0000][gc,heap     ] GC(59) Eden regions: 612->0(612)
[2024-04-24T06:13:57.156+0000][gc,heap     ] GC(59) Survivor regions: 2->2(77)
[2024-04-24T06:13:57.156+0000][gc,heap     ] GC(59) Old regions: 28->28
[2024-04-24T06:13:57.156+0000][gc,heap     ] GC(59) Archive regions: 2->2
[2024-04-24T06:13:57.156+0000][gc,heap     ] GC(59) Humongous regions: 129->129
[2024-04-24T06:13:57.156+0000][gc,metaspace] GC(59) Metaspace: 42783K(43392K)->42783K(43392K) NonClass: 37786K(38144K)->37786K(38144K) Class: 4997K(5248K)->4997K(5248K)
[2024-04-24T06:13:57.156+0000][gc          ] GC(59) Pause Young (Normal) (G1 Evacuation Pause) 770M->158M(1024M) 2.238ms
[2024-04-24T06:13:57.156+0000][gc,cpu      ] GC(59) User=0.01s Sys=0.01s Real=0.00s
[2024-04-24T06:15:35.336+0000][gc,heap,exit] Heap
[2024-04-24T06:15:35.336+0000][gc,heap,exit]  garbage-first heap   total 1048576K, used 224358K [0x00000000c0000000, 0x0000000100000000)
[2024-04-24T06:15:35.336+0000][gc,heap,exit]   region size 1024K, 63 young (64512K), 2 survivors (2048K)
[2024-04-24T06:15:35.336+0000][gc,heap,exit]  Metaspace       used 43719K, committed 44288K, reserved 1114112K
[2024-04-24T06:15:35.336+0000][gc,heap,exit]   class space    used 5176K, committed 5440K, reserved 1048576K
