[2024-04-24T06:18:43.235+0000][gc] Using G1
[2024-04-24T06:18:43.241+0000][gc,init] Version: 17.0.10+7-Ubuntu-120.04.1 (release)
[2024-04-24T06:18:43.241+0000][gc,init] CPUs: 8 total, 8 available
[2024-04-24T06:18:43.241+0000][gc,init] Memory: 32059M
[2024-04-24T06:18:43.241+0000][gc,init] Large Page Support: Disabled
[2024-04-24T06:18:43.241+0000][gc,init] NUMA Support: Disabled
[2024-04-24T06:18:43.241+0000][gc,init] Compressed Oops: Enabled (32-bit)
[2024-04-24T06:18:43.241+0000][gc,init] Heap Region Size: 1M
[2024-04-24T06:18:43.241+0000][gc,init] Heap Min Capacity: 1G
[2024-04-24T06:18:43.241+0000][gc,init] Heap Initial Capacity: 1G
[2024-04-24T06:18:43.241+0000][gc,init] Heap Max Capacity: 1G
[2024-04-24T06:18:43.241+0000][gc,init] Pre-touch: Disabled
[2024-04-24T06:18:43.241+0000][gc,init] Parallel Workers: 8
[2024-04-24T06:18:43.241+0000][gc,init] Concurrent Workers: 2
[2024-04-24T06:18:43.241+0000][gc,init] Concurrent Refinement Workers: 8
[2024-04-24T06:18:43.241+0000][gc,init] Periodic GC: Disabled
[2024-04-24T06:18:43.247+0000][gc,metaspace] CDS archive(s) mapped at: [0x00007fa957000000-0x00007fa957bc7000-0x00007fa957bc7000), size 12349440, SharedBaseAddress: 0x00007fa957000000, ArchiveRelocationMode: 1.
[2024-04-24T06:18:43.247+0000][gc,metaspace] Compressed class space mapped at: 0x00007fa958000000-0x00007fa998000000, reserved size: 1073741824
[2024-04-24T06:18:43.247+0000][gc,metaspace] Narrow klass base: 0x00007fa957000000, Narrow klass shift: 0, Narrow klass range: 0x100000000
[2024-04-24T06:18:44.195+0000][gc,start    ] GC(0) Pause Young (Normal) (G1 Evacuation Pause)
[2024-04-24T06:18:44.196+0000][gc,task     ] GC(0) Using 8 workers of 8 for evacuation
[2024-04-24T06:18:44.200+0000][gc,phases   ] GC(0)   Pre Evacuate Collection Set: 0.1ms
[2024-04-24T06:18:44.200+0000][gc,phases   ] GC(0)   Merge Heap Roots: 0.1ms
[2024-04-24T06:18:44.200+0000][gc,phases   ] GC(0)   Evacuate Collection Set: 3.9ms
[2024-04-24T06:18:44.200+0000][gc,phases   ] GC(0)   Post Evacuate Collection Set: 0.5ms
[2024-04-24T06:18:44.200+0000][gc,phases   ] GC(0)   Other: 1.0ms
[2024-04-24T06:18:44.200+0000][gc,heap     ] GC(0) Eden regions: 51->0(44)
[2024-04-24T06:18:44.200+0000][gc,heap     ] GC(0) Survivor regions: 0->7(7)
[2024-04-24T06:18:44.200+0000][gc,heap     ] GC(0) Old regions: 0->6
[2024-04-24T06:18:44.200+0000][gc,heap     ] GC(0) Archive regions: 2->2
[2024-04-24T06:18:44.200+0000][gc,heap     ] GC(0) Humongous regions: 0->0
[2024-04-24T06:18:44.200+0000][gc,metaspace] GC(0) Metaspace: 15706K(15936K)->15706K(15936K) NonClass: 13806K(13888K)->13806K(13888K) Class: 1900K(2048K)->1900K(2048K)
[2024-04-24T06:18:44.200+0000][gc          ] GC(0) Pause Young (Normal) (G1 Evacuation Pause) 51M->13M(1024M) 5.611ms
[2024-04-24T06:18:44.200+0000][gc,cpu      ] GC(0) User=0.03s Sys=0.00s Real=0.00s
[2024-04-24T06:18:44.431+0000][gc,start    ] GC(1) Pause Young (Concurrent Start) (Metadata GC Threshold)
[2024-04-24T06:18:44.431+0000][gc,task     ] GC(1) Using 8 workers of 8 for evacuation
[2024-04-24T06:18:44.435+0000][gc,phases   ] GC(1)   Pre Evacuate Collection Set: 0.1ms
[2024-04-24T06:18:44.435+0000][gc,phases   ] GC(1)   Merge Heap Roots: 0.1ms
[2024-04-24T06:18:44.435+0000][gc,phases   ] GC(1)   Evacuate Collection Set: 3.8ms
[2024-04-24T06:18:44.435+0000][gc,phases   ] GC(1)   Post Evacuate Collection Set: 0.3ms
[2024-04-24T06:18:44.435+0000][gc,phases   ] GC(1)   Other: 0.2ms
[2024-04-24T06:18:44.435+0000][gc,heap     ] GC(1) Eden regions: 21->0(49)
[2024-04-24T06:18:44.435+0000][gc,heap     ] GC(1) Survivor regions: 7->2(7)
[2024-04-24T06:18:44.435+0000][gc,heap     ] GC(1) Old regions: 6->13
[2024-04-24T06:18:44.435+0000][gc,heap     ] GC(1) Archive regions: 2->2
[2024-04-24T06:18:44.435+0000][gc,heap     ] GC(1) Humongous regions: 0->0
[2024-04-24T06:18:44.435+0000][gc,metaspace] GC(1) Metaspace: 21268K(21504K)->21268K(21504K) NonClass: 18703K(18816K)->18703K(18816K) Class: 2564K(2688K)->2564K(2688K)
[2024-04-24T06:18:44.435+0000][gc          ] GC(1) Pause Young (Concurrent Start) (Metadata GC Threshold) 34M->15M(1024M) 4.621ms
[2024-04-24T06:18:44.435+0000][gc,cpu      ] GC(1) User=0.03s Sys=0.00s Real=0.01s
[2024-04-24T06:18:44.435+0000][gc          ] GC(2) Concurrent Mark Cycle
[2024-04-24T06:18:44.435+0000][gc,marking  ] GC(2) Concurrent Clear Claimed Marks
[2024-04-24T06:18:44.435+0000][gc,marking  ] GC(2) Concurrent Clear Claimed Marks 0.014ms
[2024-04-24T06:18:44.435+0000][gc,marking  ] GC(2) Concurrent Scan Root Regions
[2024-04-24T06:18:44.437+0000][gc,marking  ] GC(2) Concurrent Scan Root Regions 1.550ms
[2024-04-24T06:18:44.437+0000][gc,marking  ] GC(2) Concurrent Mark
[2024-04-24T06:18:44.437+0000][gc,marking  ] GC(2) Concurrent Mark From Roots
[2024-04-24T06:18:44.437+0000][gc,task     ] GC(2) Using 2 workers of 2 for marking
[2024-04-24T06:18:44.439+0000][gc,marking  ] GC(2) Concurrent Mark From Roots 2.490ms
[2024-04-24T06:18:44.439+0000][gc,marking  ] GC(2) Concurrent Preclean
[2024-04-24T06:18:44.439+0000][gc,marking  ] GC(2) Concurrent Preclean 0.085ms
[2024-04-24T06:18:44.440+0000][gc,start    ] GC(2) Pause Remark
[2024-04-24T06:18:44.441+0000][gc          ] GC(2) Pause Remark 15M->15M(1024M) 1.206ms
[2024-04-24T06:18:44.441+0000][gc,cpu      ] GC(2) User=0.01s Sys=0.00s Real=0.00s
[2024-04-24T06:18:44.441+0000][gc,marking  ] GC(2) Concurrent Mark 3.982ms
[2024-04-24T06:18:44.441+0000][gc,marking  ] GC(2) Concurrent Rebuild Remembered Sets
[2024-04-24T06:18:44.441+0000][gc,marking  ] GC(2) Concurrent Rebuild Remembered Sets 0.004ms
[2024-04-24T06:18:44.441+0000][gc,start    ] GC(2) Pause Cleanup
[2024-04-24T06:18:44.441+0000][gc          ] GC(2) Pause Cleanup 15M->15M(1024M) 0.011ms
[2024-04-24T06:18:44.441+0000][gc,cpu      ] GC(2) User=0.00s Sys=0.00s Real=0.00s
[2024-04-24T06:18:44.441+0000][gc,marking  ] GC(2) Concurrent Cleanup for Next Mark
[2024-04-24T06:18:44.444+0000][gc,marking  ] GC(2) Concurrent Cleanup for Next Mark 3.327ms
[2024-04-24T06:18:44.444+0000][gc          ] GC(2) Concurrent Mark Cycle 9.166ms
[2024-04-24T06:18:46.206+0000][gc,start    ] GC(3) Pause Young (Normal) (G1 Evacuation Pause)
[2024-04-24T06:18:46.206+0000][gc,task     ] GC(3) Using 8 workers of 8 for evacuation
[2024-04-24T06:18:46.209+0000][gc,phases   ] GC(3)   Pre Evacuate Collection Set: 0.1ms
[2024-04-24T06:18:46.209+0000][gc,phases   ] GC(3)   Merge Heap Roots: 0.1ms
[2024-04-24T06:18:46.209+0000][gc,phases   ] GC(3)   Evacuate Collection Set: 2.2ms
[2024-04-24T06:18:46.209+0000][gc,phases   ] GC(3)   Post Evacuate Collection Set: 0.3ms
[2024-04-24T06:18:46.209+0000][gc,phases   ] GC(3)   Other: 0.1ms
[2024-04-24T06:18:46.209+0000][gc,heap     ] GC(3) Eden regions: 49->0(46)
[2024-04-24T06:18:46.209+0000][gc,heap     ] GC(3) Survivor regions: 2->5(7)
[2024-04-24T06:18:46.209+0000][gc,heap     ] GC(3) Old regions: 13->13
[2024-04-24T06:18:46.209+0000][gc,heap     ] GC(3) Archive regions: 2->2
[2024-04-24T06:18:46.209+0000][gc,heap     ] GC(3) Humongous regions: 129->129
[2024-04-24T06:18:46.209+0000][gc,metaspace] GC(3) Metaspace: 29364K(29696K)->29364K(29696K) NonClass: 26044K(26240K)->26044K(26240K) Class: 3320K(3456K)->3320K(3456K)
[2024-04-24T06:18:46.209+0000][gc          ] GC(3) Pause Young (Normal) (G1 Evacuation Pause) 193M->147M(1024M) 2.853ms
[2024-04-24T06:18:46.209+0000][gc,cpu      ] GC(3) User=0.01s Sys=0.00s Real=0.00s
[2024-04-24T06:18:46.503+0000][gc,start    ] GC(4) Pause Young (Concurrent Start) (Metadata GC Threshold)
[2024-04-24T06:18:46.503+0000][gc,task     ] GC(4) Using 8 workers of 8 for evacuation
[2024-04-24T06:18:46.507+0000][gc,phases   ] GC(4)   Pre Evacuate Collection Set: 0.1ms
[2024-04-24T06:18:46.507+0000][gc,phases   ] GC(4)   Merge Heap Roots: 0.0ms
[2024-04-24T06:18:46.507+0000][gc,phases   ] GC(4)   Evacuate Collection Set: 3.7ms
[2024-04-24T06:18:46.507+0000][gc,phases   ] GC(4)   Post Evacuate Collection Set: 0.2ms
[2024-04-24T06:18:46.507+0000][gc,phases   ] GC(4)   Other: 0.2ms
[2024-04-24T06:18:46.507+0000][gc,heap     ] GC(4) Eden regions: 32->0(47)
[2024-04-24T06:18:46.507+0000][gc,heap     ] GC(4) Survivor regions: 5->4(7)
[2024-04-24T06:18:46.507+0000][gc,heap     ] GC(4) Old regions: 13->18
[2024-04-24T06:18:46.507+0000][gc,heap     ] GC(4) Archive regions: 2->2
[2024-04-24T06:18:46.507+0000][gc,heap     ] GC(4) Humongous regions: 129->129
[2024-04-24T06:18:46.507+0000][gc,metaspace] GC(4) Metaspace: 35715K(35968K)->35715K(35968K) NonClass: 31769K(31872K)->31769K(31872K) Class: 3945K(4096K)->3945K(4096K)
[2024-04-24T06:18:46.507+0000][gc          ] GC(4) Pause Young (Concurrent Start) (Metadata GC Threshold) 178M->150M(1024M) 4.407ms
[2024-04-24T06:18:46.507+0000][gc,cpu      ] GC(4) User=0.04s Sys=0.00s Real=0.01s
[2024-04-24T06:18:46.507+0000][gc          ] GC(5) Concurrent Mark Cycle
[2024-04-24T06:18:46.507+0000][gc,marking  ] GC(5) Concurrent Clear Claimed Marks
[2024-04-24T06:18:46.507+0000][gc,marking  ] GC(5) Concurrent Clear Claimed Marks 0.020ms
[2024-04-24T06:18:46.507+0000][gc,marking  ] GC(5) Concurrent Scan Root Regions
[2024-04-24T06:18:46.510+0000][gc,marking  ] GC(5) Concurrent Scan Root Regions 2.139ms
[2024-04-24T06:18:46.510+0000][gc,marking  ] GC(5) Concurrent Mark
[2024-04-24T06:18:46.510+0000][gc,marking  ] GC(5) Concurrent Mark From Roots
[2024-04-24T06:18:46.510+0000][gc,task     ] GC(5) Using 2 workers of 2 for marking
[2024-04-24T06:18:46.515+0000][gc,marking  ] GC(5) Concurrent Mark From Roots 5.215ms
[2024-04-24T06:18:46.515+0000][gc,marking  ] GC(5) Concurrent Preclean
[2024-04-24T06:18:46.515+0000][gc,marking  ] GC(5) Concurrent Preclean 0.178ms
[2024-04-24T06:18:46.515+0000][gc,start    ] GC(5) Pause Remark
[2024-04-24T06:18:46.517+0000][gc          ] GC(5) Pause Remark 151M->151M(1024M) 1.442ms
[2024-04-24T06:18:46.517+0000][gc,cpu      ] GC(5) User=0.01s Sys=0.00s Real=0.00s
[2024-04-24T06:18:46.517+0000][gc,marking  ] GC(5) Concurrent Mark 7.412ms
[2024-04-24T06:18:46.517+0000][gc,marking  ] GC(5) Concurrent Rebuild Remembered Sets
[2024-04-24T06:18:46.521+0000][gc,marking  ] GC(5) Concurrent Rebuild Remembered Sets 3.549ms
[2024-04-24T06:18:46.521+0000][gc,start    ] GC(5) Pause Cleanup
[2024-04-24T06:18:46.521+0000][gc          ] GC(5) Pause Cleanup 151M->151M(1024M) 0.189ms
[2024-04-24T06:18:46.521+0000][gc,cpu      ] GC(5) User=0.00s Sys=0.00s Real=0.00s
[2024-04-24T06:18:46.521+0000][gc,marking  ] GC(5) Concurrent Cleanup for Next Mark
[2024-04-24T06:18:46.525+0000][gc,marking  ] GC(5) Concurrent Cleanup for Next Mark 3.439ms
[2024-04-24T06:18:46.525+0000][gc          ] GC(5) Concurrent Mark Cycle 17.212ms
[2024-04-24T06:20:44.957+0000][gc,start    ] GC(6) Pause Young (Prepare Mixed) (G1 Evacuation Pause)
[2024-04-24T06:20:44.957+0000][gc,task     ] GC(6) Using 8 workers of 8 for evacuation
[2024-04-24T06:20:44.970+0000][gc,phases   ] GC(6)   Pre Evacuate Collection Set: 0.2ms
[2024-04-24T06:20:44.970+0000][gc,phases   ] GC(6)   Merge Heap Roots: 0.1ms
[2024-04-24T06:20:44.970+0000][gc,phases   ] GC(6)   Evacuate Collection Set: 12.1ms
[2024-04-24T06:20:44.970+0000][gc,phases   ] GC(6)   Post Evacuate Collection Set: 1.0ms
[2024-04-24T06:20:44.970+0000][gc,phases   ] GC(6)   Other: 0.1ms
[2024-04-24T06:20:44.970+0000][gc,heap     ] GC(6) Eden regions: 47->0(45)
[2024-04-24T06:20:44.970+0000][gc,heap     ] GC(6) Survivor regions: 4->6(7)
[2024-04-24T06:20:44.970+0000][gc,heap     ] GC(6) Old regions: 18->18
[2024-04-24T06:20:44.970+0000][gc,heap     ] GC(6) Archive regions: 2->2
[2024-04-24T06:20:44.970+0000][gc,heap     ] GC(6) Humongous regions: 159->129
[2024-04-24T06:20:44.970+0000][gc,metaspace] GC(6) Metaspace: 41287K(41792K)->41287K(41792K) NonClass: 36387K(36672K)->36387K(36672K) Class: 4900K(5120K)->4900K(5120K)
[2024-04-24T06:20:44.970+0000][gc          ] GC(6) Pause Young (Prepare Mixed) (G1 Evacuation Pause) 227M->152M(1024M) 13.568ms
[2024-04-24T06:20:44.970+0000][gc,cpu      ] GC(6) User=0.03s Sys=0.00s Real=0.01s
[2024-04-24T06:20:45.551+0000][gc,start    ] GC(7) Pause Young (Mixed) (G1 Evacuation Pause)
[2024-04-24T06:20:45.551+0000][gc,task     ] GC(7) Using 8 workers of 8 for evacuation
[2024-04-24T06:20:45.556+0000][gc,phases   ] GC(7)   Pre Evacuate Collection Set: 0.1ms
[2024-04-24T06:20:45.556+0000][gc,phases   ] GC(7)   Merge Heap Roots: 0.1ms
[2024-04-24T06:20:45.556+0000][gc,phases   ] GC(7)   Evacuate Collection Set: 4.3ms
[2024-04-24T06:20:45.556+0000][gc,phases   ] GC(7)   Post Evacuate Collection Set: 0.4ms
[2024-04-24T06:20:45.556+0000][gc,phases   ] GC(7)   Other: 0.1ms
[2024-04-24T06:20:45.556+0000][gc,heap     ] GC(7) Eden regions: 45->0(47)
[2024-04-24T06:20:45.556+0000][gc,heap     ] GC(7) Survivor regions: 6->4(7)
[2024-04-24T06:20:45.556+0000][gc,heap     ] GC(7) Old regions: 18->20
[2024-04-24T06:20:45.556+0000][gc,heap     ] GC(7) Archive regions: 2->2
[2024-04-24T06:20:45.556+0000][gc,heap     ] GC(7) Humongous regions: 129->129
[2024-04-24T06:20:45.556+0000][gc,metaspace] GC(7) Metaspace: 42082K(42624K)->42082K(42624K) NonClass: 37182K(37504K)->37182K(37504K) Class: 4900K(5120K)->4900K(5120K)
[2024-04-24T06:20:45.556+0000][gc          ] GC(7) Pause Young (Mixed) (G1 Evacuation Pause) 197M->153M(1024M) 5.069ms
[2024-04-24T06:20:45.556+0000][gc,cpu      ] GC(7) User=0.03s Sys=0.00s Real=0.01s
[2024-04-24T06:20:45.895+0000][gc,start    ] GC(8) Pause Young (Normal) (G1 Evacuation Pause)
[2024-04-24T06:20:45.895+0000][gc,task     ] GC(8) Using 8 workers of 8 for evacuation
[2024-04-24T06:20:45.898+0000][gc,phases   ] GC(8)   Pre Evacuate Collection Set: 0.1ms
[2024-04-24T06:20:45.898+0000][gc,phases   ] GC(8)   Merge Heap Roots: 0.0ms
[2024-04-24T06:20:45.898+0000][gc,phases   ] GC(8)   Evacuate Collection Set: 2.1ms
[2024-04-24T06:20:45.898+0000][gc,phases   ] GC(8)   Post Evacuate Collection Set: 0.3ms
[2024-04-24T06:20:45.898+0000][gc,phases   ] GC(8)   Other: 0.1ms
[2024-04-24T06:20:45.898+0000][gc,heap     ] GC(8) Eden regions: 47->0(47)
[2024-04-24T06:20:45.898+0000][gc,heap     ] GC(8) Survivor regions: 4->4(7)
[2024-04-24T06:20:45.898+0000][gc,heap     ] GC(8) Old regions: 20->20
[2024-04-24T06:20:45.898+0000][gc,heap     ] GC(8) Archive regions: 2->2
[2024-04-24T06:20:45.898+0000][gc,heap     ] GC(8) Humongous regions: 129->129
[2024-04-24T06:20:45.898+0000][gc,metaspace] GC(8) Metaspace: 42191K(42688K)->42191K(42688K) NonClass: 37290K(37568K)->37290K(37568K) Class: 4900K(5120K)->4900K(5120K)
[2024-04-24T06:20:45.898+0000][gc          ] GC(8) Pause Young (Normal) (G1 Evacuation Pause) 200M->153M(1024M) 2.708ms
[2024-04-24T06:20:45.898+0000][gc,cpu      ] GC(8) User=0.02s Sys=0.00s Real=0.00s
[2024-04-24T06:20:46.187+0000][gc,start    ] GC(9) Pause Young (Normal) (G1 Evacuation Pause)
[2024-04-24T06:20:46.187+0000][gc,task     ] GC(9) Using 8 workers of 8 for evacuation
[2024-04-24T06:20:46.190+0000][gc,phases   ] GC(9)   Pre Evacuate Collection Set: 0.1ms
[2024-04-24T06:20:46.190+0000][gc,phases   ] GC(9)   Merge Heap Roots: 0.0ms
[2024-04-24T06:20:46.190+0000][gc,phases   ] GC(9)   Evacuate Collection Set: 2.6ms
[2024-04-24T06:20:46.190+0000][gc,phases   ] GC(9)   Post Evacuate Collection Set: 0.4ms
[2024-04-24T06:20:46.190+0000][gc,phases   ] GC(9)   Other: 0.1ms
[2024-04-24T06:20:46.190+0000][gc,heap     ] GC(9) Eden regions: 47->0(57)
[2024-04-24T06:20:46.190+0000][gc,heap     ] GC(9) Survivor regions: 4->4(7)
[2024-04-24T06:20:46.190+0000][gc,heap     ] GC(9) Old regions: 20->20
[2024-04-24T06:20:46.190+0000][gc,heap     ] GC(9) Archive regions: 2->2
[2024-04-24T06:20:46.190+0000][gc,heap     ] GC(9) Humongous regions: 129->129
[2024-04-24T06:20:46.190+0000][gc,metaspace] GC(9) Metaspace: 42354K(42880K)->42354K(42880K) NonClass: 37452K(37760K)->37452K(37760K) Class: 4901K(5120K)->4901K(5120K)
[2024-04-24T06:20:46.190+0000][gc          ] GC(9) Pause Young (Normal) (G1 Evacuation Pause) 200M->153M(1024M) 3.292ms
[2024-04-24T06:20:46.190+0000][gc,cpu      ] GC(9) User=0.02s Sys=0.00s Real=0.00s
[2024-04-24T06:20:46.539+0000][gc,start    ] GC(10) Pause Young (Normal) (G1 Evacuation Pause)
[2024-04-24T06:20:46.539+0000][gc,task     ] GC(10) Using 8 workers of 8 for evacuation
[2024-04-24T06:20:46.543+0000][gc,phases   ] GC(10)   Pre Evacuate Collection Set: 0.1ms
[2024-04-24T06:20:46.543+0000][gc,phases   ] GC(10)   Merge Heap Roots: 0.0ms
[2024-04-24T06:20:46.543+0000][gc,phases   ] GC(10)   Evacuate Collection Set: 3.8ms
[2024-04-24T06:20:46.543+0000][gc,phases   ] GC(10)   Post Evacuate Collection Set: 0.4ms
[2024-04-24T06:20:46.544+0000][gc,phases   ] GC(10)   Other: 0.1ms
[2024-04-24T06:20:46.544+0000][gc,heap     ] GC(10) Eden regions: 57->0(194)
[2024-04-24T06:20:46.544+0000][gc,heap     ] GC(10) Survivor regions: 4->5(8)
[2024-04-24T06:20:46.544+0000][gc,heap     ] GC(10) Old regions: 20->20
[2024-04-24T06:20:46.544+0000][gc,heap     ] GC(10) Archive regions: 2->2
[2024-04-24T06:20:46.544+0000][gc,heap     ] GC(10) Humongous regions: 129->129
[2024-04-24T06:20:46.544+0000][gc,metaspace] GC(10) Metaspace: 42386K(42944K)->42386K(42944K) NonClass: 37484K(37824K)->37484K(37824K) Class: 4902K(5120K)->4902K(5120K)
[2024-04-24T06:20:46.544+0000][gc          ] GC(10) Pause Young (Normal) (G1 Evacuation Pause) 210M->153M(1024M) 4.620ms
[2024-04-24T06:20:46.544+0000][gc,cpu      ] GC(10) User=0.02s Sys=0.01s Real=0.00s
[2024-04-24T06:20:47.677+0000][gc,start    ] GC(11) Pause Young (Normal) (G1 Evacuation Pause)
[2024-04-24T06:20:47.677+0000][gc,task     ] GC(11) Using 8 workers of 8 for evacuation
[2024-04-24T06:20:47.681+0000][gc,phases   ] GC(11)   Pre Evacuate Collection Set: 0.1ms
[2024-04-24T06:20:47.681+0000][gc,phases   ] GC(11)   Merge Heap Roots: 0.1ms
[2024-04-24T06:20:47.681+0000][gc,phases   ] GC(11)   Evacuate Collection Set: 3.4ms
[2024-04-24T06:20:47.681+0000][gc,phases   ] GC(11)   Post Evacuate Collection Set: 0.4ms
[2024-04-24T06:20:47.681+0000][gc,phases   ] GC(11)   Other: 0.2ms
[2024-04-24T06:20:47.681+0000][gc,heap     ] GC(11) Eden regions: 194->0(566)
[2024-04-24T06:20:47.681+0000][gc,heap     ] GC(11) Survivor regions: 5->5(25)
[2024-04-24T06:20:47.681+0000][gc,heap     ] GC(11) Old regions: 20->20
[2024-04-24T06:20:47.681+0000][gc,heap     ] GC(11) Archive regions: 2->2
[2024-04-24T06:20:47.681+0000][gc,heap     ] GC(11) Humongous regions: 129->129
[2024-04-24T06:20:47.681+0000][gc,metaspace] GC(11) Metaspace: 42404K(42944K)->42404K(42944K) NonClass: 37495K(37824K)->37495K(37824K) Class: 4908K(5120K)->4908K(5120K)
[2024-04-24T06:20:47.681+0000][gc          ] GC(11) Pause Young (Normal) (G1 Evacuation Pause) 347M->154M(1024M) 4.114ms
[2024-04-24T06:20:47.681+0000][gc,cpu      ] GC(11) User=0.03s Sys=0.00s Real=0.00s
[2024-04-24T06:20:50.225+0000][gc,start    ] GC(12) Pause Young (Normal) (G1 Evacuation Pause)
[2024-04-24T06:20:50.225+0000][gc,task     ] GC(12) Using 8 workers of 8 for evacuation
[2024-04-24T06:20:50.229+0000][gc,phases   ] GC(12)   Pre Evacuate Collection Set: 0.1ms
[2024-04-24T06:20:50.229+0000][gc,phases   ] GC(12)   Merge Heap Roots: 0.1ms
[2024-04-24T06:20:50.229+0000][gc,phases   ] GC(12)   Evacuate Collection Set: 3.9ms
[2024-04-24T06:20:50.229+0000][gc,phases   ] GC(12)   Post Evacuate Collection Set: 0.6ms
[2024-04-24T06:20:50.229+0000][gc,phases   ] GC(12)   Other: 0.2ms
[2024-04-24T06:20:50.229+0000][gc,heap     ] GC(12) Eden regions: 566->0(609)
[2024-04-24T06:20:50.230+0000][gc,heap     ] GC(12) Survivor regions: 5->5(72)
[2024-04-24T06:20:50.230+0000][gc,heap     ] GC(12) Old regions: 20->20
[2024-04-24T06:20:50.230+0000][gc,heap     ] GC(12) Archive regions: 2->2
[2024-04-24T06:20:50.230+0000][gc,heap     ] GC(12) Humongous regions: 129->129
[2024-04-24T06:20:50.230+0000][gc,metaspace] GC(12) Metaspace: 42633K(43200K)->42633K(43200K) NonClass: 37665K(38016K)->37665K(38016K) Class: 4967K(5184K)->4967K(5184K)
[2024-04-24T06:20:50.230+0000][gc          ] GC(12) Pause Young (Normal) (G1 Evacuation Pause) 720M->154M(1024M) 4.953ms
[2024-04-24T06:20:50.230+0000][gc,cpu      ] GC(12) User=0.02s Sys=0.01s Real=0.00s
[2024-04-24T06:20:51.992+0000][gc,start    ] GC(13) Pause Young (Normal) (G1 Evacuation Pause)
[2024-04-24T06:20:51.992+0000][gc,task     ] GC(13) Using 8 workers of 8 for evacuation
[2024-04-24T06:20:51.997+0000][gc,phases   ] GC(13)   Pre Evacuate Collection Set: 0.2ms
[2024-04-24T06:20:51.997+0000][gc,phases   ] GC(13)   Merge Heap Roots: 0.1ms
[2024-04-24T06:20:51.997+0000][gc,phases   ] GC(13)   Evacuate Collection Set: 4.2ms
[2024-04-24T06:20:51.997+0000][gc,phases   ] GC(13)   Post Evacuate Collection Set: 0.9ms
[2024-04-24T06:20:51.997+0000][gc,phases   ] GC(13)   Other: 0.2ms
[2024-04-24T06:20:51.997+0000][gc,heap     ] GC(13) Eden regions: 609->0(609)
[2024-04-24T06:20:51.997+0000][gc,heap     ] GC(13) Survivor regions: 5->5(77)
[2024-04-24T06:20:51.997+0000][gc,heap     ] GC(13) Old regions: 20->20
[2024-04-24T06:20:51.997+0000][gc,heap     ] GC(13) Archive regions: 2->2
[2024-04-24T06:20:51.997+0000][gc,heap     ] GC(13) Humongous regions: 129->129
[2024-04-24T06:20:51.997+0000][gc,metaspace] GC(13) Metaspace: 42633K(43200K)->42633K(43200K) NonClass: 37666K(38016K)->37666K(38016K) Class: 4967K(5184K)->4967K(5184K)
[2024-04-24T06:20:51.997+0000][gc          ] GC(13) Pause Young (Normal) (G1 Evacuation Pause) 763M->154M(1024M) 5.625ms
[2024-04-24T06:20:51.997+0000][gc,cpu      ] GC(13) User=0.02s Sys=0.01s Real=0.01s
[2024-04-24T06:20:53.331+0000][gc,start    ] GC(14) Pause Young (Normal) (G1 Evacuation Pause)
[2024-04-24T06:20:53.331+0000][gc,task     ] GC(14) Using 8 workers of 8 for evacuation
[2024-04-24T06:20:53.335+0000][gc,phases   ] GC(14)   Pre Evacuate Collection Set: 0.1ms
[2024-04-24T06:20:53.335+0000][gc,phases   ] GC(14)   Merge Heap Roots: 0.1ms
[2024-04-24T06:20:53.335+0000][gc,phases   ] GC(14)   Evacuate Collection Set: 3.2ms
[2024-04-24T06:20:53.335+0000][gc,phases   ] GC(14)   Post Evacuate Collection Set: 0.5ms
[2024-04-24T06:20:53.335+0000][gc,phases   ] GC(14)   Other: 0.1ms
[2024-04-24T06:20:53.335+0000][gc,heap     ] GC(14) Eden regions: 609->0(609)
[2024-04-24T06:20:53.335+0000][gc,heap     ] GC(14) Survivor regions: 5->5(77)
[2024-04-24T06:20:53.335+0000][gc,heap     ] GC(14) Old regions: 20->20
[2024-04-24T06:20:53.335+0000][gc,heap     ] GC(14) Archive regions: 2->2
[2024-04-24T06:20:53.335+0000][gc,heap     ] GC(14) Humongous regions: 129->129
[2024-04-24T06:20:53.335+0000][gc,metaspace] GC(14) Metaspace: 42633K(43200K)->42633K(43200K) NonClass: 37666K(38016K)->37666K(38016K) Class: 4967K(5184K)->4967K(5184K)
[2024-04-24T06:20:53.335+0000][gc          ] GC(14) Pause Young (Normal) (G1 Evacuation Pause) 763M->154M(1024M) 4.066ms
[2024-04-24T06:20:53.335+0000][gc,cpu      ] GC(14) User=0.02s Sys=0.01s Real=0.01s
[2024-04-24T06:20:54.547+0000][gc,start    ] GC(15) Pause Young (Normal) (G1 Evacuation Pause)
[2024-04-24T06:20:54.547+0000][gc,task     ] GC(15) Using 8 workers of 8 for evacuation
[2024-04-24T06:20:54.551+0000][gc,phases   ] GC(15)   Pre Evacuate Collection Set: 0.1ms
[2024-04-24T06:20:54.551+0000][gc,phases   ] GC(15)   Merge Heap Roots: 0.1ms
[2024-04-24T06:20:54.551+0000][gc,phases   ] GC(15)   Evacuate Collection Set: 2.9ms
[2024-04-24T06:20:54.551+0000][gc,phases   ] GC(15)   Post Evacuate Collection Set: 0.7ms
[2024-04-24T06:20:54.551+0000][gc,phases   ] GC(15)   Other: 0.1ms
[2024-04-24T06:20:54.551+0000][gc,heap     ] GC(15) Eden regions: 609->0(609)
[2024-04-24T06:20:54.551+0000][gc,heap     ] GC(15) Survivor regions: 5->5(77)
[2024-04-24T06:20:54.551+0000][gc,heap     ] GC(15) Old regions: 20->20
[2024-04-24T06:20:54.551+0000][gc,heap     ] GC(15) Archive regions: 2->2
[2024-04-24T06:20:54.551+0000][gc,heap     ] GC(15) Humongous regions: 129->129
[2024-04-24T06:20:54.551+0000][gc,metaspace] GC(15) Metaspace: 42633K(43200K)->42633K(43200K) NonClass: 37666K(38016K)->37666K(38016K) Class: 4967K(5184K)->4967K(5184K)
[2024-04-24T06:20:54.551+0000][gc          ] GC(15) Pause Young (Normal) (G1 Evacuation Pause) 763M->154M(1024M) 4.073ms
[2024-04-24T06:20:54.551+0000][gc,cpu      ] GC(15) User=0.02s Sys=0.00s Real=0.00s
[2024-04-24T06:20:55.770+0000][gc,start    ] GC(16) Pause Young (Normal) (G1 Evacuation Pause)
[2024-04-24T06:20:55.770+0000][gc,task     ] GC(16) Using 8 workers of 8 for evacuation
[2024-04-24T06:20:55.773+0000][gc,phases   ] GC(16)   Pre Evacuate Collection Set: 0.1ms
[2024-04-24T06:20:55.773+0000][gc,phases   ] GC(16)   Merge Heap Roots: 0.1ms
[2024-04-24T06:20:55.773+0000][gc,phases   ] GC(16)   Evacuate Collection Set: 2.3ms
[2024-04-24T06:20:55.773+0000][gc,phases   ] GC(16)   Post Evacuate Collection Set: 0.5ms
[2024-04-24T06:20:55.773+0000][gc,phases   ] GC(16)   Other: 0.1ms
[2024-04-24T06:20:55.773+0000][gc,heap     ] GC(16) Eden regions: 609->0(609)
[2024-04-24T06:20:55.773+0000][gc,heap     ] GC(16) Survivor regions: 5->5(77)
[2024-04-24T06:20:55.773+0000][gc,heap     ] GC(16) Old regions: 20->20
[2024-04-24T06:20:55.773+0000][gc,heap     ] GC(16) Archive regions: 2->2
[2024-04-24T06:20:55.773+0000][gc,heap     ] GC(16) Humongous regions: 129->129
[2024-04-24T06:20:55.773+0000][gc,metaspace] GC(16) Metaspace: 42634K(43200K)->42634K(43200K) NonClass: 37667K(38016K)->37667K(38016K) Class: 4967K(5184K)->4967K(5184K)
[2024-04-24T06:20:55.773+0000][gc          ] GC(16) Pause Young (Normal) (G1 Evacuation Pause) 763M->154M(1024M) 3.171ms
[2024-04-24T06:20:55.773+0000][gc,cpu      ] GC(16) User=0.01s Sys=0.00s Real=0.01s
[2024-04-24T06:20:56.847+0000][gc,start    ] GC(17) Pause Young (Normal) (G1 Evacuation Pause)
[2024-04-24T06:20:56.847+0000][gc,task     ] GC(17) Using 8 workers of 8 for evacuation
[2024-04-24T06:20:56.851+0000][gc,phases   ] GC(17)   Pre Evacuate Collection Set: 0.1ms
[2024-04-24T06:20:56.851+0000][gc,phases   ] GC(17)   Merge Heap Roots: 0.1ms
[2024-04-24T06:20:56.851+0000][gc,phases   ] GC(17)   Evacuate Collection Set: 2.6ms
[2024-04-24T06:20:56.851+0000][gc,phases   ] GC(17)   Post Evacuate Collection Set: 0.6ms
[2024-04-24T06:20:56.851+0000][gc,phases   ] GC(17)   Other: 0.1ms
[2024-04-24T06:20:56.851+0000][gc,heap     ] GC(17) Eden regions: 609->0(609)
[2024-04-24T06:20:56.851+0000][gc,heap     ] GC(17) Survivor regions: 5->5(77)
[2024-04-24T06:20:56.851+0000][gc,heap     ] GC(17) Old regions: 20->20
[2024-04-24T06:20:56.851+0000][gc,heap     ] GC(17) Archive regions: 2->2
[2024-04-24T06:20:56.851+0000][gc,heap     ] GC(17) Humongous regions: 129->129
[2024-04-24T06:20:56.851+0000][gc,metaspace] GC(17) Metaspace: 42635K(43200K)->42635K(43200K) NonClass: 37667K(38016K)->37667K(38016K) Class: 4967K(5184K)->4967K(5184K)
[2024-04-24T06:20:56.851+0000][gc          ] GC(17) Pause Young (Normal) (G1 Evacuation Pause) 763M->154M(1024M) 3.603ms
[2024-04-24T06:20:56.851+0000][gc,cpu      ] GC(17) User=0.01s Sys=0.00s Real=0.00s
[2024-04-24T06:20:57.921+0000][gc,start    ] GC(18) Pause Young (Normal) (G1 Evacuation Pause)
[2024-04-24T06:20:57.921+0000][gc,task     ] GC(18) Using 8 workers of 8 for evacuation
[2024-04-24T06:20:57.925+0000][gc,phases   ] GC(18)   Pre Evacuate Collection Set: 0.1ms
[2024-04-24T06:20:57.925+0000][gc,phases   ] GC(18)   Merge Heap Roots: 0.1ms
[2024-04-24T06:20:57.925+0000][gc,phases   ] GC(18)   Evacuate Collection Set: 3.0ms
[2024-04-24T06:20:57.925+0000][gc,phases   ] GC(18)   Post Evacuate Collection Set: 0.5ms
[2024-04-24T06:20:57.925+0000][gc,phases   ] GC(18)   Other: 0.1ms
[2024-04-24T06:20:57.925+0000][gc,heap     ] GC(18) Eden regions: 609->0(609)
[2024-04-24T06:20:57.925+0000][gc,heap     ] GC(18) Survivor regions: 5->5(77)
[2024-04-24T06:20:57.925+0000][gc,heap     ] GC(18) Old regions: 20->20
[2024-04-24T06:20:57.925+0000][gc,heap     ] GC(18) Archive regions: 2->2
[2024-04-24T06:20:57.925+0000][gc,heap     ] GC(18) Humongous regions: 129->129
[2024-04-24T06:20:57.925+0000][gc,metaspace] GC(18) Metaspace: 42636K(43200K)->42636K(43200K) NonClass: 37668K(38016K)->37668K(38016K) Class: 4967K(5184K)->4967K(5184K)
[2024-04-24T06:20:57.925+0000][gc          ] GC(18) Pause Young (Normal) (G1 Evacuation Pause) 763M->154M(1024M) 3.964ms
[2024-04-24T06:20:57.925+0000][gc,cpu      ] GC(18) User=0.02s Sys=0.00s Real=0.01s
[2024-04-24T06:20:59.143+0000][gc,start    ] GC(19) Pause Young (Normal) (G1 Evacuation Pause)
[2024-04-24T06:20:59.143+0000][gc,task     ] GC(19) Using 8 workers of 8 for evacuation
[2024-04-24T06:20:59.146+0000][gc,phases   ] GC(19)   Pre Evacuate Collection Set: 0.1ms
[2024-04-24T06:20:59.146+0000][gc,phases   ] GC(19)   Merge Heap Roots: 0.1ms
[2024-04-24T06:20:59.146+0000][gc,phases   ] GC(19)   Evacuate Collection Set: 1.9ms
[2024-04-24T06:20:59.146+0000][gc,phases   ] GC(19)   Post Evacuate Collection Set: 0.6ms
[2024-04-24T06:20:59.146+0000][gc,phases   ] GC(19)   Other: 0.1ms
[2024-04-24T06:20:59.146+0000][gc,heap     ] GC(19) Eden regions: 609->0(609)
[2024-04-24T06:20:59.146+0000][gc,heap     ] GC(19) Survivor regions: 5->5(77)
[2024-04-24T06:20:59.146+0000][gc,heap     ] GC(19) Old regions: 20->20
[2024-04-24T06:20:59.146+0000][gc,heap     ] GC(19) Archive regions: 2->2
[2024-04-24T06:20:59.146+0000][gc,heap     ] GC(19) Humongous regions: 129->129
[2024-04-24T06:20:59.146+0000][gc,metaspace] GC(19) Metaspace: 42636K(43200K)->42636K(43200K) NonClass: 37668K(38016K)->37668K(38016K) Class: 4967K(5184K)->4967K(5184K)
[2024-04-24T06:20:59.146+0000][gc          ] GC(19) Pause Young (Normal) (G1 Evacuation Pause) 763M->154M(1024M) 2.937ms
[2024-04-24T06:20:59.146+0000][gc,cpu      ] GC(19) User=0.02s Sys=0.00s Real=0.01s
[2024-04-24T06:21:00.227+0000][gc,start    ] GC(20) Pause Young (Normal) (G1 Evacuation Pause)
[2024-04-24T06:21:00.227+0000][gc,task     ] GC(20) Using 8 workers of 8 for evacuation
[2024-04-24T06:21:00.230+0000][gc,phases   ] GC(20)   Pre Evacuate Collection Set: 0.1ms
[2024-04-24T06:21:00.230+0000][gc,phases   ] GC(20)   Merge Heap Roots: 0.1ms
[2024-04-24T06:21:00.230+0000][gc,phases   ] GC(20)   Evacuate Collection Set: 2.5ms
[2024-04-24T06:21:00.230+0000][gc,phases   ] GC(20)   Post Evacuate Collection Set: 0.5ms
[2024-04-24T06:21:00.230+0000][gc,phases   ] GC(20)   Other: 0.1ms
[2024-04-24T06:21:00.230+0000][gc,heap     ] GC(20) Eden regions: 609->0(609)
[2024-04-24T06:21:00.230+0000][gc,heap     ] GC(20) Survivor regions: 5->5(77)
[2024-04-24T06:21:00.230+0000][gc,heap     ] GC(20) Old regions: 20->20
[2024-04-24T06:21:00.230+0000][gc,heap     ] GC(20) Archive regions: 2->2
[2024-04-24T06:21:00.230+0000][gc,heap     ] GC(20) Humongous regions: 129->129
[2024-04-24T06:21:00.230+0000][gc,metaspace] GC(20) Metaspace: 42636K(43200K)->42636K(43200K) NonClass: 37668K(38016K)->37668K(38016K) Class: 4967K(5184K)->4967K(5184K)
[2024-04-24T06:21:00.230+0000][gc          ] GC(20) Pause Young (Normal) (G1 Evacuation Pause) 763M->154M(1024M) 3.352ms
[2024-04-24T06:21:00.230+0000][gc,cpu      ] GC(20) User=0.01s Sys=0.00s Real=0.00s
[2024-04-24T06:21:01.264+0000][gc,start    ] GC(21) Pause Young (Normal) (G1 Evacuation Pause)
[2024-04-24T06:21:01.264+0000][gc,task     ] GC(21) Using 8 workers of 8 for evacuation
[2024-04-24T06:21:01.267+0000][gc,phases   ] GC(21)   Pre Evacuate Collection Set: 0.1ms
[2024-04-24T06:21:01.267+0000][gc,phases   ] GC(21)   Merge Heap Roots: 0.1ms
[2024-04-24T06:21:01.267+0000][gc,phases   ] GC(21)   Evacuate Collection Set: 2.1ms
[2024-04-24T06:21:01.267+0000][gc,phases   ] GC(21)   Post Evacuate Collection Set: 0.4ms
[2024-04-24T06:21:01.267+0000][gc,phases   ] GC(21)   Other: 0.1ms
[2024-04-24T06:21:01.267+0000][gc,heap     ] GC(21) Eden regions: 609->0(611)
[2024-04-24T06:21:01.267+0000][gc,heap     ] GC(21) Survivor regions: 5->3(77)
[2024-04-24T06:21:01.267+0000][gc,heap     ] GC(21) Old regions: 20->23
[2024-04-24T06:21:01.267+0000][gc,heap     ] GC(21) Archive regions: 2->2
[2024-04-24T06:21:01.267+0000][gc,heap     ] GC(21) Humongous regions: 129->129
[2024-04-24T06:21:01.267+0000][gc,metaspace] GC(21) Metaspace: 42640K(43200K)->42640K(43200K) NonClass: 37672K(38016K)->37672K(38016K) Class: 4967K(5184K)->4967K(5184K)
[2024-04-24T06:21:01.267+0000][gc          ] GC(21) Pause Young (Normal) (G1 Evacuation Pause) 763M->154M(1024M) 2.918ms
[2024-04-24T06:21:01.267+0000][gc,cpu      ] GC(21) User=0.02s Sys=0.01s Real=0.00s
[2024-04-24T06:21:02.303+0000][gc,start    ] GC(22) Pause Young (Normal) (G1 Evacuation Pause)
[2024-04-24T06:21:02.303+0000][gc,task     ] GC(22) Using 8 workers of 8 for evacuation
[2024-04-24T06:21:02.305+0000][gc,phases   ] GC(22)   Pre Evacuate Collection Set: 0.1ms
[2024-04-24T06:21:02.305+0000][gc,phases   ] GC(22)   Merge Heap Roots: 0.1ms
[2024-04-24T06:21:02.305+0000][gc,phases   ] GC(22)   Evacuate Collection Set: 1.1ms
[2024-04-24T06:21:02.305+0000][gc,phases   ] GC(22)   Post Evacuate Collection Set: 0.4ms
[2024-04-24T06:21:02.305+0000][gc,phases   ] GC(22)   Other: 0.1ms
[2024-04-24T06:21:02.305+0000][gc,heap     ] GC(22) Eden regions: 611->0(611)
[2024-04-24T06:21:02.305+0000][gc,heap     ] GC(22) Survivor regions: 3->3(77)
[2024-04-24T06:21:02.305+0000][gc,heap     ] GC(22) Old regions: 23->23
[2024-04-24T06:21:02.305+0000][gc,heap     ] GC(22) Archive regions: 2->2
[2024-04-24T06:21:02.305+0000][gc,heap     ] GC(22) Humongous regions: 129->129
[2024-04-24T06:21:02.305+0000][gc,metaspace] GC(22) Metaspace: 42640K(43200K)->42640K(43200K) NonClass: 37673K(38016K)->37673K(38016K) Class: 4967K(5184K)->4967K(5184K)
[2024-04-24T06:21:02.305+0000][gc          ] GC(22) Pause Young (Normal) (G1 Evacuation Pause) 765M->154M(1024M) 1.818ms
[2024-04-24T06:21:02.305+0000][gc,cpu      ] GC(22) User=0.02s Sys=0.00s Real=0.01s
[2024-04-24T06:21:03.338+0000][gc,start    ] GC(23) Pause Young (Normal) (G1 Evacuation Pause)
[2024-04-24T06:21:03.338+0000][gc,task     ] GC(23) Using 8 workers of 8 for evacuation
[2024-04-24T06:21:03.340+0000][gc,phases   ] GC(23)   Pre Evacuate Collection Set: 0.1ms
[2024-04-24T06:21:03.340+0000][gc,phases   ] GC(23)   Merge Heap Roots: 0.1ms
[2024-04-24T06:21:03.340+0000][gc,phases   ] GC(23)   Evacuate Collection Set: 1.2ms
[2024-04-24T06:21:03.340+0000][gc,phases   ] GC(23)   Post Evacuate Collection Set: 0.4ms
[2024-04-24T06:21:03.340+0000][gc,phases   ] GC(23)   Other: 0.1ms
[2024-04-24T06:21:03.340+0000][gc,heap     ] GC(23) Eden regions: 611->0(611)
[2024-04-24T06:21:03.340+0000][gc,heap     ] GC(23) Survivor regions: 3->3(77)
[2024-04-24T06:21:03.340+0000][gc,heap     ] GC(23) Old regions: 23->23
[2024-04-24T06:21:03.340+0000][gc,heap     ] GC(23) Archive regions: 2->2
[2024-04-24T06:21:03.340+0000][gc,heap     ] GC(23) Humongous regions: 129->129
[2024-04-24T06:21:03.340+0000][gc,metaspace] GC(23) Metaspace: 42640K(43200K)->42640K(43200K) NonClass: 37673K(38016K)->37673K(38016K) Class: 4967K(5184K)->4967K(5184K)
[2024-04-24T06:21:03.340+0000][gc          ] GC(23) Pause Young (Normal) (G1 Evacuation Pause) 765M->154M(1024M) 1.867ms
[2024-04-24T06:21:03.340+0000][gc,cpu      ] GC(23) User=0.01s Sys=0.00s Real=0.00s
[2024-04-24T06:21:04.380+0000][gc,start    ] GC(24) Pause Young (Normal) (G1 Evacuation Pause)
[2024-04-24T06:21:04.380+0000][gc,task     ] GC(24) Using 8 workers of 8 for evacuation
[2024-04-24T06:21:04.381+0000][gc,phases   ] GC(24)   Pre Evacuate Collection Set: 0.1ms
[2024-04-24T06:21:04.381+0000][gc,phases   ] GC(24)   Merge Heap Roots: 0.1ms
[2024-04-24T06:21:04.381+0000][gc,phases   ] GC(24)   Evacuate Collection Set: 1.2ms
[2024-04-24T06:21:04.381+0000][gc,phases   ] GC(24)   Post Evacuate Collection Set: 0.4ms
[2024-04-24T06:21:04.381+0000][gc,phases   ] GC(24)   Other: 0.1ms
[2024-04-24T06:21:04.381+0000][gc,heap     ] GC(24) Eden regions: 611->0(611)
[2024-04-24T06:21:04.381+0000][gc,heap     ] GC(24) Survivor regions: 3->3(77)
[2024-04-24T06:21:04.381+0000][gc,heap     ] GC(24) Old regions: 23->23
[2024-04-24T06:21:04.381+0000][gc,heap     ] GC(24) Archive regions: 2->2
[2024-04-24T06:21:04.381+0000][gc,heap     ] GC(24) Humongous regions: 129->129
[2024-04-24T06:21:04.381+0000][gc,metaspace] GC(24) Metaspace: 42640K(43200K)->42640K(43200K) NonClass: 37673K(38016K)->37673K(38016K) Class: 4967K(5184K)->4967K(5184K)
[2024-04-24T06:21:04.381+0000][gc          ] GC(24) Pause Young (Normal) (G1 Evacuation Pause) 765M->154M(1024M) 1.854ms
[2024-04-24T06:21:04.382+0000][gc,cpu      ] GC(24) User=0.01s Sys=0.00s Real=0.00s
[2024-04-24T06:21:05.422+0000][gc,start    ] GC(25) Pause Young (Normal) (G1 Evacuation Pause)
[2024-04-24T06:21:05.422+0000][gc,task     ] GC(25) Using 8 workers of 8 for evacuation
[2024-04-24T06:21:05.424+0000][gc,phases   ] GC(25)   Pre Evacuate Collection Set: 0.1ms
[2024-04-24T06:21:05.424+0000][gc,phases   ] GC(25)   Merge Heap Roots: 0.1ms
[2024-04-24T06:21:05.424+0000][gc,phases   ] GC(25)   Evacuate Collection Set: 1.4ms
[2024-04-24T06:21:05.424+0000][gc,phases   ] GC(25)   Post Evacuate Collection Set: 0.4ms
[2024-04-24T06:21:05.424+0000][gc,phases   ] GC(25)   Other: 0.1ms
[2024-04-24T06:21:05.424+0000][gc,heap     ] GC(25) Eden regions: 611->0(611)
[2024-04-24T06:21:05.424+0000][gc,heap     ] GC(25) Survivor regions: 3->3(77)
[2024-04-24T06:21:05.425+0000][gc,heap     ] GC(25) Old regions: 23->23
[2024-04-24T06:21:05.425+0000][gc,heap     ] GC(25) Archive regions: 2->2
[2024-04-24T06:21:05.425+0000][gc,heap     ] GC(25) Humongous regions: 129->129
[2024-04-24T06:21:05.425+0000][gc,metaspace] GC(25) Metaspace: 42641K(43200K)->42641K(43200K) NonClass: 37673K(38016K)->37673K(38016K) Class: 4967K(5184K)->4967K(5184K)
[2024-04-24T06:21:05.425+0000][gc          ] GC(25) Pause Young (Normal) (G1 Evacuation Pause) 765M->154M(1024M) 2.237ms
[2024-04-24T06:21:05.425+0000][gc,cpu      ] GC(25) User=0.01s Sys=0.00s Real=0.01s
[2024-04-24T06:21:06.434+0000][gc,start    ] GC(26) Pause Young (Normal) (G1 Evacuation Pause)
[2024-04-24T06:21:06.434+0000][gc,task     ] GC(26) Using 8 workers of 8 for evacuation
[2024-04-24T06:21:06.436+0000][gc,phases   ] GC(26)   Pre Evacuate Collection Set: 0.1ms
[2024-04-24T06:21:06.436+0000][gc,phases   ] GC(26)   Merge Heap Roots: 0.1ms
[2024-04-24T06:21:06.436+0000][gc,phases   ] GC(26)   Evacuate Collection Set: 1.2ms
[2024-04-24T06:21:06.436+0000][gc,phases   ] GC(26)   Post Evacuate Collection Set: 0.4ms
[2024-04-24T06:21:06.436+0000][gc,phases   ] GC(26)   Other: 0.1ms
[2024-04-24T06:21:06.436+0000][gc,heap     ] GC(26) Eden regions: 611->0(611)
[2024-04-24T06:21:06.436+0000][gc,heap     ] GC(26) Survivor regions: 3->3(77)
[2024-04-24T06:21:06.436+0000][gc,heap     ] GC(26) Old regions: 23->23
[2024-04-24T06:21:06.436+0000][gc,heap     ] GC(26) Archive regions: 2->2
[2024-04-24T06:21:06.436+0000][gc,heap     ] GC(26) Humongous regions: 129->129
[2024-04-24T06:21:06.436+0000][gc,metaspace] GC(26) Metaspace: 42641K(43200K)->42641K(43200K) NonClass: 37673K(38016K)->37673K(38016K) Class: 4967K(5184K)->4967K(5184K)
[2024-04-24T06:21:06.436+0000][gc          ] GC(26) Pause Young (Normal) (G1 Evacuation Pause) 765M->155M(1024M) 1.897ms
[2024-04-24T06:21:06.436+0000][gc,cpu      ] GC(26) User=0.02s Sys=0.00s Real=0.00s
[2024-04-24T06:21:07.463+0000][gc,start    ] GC(27) Pause Young (Normal) (G1 Evacuation Pause)
[2024-04-24T06:21:07.463+0000][gc,task     ] GC(27) Using 8 workers of 8 for evacuation
[2024-04-24T06:21:07.465+0000][gc,phases   ] GC(27)   Pre Evacuate Collection Set: 0.1ms
[2024-04-24T06:21:07.465+0000][gc,phases   ] GC(27)   Merge Heap Roots: 0.1ms
[2024-04-24T06:21:07.465+0000][gc,phases   ] GC(27)   Evacuate Collection Set: 1.4ms
[2024-04-24T06:21:07.465+0000][gc,phases   ] GC(27)   Post Evacuate Collection Set: 0.4ms
[2024-04-24T06:21:07.465+0000][gc,phases   ] GC(27)   Other: 0.1ms
[2024-04-24T06:21:07.465+0000][gc,heap     ] GC(27) Eden regions: 611->0(611)
[2024-04-24T06:21:07.465+0000][gc,heap     ] GC(27) Survivor regions: 3->3(77)
[2024-04-24T06:21:07.465+0000][gc,heap     ] GC(27) Old regions: 23->23
[2024-04-24T06:21:07.465+0000][gc,heap     ] GC(27) Archive regions: 2->2
[2024-04-24T06:21:07.465+0000][gc,heap     ] GC(27) Humongous regions: 129->129
[2024-04-24T06:21:07.465+0000][gc,metaspace] GC(27) Metaspace: 42641K(43200K)->42641K(43200K) NonClass: 37673K(38016K)->37673K(38016K) Class: 4967K(5184K)->4967K(5184K)
[2024-04-24T06:21:07.465+0000][gc          ] GC(27) Pause Young (Normal) (G1 Evacuation Pause) 766M->155M(1024M) 2.118ms
[2024-04-24T06:21:07.465+0000][gc,cpu      ] GC(27) User=0.01s Sys=0.00s Real=0.01s
[2024-04-24T06:21:08.493+0000][gc,start    ] GC(28) Pause Young (Normal) (G1 Evacuation Pause)
[2024-04-24T06:21:08.493+0000][gc,task     ] GC(28) Using 8 workers of 8 for evacuation
[2024-04-24T06:21:08.496+0000][gc,phases   ] GC(28)   Pre Evacuate Collection Set: 0.1ms
[2024-04-24T06:21:08.496+0000][gc,phases   ] GC(28)   Merge Heap Roots: 0.1ms
[2024-04-24T06:21:08.496+0000][gc,phases   ] GC(28)   Evacuate Collection Set: 1.7ms
[2024-04-24T06:21:08.496+0000][gc,phases   ] GC(28)   Post Evacuate Collection Set: 0.4ms
[2024-04-24T06:21:08.496+0000][gc,phases   ] GC(28)   Other: 0.1ms
[2024-04-24T06:21:08.496+0000][gc,heap     ] GC(28) Eden regions: 611->0(611)
[2024-04-24T06:21:08.496+0000][gc,heap     ] GC(28) Survivor regions: 3->3(77)
[2024-04-24T06:21:08.496+0000][gc,heap     ] GC(28) Old regions: 23->23
[2024-04-24T06:21:08.496+0000][gc,heap     ] GC(28) Archive regions: 2->2
[2024-04-24T06:21:08.496+0000][gc,heap     ] GC(28) Humongous regions: 129->129
[2024-04-24T06:21:08.496+0000][gc,metaspace] GC(28) Metaspace: 42641K(43200K)->42641K(43200K) NonClass: 37673K(38016K)->37673K(38016K) Class: 4967K(5184K)->4967K(5184K)
[2024-04-24T06:21:08.496+0000][gc          ] GC(28) Pause Young (Normal) (G1 Evacuation Pause) 766M->155M(1024M) 2.519ms
[2024-04-24T06:21:08.496+0000][gc,cpu      ] GC(28) User=0.00s Sys=0.00s Real=0.00s
[2024-04-24T06:21:09.554+0000][gc,start    ] GC(29) Pause Young (Normal) (G1 Evacuation Pause)
[2024-04-24T06:21:09.554+0000][gc,task     ] GC(29) Using 8 workers of 8 for evacuation
[2024-04-24T06:21:09.556+0000][gc,phases   ] GC(29)   Pre Evacuate Collection Set: 0.1ms
[2024-04-24T06:21:09.556+0000][gc,phases   ] GC(29)   Merge Heap Roots: 0.1ms
[2024-04-24T06:21:09.556+0000][gc,phases   ] GC(29)   Evacuate Collection Set: 1.4ms
[2024-04-24T06:21:09.556+0000][gc,phases   ] GC(29)   Post Evacuate Collection Set: 0.4ms
[2024-04-24T06:21:09.556+0000][gc,phases   ] GC(29)   Other: 0.1ms
[2024-04-24T06:21:09.556+0000][gc,heap     ] GC(29) Eden regions: 611->0(611)
[2024-04-24T06:21:09.556+0000][gc,heap     ] GC(29) Survivor regions: 3->3(77)
[2024-04-24T06:21:09.556+0000][gc,heap     ] GC(29) Old regions: 23->24
[2024-04-24T06:21:09.556+0000][gc,heap     ] GC(29) Archive regions: 2->2
[2024-04-24T06:21:09.556+0000][gc,heap     ] GC(29) Humongous regions: 129->129
[2024-04-24T06:21:09.556+0000][gc,metaspace] GC(29) Metaspace: 42641K(43200K)->42641K(43200K) NonClass: 37673K(38016K)->37673K(38016K) Class: 4967K(5184K)->4967K(5184K)
[2024-04-24T06:21:09.556+0000][gc          ] GC(29) Pause Young (Normal) (G1 Evacuation Pause) 766M->155M(1024M) 2.129ms
[2024-04-24T06:21:09.556+0000][gc,cpu      ] GC(29) User=0.01s Sys=0.00s Real=0.00s
[2024-04-24T06:21:10.585+0000][gc,start    ] GC(30) Pause Young (Normal) (G1 Evacuation Pause)
[2024-04-24T06:21:10.585+0000][gc,task     ] GC(30) Using 8 workers of 8 for evacuation
[2024-04-24T06:21:10.587+0000][gc,phases   ] GC(30)   Pre Evacuate Collection Set: 0.1ms
[2024-04-24T06:21:10.587+0000][gc,phases   ] GC(30)   Merge Heap Roots: 0.1ms
[2024-04-24T06:21:10.587+0000][gc,phases   ] GC(30)   Evacuate Collection Set: 1.4ms
[2024-04-24T06:21:10.587+0000][gc,phases   ] GC(30)   Post Evacuate Collection Set: 0.4ms
[2024-04-24T06:21:10.587+0000][gc,phases   ] GC(30)   Other: 0.1ms
[2024-04-24T06:21:10.587+0000][gc,heap     ] GC(30) Eden regions: 611->0(611)
[2024-04-24T06:21:10.587+0000][gc,heap     ] GC(30) Survivor regions: 3->3(77)
[2024-04-24T06:21:10.587+0000][gc,heap     ] GC(30) Old regions: 24->24
[2024-04-24T06:21:10.587+0000][gc,heap     ] GC(30) Archive regions: 2->2
[2024-04-24T06:21:10.587+0000][gc,heap     ] GC(30) Humongous regions: 129->129
[2024-04-24T06:21:10.587+0000][gc,metaspace] GC(30) Metaspace: 42641K(43200K)->42641K(43200K) NonClass: 37673K(38016K)->37673K(38016K) Class: 4967K(5184K)->4967K(5184K)
[2024-04-24T06:21:10.587+0000][gc          ] GC(30) Pause Young (Normal) (G1 Evacuation Pause) 766M->155M(1024M) 2.157ms
[2024-04-24T06:21:10.587+0000][gc,cpu      ] GC(30) User=0.01s Sys=0.00s Real=0.00s
[2024-04-24T06:21:11.608+0000][gc,start    ] GC(31) Pause Young (Normal) (G1 Evacuation Pause)
[2024-04-24T06:21:11.608+0000][gc,task     ] GC(31) Using 8 workers of 8 for evacuation
[2024-04-24T06:21:11.610+0000][gc,phases   ] GC(31)   Pre Evacuate Collection Set: 0.1ms
[2024-04-24T06:21:11.610+0000][gc,phases   ] GC(31)   Merge Heap Roots: 0.1ms
[2024-04-24T06:21:11.610+0000][gc,phases   ] GC(31)   Evacuate Collection Set: 1.4ms
[2024-04-24T06:21:11.610+0000][gc,phases   ] GC(31)   Post Evacuate Collection Set: 0.4ms
[2024-04-24T06:21:11.610+0000][gc,phases   ] GC(31)   Other: 0.1ms
[2024-04-24T06:21:11.610+0000][gc,heap     ] GC(31) Eden regions: 611->0(611)
[2024-04-24T06:21:11.610+0000][gc,heap     ] GC(31) Survivor regions: 3->3(77)
[2024-04-24T06:21:11.610+0000][gc,heap     ] GC(31) Old regions: 24->24
[2024-04-24T06:21:11.610+0000][gc,heap     ] GC(31) Archive regions: 2->2
[2024-04-24T06:21:11.610+0000][gc,heap     ] GC(31) Humongous regions: 129->129
[2024-04-24T06:21:11.610+0000][gc,metaspace] GC(31) Metaspace: 42644K(43200K)->42644K(43200K) NonClass: 37676K(38016K)->37676K(38016K) Class: 4967K(5184K)->4967K(5184K)
[2024-04-24T06:21:11.611+0000][gc          ] GC(31) Pause Young (Normal) (G1 Evacuation Pause) 766M->156M(1024M) 2.156ms
[2024-04-24T06:21:11.611+0000][gc,cpu      ] GC(31) User=0.01s Sys=0.01s Real=0.00s
[2024-04-24T06:21:12.631+0000][gc,start    ] GC(32) Pause Young (Normal) (G1 Evacuation Pause)
[2024-04-24T06:21:12.631+0000][gc,task     ] GC(32) Using 8 workers of 8 for evacuation
[2024-04-24T06:21:12.634+0000][gc,phases   ] GC(32)   Pre Evacuate Collection Set: 0.1ms
[2024-04-24T06:21:12.634+0000][gc,phases   ] GC(32)   Merge Heap Roots: 0.1ms
[2024-04-24T06:21:12.634+0000][gc,phases   ] GC(32)   Evacuate Collection Set: 1.7ms
[2024-04-24T06:21:12.634+0000][gc,phases   ] GC(32)   Post Evacuate Collection Set: 0.4ms
[2024-04-24T06:21:12.634+0000][gc,phases   ] GC(32)   Other: 0.1ms
[2024-04-24T06:21:12.634+0000][gc,heap     ] GC(32) Eden regions: 611->0(611)
[2024-04-24T06:21:12.634+0000][gc,heap     ] GC(32) Survivor regions: 3->3(77)
[2024-04-24T06:21:12.634+0000][gc,heap     ] GC(32) Old regions: 24->24
[2024-04-24T06:21:12.634+0000][gc,heap     ] GC(32) Archive regions: 2->2
[2024-04-24T06:21:12.634+0000][gc,heap     ] GC(32) Humongous regions: 129->129
[2024-04-24T06:21:12.634+0000][gc,metaspace] GC(32) Metaspace: 42644K(43200K)->42644K(43200K) NonClass: 37676K(38016K)->37676K(38016K) Class: 4967K(5184K)->4967K(5184K)
[2024-04-24T06:21:12.634+0000][gc          ] GC(32) Pause Young (Normal) (G1 Evacuation Pause) 767M->156M(1024M) 2.451ms
[2024-04-24T06:21:12.634+0000][gc,cpu      ] GC(32) User=0.01s Sys=0.00s Real=0.01s
[2024-04-24T06:21:13.801+0000][gc,start    ] GC(33) Pause Young (Normal) (G1 Evacuation Pause)
[2024-04-24T06:21:13.801+0000][gc,task     ] GC(33) Using 8 workers of 8 for evacuation
[2024-04-24T06:21:13.804+0000][gc,phases   ] GC(33)   Pre Evacuate Collection Set: 0.1ms
[2024-04-24T06:21:13.804+0000][gc,phases   ] GC(33)   Merge Heap Roots: 0.1ms
[2024-04-24T06:21:13.804+0000][gc,phases   ] GC(33)   Evacuate Collection Set: 1.8ms
[2024-04-24T06:21:13.804+0000][gc,phases   ] GC(33)   Post Evacuate Collection Set: 0.4ms
[2024-04-24T06:21:13.804+0000][gc,phases   ] GC(33)   Other: 0.1ms
[2024-04-24T06:21:13.804+0000][gc,heap     ] GC(33) Eden regions: 611->0(611)
[2024-04-24T06:21:13.804+0000][gc,heap     ] GC(33) Survivor regions: 3->3(77)
[2024-04-24T06:21:13.804+0000][gc,heap     ] GC(33) Old regions: 24->24
[2024-04-24T06:21:13.804+0000][gc,heap     ] GC(33) Archive regions: 2->2
[2024-04-24T06:21:13.804+0000][gc,heap     ] GC(33) Humongous regions: 129->129
[2024-04-24T06:21:13.804+0000][gc,metaspace] GC(33) Metaspace: 42691K(43328K)->42691K(43328K) NonClass: 37712K(38080K)->37712K(38080K) Class: 4979K(5248K)->4979K(5248K)
[2024-04-24T06:21:13.804+0000][gc          ] GC(33) Pause Young (Normal) (G1 Evacuation Pause) 767M->156M(1024M) 2.540ms
[2024-04-24T06:21:13.804+0000][gc,cpu      ] GC(33) User=0.01s Sys=0.01s Real=0.00s
[2024-04-24T06:21:14.945+0000][gc,start    ] GC(34) Pause Young (Normal) (G1 Evacuation Pause)
[2024-04-24T06:21:14.945+0000][gc,task     ] GC(34) Using 8 workers of 8 for evacuation
[2024-04-24T06:21:14.947+0000][gc,phases   ] GC(34)   Pre Evacuate Collection Set: 0.1ms
[2024-04-24T06:21:14.947+0000][gc,phases   ] GC(34)   Merge Heap Roots: 0.1ms
[2024-04-24T06:21:14.947+0000][gc,phases   ] GC(34)   Evacuate Collection Set: 1.5ms
[2024-04-24T06:21:14.947+0000][gc,phases   ] GC(34)   Post Evacuate Collection Set: 0.4ms
[2024-04-24T06:21:14.947+0000][gc,phases   ] GC(34)   Other: 0.1ms
[2024-04-24T06:21:14.947+0000][gc,heap     ] GC(34) Eden regions: 611->0(611)
[2024-04-24T06:21:14.947+0000][gc,heap     ] GC(34) Survivor regions: 3->3(77)
[2024-04-24T06:21:14.947+0000][gc,heap     ] GC(34) Old regions: 24->24
[2024-04-24T06:21:14.947+0000][gc,heap     ] GC(34) Archive regions: 2->2
[2024-04-24T06:21:14.947+0000][gc,heap     ] GC(34) Humongous regions: 129->129
[2024-04-24T06:21:14.947+0000][gc,metaspace] GC(34) Metaspace: 42693K(43328K)->42693K(43328K) NonClass: 37714K(38080K)->37714K(38080K) Class: 4979K(5248K)->4979K(5248K)
[2024-04-24T06:21:14.947+0000][gc          ] GC(34) Pause Young (Normal) (G1 Evacuation Pause) 767M->156M(1024M) 2.262ms
[2024-04-24T06:21:14.947+0000][gc,cpu      ] GC(34) User=0.01s Sys=0.00s Real=0.00s
[2024-04-24T06:21:16.143+0000][gc,start    ] GC(35) Pause Young (Normal) (G1 Evacuation Pause)
[2024-04-24T06:21:16.143+0000][gc,task     ] GC(35) Using 8 workers of 8 for evacuation
[2024-04-24T06:21:16.145+0000][gc,phases   ] GC(35)   Pre Evacuate Collection Set: 0.1ms
[2024-04-24T06:21:16.145+0000][gc,phases   ] GC(35)   Merge Heap Roots: 0.1ms
[2024-04-24T06:21:16.145+0000][gc,phases   ] GC(35)   Evacuate Collection Set: 1.5ms
[2024-04-24T06:21:16.145+0000][gc,phases   ] GC(35)   Post Evacuate Collection Set: 0.4ms
[2024-04-24T06:21:16.145+0000][gc,phases   ] GC(35)   Other: 0.1ms
[2024-04-24T06:21:16.145+0000][gc,heap     ] GC(35) Eden regions: 611->0(611)
[2024-04-24T06:21:16.145+0000][gc,heap     ] GC(35) Survivor regions: 3->3(77)
[2024-04-24T06:21:16.145+0000][gc,heap     ] GC(35) Old regions: 24->24
[2024-04-24T06:21:16.145+0000][gc,heap     ] GC(35) Archive regions: 2->2
[2024-04-24T06:21:16.145+0000][gc,heap     ] GC(35) Humongous regions: 129->129
[2024-04-24T06:21:16.145+0000][gc,metaspace] GC(35) Metaspace: 42712K(43328K)->42712K(43328K) NonClass: 37733K(38080K)->37733K(38080K) Class: 4979K(5248K)->4979K(5248K)
[2024-04-24T06:21:16.145+0000][gc          ] GC(35) Pause Young (Normal) (G1 Evacuation Pause) 767M->156M(1024M) 2.292ms
[2024-04-24T06:21:16.145+0000][gc,cpu      ] GC(35) User=0.01s Sys=0.00s Real=0.01s
[2024-04-24T06:21:17.247+0000][gc,start    ] GC(36) Pause Young (Normal) (G1 Evacuation Pause)
[2024-04-24T06:21:17.247+0000][gc,task     ] GC(36) Using 8 workers of 8 for evacuation
[2024-04-24T06:21:17.249+0000][gc,phases   ] GC(36)   Pre Evacuate Collection Set: 0.1ms
[2024-04-24T06:21:17.249+0000][gc,phases   ] GC(36)   Merge Heap Roots: 0.1ms
[2024-04-24T06:21:17.249+0000][gc,phases   ] GC(36)   Evacuate Collection Set: 1.5ms
[2024-04-24T06:21:17.249+0000][gc,phases   ] GC(36)   Post Evacuate Collection Set: 0.4ms
[2024-04-24T06:21:17.249+0000][gc,phases   ] GC(36)   Other: 0.1ms
[2024-04-24T06:21:17.249+0000][gc,heap     ] GC(36) Eden regions: 611->0(611)
[2024-04-24T06:21:17.249+0000][gc,heap     ] GC(36) Survivor regions: 3->3(77)
[2024-04-24T06:21:17.249+0000][gc,heap     ] GC(36) Old regions: 24->25
[2024-04-24T06:21:17.249+0000][gc,heap     ] GC(36) Archive regions: 2->2
[2024-04-24T06:21:17.249+0000][gc,heap     ] GC(36) Humongous regions: 129->129
[2024-04-24T06:21:17.249+0000][gc,metaspace] GC(36) Metaspace: 42720K(43328K)->42720K(43328K) NonClass: 37740K(38080K)->37740K(38080K) Class: 4980K(5248K)->4980K(5248K)
[2024-04-24T06:21:17.249+0000][gc          ] GC(36) Pause Young (Normal) (G1 Evacuation Pause) 767M->156M(1024M) 2.260ms
[2024-04-24T06:21:17.249+0000][gc,cpu      ] GC(36) User=0.01s Sys=0.00s Real=0.00s
[2024-04-24T06:21:18.266+0000][gc,start    ] GC(37) Pause Young (Normal) (G1 Evacuation Pause)
[2024-04-24T06:21:18.266+0000][gc,task     ] GC(37) Using 8 workers of 8 for evacuation
[2024-04-24T06:21:18.268+0000][gc,phases   ] GC(37)   Pre Evacuate Collection Set: 0.1ms
[2024-04-24T06:21:18.269+0000][gc,phases   ] GC(37)   Merge Heap Roots: 0.1ms
[2024-04-24T06:21:18.269+0000][gc,phases   ] GC(37)   Evacuate Collection Set: 1.7ms
[2024-04-24T06:21:18.269+0000][gc,phases   ] GC(37)   Post Evacuate Collection Set: 0.4ms
[2024-04-24T06:21:18.269+0000][gc,phases   ] GC(37)   Other: 0.1ms
[2024-04-24T06:21:18.269+0000][gc,heap     ] GC(37) Eden regions: 611->0(611)
[2024-04-24T06:21:18.269+0000][gc,heap     ] GC(37) Survivor regions: 3->3(77)
[2024-04-24T06:21:18.269+0000][gc,heap     ] GC(37) Old regions: 25->25
[2024-04-24T06:21:18.269+0000][gc,heap     ] GC(37) Archive regions: 2->2
[2024-04-24T06:21:18.269+0000][gc,heap     ] GC(37) Humongous regions: 129->129
[2024-04-24T06:21:18.269+0000][gc,metaspace] GC(37) Metaspace: 42720K(43328K)->42720K(43328K) NonClass: 37740K(38080K)->37740K(38080K) Class: 4980K(5248K)->4980K(5248K)
[2024-04-24T06:21:18.269+0000][gc          ] GC(37) Pause Young (Normal) (G1 Evacuation Pause) 767M->156M(1024M) 2.430ms
[2024-04-24T06:21:18.269+0000][gc,cpu      ] GC(37) User=0.02s Sys=0.00s Real=0.00s
[2024-04-24T06:21:19.308+0000][gc,start    ] GC(38) Pause Young (Normal) (G1 Evacuation Pause)
[2024-04-24T06:21:19.308+0000][gc,task     ] GC(38) Using 8 workers of 8 for evacuation
[2024-04-24T06:21:19.310+0000][gc,phases   ] GC(38)   Pre Evacuate Collection Set: 0.1ms
[2024-04-24T06:21:19.310+0000][gc,phases   ] GC(38)   Merge Heap Roots: 0.1ms
[2024-04-24T06:21:19.310+0000][gc,phases   ] GC(38)   Evacuate Collection Set: 1.8ms
[2024-04-24T06:21:19.310+0000][gc,phases   ] GC(38)   Post Evacuate Collection Set: 0.4ms
[2024-04-24T06:21:19.310+0000][gc,phases   ] GC(38)   Other: 0.1ms
[2024-04-24T06:21:19.310+0000][gc,heap     ] GC(38) Eden regions: 611->0(611)
[2024-04-24T06:21:19.310+0000][gc,heap     ] GC(38) Survivor regions: 3->3(77)
[2024-04-24T06:21:19.310+0000][gc,heap     ] GC(38) Old regions: 25->25
[2024-04-24T06:21:19.310+0000][gc,heap     ] GC(38) Archive regions: 2->2
[2024-04-24T06:21:19.310+0000][gc,heap     ] GC(38) Humongous regions: 129->129
[2024-04-24T06:21:19.310+0000][gc,metaspace] GC(38) Metaspace: 42720K(43328K)->42720K(43328K) NonClass: 37740K(38080K)->37740K(38080K) Class: 4980K(5248K)->4980K(5248K)
[2024-04-24T06:21:19.310+0000][gc          ] GC(38) Pause Young (Normal) (G1 Evacuation Pause) 767M->156M(1024M) 2.549ms
[2024-04-24T06:21:19.310+0000][gc,cpu      ] GC(38) User=0.01s Sys=0.00s Real=0.00s
[2024-04-24T06:21:20.335+0000][gc,start    ] GC(39) Pause Young (Normal) (G1 Evacuation Pause)
[2024-04-24T06:21:20.335+0000][gc,task     ] GC(39) Using 8 workers of 8 for evacuation
[2024-04-24T06:21:20.337+0000][gc,phases   ] GC(39)   Pre Evacuate Collection Set: 0.1ms
[2024-04-24T06:21:20.337+0000][gc,phases   ] GC(39)   Merge Heap Roots: 0.1ms
[2024-04-24T06:21:20.337+0000][gc,phases   ] GC(39)   Evacuate Collection Set: 1.6ms
[2024-04-24T06:21:20.337+0000][gc,phases   ] GC(39)   Post Evacuate Collection Set: 0.4ms
[2024-04-24T06:21:20.337+0000][gc,phases   ] GC(39)   Other: 0.1ms
[2024-04-24T06:21:20.337+0000][gc,heap     ] GC(39) Eden regions: 611->0(611)
[2024-04-24T06:21:20.337+0000][gc,heap     ] GC(39) Survivor regions: 3->3(77)
[2024-04-24T06:21:20.337+0000][gc,heap     ] GC(39) Old regions: 25->25
[2024-04-24T06:21:20.337+0000][gc,heap     ] GC(39) Archive regions: 2->2
[2024-04-24T06:21:20.337+0000][gc,heap     ] GC(39) Humongous regions: 129->129
[2024-04-24T06:21:20.337+0000][gc,metaspace] GC(39) Metaspace: 42722K(43328K)->42722K(43328K) NonClass: 37742K(38080K)->37742K(38080K) Class: 4980K(5248K)->4980K(5248K)
[2024-04-24T06:21:20.337+0000][gc          ] GC(39) Pause Young (Normal) (G1 Evacuation Pause) 767M->157M(1024M) 2.385ms
[2024-04-24T06:21:20.337+0000][gc,cpu      ] GC(39) User=0.02s Sys=0.00s Real=0.00s
[2024-04-24T06:21:21.360+0000][gc,start    ] GC(40) Pause Young (Normal) (G1 Evacuation Pause)
[2024-04-24T06:21:21.360+0000][gc,task     ] GC(40) Using 8 workers of 8 for evacuation
[2024-04-24T06:21:21.362+0000][gc,phases   ] GC(40)   Pre Evacuate Collection Set: 0.1ms
[2024-04-24T06:21:21.362+0000][gc,phases   ] GC(40)   Merge Heap Roots: 0.1ms
[2024-04-24T06:21:21.362+0000][gc,phases   ] GC(40)   Evacuate Collection Set: 1.6ms
[2024-04-24T06:21:21.362+0000][gc,phases   ] GC(40)   Post Evacuate Collection Set: 0.4ms
[2024-04-24T06:21:21.362+0000][gc,phases   ] GC(40)   Other: 0.1ms
[2024-04-24T06:21:21.362+0000][gc,heap     ] GC(40) Eden regions: 611->0(611)
[2024-04-24T06:21:21.362+0000][gc,heap     ] GC(40) Survivor regions: 3->3(77)
[2024-04-24T06:21:21.362+0000][gc,heap     ] GC(40) Old regions: 25->25
[2024-04-24T06:21:21.362+0000][gc,heap     ] GC(40) Archive regions: 2->2
[2024-04-24T06:21:21.362+0000][gc,heap     ] GC(40) Humongous regions: 129->129
[2024-04-24T06:21:21.362+0000][gc,metaspace] GC(40) Metaspace: 42722K(43328K)->42722K(43328K) NonClass: 37742K(38080K)->37742K(38080K) Class: 4980K(5248K)->4980K(5248K)
[2024-04-24T06:21:21.362+0000][gc          ] GC(40) Pause Young (Normal) (G1 Evacuation Pause) 768M->157M(1024M) 2.325ms
[2024-04-24T06:21:21.362+0000][gc,cpu      ] GC(40) User=0.01s Sys=0.01s Real=0.00s
[2024-04-24T06:21:22.388+0000][gc,start    ] GC(41) Pause Young (Normal) (G1 Evacuation Pause)
[2024-04-24T06:21:22.389+0000][gc,task     ] GC(41) Using 8 workers of 8 for evacuation
[2024-04-24T06:21:22.391+0000][gc,phases   ] GC(41)   Pre Evacuate Collection Set: 0.1ms
[2024-04-24T06:21:22.391+0000][gc,phases   ] GC(41)   Merge Heap Roots: 0.1ms
[2024-04-24T06:21:22.391+0000][gc,phases   ] GC(41)   Evacuate Collection Set: 1.6ms
[2024-04-24T06:21:22.391+0000][gc,phases   ] GC(41)   Post Evacuate Collection Set: 0.4ms
[2024-04-24T06:21:22.391+0000][gc,phases   ] GC(41)   Other: 0.1ms
[2024-04-24T06:21:22.391+0000][gc,heap     ] GC(41) Eden regions: 611->0(611)
[2024-04-24T06:21:22.391+0000][gc,heap     ] GC(41) Survivor regions: 3->3(77)
[2024-04-24T06:21:22.391+0000][gc,heap     ] GC(41) Old regions: 25->26
[2024-04-24T06:21:22.391+0000][gc,heap     ] GC(41) Archive regions: 2->2
[2024-04-24T06:21:22.391+0000][gc,heap     ] GC(41) Humongous regions: 129->129
[2024-04-24T06:21:22.391+0000][gc,metaspace] GC(41) Metaspace: 42726K(43328K)->42726K(43328K) NonClass: 37745K(38080K)->37745K(38080K) Class: 4980K(5248K)->4980K(5248K)
[2024-04-24T06:21:22.391+0000][gc          ] GC(41) Pause Young (Normal) (G1 Evacuation Pause) 768M->157M(1024M) 2.341ms
[2024-04-24T06:21:22.391+0000][gc,cpu      ] GC(41) User=0.01s Sys=0.01s Real=0.00s
[2024-04-24T06:21:23.457+0000][gc,start    ] GC(42) Pause Young (Normal) (G1 Evacuation Pause)
[2024-04-24T06:21:23.457+0000][gc,task     ] GC(42) Using 8 workers of 8 for evacuation
[2024-04-24T06:21:23.459+0000][gc,phases   ] GC(42)   Pre Evacuate Collection Set: 0.1ms
[2024-04-24T06:21:23.459+0000][gc,phases   ] GC(42)   Merge Heap Roots: 0.1ms
[2024-04-24T06:21:23.459+0000][gc,phases   ] GC(42)   Evacuate Collection Set: 1.6ms
[2024-04-24T06:21:23.459+0000][gc,phases   ] GC(42)   Post Evacuate Collection Set: 0.4ms
[2024-04-24T06:21:23.459+0000][gc,phases   ] GC(42)   Other: 0.1ms
[2024-04-24T06:21:23.459+0000][gc,heap     ] GC(42) Eden regions: 611->0(611)
[2024-04-24T06:21:23.459+0000][gc,heap     ] GC(42) Survivor regions: 3->3(77)
[2024-04-24T06:21:23.459+0000][gc,heap     ] GC(42) Old regions: 26->26
[2024-04-24T06:21:23.459+0000][gc,heap     ] GC(42) Archive regions: 2->2
[2024-04-24T06:21:23.459+0000][gc,heap     ] GC(42) Humongous regions: 129->129
[2024-04-24T06:21:23.459+0000][gc,metaspace] GC(42) Metaspace: 42726K(43328K)->42726K(43328K) NonClass: 37745K(38080K)->37745K(38080K) Class: 4980K(5248K)->4980K(5248K)
[2024-04-24T06:21:23.459+0000][gc          ] GC(42) Pause Young (Normal) (G1 Evacuation Pause) 768M->157M(1024M) 2.387ms
[2024-04-24T06:21:23.459+0000][gc,cpu      ] GC(42) User=0.01s Sys=0.00s Real=0.00s
[2024-04-24T06:21:24.514+0000][gc,start    ] GC(43) Pause Young (Normal) (G1 Evacuation Pause)
[2024-04-24T06:21:24.514+0000][gc,task     ] GC(43) Using 8 workers of 8 for evacuation
[2024-04-24T06:21:24.516+0000][gc,phases   ] GC(43)   Pre Evacuate Collection Set: 0.1ms
[2024-04-24T06:21:24.516+0000][gc,phases   ] GC(43)   Merge Heap Roots: 0.1ms
[2024-04-24T06:21:24.516+0000][gc,phases   ] GC(43)   Evacuate Collection Set: 1.6ms
[2024-04-24T06:21:24.516+0000][gc,phases   ] GC(43)   Post Evacuate Collection Set: 0.4ms
[2024-04-24T06:21:24.516+0000][gc,phases   ] GC(43)   Other: 0.1ms
[2024-04-24T06:21:24.516+0000][gc,heap     ] GC(43) Eden regions: 611->0(611)
[2024-04-24T06:21:24.516+0000][gc,heap     ] GC(43) Survivor regions: 3->3(77)
[2024-04-24T06:21:24.516+0000][gc,heap     ] GC(43) Old regions: 26->26
[2024-04-24T06:21:24.516+0000][gc,heap     ] GC(43) Archive regions: 2->2
[2024-04-24T06:21:24.516+0000][gc,heap     ] GC(43) Humongous regions: 129->129
[2024-04-24T06:21:24.516+0000][gc,metaspace] GC(43) Metaspace: 42726K(43328K)->42726K(43328K) NonClass: 37745K(38080K)->37745K(38080K) Class: 4980K(5248K)->4980K(5248K)
[2024-04-24T06:21:24.516+0000][gc          ] GC(43) Pause Young (Normal) (G1 Evacuation Pause) 768M->157M(1024M) 2.328ms
[2024-04-24T06:21:24.516+0000][gc,cpu      ] GC(43) User=0.01s Sys=0.00s Real=0.00s
[2024-04-24T06:21:25.567+0000][gc,start    ] GC(44) Pause Young (Normal) (G1 Evacuation Pause)
[2024-04-24T06:21:25.567+0000][gc,task     ] GC(44) Using 8 workers of 8 for evacuation
[2024-04-24T06:21:25.569+0000][gc,phases   ] GC(44)   Pre Evacuate Collection Set: 0.1ms
[2024-04-24T06:21:25.569+0000][gc,phases   ] GC(44)   Merge Heap Roots: 0.1ms
[2024-04-24T06:21:25.569+0000][gc,phases   ] GC(44)   Evacuate Collection Set: 1.6ms
[2024-04-24T06:21:25.569+0000][gc,phases   ] GC(44)   Post Evacuate Collection Set: 0.4ms
[2024-04-24T06:21:25.569+0000][gc,phases   ] GC(44)   Other: 0.1ms
[2024-04-24T06:21:25.569+0000][gc,heap     ] GC(44) Eden regions: 611->0(611)
[2024-04-24T06:21:25.569+0000][gc,heap     ] GC(44) Survivor regions: 3->3(77)
[2024-04-24T06:21:25.569+0000][gc,heap     ] GC(44) Old regions: 26->26
[2024-04-24T06:21:25.569+0000][gc,heap     ] GC(44) Archive regions: 2->2
[2024-04-24T06:21:25.569+0000][gc,heap     ] GC(44) Humongous regions: 129->129
[2024-04-24T06:21:25.569+0000][gc,metaspace] GC(44) Metaspace: 42729K(43328K)->42729K(43328K) NonClass: 37749K(38080K)->37749K(38080K) Class: 4980K(5248K)->4980K(5248K)
[2024-04-24T06:21:25.569+0000][gc          ] GC(44) Pause Young (Normal) (G1 Evacuation Pause) 768M->157M(1024M) 2.347ms
[2024-04-24T06:21:25.569+0000][gc,cpu      ] GC(44) User=0.02s Sys=0.00s Real=0.00s
[2024-04-24T06:21:26.583+0000][gc,start    ] GC(45) Pause Young (Normal) (G1 Evacuation Pause)
[2024-04-24T06:21:26.583+0000][gc,task     ] GC(45) Using 8 workers of 8 for evacuation
[2024-04-24T06:21:26.585+0000][gc,phases   ] GC(45)   Pre Evacuate Collection Set: 0.1ms
[2024-04-24T06:21:26.585+0000][gc,phases   ] GC(45)   Merge Heap Roots: 0.2ms
[2024-04-24T06:21:26.585+0000][gc,phases   ] GC(45)   Evacuate Collection Set: 1.5ms
[2024-04-24T06:21:26.585+0000][gc,phases   ] GC(45)   Post Evacuate Collection Set: 0.4ms
[2024-04-24T06:21:26.585+0000][gc,phases   ] GC(45)   Other: 0.1ms
[2024-04-24T06:21:26.585+0000][gc,heap     ] GC(45) Eden regions: 611->0(612)
[2024-04-24T06:21:26.585+0000][gc,heap     ] GC(45) Survivor regions: 3->2(77)
[2024-04-24T06:21:26.585+0000][gc,heap     ] GC(45) Old regions: 26->26
[2024-04-24T06:21:26.585+0000][gc,heap     ] GC(45) Archive regions: 2->2
[2024-04-24T06:21:26.585+0000][gc,heap     ] GC(45) Humongous regions: 129->129
[2024-04-24T06:21:26.585+0000][gc,metaspace] GC(45) Metaspace: 42730K(43328K)->42730K(43328K) NonClass: 37749K(38080K)->37749K(38080K) Class: 4980K(5248K)->4980K(5248K)
[2024-04-24T06:21:26.585+0000][gc          ] GC(45) Pause Young (Normal) (G1 Evacuation Pause) 768M->157M(1024M) 2.317ms
[2024-04-24T06:21:26.585+0000][gc,cpu      ] GC(45) User=0.01s Sys=0.00s Real=0.01s
[2024-04-24T06:21:27.616+0000][gc,start    ] GC(46) Pause Young (Normal) (G1 Evacuation Pause)
[2024-04-24T06:21:27.616+0000][gc,task     ] GC(46) Using 8 workers of 8 for evacuation
[2024-04-24T06:21:27.618+0000][gc,phases   ] GC(46)   Pre Evacuate Collection Set: 0.1ms
[2024-04-24T06:21:27.618+0000][gc,phases   ] GC(46)   Merge Heap Roots: 0.1ms
[2024-04-24T06:21:27.618+0000][gc,phases   ] GC(46)   Evacuate Collection Set: 1.5ms
[2024-04-24T06:21:27.618+0000][gc,phases   ] GC(46)   Post Evacuate Collection Set: 0.4ms
[2024-04-24T06:21:27.618+0000][gc,phases   ] GC(46)   Other: 0.1ms
[2024-04-24T06:21:27.618+0000][gc,heap     ] GC(46) Eden regions: 612->0(612)
[2024-04-24T06:21:27.618+0000][gc,heap     ] GC(46) Survivor regions: 2->2(77)
[2024-04-24T06:21:27.618+0000][gc,heap     ] GC(46) Old regions: 26->27
[2024-04-24T06:21:27.618+0000][gc,heap     ] GC(46) Archive regions: 2->2
[2024-04-24T06:21:27.619+0000][gc,heap     ] GC(46) Humongous regions: 129->129
[2024-04-24T06:21:27.619+0000][gc,metaspace] GC(46) Metaspace: 42730K(43328K)->42730K(43328K) NonClass: 37750K(38080K)->37750K(38080K) Class: 4980K(5248K)->4980K(5248K)
[2024-04-24T06:21:27.619+0000][gc          ] GC(46) Pause Young (Normal) (G1 Evacuation Pause) 769M->158M(1024M) 2.303ms
[2024-04-24T06:21:27.619+0000][gc,cpu      ] GC(46) User=0.01s Sys=0.01s Real=0.00s
[2024-04-24T06:21:28.647+0000][gc,start    ] GC(47) Pause Young (Normal) (G1 Evacuation Pause)
[2024-04-24T06:21:28.647+0000][gc,task     ] GC(47) Using 8 workers of 8 for evacuation
[2024-04-24T06:21:28.650+0000][gc,phases   ] GC(47)   Pre Evacuate Collection Set: 0.1ms
[2024-04-24T06:21:28.650+0000][gc,phases   ] GC(47)   Merge Heap Roots: 0.1ms
[2024-04-24T06:21:28.650+0000][gc,phases   ] GC(47)   Evacuate Collection Set: 2.1ms
[2024-04-24T06:21:28.650+0000][gc,phases   ] GC(47)   Post Evacuate Collection Set: 0.5ms
[2024-04-24T06:21:28.650+0000][gc,phases   ] GC(47)   Other: 0.1ms
[2024-04-24T06:21:28.650+0000][gc,heap     ] GC(47) Eden regions: 612->0(612)
[2024-04-24T06:21:28.650+0000][gc,heap     ] GC(47) Survivor regions: 2->2(77)
[2024-04-24T06:21:28.650+0000][gc,heap     ] GC(47) Old regions: 27->27
[2024-04-24T06:21:28.650+0000][gc,heap     ] GC(47) Archive regions: 2->2
[2024-04-24T06:21:28.650+0000][gc,heap     ] GC(47) Humongous regions: 129->129
[2024-04-24T06:21:28.650+0000][gc,metaspace] GC(47) Metaspace: 42730K(43328K)->42730K(43328K) NonClass: 37750K(38080K)->37750K(38080K) Class: 4980K(5248K)->4980K(5248K)
[2024-04-24T06:21:28.650+0000][gc          ] GC(47) Pause Young (Normal) (G1 Evacuation Pause) 770M->157M(1024M) 2.916ms
[2024-04-24T06:21:28.650+0000][gc,cpu      ] GC(47) User=0.01s Sys=0.00s Real=0.00s
[2024-04-24T06:21:29.690+0000][gc,start    ] GC(48) Pause Young (Normal) (G1 Evacuation Pause)
[2024-04-24T06:21:29.690+0000][gc,task     ] GC(48) Using 8 workers of 8 for evacuation
[2024-04-24T06:21:29.692+0000][gc,phases   ] GC(48)   Pre Evacuate Collection Set: 0.1ms
[2024-04-24T06:21:29.692+0000][gc,phases   ] GC(48)   Merge Heap Roots: 0.1ms
[2024-04-24T06:21:29.692+0000][gc,phases   ] GC(48)   Evacuate Collection Set: 1.5ms
[2024-04-24T06:21:29.692+0000][gc,phases   ] GC(48)   Post Evacuate Collection Set: 0.4ms
[2024-04-24T06:21:29.692+0000][gc,phases   ] GC(48)   Other: 0.1ms
[2024-04-24T06:21:29.692+0000][gc,heap     ] GC(48) Eden regions: 612->0(612)
[2024-04-24T06:21:29.692+0000][gc,heap     ] GC(48) Survivor regions: 2->2(77)
[2024-04-24T06:21:29.692+0000][gc,heap     ] GC(48) Old regions: 27->27
[2024-04-24T06:21:29.692+0000][gc,heap     ] GC(48) Archive regions: 2->2
[2024-04-24T06:21:29.692+0000][gc,heap     ] GC(48) Humongous regions: 129->129
[2024-04-24T06:21:29.692+0000][gc,metaspace] GC(48) Metaspace: 42734K(43328K)->42734K(43328K) NonClass: 37753K(38080K)->37753K(38080K) Class: 4980K(5248K)->4980K(5248K)
[2024-04-24T06:21:29.693+0000][gc          ] GC(48) Pause Young (Normal) (G1 Evacuation Pause) 769M->158M(1024M) 2.306ms
[2024-04-24T06:21:29.693+0000][gc,cpu      ] GC(48) User=0.01s Sys=0.00s Real=0.01s
[2024-04-24T06:21:30.710+0000][gc,start    ] GC(49) Pause Young (Normal) (G1 Evacuation Pause)
[2024-04-24T06:21:30.710+0000][gc,task     ] GC(49) Using 8 workers of 8 for evacuation
[2024-04-24T06:21:30.712+0000][gc,phases   ] GC(49)   Pre Evacuate Collection Set: 0.1ms
[2024-04-24T06:21:30.712+0000][gc,phases   ] GC(49)   Merge Heap Roots: 0.1ms
[2024-04-24T06:21:30.712+0000][gc,phases   ] GC(49)   Evacuate Collection Set: 1.5ms
[2024-04-24T06:21:30.712+0000][gc,phases   ] GC(49)   Post Evacuate Collection Set: 0.4ms
[2024-04-24T06:21:30.712+0000][gc,phases   ] GC(49)   Other: 0.1ms
[2024-04-24T06:21:30.712+0000][gc,heap     ] GC(49) Eden regions: 612->0(612)
[2024-04-24T06:21:30.712+0000][gc,heap     ] GC(49) Survivor regions: 2->2(77)
[2024-04-24T06:21:30.712+0000][gc,heap     ] GC(49) Old regions: 27->27
[2024-04-24T06:21:30.712+0000][gc,heap     ] GC(49) Archive regions: 2->2
[2024-04-24T06:21:30.712+0000][gc,heap     ] GC(49) Humongous regions: 129->129
[2024-04-24T06:21:30.712+0000][gc,metaspace] GC(49) Metaspace: 42734K(43328K)->42734K(43328K) NonClass: 37753K(38080K)->37753K(38080K) Class: 4980K(5248K)->4980K(5248K)
[2024-04-24T06:21:30.712+0000][gc          ] GC(49) Pause Young (Normal) (G1 Evacuation Pause) 770M->158M(1024M) 2.324ms
[2024-04-24T06:21:30.712+0000][gc,cpu      ] GC(49) User=0.01s Sys=0.00s Real=0.01s
[2024-04-24T06:21:31.762+0000][gc,start    ] GC(50) Pause Young (Normal) (G1 Evacuation Pause)
[2024-04-24T06:21:31.762+0000][gc,task     ] GC(50) Using 8 workers of 8 for evacuation
[2024-04-24T06:21:31.765+0000][gc,phases   ] GC(50)   Pre Evacuate Collection Set: 0.1ms
[2024-04-24T06:21:31.765+0000][gc,phases   ] GC(50)   Merge Heap Roots: 0.1ms
[2024-04-24T06:21:31.765+0000][gc,phases   ] GC(50)   Evacuate Collection Set: 1.6ms
[2024-04-24T06:21:31.765+0000][gc,phases   ] GC(50)   Post Evacuate Collection Set: 0.4ms
[2024-04-24T06:21:31.765+0000][gc,phases   ] GC(50)   Other: 0.1ms
[2024-04-24T06:21:31.765+0000][gc,heap     ] GC(50) Eden regions: 612->0(612)
[2024-04-24T06:21:31.765+0000][gc,heap     ] GC(50) Survivor regions: 2->2(77)
[2024-04-24T06:21:31.765+0000][gc,heap     ] GC(50) Old regions: 27->27
[2024-04-24T06:21:31.765+0000][gc,heap     ] GC(50) Archive regions: 2->2
[2024-04-24T06:21:31.765+0000][gc,heap     ] GC(50) Humongous regions: 129->129
[2024-04-24T06:21:31.765+0000][gc,metaspace] GC(50) Metaspace: 42737K(43328K)->42737K(43328K) NonClass: 37757K(38080K)->37757K(38080K) Class: 4980K(5248K)->4980K(5248K)
[2024-04-24T06:21:31.765+0000][gc          ] GC(50) Pause Young (Normal) (G1 Evacuation Pause) 770M->158M(1024M) 2.365ms
[2024-04-24T06:21:31.765+0000][gc,cpu      ] GC(50) User=0.01s Sys=0.00s Real=0.01s
[2024-04-24T06:21:32.786+0000][gc,start    ] GC(51) Pause Young (Normal) (G1 Evacuation Pause)
[2024-04-24T06:21:32.786+0000][gc,task     ] GC(51) Using 8 workers of 8 for evacuation
[2024-04-24T06:21:32.789+0000][gc,phases   ] GC(51)   Pre Evacuate Collection Set: 0.1ms
[2024-04-24T06:21:32.789+0000][gc,phases   ] GC(51)   Merge Heap Roots: 0.1ms
[2024-04-24T06:21:32.789+0000][gc,phases   ] GC(51)   Evacuate Collection Set: 1.6ms
[2024-04-24T06:21:32.789+0000][gc,phases   ] GC(51)   Post Evacuate Collection Set: 0.4ms
[2024-04-24T06:21:32.789+0000][gc,phases   ] GC(51)   Other: 0.1ms
[2024-04-24T06:21:32.789+0000][gc,heap     ] GC(51) Eden regions: 612->0(612)
[2024-04-24T06:21:32.789+0000][gc,heap     ] GC(51) Survivor regions: 2->2(77)
[2024-04-24T06:21:32.789+0000][gc,heap     ] GC(51) Old regions: 27->27
[2024-04-24T06:21:32.789+0000][gc,heap     ] GC(51) Archive regions: 2->2
[2024-04-24T06:21:32.789+0000][gc,heap     ] GC(51) Humongous regions: 129->129
[2024-04-24T06:21:32.789+0000][gc,metaspace] GC(51) Metaspace: 42737K(43328K)->42737K(43328K) NonClass: 37757K(38080K)->37757K(38080K) Class: 4980K(5248K)->4980K(5248K)
[2024-04-24T06:21:32.789+0000][gc          ] GC(51) Pause Young (Normal) (G1 Evacuation Pause) 770M->158M(1024M) 2.376ms
[2024-04-24T06:21:32.789+0000][gc,cpu      ] GC(51) User=0.01s Sys=0.00s Real=0.00s
[2024-04-24T06:21:33.830+0000][gc,start    ] GC(52) Pause Young (Normal) (G1 Evacuation Pause)
[2024-04-24T06:21:33.830+0000][gc,task     ] GC(52) Using 8 workers of 8 for evacuation
[2024-04-24T06:21:33.832+0000][gc,phases   ] GC(52)   Pre Evacuate Collection Set: 0.1ms
[2024-04-24T06:21:33.832+0000][gc,phases   ] GC(52)   Merge Heap Roots: 0.1ms
[2024-04-24T06:21:33.832+0000][gc,phases   ] GC(52)   Evacuate Collection Set: 1.5ms
[2024-04-24T06:21:33.832+0000][gc,phases   ] GC(52)   Post Evacuate Collection Set: 0.4ms
[2024-04-24T06:21:33.832+0000][gc,phases   ] GC(52)   Other: 0.1ms
[2024-04-24T06:21:33.832+0000][gc,heap     ] GC(52) Eden regions: 612->0(612)
[2024-04-24T06:21:33.832+0000][gc,heap     ] GC(52) Survivor regions: 2->2(77)
[2024-04-24T06:21:33.832+0000][gc,heap     ] GC(52) Old regions: 27->27
[2024-04-24T06:21:33.832+0000][gc,heap     ] GC(52) Archive regions: 2->2
[2024-04-24T06:21:33.832+0000][gc,heap     ] GC(52) Humongous regions: 129->129
[2024-04-24T06:21:33.832+0000][gc,metaspace] GC(52) Metaspace: 42737K(43328K)->42737K(43328K) NonClass: 37757K(38080K)->37757K(38080K) Class: 4980K(5248K)->4980K(5248K)
[2024-04-24T06:21:33.832+0000][gc          ] GC(52) Pause Young (Normal) (G1 Evacuation Pause) 770M->158M(1024M) 2.258ms
[2024-04-24T06:21:33.832+0000][gc,cpu      ] GC(52) User=0.01s Sys=0.00s Real=0.01s
[2024-04-24T06:21:34.849+0000][gc,start    ] GC(53) Pause Young (Normal) (G1 Evacuation Pause)
[2024-04-24T06:21:34.849+0000][gc,task     ] GC(53) Using 8 workers of 8 for evacuation
[2024-04-24T06:21:34.851+0000][gc,phases   ] GC(53)   Pre Evacuate Collection Set: 0.1ms
[2024-04-24T06:21:34.851+0000][gc,phases   ] GC(53)   Merge Heap Roots: 0.1ms
[2024-04-24T06:21:34.851+0000][gc,phases   ] GC(53)   Evacuate Collection Set: 1.5ms
[2024-04-24T06:21:34.851+0000][gc,phases   ] GC(53)   Post Evacuate Collection Set: 0.4ms
[2024-04-24T06:21:34.851+0000][gc,phases   ] GC(53)   Other: 0.1ms
[2024-04-24T06:21:34.851+0000][gc,heap     ] GC(53) Eden regions: 612->0(612)
[2024-04-24T06:21:34.851+0000][gc,heap     ] GC(53) Survivor regions: 2->2(77)
[2024-04-24T06:21:34.851+0000][gc,heap     ] GC(53) Old regions: 27->28
[2024-04-24T06:21:34.851+0000][gc,heap     ] GC(53) Archive regions: 2->2
[2024-04-24T06:21:34.851+0000][gc,heap     ] GC(53) Humongous regions: 129->129
[2024-04-24T06:21:34.851+0000][gc,metaspace] GC(53) Metaspace: 42737K(43328K)->42737K(43328K) NonClass: 37757K(38080K)->37757K(38080K) Class: 4980K(5248K)->4980K(5248K)
[2024-04-24T06:21:34.851+0000][gc          ] GC(53) Pause Young (Normal) (G1 Evacuation Pause) 770M->158M(1024M) 2.265ms
[2024-04-24T06:21:34.851+0000][gc,cpu      ] GC(53) User=0.01s Sys=0.01s Real=0.00s
[2024-04-24T06:21:35.872+0000][gc,start    ] GC(54) Pause Young (Normal) (G1 Evacuation Pause)
[2024-04-24T06:21:35.877+0000][gc,task     ] GC(54) Using 8 workers of 8 for evacuation
[2024-04-24T06:21:35.893+0000][gc,phases   ] GC(54)   Pre Evacuate Collection Set: 0.1ms
[2024-04-24T06:21:35.893+0000][gc,phases   ] GC(54)   Merge Heap Roots: 0.1ms
[2024-04-24T06:21:35.893+0000][gc,phases   ] GC(54)   Evacuate Collection Set: 1.6ms
[2024-04-24T06:21:35.893+0000][gc,phases   ] GC(54)   Post Evacuate Collection Set: 7.5ms
[2024-04-24T06:21:35.893+0000][gc,phases   ] GC(54)   Other: 5.7ms
[2024-04-24T06:21:35.893+0000][gc,heap     ] GC(54) Eden regions: 612->0(612)
[2024-04-24T06:21:35.893+0000][gc,heap     ] GC(54) Survivor regions: 2->2(77)
[2024-04-24T06:21:35.893+0000][gc,heap     ] GC(54) Old regions: 28->28
[2024-04-24T06:21:35.893+0000][gc,heap     ] GC(54) Archive regions: 2->2
[2024-04-24T06:21:35.893+0000][gc,heap     ] GC(54) Humongous regions: 129->129
[2024-04-24T06:21:35.893+0000][gc,metaspace] GC(54) Metaspace: 42737K(43328K)->42737K(43328K) NonClass: 37757K(38080K)->37757K(38080K) Class: 4980K(5248K)->4980K(5248K)
[2024-04-24T06:21:35.893+0000][gc          ] GC(54) Pause Young (Normal) (G1 Evacuation Pause) 770M->158M(1024M) 21.293ms
[2024-04-24T06:21:35.893+0000][gc,cpu      ] GC(54) User=0.01s Sys=0.00s Real=0.03s
[2024-04-24T06:21:36.917+0000][gc,start    ] GC(55) Pause Young (Normal) (G1 Evacuation Pause)
[2024-04-24T06:21:36.917+0000][gc,task     ] GC(55) Using 8 workers of 8 for evacuation
[2024-04-24T06:21:36.919+0000][gc,phases   ] GC(55)   Pre Evacuate Collection Set: 0.1ms
[2024-04-24T06:21:36.919+0000][gc,phases   ] GC(55)   Merge Heap Roots: 0.1ms
[2024-04-24T06:21:36.919+0000][gc,phases   ] GC(55)   Evacuate Collection Set: 1.5ms
[2024-04-24T06:21:36.919+0000][gc,phases   ] GC(55)   Post Evacuate Collection Set: 0.4ms
[2024-04-24T06:21:36.919+0000][gc,phases   ] GC(55)   Other: 0.1ms
[2024-04-24T06:21:36.919+0000][gc,heap     ] GC(55) Eden regions: 612->0(612)
[2024-04-24T06:21:36.919+0000][gc,heap     ] GC(55) Survivor regions: 2->2(77)
[2024-04-24T06:21:36.919+0000][gc,heap     ] GC(55) Old regions: 28->28
[2024-04-24T06:21:36.919+0000][gc,heap     ] GC(55) Archive regions: 2->2
[2024-04-24T06:21:36.919+0000][gc,heap     ] GC(55) Humongous regions: 129->129
[2024-04-24T06:21:36.919+0000][gc,metaspace] GC(55) Metaspace: 42737K(43328K)->42737K(43328K) NonClass: 37757K(38080K)->37757K(38080K) Class: 4980K(5248K)->4980K(5248K)
[2024-04-24T06:21:36.919+0000][gc          ] GC(55) Pause Young (Normal) (G1 Evacuation Pause) 770M->158M(1024M) 2.220ms
[2024-04-24T06:21:36.919+0000][gc,cpu      ] GC(55) User=0.01s Sys=0.00s Real=0.00s
[2024-04-24T06:21:37.952+0000][gc,start    ] GC(56) Pause Young (Normal) (G1 Evacuation Pause)
[2024-04-24T06:21:37.952+0000][gc,task     ] GC(56) Using 8 workers of 8 for evacuation
[2024-04-24T06:21:37.955+0000][gc,phases   ] GC(56)   Pre Evacuate Collection Set: 0.1ms
[2024-04-24T06:21:37.955+0000][gc,phases   ] GC(56)   Merge Heap Roots: 0.2ms
[2024-04-24T06:21:37.955+0000][gc,phases   ] GC(56)   Evacuate Collection Set: 1.5ms
[2024-04-24T06:21:37.955+0000][gc,phases   ] GC(56)   Post Evacuate Collection Set: 0.4ms
[2024-04-24T06:21:37.955+0000][gc,phases   ] GC(56)   Other: 0.1ms
[2024-04-24T06:21:37.955+0000][gc,heap     ] GC(56) Eden regions: 612->0(612)
[2024-04-24T06:21:37.955+0000][gc,heap     ] GC(56) Survivor regions: 2->2(77)
[2024-04-24T06:21:37.955+0000][gc,heap     ] GC(56) Old regions: 28->28
[2024-04-24T06:21:37.955+0000][gc,heap     ] GC(56) Archive regions: 2->2
[2024-04-24T06:21:37.955+0000][gc,heap     ] GC(56) Humongous regions: 129->129
[2024-04-24T06:21:37.955+0000][gc,metaspace] GC(56) Metaspace: 42737K(43328K)->42737K(43328K) NonClass: 37757K(38080K)->37757K(38080K) Class: 4980K(5248K)->4980K(5248K)
[2024-04-24T06:21:37.955+0000][gc          ] GC(56) Pause Young (Normal) (G1 Evacuation Pause) 770M->158M(1024M) 2.315ms
[2024-04-24T06:21:37.955+0000][gc,cpu      ] GC(56) User=0.01s Sys=0.01s Real=0.00s
[2024-04-24T06:21:38.991+0000][gc,start    ] GC(57) Pause Young (Normal) (G1 Evacuation Pause)
[2024-04-24T06:21:38.991+0000][gc,task     ] GC(57) Using 8 workers of 8 for evacuation
[2024-04-24T06:21:38.993+0000][gc,phases   ] GC(57)   Pre Evacuate Collection Set: 0.1ms
[2024-04-24T06:21:38.993+0000][gc,phases   ] GC(57)   Merge Heap Roots: 0.1ms
[2024-04-24T06:21:38.993+0000][gc,phases   ] GC(57)   Evacuate Collection Set: 1.5ms
[2024-04-24T06:21:38.993+0000][gc,phases   ] GC(57)   Post Evacuate Collection Set: 0.4ms
[2024-04-24T06:21:38.993+0000][gc,phases   ] GC(57)   Other: 0.1ms
[2024-04-24T06:21:38.993+0000][gc,heap     ] GC(57) Eden regions: 612->0(612)
[2024-04-24T06:21:38.993+0000][gc,heap     ] GC(57) Survivor regions: 2->2(77)
[2024-04-24T06:21:38.993+0000][gc,heap     ] GC(57) Old regions: 28->28
[2024-04-24T06:21:38.993+0000][gc,heap     ] GC(57) Archive regions: 2->2
[2024-04-24T06:21:38.993+0000][gc,heap     ] GC(57) Humongous regions: 129->129
[2024-04-24T06:21:38.993+0000][gc,metaspace] GC(57) Metaspace: 42738K(43328K)->42738K(43328K) NonClass: 37758K(38080K)->37758K(38080K) Class: 4980K(5248K)->4980K(5248K)
[2024-04-24T06:21:38.993+0000][gc          ] GC(57) Pause Young (Normal) (G1 Evacuation Pause) 770M->158M(1024M) 2.288ms
[2024-04-24T06:21:38.993+0000][gc,cpu      ] GC(57) User=0.01s Sys=0.00s Real=0.01s
[2024-04-24T06:21:40.013+0000][gc,start    ] GC(58) Pause Young (Normal) (G1 Evacuation Pause)
[2024-04-24T06:21:40.013+0000][gc,task     ] GC(58) Using 8 workers of 8 for evacuation
[2024-04-24T06:21:40.015+0000][gc,phases   ] GC(58)   Pre Evacuate Collection Set: 0.1ms
[2024-04-24T06:21:40.015+0000][gc,phases   ] GC(58)   Merge Heap Roots: 0.1ms
[2024-04-24T06:21:40.015+0000][gc,phases   ] GC(58)   Evacuate Collection Set: 1.5ms
[2024-04-24T06:21:40.015+0000][gc,phases   ] GC(58)   Post Evacuate Collection Set: 0.4ms
[2024-04-24T06:21:40.015+0000][gc,phases   ] GC(58)   Other: 0.1ms
[2024-04-24T06:21:40.015+0000][gc,heap     ] GC(58) Eden regions: 612->0(612)
[2024-04-24T06:21:40.015+0000][gc,heap     ] GC(58) Survivor regions: 2->2(77)
[2024-04-24T06:21:40.015+0000][gc,heap     ] GC(58) Old regions: 28->28
[2024-04-24T06:21:40.015+0000][gc,heap     ] GC(58) Archive regions: 2->2
[2024-04-24T06:21:40.015+0000][gc,heap     ] GC(58) Humongous regions: 129->129
[2024-04-24T06:21:40.015+0000][gc,metaspace] GC(58) Metaspace: 42743K(43328K)->42743K(43328K) NonClass: 37763K(38080K)->37763K(38080K) Class: 4980K(5248K)->4980K(5248K)
[2024-04-24T06:21:40.015+0000][gc          ] GC(58) Pause Young (Normal) (G1 Evacuation Pause) 770M->159M(1024M) 2.236ms
[2024-04-24T06:21:40.015+0000][gc,cpu      ] GC(58) User=0.01s Sys=0.01s Real=0.00s
[2024-04-24T06:21:41.068+0000][gc,start    ] GC(59) Pause Young (Normal) (G1 Evacuation Pause)
[2024-04-24T06:21:41.068+0000][gc,task     ] GC(59) Using 8 workers of 8 for evacuation
[2024-04-24T06:21:41.070+0000][gc,phases   ] GC(59)   Pre Evacuate Collection Set: 0.1ms
[2024-04-24T06:21:41.070+0000][gc,phases   ] GC(59)   Merge Heap Roots: 0.1ms
[2024-04-24T06:21:41.070+0000][gc,phases   ] GC(59)   Evacuate Collection Set: 1.8ms
[2024-04-24T06:21:41.070+0000][gc,phases   ] GC(59)   Post Evacuate Collection Set: 0.4ms
[2024-04-24T06:21:41.070+0000][gc,phases   ] GC(59)   Other: 0.1ms
[2024-04-24T06:21:41.070+0000][gc,heap     ] GC(59) Eden regions: 612->0(612)
[2024-04-24T06:21:41.070+0000][gc,heap     ] GC(59) Survivor regions: 2->2(77)
[2024-04-24T06:21:41.070+0000][gc,heap     ] GC(59) Old regions: 28->28
[2024-04-24T06:21:41.070+0000][gc,heap     ] GC(59) Archive regions: 2->2
[2024-04-24T06:21:41.070+0000][gc,heap     ] GC(59) Humongous regions: 129->129
[2024-04-24T06:21:41.070+0000][gc,metaspace] GC(59) Metaspace: 42750K(43328K)->42750K(43328K) NonClass: 37769K(38080K)->37769K(38080K) Class: 4980K(5248K)->4980K(5248K)
[2024-04-24T06:21:41.071+0000][gc          ] GC(59) Pause Young (Normal) (G1 Evacuation Pause) 771M->159M(1024M) 2.678ms
[2024-04-24T06:21:41.071+0000][gc,cpu      ] GC(59) User=0.01s Sys=0.01s Real=0.00s
[2024-04-24T06:21:42.104+0000][gc,start    ] GC(60) Pause Young (Normal) (G1 Evacuation Pause)
[2024-04-24T06:21:42.104+0000][gc,task     ] GC(60) Using 8 workers of 8 for evacuation
[2024-04-24T06:21:42.106+0000][gc,phases   ] GC(60)   Pre Evacuate Collection Set: 0.1ms
[2024-04-24T06:21:42.106+0000][gc,phases   ] GC(60)   Merge Heap Roots: 0.1ms
[2024-04-24T06:21:42.106+0000][gc,phases   ] GC(60)   Evacuate Collection Set: 1.5ms
[2024-04-24T06:21:42.106+0000][gc,phases   ] GC(60)   Post Evacuate Collection Set: 0.4ms
[2024-04-24T06:21:42.106+0000][gc,phases   ] GC(60)   Other: 0.1ms
[2024-04-24T06:21:42.106+0000][gc,heap     ] GC(60) Eden regions: 612->0(612)
[2024-04-24T06:21:42.106+0000][gc,heap     ] GC(60) Survivor regions: 2->2(77)
[2024-04-24T06:21:42.106+0000][gc,heap     ] GC(60) Old regions: 28->28
[2024-04-24T06:21:42.106+0000][gc,heap     ] GC(60) Archive regions: 2->2
[2024-04-24T06:21:42.106+0000][gc,heap     ] GC(60) Humongous regions: 129->129
[2024-04-24T06:21:42.106+0000][gc,metaspace] GC(60) Metaspace: 42751K(43328K)->42751K(43328K) NonClass: 37770K(38080K)->37770K(38080K) Class: 4980K(5248K)->4980K(5248K)
[2024-04-24T06:21:42.106+0000][gc          ] GC(60) Pause Young (Normal) (G1 Evacuation Pause) 771M->159M(1024M) 2.258ms
[2024-04-24T06:21:42.106+0000][gc,cpu      ] GC(60) User=0.01s Sys=0.00s Real=0.01s
[2024-04-24T06:21:43.172+0000][gc,start    ] GC(61) Pause Young (Normal) (G1 Evacuation Pause)
[2024-04-24T06:21:43.172+0000][gc,task     ] GC(61) Using 8 workers of 8 for evacuation
[2024-04-24T06:21:43.174+0000][gc,phases   ] GC(61)   Pre Evacuate Collection Set: 0.1ms
[2024-04-24T06:21:43.174+0000][gc,phases   ] GC(61)   Merge Heap Roots: 0.1ms
[2024-04-24T06:21:43.174+0000][gc,phases   ] GC(61)   Evacuate Collection Set: 1.8ms
[2024-04-24T06:21:43.174+0000][gc,phases   ] GC(61)   Post Evacuate Collection Set: 0.4ms
[2024-04-24T06:21:43.174+0000][gc,phases   ] GC(61)   Other: 0.1ms
[2024-04-24T06:21:43.174+0000][gc,heap     ] GC(61) Eden regions: 612->0(612)
[2024-04-24T06:21:43.174+0000][gc,heap     ] GC(61) Survivor regions: 2->2(77)
[2024-04-24T06:21:43.174+0000][gc,heap     ] GC(61) Old regions: 28->29
[2024-04-24T06:21:43.174+0000][gc,heap     ] GC(61) Archive regions: 2->2
[2024-04-24T06:21:43.174+0000][gc,heap     ] GC(61) Humongous regions: 129->129
[2024-04-24T06:21:43.174+0000][gc,metaspace] GC(61) Metaspace: 42751K(43328K)->42751K(43328K) NonClass: 37770K(38080K)->37770K(38080K) Class: 4980K(5248K)->4980K(5248K)
[2024-04-24T06:21:43.174+0000][gc          ] GC(61) Pause Young (Normal) (G1 Evacuation Pause) 771M->159M(1024M) 2.547ms
[2024-04-24T06:21:43.174+0000][gc,cpu      ] GC(61) User=0.01s Sys=0.00s Real=0.00s
[2024-04-24T06:21:44.303+0000][gc,start    ] GC(62) Pause Young (Normal) (G1 Evacuation Pause)
[2024-04-24T06:21:44.303+0000][gc,task     ] GC(62) Using 8 workers of 8 for evacuation
[2024-04-24T06:21:44.305+0000][gc,phases   ] GC(62)   Pre Evacuate Collection Set: 0.1ms
[2024-04-24T06:21:44.305+0000][gc,phases   ] GC(62)   Merge Heap Roots: 0.1ms
[2024-04-24T06:21:44.305+0000][gc,phases   ] GC(62)   Evacuate Collection Set: 1.3ms
[2024-04-24T06:21:44.305+0000][gc,phases   ] GC(62)   Post Evacuate Collection Set: 0.4ms
[2024-04-24T06:21:44.305+0000][gc,phases   ] GC(62)   Other: 0.1ms
[2024-04-24T06:21:44.305+0000][gc,heap     ] GC(62) Eden regions: 612->0(612)
[2024-04-24T06:21:44.305+0000][gc,heap     ] GC(62) Survivor regions: 2->2(77)
[2024-04-24T06:21:44.305+0000][gc,heap     ] GC(62) Old regions: 29->29
[2024-04-24T06:21:44.305+0000][gc,heap     ] GC(62) Archive regions: 2->2
[2024-04-24T06:21:44.305+0000][gc,heap     ] GC(62) Humongous regions: 129->129
[2024-04-24T06:21:44.305+0000][gc,metaspace] GC(62) Metaspace: 42751K(43328K)->42751K(43328K) NonClass: 37770K(38080K)->37770K(38080K) Class: 4980K(5248K)->4980K(5248K)
[2024-04-24T06:21:44.305+0000][gc          ] GC(62) Pause Young (Normal) (G1 Evacuation Pause) 771M->159M(1024M) 2.084ms
[2024-04-24T06:21:44.305+0000][gc,cpu      ] GC(62) User=0.01s Sys=0.00s Real=0.01s
[2024-04-24T06:21:45.405+0000][gc,start    ] GC(63) Pause Young (Normal) (G1 Evacuation Pause)
[2024-04-24T06:21:45.405+0000][gc,task     ] GC(63) Using 8 workers of 8 for evacuation
[2024-04-24T06:21:45.407+0000][gc,phases   ] GC(63)   Pre Evacuate Collection Set: 0.1ms
[2024-04-24T06:21:45.407+0000][gc,phases   ] GC(63)   Merge Heap Roots: 0.1ms
[2024-04-24T06:21:45.407+0000][gc,phases   ] GC(63)   Evacuate Collection Set: 1.5ms
[2024-04-24T06:21:45.407+0000][gc,phases   ] GC(63)   Post Evacuate Collection Set: 0.4ms
[2024-04-24T06:21:45.407+0000][gc,phases   ] GC(63)   Other: 0.1ms
[2024-04-24T06:21:45.407+0000][gc,heap     ] GC(63) Eden regions: 612->0(612)
[2024-04-24T06:21:45.407+0000][gc,heap     ] GC(63) Survivor regions: 2->2(77)
[2024-04-24T06:21:45.407+0000][gc,heap     ] GC(63) Old regions: 29->29
[2024-04-24T06:21:45.407+0000][gc,heap     ] GC(63) Archive regions: 2->2
[2024-04-24T06:21:45.407+0000][gc,heap     ] GC(63) Humongous regions: 129->129
[2024-04-24T06:21:45.407+0000][gc,metaspace] GC(63) Metaspace: 42924K(43456K)->42924K(43456K) NonClass: 37903K(38208K)->37903K(38208K) Class: 5021K(5248K)->5021K(5248K)
[2024-04-24T06:21:45.407+0000][gc          ] GC(63) Pause Young (Normal) (G1 Evacuation Pause) 771M->159M(1024M) 2.380ms
[2024-04-24T06:21:45.407+0000][gc,cpu      ] GC(63) User=0.01s Sys=0.01s Real=0.00s
[2024-04-24T06:21:46.386+0000][gc,start    ] GC(64) Pause Young (Normal) (G1 Evacuation Pause)
[2024-04-24T06:21:46.386+0000][gc,task     ] GC(64) Using 8 workers of 8 for evacuation
[2024-04-24T06:21:46.389+0000][gc,phases   ] GC(64)   Pre Evacuate Collection Set: 0.1ms
[2024-04-24T06:21:46.389+0000][gc,phases   ] GC(64)   Merge Heap Roots: 0.1ms
[2024-04-24T06:21:46.389+0000][gc,phases   ] GC(64)   Evacuate Collection Set: 1.6ms
[2024-04-24T06:21:46.389+0000][gc,phases   ] GC(64)   Post Evacuate Collection Set: 0.4ms
[2024-04-24T06:21:46.389+0000][gc,phases   ] GC(64)   Other: 0.1ms
[2024-04-24T06:21:46.389+0000][gc,heap     ] GC(64) Eden regions: 612->0(612)
[2024-04-24T06:21:46.389+0000][gc,heap     ] GC(64) Survivor regions: 2->2(77)
[2024-04-24T06:21:46.389+0000][gc,heap     ] GC(64) Old regions: 29->29
[2024-04-24T06:21:46.389+0000][gc,heap     ] GC(64) Archive regions: 2->2
[2024-04-24T06:21:46.389+0000][gc,heap     ] GC(64) Humongous regions: 129->129
[2024-04-24T06:21:46.389+0000][gc,metaspace] GC(64) Metaspace: 42924K(43456K)->42924K(43456K) NonClass: 37903K(38208K)->37903K(38208K) Class: 5021K(5248K)->5021K(5248K)
[2024-04-24T06:21:46.389+0000][gc          ] GC(64) Pause Young (Normal) (G1 Evacuation Pause) 771M->159M(1024M) 2.357ms
[2024-04-24T06:21:46.389+0000][gc,cpu      ] GC(64) User=0.01s Sys=0.00s Real=0.00s
[2024-04-24T06:24:00.858+0000][gc,start    ] GC(65) Pause Young (Normal) (G1 Evacuation Pause)
[2024-04-24T06:24:00.858+0000][gc,task     ] GC(65) Using 8 workers of 8 for evacuation
[2024-04-24T06:24:00.861+0000][gc,phases   ] GC(65)   Pre Evacuate Collection Set: 0.1ms
[2024-04-24T06:24:00.861+0000][gc,phases   ] GC(65)   Merge Heap Roots: 0.1ms
[2024-04-24T06:24:00.861+0000][gc,phases   ] GC(65)   Evacuate Collection Set: 2.1ms
[2024-04-24T06:24:00.861+0000][gc,phases   ] GC(65)   Post Evacuate Collection Set: 0.4ms
[2024-04-24T06:24:00.861+0000][gc,phases   ] GC(65)   Other: 0.1ms
[2024-04-24T06:24:00.861+0000][gc,heap     ] GC(65) Eden regions: 612->0(612)
[2024-04-24T06:24:00.861+0000][gc,heap     ] GC(65) Survivor regions: 2->2(77)
[2024-04-24T06:24:00.861+0000][gc,heap     ] GC(65) Old regions: 29->29
[2024-04-24T06:24:00.861+0000][gc,heap     ] GC(65) Archive regions: 2->2
[2024-04-24T06:24:00.861+0000][gc,heap     ] GC(65) Humongous regions: 129->129
[2024-04-24T06:24:00.861+0000][gc,metaspace] GC(65) Metaspace: 42969K(43584K)->42969K(43584K) NonClass: 37946K(38336K)->37946K(38336K) Class: 5022K(5248K)->5022K(5248K)
[2024-04-24T06:24:00.861+0000][gc          ] GC(65) Pause Young (Normal) (G1 Evacuation Pause) 771M->159M(1024M) 2.972ms
[2024-04-24T06:24:00.861+0000][gc,cpu      ] GC(65) User=0.01s Sys=0.00s Real=0.00s
[2024-04-24T06:24:02.146+0000][gc,start    ] GC(66) Pause Young (Normal) (G1 Evacuation Pause)
[2024-04-24T06:24:02.146+0000][gc,task     ] GC(66) Using 8 workers of 8 for evacuation
[2024-04-24T06:24:02.150+0000][gc,phases   ] GC(66)   Pre Evacuate Collection Set: 0.1ms
[2024-04-24T06:24:02.150+0000][gc,phases   ] GC(66)   Merge Heap Roots: 0.1ms
[2024-04-24T06:24:02.150+0000][gc,phases   ] GC(66)   Evacuate Collection Set: 3.0ms
[2024-04-24T06:24:02.150+0000][gc,phases   ] GC(66)   Post Evacuate Collection Set: 0.5ms
[2024-04-24T06:24:02.150+0000][gc,phases   ] GC(66)   Other: 0.1ms
[2024-04-24T06:24:02.150+0000][gc,heap     ] GC(66) Eden regions: 612->0(612)
[2024-04-24T06:24:02.150+0000][gc,heap     ] GC(66) Survivor regions: 2->2(77)
[2024-04-24T06:24:02.150+0000][gc,heap     ] GC(66) Old regions: 29->29
[2024-04-24T06:24:02.150+0000][gc,heap     ] GC(66) Archive regions: 2->2
[2024-04-24T06:24:02.150+0000][gc,heap     ] GC(66) Humongous regions: 129->129
[2024-04-24T06:24:02.150+0000][gc,metaspace] GC(66) Metaspace: 42970K(43584K)->42970K(43584K) NonClass: 37947K(38336K)->37947K(38336K) Class: 5022K(5248K)->5022K(5248K)
[2024-04-24T06:24:02.150+0000][gc          ] GC(66) Pause Young (Normal) (G1 Evacuation Pause) 771M->159M(1024M) 3.841ms
[2024-04-24T06:24:02.150+0000][gc,cpu      ] GC(66) User=0.01s Sys=0.00s Real=0.00s
[2024-04-24T06:24:03.484+0000][gc,start    ] GC(67) Pause Young (Normal) (G1 Evacuation Pause)
[2024-04-24T06:24:03.484+0000][gc,task     ] GC(67) Using 8 workers of 8 for evacuation
[2024-04-24T06:24:03.489+0000][gc,phases   ] GC(67)   Pre Evacuate Collection Set: 0.3ms
[2024-04-24T06:24:03.489+0000][gc,phases   ] GC(67)   Merge Heap Roots: 0.2ms
[2024-04-24T06:24:03.489+0000][gc,phases   ] GC(67)   Evacuate Collection Set: 3.6ms
[2024-04-24T06:24:03.489+0000][gc,phases   ] GC(67)   Post Evacuate Collection Set: 0.5ms
[2024-04-24T06:24:03.489+0000][gc,phases   ] GC(67)   Other: 0.2ms
[2024-04-24T06:24:03.489+0000][gc,heap     ] GC(67) Eden regions: 612->0(612)
[2024-04-24T06:24:03.489+0000][gc,heap     ] GC(67) Survivor regions: 2->2(77)
[2024-04-24T06:24:03.489+0000][gc,heap     ] GC(67) Old regions: 29->29
[2024-04-24T06:24:03.489+0000][gc,heap     ] GC(67) Archive regions: 2->2
[2024-04-24T06:24:03.489+0000][gc,heap     ] GC(67) Humongous regions: 129->129
[2024-04-24T06:24:03.489+0000][gc,metaspace] GC(67) Metaspace: 42970K(43584K)->42970K(43584K) NonClass: 37947K(38336K)->37947K(38336K) Class: 5022K(5248K)->5022K(5248K)
[2024-04-24T06:24:03.489+0000][gc          ] GC(67) Pause Young (Normal) (G1 Evacuation Pause) 771M->160M(1024M) 4.836ms
[2024-04-24T06:24:03.489+0000][gc,cpu      ] GC(67) User=0.02s Sys=0.00s Real=0.01s
[2024-04-24T06:24:04.894+0000][gc,start    ] GC(68) Pause Young (Normal) (G1 Evacuation Pause)
[2024-04-24T06:24:04.894+0000][gc,task     ] GC(68) Using 8 workers of 8 for evacuation
[2024-04-24T06:24:04.898+0000][gc,phases   ] GC(68)   Pre Evacuate Collection Set: 0.1ms
[2024-04-24T06:24:04.899+0000][gc,phases   ] GC(68)   Merge Heap Roots: 0.1ms
[2024-04-24T06:24:04.899+0000][gc,phases   ] GC(68)   Evacuate Collection Set: 3.5ms
[2024-04-24T06:24:04.899+0000][gc,phases   ] GC(68)   Post Evacuate Collection Set: 0.6ms
[2024-04-24T06:24:04.899+0000][gc,phases   ] GC(68)   Other: 0.1ms
[2024-04-24T06:24:04.899+0000][gc,heap     ] GC(68) Eden regions: 612->0(612)
[2024-04-24T06:24:04.899+0000][gc,heap     ] GC(68) Survivor regions: 2->2(77)
[2024-04-24T06:24:04.899+0000][gc,heap     ] GC(68) Old regions: 29->29
[2024-04-24T06:24:04.899+0000][gc,heap     ] GC(68) Archive regions: 2->2
[2024-04-24T06:24:04.899+0000][gc,heap     ] GC(68) Humongous regions: 129->129
[2024-04-24T06:24:04.899+0000][gc,metaspace] GC(68) Metaspace: 42970K(43584K)->42970K(43584K) NonClass: 37947K(38336K)->37947K(38336K) Class: 5022K(5248K)->5022K(5248K)
[2024-04-24T06:24:04.899+0000][gc          ] GC(68) Pause Young (Normal) (G1 Evacuation Pause) 772M->160M(1024M) 4.612ms
[2024-04-24T06:24:04.899+0000][gc,cpu      ] GC(68) User=0.02s Sys=0.00s Real=0.00s
[2024-04-24T06:24:06.236+0000][gc,start    ] GC(69) Pause Young (Normal) (G1 Evacuation Pause)
[2024-04-24T06:24:06.236+0000][gc,task     ] GC(69) Using 8 workers of 8 for evacuation
[2024-04-24T06:24:06.239+0000][gc,phases   ] GC(69)   Pre Evacuate Collection Set: 0.1ms
[2024-04-24T06:24:06.239+0000][gc,phases   ] GC(69)   Merge Heap Roots: 0.1ms
[2024-04-24T06:24:06.239+0000][gc,phases   ] GC(69)   Evacuate Collection Set: 2.9ms
[2024-04-24T06:24:06.239+0000][gc,phases   ] GC(69)   Post Evacuate Collection Set: 0.5ms
[2024-04-24T06:24:06.239+0000][gc,phases   ] GC(69)   Other: 0.1ms
[2024-04-24T06:24:06.239+0000][gc,heap     ] GC(69) Eden regions: 612->0(611)
[2024-04-24T06:24:06.239+0000][gc,heap     ] GC(69) Survivor regions: 2->3(77)
[2024-04-24T06:24:06.239+0000][gc,heap     ] GC(69) Old regions: 29->29
[2024-04-24T06:24:06.239+0000][gc,heap     ] GC(69) Archive regions: 2->2
[2024-04-24T06:24:06.239+0000][gc,heap     ] GC(69) Humongous regions: 129->129
[2024-04-24T06:24:06.239+0000][gc,metaspace] GC(69) Metaspace: 42971K(43584K)->42971K(43584K) NonClass: 37949K(38336K)->37949K(38336K) Class: 5022K(5248K)->5022K(5248K)
[2024-04-24T06:24:06.239+0000][gc          ] GC(69) Pause Young (Normal) (G1 Evacuation Pause) 772M->160M(1024M) 3.883ms
[2024-04-24T06:24:06.239+0000][gc,cpu      ] GC(69) User=0.02s Sys=0.00s Real=0.00s
[2024-04-24T06:24:07.420+0000][gc,start    ] GC(70) Pause Young (Normal) (G1 Evacuation Pause)
[2024-04-24T06:24:07.420+0000][gc,task     ] GC(70) Using 8 workers of 8 for evacuation
[2024-04-24T06:24:07.423+0000][gc,phases   ] GC(70)   Pre Evacuate Collection Set: 0.1ms
[2024-04-24T06:24:07.423+0000][gc,phases   ] GC(70)   Merge Heap Roots: 0.1ms
[2024-04-24T06:24:07.423+0000][gc,phases   ] GC(70)   Evacuate Collection Set: 2.6ms
[2024-04-24T06:24:07.423+0000][gc,phases   ] GC(70)   Post Evacuate Collection Set: 0.5ms
[2024-04-24T06:24:07.423+0000][gc,phases   ] GC(70)   Other: 0.1ms
[2024-04-24T06:24:07.423+0000][gc,heap     ] GC(70) Eden regions: 611->0(611)
[2024-04-24T06:24:07.423+0000][gc,heap     ] GC(70) Survivor regions: 3->3(77)
[2024-04-24T06:24:07.423+0000][gc,heap     ] GC(70) Old regions: 29->29
[2024-04-24T06:24:07.423+0000][gc,heap     ] GC(70) Archive regions: 2->2
[2024-04-24T06:24:07.423+0000][gc,heap     ] GC(70) Humongous regions: 129->129
[2024-04-24T06:24:07.423+0000][gc,metaspace] GC(70) Metaspace: 42971K(43584K)->42971K(43584K) NonClass: 37949K(38336K)->37949K(38336K) Class: 5022K(5248K)->5022K(5248K)
[2024-04-24T06:24:07.423+0000][gc          ] GC(70) Pause Young (Normal) (G1 Evacuation Pause) 771M->161M(1024M) 3.530ms
[2024-04-24T06:24:07.423+0000][gc,cpu      ] GC(70) User=0.02s Sys=0.00s Real=0.00s
[2024-04-24T06:24:08.508+0000][gc,start    ] GC(71) Pause Young (Normal) (G1 Evacuation Pause)
[2024-04-24T06:24:08.508+0000][gc,task     ] GC(71) Using 8 workers of 8 for evacuation
[2024-04-24T06:24:08.512+0000][gc,phases   ] GC(71)   Pre Evacuate Collection Set: 0.1ms
[2024-04-24T06:24:08.512+0000][gc,phases   ] GC(71)   Merge Heap Roots: 0.1ms
[2024-04-24T06:24:08.512+0000][gc,phases   ] GC(71)   Evacuate Collection Set: 3.0ms
[2024-04-24T06:24:08.512+0000][gc,phases   ] GC(71)   Post Evacuate Collection Set: 0.4ms
[2024-04-24T06:24:08.512+0000][gc,phases   ] GC(71)   Other: 0.1ms
[2024-04-24T06:24:08.512+0000][gc,heap     ] GC(71) Eden regions: 611->0(611)
[2024-04-24T06:24:08.512+0000][gc,heap     ] GC(71) Survivor regions: 3->3(77)
[2024-04-24T06:24:08.512+0000][gc,heap     ] GC(71) Old regions: 29->29
[2024-04-24T06:24:08.512+0000][gc,heap     ] GC(71) Archive regions: 2->2
[2024-04-24T06:24:08.512+0000][gc,heap     ] GC(71) Humongous regions: 129->129
[2024-04-24T06:24:08.512+0000][gc,metaspace] GC(71) Metaspace: 42971K(43584K)->42971K(43584K) NonClass: 37949K(38336K)->37949K(38336K) Class: 5022K(5248K)->5022K(5248K)
[2024-04-24T06:24:08.512+0000][gc          ] GC(71) Pause Young (Normal) (G1 Evacuation Pause) 772M->161M(1024M) 3.886ms
[2024-04-24T06:24:08.512+0000][gc,cpu      ] GC(71) User=0.01s Sys=0.00s Real=0.01s
[2024-04-24T06:24:09.612+0000][gc,start    ] GC(72) Pause Young (Normal) (G1 Evacuation Pause)
[2024-04-24T06:24:09.612+0000][gc,task     ] GC(72) Using 8 workers of 8 for evacuation
[2024-04-24T06:24:09.616+0000][gc,phases   ] GC(72)   Pre Evacuate Collection Set: 0.1ms
[2024-04-24T06:24:09.616+0000][gc,phases   ] GC(72)   Merge Heap Roots: 0.1ms
[2024-04-24T06:24:09.616+0000][gc,phases   ] GC(72)   Evacuate Collection Set: 2.7ms
[2024-04-24T06:24:09.616+0000][gc,phases   ] GC(72)   Post Evacuate Collection Set: 0.5ms
[2024-04-24T06:24:09.616+0000][gc,phases   ] GC(72)   Other: 0.1ms
[2024-04-24T06:24:09.616+0000][gc,heap     ] GC(72) Eden regions: 611->0(611)
[2024-04-24T06:24:09.616+0000][gc,heap     ] GC(72) Survivor regions: 3->3(77)
[2024-04-24T06:24:09.616+0000][gc,heap     ] GC(72) Old regions: 29->29
[2024-04-24T06:24:09.616+0000][gc,heap     ] GC(72) Archive regions: 2->2
[2024-04-24T06:24:09.616+0000][gc,heap     ] GC(72) Humongous regions: 129->129
[2024-04-24T06:24:09.616+0000][gc,metaspace] GC(72) Metaspace: 42973K(43584K)->42973K(43584K) NonClass: 37951K(38336K)->37951K(38336K) Class: 5022K(5248K)->5022K(5248K)
[2024-04-24T06:24:09.616+0000][gc          ] GC(72) Pause Young (Normal) (G1 Evacuation Pause) 772M->161M(1024M) 3.633ms
[2024-04-24T06:24:09.616+0000][gc,cpu      ] GC(72) User=0.01s Sys=0.00s Real=0.00s
[2024-04-24T06:24:10.667+0000][gc,start    ] GC(73) Pause Young (Normal) (G1 Evacuation Pause)
[2024-04-24T06:24:10.667+0000][gc,task     ] GC(73) Using 8 workers of 8 for evacuation
[2024-04-24T06:24:10.670+0000][gc,phases   ] GC(73)   Pre Evacuate Collection Set: 0.1ms
[2024-04-24T06:24:10.670+0000][gc,phases   ] GC(73)   Merge Heap Roots: 0.1ms
[2024-04-24T06:24:10.670+0000][gc,phases   ] GC(73)   Evacuate Collection Set: 2.3ms
[2024-04-24T06:24:10.670+0000][gc,phases   ] GC(73)   Post Evacuate Collection Set: 0.4ms
[2024-04-24T06:24:10.670+0000][gc,phases   ] GC(73)   Other: 0.1ms
[2024-04-24T06:24:10.670+0000][gc,heap     ] GC(73) Eden regions: 611->0(611)
[2024-04-24T06:24:10.670+0000][gc,heap     ] GC(73) Survivor regions: 3->3(77)
[2024-04-24T06:24:10.670+0000][gc,heap     ] GC(73) Old regions: 29->30
[2024-04-24T06:24:10.670+0000][gc,heap     ] GC(73) Archive regions: 2->2
[2024-04-24T06:24:10.670+0000][gc,heap     ] GC(73) Humongous regions: 129->129
[2024-04-24T06:24:10.670+0000][gc,metaspace] GC(73) Metaspace: 42973K(43584K)->42973K(43584K) NonClass: 37951K(38336K)->37951K(38336K) Class: 5022K(5248K)->5022K(5248K)
[2024-04-24T06:24:10.670+0000][gc          ] GC(73) Pause Young (Normal) (G1 Evacuation Pause) 772M->161M(1024M) 3.132ms
[2024-04-24T06:24:10.670+0000][gc,cpu      ] GC(73) User=0.02s Sys=0.00s Real=0.00s
[2024-04-24T06:24:11.710+0000][gc,start    ] GC(74) Pause Young (Normal) (G1 Evacuation Pause)
[2024-04-24T06:24:11.710+0000][gc,task     ] GC(74) Using 8 workers of 8 for evacuation
[2024-04-24T06:24:11.713+0000][gc,phases   ] GC(74)   Pre Evacuate Collection Set: 0.1ms
[2024-04-24T06:24:11.713+0000][gc,phases   ] GC(74)   Merge Heap Roots: 0.1ms
[2024-04-24T06:24:11.713+0000][gc,phases   ] GC(74)   Evacuate Collection Set: 2.5ms
[2024-04-24T06:24:11.713+0000][gc,phases   ] GC(74)   Post Evacuate Collection Set: 0.4ms
[2024-04-24T06:24:11.713+0000][gc,phases   ] GC(74)   Other: 0.1ms
[2024-04-24T06:24:11.713+0000][gc,heap     ] GC(74) Eden regions: 611->0(610)
[2024-04-24T06:24:11.713+0000][gc,heap     ] GC(74) Survivor regions: 3->4(77)
[2024-04-24T06:24:11.713+0000][gc,heap     ] GC(74) Old regions: 30->30
[2024-04-24T06:24:11.713+0000][gc,heap     ] GC(74) Archive regions: 2->2
[2024-04-24T06:24:11.713+0000][gc,heap     ] GC(74) Humongous regions: 129->129
[2024-04-24T06:24:11.713+0000][gc,metaspace] GC(74) Metaspace: 42974K(43584K)->42974K(43584K) NonClass: 37951K(38336K)->37951K(38336K) Class: 5022K(5248K)->5022K(5248K)
[2024-04-24T06:24:11.713+0000][gc          ] GC(74) Pause Young (Normal) (G1 Evacuation Pause) 772M->162M(1024M) 3.286ms
[2024-04-24T06:24:11.713+0000][gc,cpu      ] GC(74) User=0.02s Sys=0.00s Real=0.01s
[2024-04-24T06:24:12.696+0000][gc,start    ] GC(75) Pause Young (Normal) (G1 Evacuation Pause)
[2024-04-24T06:24:12.697+0000][gc,task     ] GC(75) Using 8 workers of 8 for evacuation
[2024-04-24T06:24:12.700+0000][gc,phases   ] GC(75)   Pre Evacuate Collection Set: 0.1ms
[2024-04-24T06:24:12.700+0000][gc,phases   ] GC(75)   Merge Heap Roots: 0.1ms
[2024-04-24T06:24:12.700+0000][gc,phases   ] GC(75)   Evacuate Collection Set: 2.5ms
[2024-04-24T06:24:12.700+0000][gc,phases   ] GC(75)   Post Evacuate Collection Set: 0.4ms
[2024-04-24T06:24:12.700+0000][gc,phases   ] GC(75)   Other: 0.1ms
[2024-04-24T06:24:12.700+0000][gc,heap     ] GC(75) Eden regions: 610->0(610)
[2024-04-24T06:24:12.700+0000][gc,heap     ] GC(75) Survivor regions: 4->4(77)
[2024-04-24T06:24:12.700+0000][gc,heap     ] GC(75) Old regions: 30->30
[2024-04-24T06:24:12.700+0000][gc,heap     ] GC(75) Archive regions: 2->2
[2024-04-24T06:24:12.700+0000][gc,heap     ] GC(75) Humongous regions: 129->129
[2024-04-24T06:24:12.700+0000][gc,metaspace] GC(75) Metaspace: 42976K(43584K)->42976K(43584K) NonClass: 37954K(38336K)->37954K(38336K) Class: 5022K(5248K)->5022K(5248K)
[2024-04-24T06:24:12.700+0000][gc          ] GC(75) Pause Young (Normal) (G1 Evacuation Pause) 772M->162M(1024M) 3.348ms
[2024-04-24T06:24:12.700+0000][gc,cpu      ] GC(75) User=0.01s Sys=0.01s Real=0.00s
[2024-04-24T06:24:13.790+0000][gc,start    ] GC(76) Pause Young (Normal) (G1 Evacuation Pause)
[2024-04-24T06:24:13.790+0000][gc,task     ] GC(76) Using 8 workers of 8 for evacuation
[2024-04-24T06:24:13.793+0000][gc,phases   ] GC(76)   Pre Evacuate Collection Set: 0.1ms
[2024-04-24T06:24:13.793+0000][gc,phases   ] GC(76)   Merge Heap Roots: 0.1ms
[2024-04-24T06:24:13.794+0000][gc,phases   ] GC(76)   Evacuate Collection Set: 2.5ms
[2024-04-24T06:24:13.794+0000][gc,phases   ] GC(76)   Post Evacuate Collection Set: 0.4ms
[2024-04-24T06:24:13.794+0000][gc,phases   ] GC(76)   Other: 0.1ms
[2024-04-24T06:24:13.794+0000][gc,heap     ] GC(76) Eden regions: 610->0(610)
[2024-04-24T06:24:13.794+0000][gc,heap     ] GC(76) Survivor regions: 4->4(77)
[2024-04-24T06:24:13.794+0000][gc,heap     ] GC(76) Old regions: 30->30
[2024-04-24T06:24:13.794+0000][gc,heap     ] GC(76) Archive regions: 2->2
[2024-04-24T06:24:13.794+0000][gc,heap     ] GC(76) Humongous regions: 129->129
[2024-04-24T06:24:13.794+0000][gc,metaspace] GC(76) Metaspace: 42976K(43584K)->42976K(43584K) NonClass: 37954K(38336K)->37954K(38336K) Class: 5022K(5248K)->5022K(5248K)
[2024-04-24T06:24:13.794+0000][gc          ] GC(76) Pause Young (Normal) (G1 Evacuation Pause) 772M->162M(1024M) 3.295ms
[2024-04-24T06:24:13.794+0000][gc,cpu      ] GC(76) User=0.02s Sys=0.00s Real=0.01s
[2024-04-24T06:24:15.213+0000][gc,start    ] GC(77) Pause Young (Normal) (G1 Evacuation Pause)
[2024-04-24T06:24:15.213+0000][gc,task     ] GC(77) Using 8 workers of 8 for evacuation
[2024-04-24T06:24:15.222+0000][gc,phases   ] GC(77)   Pre Evacuate Collection Set: 0.3ms
[2024-04-24T06:24:15.222+0000][gc,phases   ] GC(77)   Merge Heap Roots: 0.5ms
[2024-04-24T06:24:15.222+0000][gc,phases   ] GC(77)   Evacuate Collection Set: 7.0ms
[2024-04-24T06:24:15.222+0000][gc,phases   ] GC(77)   Post Evacuate Collection Set: 0.5ms
[2024-04-24T06:24:15.222+0000][gc,phases   ] GC(77)   Other: 0.3ms
[2024-04-24T06:24:15.222+0000][gc,heap     ] GC(77) Eden regions: 610->0(610)
[2024-04-24T06:24:15.222+0000][gc,heap     ] GC(77) Survivor regions: 4->4(77)
[2024-04-24T06:24:15.222+0000][gc,heap     ] GC(77) Old regions: 30->30
[2024-04-24T06:24:15.222+0000][gc,heap     ] GC(77) Archive regions: 2->2
[2024-04-24T06:24:15.222+0000][gc,heap     ] GC(77) Humongous regions: 129->129
[2024-04-24T06:24:15.222+0000][gc,metaspace] GC(77) Metaspace: 42976K(43584K)->42976K(43584K) NonClass: 37954K(38336K)->37954K(38336K) Class: 5022K(5248K)->5022K(5248K)
[2024-04-24T06:24:15.222+0000][gc          ] GC(77) Pause Young (Normal) (G1 Evacuation Pause) 772M->162M(1024M) 8.763ms
[2024-04-24T06:24:15.222+0000][gc,cpu      ] GC(77) User=0.06s Sys=0.00s Real=0.00s
[2024-04-24T06:24:16.468+0000][gc,start    ] GC(78) Pause Young (Normal) (G1 Evacuation Pause)
[2024-04-24T06:24:16.468+0000][gc,task     ] GC(78) Using 8 workers of 8 for evacuation
[2024-04-24T06:24:16.471+0000][gc,phases   ] GC(78)   Pre Evacuate Collection Set: 0.1ms
[2024-04-24T06:24:16.471+0000][gc,phases   ] GC(78)   Merge Heap Roots: 0.1ms
[2024-04-24T06:24:16.471+0000][gc,phases   ] GC(78)   Evacuate Collection Set: 2.6ms
[2024-04-24T06:24:16.471+0000][gc,phases   ] GC(78)   Post Evacuate Collection Set: 0.4ms
[2024-04-24T06:24:16.471+0000][gc,phases   ] GC(78)   Other: 0.1ms
[2024-04-24T06:24:16.471+0000][gc,heap     ] GC(78) Eden regions: 610->0(610)
[2024-04-24T06:24:16.471+0000][gc,heap     ] GC(78) Survivor regions: 4->4(77)
[2024-04-24T06:24:16.471+0000][gc,heap     ] GC(78) Old regions: 30->30
[2024-04-24T06:24:16.471+0000][gc,heap     ] GC(78) Archive regions: 2->2
[2024-04-24T06:24:16.471+0000][gc,heap     ] GC(78) Humongous regions: 129->129
[2024-04-24T06:24:16.471+0000][gc,metaspace] GC(78) Metaspace: 42978K(43584K)->42978K(43584K) NonClass: 37955K(38336K)->37955K(38336K) Class: 5022K(5248K)->5022K(5248K)
[2024-04-24T06:24:16.471+0000][gc          ] GC(78) Pause Young (Normal) (G1 Evacuation Pause) 772M->162M(1024M) 3.399ms
[2024-04-24T06:24:16.471+0000][gc,cpu      ] GC(78) User=0.02s Sys=0.01s Real=0.00s
[2024-04-24T06:24:17.539+0000][gc,start    ] GC(79) Pause Young (Normal) (G1 Evacuation Pause)
[2024-04-24T06:24:17.539+0000][gc,task     ] GC(79) Using 8 workers of 8 for evacuation
[2024-04-24T06:24:17.542+0000][gc,phases   ] GC(79)   Pre Evacuate Collection Set: 0.1ms
[2024-04-24T06:24:17.542+0000][gc,phases   ] GC(79)   Merge Heap Roots: 0.1ms
[2024-04-24T06:24:17.542+0000][gc,phases   ] GC(79)   Evacuate Collection Set: 2.4ms
[2024-04-24T06:24:17.542+0000][gc,phases   ] GC(79)   Post Evacuate Collection Set: 0.4ms
[2024-04-24T06:24:17.542+0000][gc,phases   ] GC(79)   Other: 0.1ms
[2024-04-24T06:24:17.542+0000][gc,heap     ] GC(79) Eden regions: 610->0(610)
[2024-04-24T06:24:17.542+0000][gc,heap     ] GC(79) Survivor regions: 4->4(77)
[2024-04-24T06:24:17.542+0000][gc,heap     ] GC(79) Old regions: 30->30
[2024-04-24T06:24:17.542+0000][gc,heap     ] GC(79) Archive regions: 2->2
[2024-04-24T06:24:17.542+0000][gc,heap     ] GC(79) Humongous regions: 129->129
[2024-04-24T06:24:17.542+0000][gc,metaspace] GC(79) Metaspace: 42978K(43584K)->42978K(43584K) NonClass: 37955K(38336K)->37955K(38336K) Class: 5022K(5248K)->5022K(5248K)
[2024-04-24T06:24:17.542+0000][gc          ] GC(79) Pause Young (Normal) (G1 Evacuation Pause) 772M->163M(1024M) 3.209ms
[2024-04-24T06:24:17.542+0000][gc,cpu      ] GC(79) User=0.02s Sys=0.00s Real=0.00s
[2024-04-24T06:24:18.573+0000][gc,start    ] GC(80) Pause Young (Normal) (G1 Evacuation Pause)
[2024-04-24T06:24:18.573+0000][gc,task     ] GC(80) Using 8 workers of 8 for evacuation
[2024-04-24T06:24:18.577+0000][gc,phases   ] GC(80)   Pre Evacuate Collection Set: 0.1ms
[2024-04-24T06:24:18.577+0000][gc,phases   ] GC(80)   Merge Heap Roots: 0.1ms
[2024-04-24T06:24:18.577+0000][gc,phases   ] GC(80)   Evacuate Collection Set: 3.1ms
[2024-04-24T06:24:18.577+0000][gc,phases   ] GC(80)   Post Evacuate Collection Set: 0.4ms
[2024-04-24T06:24:18.577+0000][gc,phases   ] GC(80)   Other: 0.1ms
[2024-04-24T06:24:18.577+0000][gc,heap     ] GC(80) Eden regions: 610->0(610)
[2024-04-24T06:24:18.577+0000][gc,heap     ] GC(80) Survivor regions: 4->4(77)
[2024-04-24T06:24:18.577+0000][gc,heap     ] GC(80) Old regions: 30->30
[2024-04-24T06:24:18.577+0000][gc,heap     ] GC(80) Archive regions: 2->2
[2024-04-24T06:24:18.577+0000][gc,heap     ] GC(80) Humongous regions: 129->129
[2024-04-24T06:24:18.577+0000][gc,metaspace] GC(80) Metaspace: 42978K(43584K)->42978K(43584K) NonClass: 37955K(38336K)->37955K(38336K) Class: 5022K(5248K)->5022K(5248K)
[2024-04-24T06:24:18.577+0000][gc          ] GC(80) Pause Young (Normal) (G1 Evacuation Pause) 773M->163M(1024M) 3.893ms
[2024-04-24T06:24:18.577+0000][gc,cpu      ] GC(80) User=0.03s Sys=0.00s Real=0.00s
[2024-04-24T06:24:19.598+0000][gc,start    ] GC(81) Pause Young (Normal) (G1 Evacuation Pause)
[2024-04-24T06:24:19.598+0000][gc,task     ] GC(81) Using 8 workers of 8 for evacuation
[2024-04-24T06:24:19.601+0000][gc,phases   ] GC(81)   Pre Evacuate Collection Set: 0.1ms
[2024-04-24T06:24:19.601+0000][gc,phases   ] GC(81)   Merge Heap Roots: 0.1ms
[2024-04-24T06:24:19.601+0000][gc,phases   ] GC(81)   Evacuate Collection Set: 2.8ms
[2024-04-24T06:24:19.601+0000][gc,phases   ] GC(81)   Post Evacuate Collection Set: 0.4ms
[2024-04-24T06:24:19.601+0000][gc,phases   ] GC(81)   Other: 0.1ms
[2024-04-24T06:24:19.601+0000][gc,heap     ] GC(81) Eden regions: 610->0(610)
[2024-04-24T06:24:19.601+0000][gc,heap     ] GC(81) Survivor regions: 4->4(77)
[2024-04-24T06:24:19.601+0000][gc,heap     ] GC(81) Old regions: 30->31
[2024-04-24T06:24:19.601+0000][gc,heap     ] GC(81) Archive regions: 2->2
[2024-04-24T06:24:19.601+0000][gc,heap     ] GC(81) Humongous regions: 129->129
[2024-04-24T06:24:19.601+0000][gc,metaspace] GC(81) Metaspace: 42978K(43584K)->42978K(43584K) NonClass: 37955K(38336K)->37955K(38336K) Class: 5022K(5248K)->5022K(5248K)
[2024-04-24T06:24:19.601+0000][gc          ] GC(81) Pause Young (Normal) (G1 Evacuation Pause) 773M->163M(1024M) 3.597ms
[2024-04-24T06:24:19.601+0000][gc,cpu      ] GC(81) User=0.02s Sys=0.00s Real=0.00s
[2024-04-24T06:24:20.620+0000][gc,start    ] GC(82) Pause Young (Normal) (G1 Evacuation Pause)
[2024-04-24T06:24:20.620+0000][gc,task     ] GC(82) Using 8 workers of 8 for evacuation
[2024-04-24T06:24:20.624+0000][gc,phases   ] GC(82)   Pre Evacuate Collection Set: 0.1ms
[2024-04-24T06:24:20.624+0000][gc,phases   ] GC(82)   Merge Heap Roots: 0.1ms
[2024-04-24T06:24:20.624+0000][gc,phases   ] GC(82)   Evacuate Collection Set: 2.6ms
[2024-04-24T06:24:20.624+0000][gc,phases   ] GC(82)   Post Evacuate Collection Set: 0.4ms
[2024-04-24T06:24:20.624+0000][gc,phases   ] GC(82)   Other: 0.1ms
[2024-04-24T06:24:20.624+0000][gc,heap     ] GC(82) Eden regions: 610->0(610)
[2024-04-24T06:24:20.624+0000][gc,heap     ] GC(82) Survivor regions: 4->4(77)
[2024-04-24T06:24:20.624+0000][gc,heap     ] GC(82) Old regions: 31->31
[2024-04-24T06:24:20.624+0000][gc,heap     ] GC(82) Archive regions: 2->2
[2024-04-24T06:24:20.624+0000][gc,heap     ] GC(82) Humongous regions: 129->129
[2024-04-24T06:24:20.624+0000][gc,metaspace] GC(82) Metaspace: 42979K(43584K)->42979K(43584K) NonClass: 37956K(38336K)->37956K(38336K) Class: 5022K(5248K)->5022K(5248K)
[2024-04-24T06:24:20.624+0000][gc          ] GC(82) Pause Young (Normal) (G1 Evacuation Pause) 773M->163M(1024M) 3.335ms
[2024-04-24T06:24:20.624+0000][gc,cpu      ] GC(82) User=0.01s Sys=0.01s Real=0.00s
[2024-04-24T06:24:21.642+0000][gc,start    ] GC(83) Pause Young (Normal) (G1 Evacuation Pause)
[2024-04-24T06:24:21.642+0000][gc,task     ] GC(83) Using 8 workers of 8 for evacuation
[2024-04-24T06:24:21.646+0000][gc,phases   ] GC(83)   Pre Evacuate Collection Set: 0.1ms
[2024-04-24T06:24:21.646+0000][gc,phases   ] GC(83)   Merge Heap Roots: 0.1ms
[2024-04-24T06:24:21.646+0000][gc,phases   ] GC(83)   Evacuate Collection Set: 2.5ms
[2024-04-24T06:24:21.646+0000][gc,phases   ] GC(83)   Post Evacuate Collection Set: 0.4ms
[2024-04-24T06:24:21.646+0000][gc,phases   ] GC(83)   Other: 0.1ms
[2024-04-24T06:24:21.646+0000][gc,heap     ] GC(83) Eden regions: 610->0(610)
[2024-04-24T06:24:21.646+0000][gc,heap     ] GC(83) Survivor regions: 4->4(77)
[2024-04-24T06:24:21.646+0000][gc,heap     ] GC(83) Old regions: 31->31
[2024-04-24T06:24:21.646+0000][gc,heap     ] GC(83) Archive regions: 2->2
[2024-04-24T06:24:21.646+0000][gc,heap     ] GC(83) Humongous regions: 129->129
[2024-04-24T06:24:21.646+0000][gc,metaspace] GC(83) Metaspace: 42980K(43584K)->42980K(43584K) NonClass: 37958K(38336K)->37958K(38336K) Class: 5022K(5248K)->5022K(5248K)
[2024-04-24T06:24:21.646+0000][gc          ] GC(83) Pause Young (Normal) (G1 Evacuation Pause) 773M->163M(1024M) 3.277ms
[2024-04-24T06:24:21.646+0000][gc,cpu      ] GC(83) User=0.02s Sys=0.00s Real=0.01s
[2024-04-24T06:24:22.708+0000][gc,start    ] GC(84) Pause Young (Normal) (G1 Evacuation Pause)
[2024-04-24T06:24:22.708+0000][gc,task     ] GC(84) Using 8 workers of 8 for evacuation
[2024-04-24T06:24:22.711+0000][gc,phases   ] GC(84)   Pre Evacuate Collection Set: 0.1ms
[2024-04-24T06:24:22.711+0000][gc,phases   ] GC(84)   Merge Heap Roots: 0.1ms
[2024-04-24T06:24:22.711+0000][gc,phases   ] GC(84)   Evacuate Collection Set: 2.3ms
[2024-04-24T06:24:22.711+0000][gc,phases   ] GC(84)   Post Evacuate Collection Set: 0.4ms
[2024-04-24T06:24:22.711+0000][gc,phases   ] GC(84)   Other: 0.1ms
[2024-04-24T06:24:22.711+0000][gc,heap     ] GC(84) Eden regions: 610->0(611)
[2024-04-24T06:24:22.711+0000][gc,heap     ] GC(84) Survivor regions: 4->3(77)
[2024-04-24T06:24:22.711+0000][gc,heap     ] GC(84) Old regions: 31->31
[2024-04-24T06:24:22.711+0000][gc,heap     ] GC(84) Archive regions: 2->2
[2024-04-24T06:24:22.711+0000][gc,heap     ] GC(84) Humongous regions: 129->129
[2024-04-24T06:24:22.711+0000][gc,metaspace] GC(84) Metaspace: 42980K(43584K)->42980K(43584K) NonClass: 37958K(38336K)->37958K(38336K) Class: 5022K(5248K)->5022K(5248K)
[2024-04-24T06:24:22.711+0000][gc          ] GC(84) Pause Young (Normal) (G1 Evacuation Pause) 773M->163M(1024M) 3.155ms
[2024-04-24T06:24:22.711+0000][gc,cpu      ] GC(84) User=0.02s Sys=0.00s Real=0.00s
[2024-04-24T06:24:23.774+0000][gc,start    ] GC(85) Pause Young (Normal) (G1 Evacuation Pause)
[2024-04-24T06:24:23.774+0000][gc,task     ] GC(85) Using 8 workers of 8 for evacuation
[2024-04-24T06:24:23.778+0000][gc,phases   ] GC(85)   Pre Evacuate Collection Set: 0.1ms
[2024-04-24T06:24:23.778+0000][gc,phases   ] GC(85)   Merge Heap Roots: 0.1ms
[2024-04-24T06:24:23.778+0000][gc,phases   ] GC(85)   Evacuate Collection Set: 2.5ms
[2024-04-24T06:24:23.778+0000][gc,phases   ] GC(85)   Post Evacuate Collection Set: 0.4ms
[2024-04-24T06:24:23.778+0000][gc,phases   ] GC(85)   Other: 0.2ms
[2024-04-24T06:24:23.778+0000][gc,heap     ] GC(85) Eden regions: 611->0(611)
[2024-04-24T06:24:23.778+0000][gc,heap     ] GC(85) Survivor regions: 3->3(77)
[2024-04-24T06:24:23.778+0000][gc,heap     ] GC(85) Old regions: 31->32
[2024-04-24T06:24:23.778+0000][gc,heap     ] GC(85) Archive regions: 2->2
[2024-04-24T06:24:23.778+0000][gc,heap     ] GC(85) Humongous regions: 129->129
[2024-04-24T06:24:23.778+0000][gc,metaspace] GC(85) Metaspace: 42980K(43584K)->42980K(43584K) NonClass: 37958K(38336K)->37958K(38336K) Class: 5022K(5248K)->5022K(5248K)
[2024-04-24T06:24:23.778+0000][gc          ] GC(85) Pause Young (Normal) (G1 Evacuation Pause) 774M->163M(1024M) 3.294ms
[2024-04-24T06:24:23.778+0000][gc,cpu      ] GC(85) User=0.01s Sys=0.00s Real=0.00s
[2024-04-24T06:24:24.793+0000][gc,start    ] GC(86) Pause Young (Normal) (G1 Evacuation Pause)
[2024-04-24T06:24:24.793+0000][gc,task     ] GC(86) Using 8 workers of 8 for evacuation
[2024-04-24T06:24:24.796+0000][gc,phases   ] GC(86)   Pre Evacuate Collection Set: 0.1ms
[2024-04-24T06:24:24.796+0000][gc,phases   ] GC(86)   Merge Heap Roots: 0.1ms
[2024-04-24T06:24:24.796+0000][gc,phases   ] GC(86)   Evacuate Collection Set: 2.3ms
[2024-04-24T06:24:24.796+0000][gc,phases   ] GC(86)   Post Evacuate Collection Set: 0.4ms
[2024-04-24T06:24:24.796+0000][gc,phases   ] GC(86)   Other: 0.1ms
[2024-04-24T06:24:24.796+0000][gc,heap     ] GC(86) Eden regions: 611->0(611)
[2024-04-24T06:24:24.796+0000][gc,heap     ] GC(86) Survivor regions: 3->3(77)
[2024-04-24T06:24:24.796+0000][gc,heap     ] GC(86) Old regions: 32->32
[2024-04-24T06:24:24.796+0000][gc,heap     ] GC(86) Archive regions: 2->2
[2024-04-24T06:24:24.796+0000][gc,heap     ] GC(86) Humongous regions: 129->129
[2024-04-24T06:24:24.796+0000][gc,metaspace] GC(86) Metaspace: 42980K(43584K)->42980K(43584K) NonClass: 37958K(38336K)->37958K(38336K) Class: 5022K(5248K)->5022K(5248K)
[2024-04-24T06:24:24.796+0000][gc          ] GC(86) Pause Young (Normal) (G1 Evacuation Pause) 774M->164M(1024M) 3.068ms
[2024-04-24T06:24:24.796+0000][gc,cpu      ] GC(86) User=0.01s Sys=0.01s Real=0.00s
[2024-04-24T06:24:25.835+0000][gc,start    ] GC(87) Pause Young (Normal) (G1 Evacuation Pause)
[2024-04-24T06:24:25.835+0000][gc,task     ] GC(87) Using 8 workers of 8 for evacuation
[2024-04-24T06:24:25.838+0000][gc,phases   ] GC(87)   Pre Evacuate Collection Set: 0.1ms
[2024-04-24T06:24:25.838+0000][gc,phases   ] GC(87)   Merge Heap Roots: 0.1ms
[2024-04-24T06:24:25.838+0000][gc,phases   ] GC(87)   Evacuate Collection Set: 2.3ms
[2024-04-24T06:24:25.838+0000][gc,phases   ] GC(87)   Post Evacuate Collection Set: 0.4ms
[2024-04-24T06:24:25.838+0000][gc,phases   ] GC(87)   Other: 0.1ms
[2024-04-24T06:24:25.838+0000][gc,heap     ] GC(87) Eden regions: 611->0(611)
[2024-04-24T06:24:25.838+0000][gc,heap     ] GC(87) Survivor regions: 3->3(77)
[2024-04-24T06:24:25.838+0000][gc,heap     ] GC(87) Old regions: 32->32
[2024-04-24T06:24:25.838+0000][gc,heap     ] GC(87) Archive regions: 2->2
[2024-04-24T06:24:25.838+0000][gc,heap     ] GC(87) Humongous regions: 129->129
[2024-04-24T06:24:25.838+0000][gc,metaspace] GC(87) Metaspace: 42980K(43584K)->42980K(43584K) NonClass: 37958K(38336K)->37958K(38336K) Class: 5022K(5248K)->5022K(5248K)
[2024-04-24T06:24:25.838+0000][gc          ] GC(87) Pause Young (Normal) (G1 Evacuation Pause) 775M->164M(1024M) 3.057ms
[2024-04-24T06:24:25.838+0000][gc,cpu      ] GC(87) User=0.02s Sys=0.00s Real=0.00s
[2024-04-24T06:24:26.894+0000][gc,start    ] GC(88) Pause Young (Normal) (G1 Evacuation Pause)
[2024-04-24T06:24:26.894+0000][gc,task     ] GC(88) Using 8 workers of 8 for evacuation
[2024-04-24T06:24:26.897+0000][gc,phases   ] GC(88)   Pre Evacuate Collection Set: 0.1ms
[2024-04-24T06:24:26.897+0000][gc,phases   ] GC(88)   Merge Heap Roots: 0.1ms
[2024-04-24T06:24:26.897+0000][gc,phases   ] GC(88)   Evacuate Collection Set: 2.1ms
[2024-04-24T06:24:26.897+0000][gc,phases   ] GC(88)   Post Evacuate Collection Set: 0.4ms
[2024-04-24T06:24:26.897+0000][gc,phases   ] GC(88)   Other: 0.1ms
[2024-04-24T06:24:26.897+0000][gc,heap     ] GC(88) Eden regions: 611->0(611)
[2024-04-24T06:24:26.897+0000][gc,heap     ] GC(88) Survivor regions: 3->3(77)
[2024-04-24T06:24:26.897+0000][gc,heap     ] GC(88) Old regions: 32->32
[2024-04-24T06:24:26.897+0000][gc,heap     ] GC(88) Archive regions: 2->2
[2024-04-24T06:24:26.897+0000][gc,heap     ] GC(88) Humongous regions: 129->129
[2024-04-24T06:24:26.897+0000][gc,metaspace] GC(88) Metaspace: 42980K(43584K)->42980K(43584K) NonClass: 37958K(38336K)->37958K(38336K) Class: 5022K(5248K)->5022K(5248K)
[2024-04-24T06:24:26.897+0000][gc          ] GC(88) Pause Young (Normal) (G1 Evacuation Pause) 775M->164M(1024M) 2.945ms
[2024-04-24T06:24:26.897+0000][gc,cpu      ] GC(88) User=0.01s Sys=0.00s Real=0.00s
[2024-04-24T06:24:27.919+0000][gc,start    ] GC(89) Pause Young (Normal) (G1 Evacuation Pause)
[2024-04-24T06:24:27.919+0000][gc,task     ] GC(89) Using 8 workers of 8 for evacuation
[2024-04-24T06:24:27.922+0000][gc,phases   ] GC(89)   Pre Evacuate Collection Set: 0.1ms
[2024-04-24T06:24:27.922+0000][gc,phases   ] GC(89)   Merge Heap Roots: 0.1ms
[2024-04-24T06:24:27.922+0000][gc,phases   ] GC(89)   Evacuate Collection Set: 2.1ms
[2024-04-24T06:24:27.922+0000][gc,phases   ] GC(89)   Post Evacuate Collection Set: 0.4ms
[2024-04-24T06:24:27.922+0000][gc,phases   ] GC(89)   Other: 0.1ms
[2024-04-24T06:24:27.922+0000][gc,heap     ] GC(89) Eden regions: 611->0(611)
[2024-04-24T06:24:27.922+0000][gc,heap     ] GC(89) Survivor regions: 3->3(77)
[2024-04-24T06:24:27.922+0000][gc,heap     ] GC(89) Old regions: 32->33
[2024-04-24T06:24:27.922+0000][gc,heap     ] GC(89) Archive regions: 2->2
[2024-04-24T06:24:27.922+0000][gc,heap     ] GC(89) Humongous regions: 129->129
[2024-04-24T06:24:27.922+0000][gc,metaspace] GC(89) Metaspace: 42981K(43584K)->42981K(43584K) NonClass: 37959K(38336K)->37959K(38336K) Class: 5022K(5248K)->5022K(5248K)
[2024-04-24T06:24:27.922+0000][gc          ] GC(89) Pause Young (Normal) (G1 Evacuation Pause) 775M->164M(1024M) 2.925ms
[2024-04-24T06:24:27.922+0000][gc,cpu      ] GC(89) User=0.02s Sys=0.00s Real=0.00s
[2024-04-24T06:24:28.959+0000][gc,start    ] GC(90) Pause Young (Normal) (G1 Evacuation Pause)
[2024-04-24T06:24:28.959+0000][gc,task     ] GC(90) Using 8 workers of 8 for evacuation
[2024-04-24T06:24:28.962+0000][gc,phases   ] GC(90)   Pre Evacuate Collection Set: 0.1ms
[2024-04-24T06:24:28.962+0000][gc,phases   ] GC(90)   Merge Heap Roots: 0.1ms
[2024-04-24T06:24:28.962+0000][gc,phases   ] GC(90)   Evacuate Collection Set: 2.0ms
[2024-04-24T06:24:28.962+0000][gc,phases   ] GC(90)   Post Evacuate Collection Set: 0.4ms
[2024-04-24T06:24:28.962+0000][gc,phases   ] GC(90)   Other: 0.1ms
[2024-04-24T06:24:28.962+0000][gc,heap     ] GC(90) Eden regions: 611->0(611)
[2024-04-24T06:24:28.962+0000][gc,heap     ] GC(90) Survivor regions: 3->3(77)
[2024-04-24T06:24:28.962+0000][gc,heap     ] GC(90) Old regions: 33->33
[2024-04-24T06:24:28.962+0000][gc,heap     ] GC(90) Archive regions: 2->2
[2024-04-24T06:24:28.962+0000][gc,heap     ] GC(90) Humongous regions: 129->129
[2024-04-24T06:24:28.962+0000][gc,metaspace] GC(90) Metaspace: 42982K(43584K)->42982K(43584K) NonClass: 37960K(38336K)->37960K(38336K) Class: 5022K(5248K)->5022K(5248K)
[2024-04-24T06:24:28.962+0000][gc          ] GC(90) Pause Young (Normal) (G1 Evacuation Pause) 775M->164M(1024M) 2.724ms
[2024-04-24T06:24:28.962+0000][gc,cpu      ] GC(90) User=0.02s Sys=0.00s Real=0.00s
[2024-04-24T06:24:29.979+0000][gc,start    ] GC(91) Pause Young (Normal) (G1 Evacuation Pause)
[2024-04-24T06:24:29.979+0000][gc,task     ] GC(91) Using 8 workers of 8 for evacuation
[2024-04-24T06:24:29.982+0000][gc,phases   ] GC(91)   Pre Evacuate Collection Set: 0.1ms
[2024-04-24T06:24:29.982+0000][gc,phases   ] GC(91)   Merge Heap Roots: 0.1ms
[2024-04-24T06:24:29.982+0000][gc,phases   ] GC(91)   Evacuate Collection Set: 2.1ms
[2024-04-24T06:24:29.982+0000][gc,phases   ] GC(91)   Post Evacuate Collection Set: 0.4ms
[2024-04-24T06:24:29.982+0000][gc,phases   ] GC(91)   Other: 0.1ms
[2024-04-24T06:24:29.982+0000][gc,heap     ] GC(91) Eden regions: 611->0(611)
[2024-04-24T06:24:29.982+0000][gc,heap     ] GC(91) Survivor regions: 3->3(77)
[2024-04-24T06:24:29.982+0000][gc,heap     ] GC(91) Old regions: 33->33
[2024-04-24T06:24:29.982+0000][gc,heap     ] GC(91) Archive regions: 2->2
[2024-04-24T06:24:29.982+0000][gc,heap     ] GC(91) Humongous regions: 129->129
[2024-04-24T06:24:29.982+0000][gc,metaspace] GC(91) Metaspace: 42982K(43584K)->42982K(43584K) NonClass: 37960K(38336K)->37960K(38336K) Class: 5022K(5248K)->5022K(5248K)
[2024-04-24T06:24:29.982+0000][gc          ] GC(91) Pause Young (Normal) (G1 Evacuation Pause) 775M->164M(1024M) 2.913ms
[2024-04-24T06:24:29.982+0000][gc,cpu      ] GC(91) User=0.02s Sys=0.00s Real=0.00s
[2024-04-24T06:24:31.078+0000][gc,start    ] GC(92) Pause Young (Normal) (G1 Evacuation Pause)
[2024-04-24T06:24:31.078+0000][gc,task     ] GC(92) Using 8 workers of 8 for evacuation
[2024-04-24T06:24:31.081+0000][gc,phases   ] GC(92)   Pre Evacuate Collection Set: 0.1ms
[2024-04-24T06:24:31.081+0000][gc,phases   ] GC(92)   Merge Heap Roots: 0.1ms
[2024-04-24T06:24:31.081+0000][gc,phases   ] GC(92)   Evacuate Collection Set: 2.0ms
[2024-04-24T06:24:31.081+0000][gc,phases   ] GC(92)   Post Evacuate Collection Set: 0.5ms
[2024-04-24T06:24:31.081+0000][gc,phases   ] GC(92)   Other: 0.1ms
[2024-04-24T06:24:31.081+0000][gc,heap     ] GC(92) Eden regions: 611->0(611)
[2024-04-24T06:24:31.081+0000][gc,heap     ] GC(92) Survivor regions: 3->3(77)
[2024-04-24T06:24:31.081+0000][gc,heap     ] GC(92) Old regions: 33->33
[2024-04-24T06:24:31.081+0000][gc,heap     ] GC(92) Archive regions: 2->2
[2024-04-24T06:24:31.081+0000][gc,heap     ] GC(92) Humongous regions: 129->129
[2024-04-24T06:24:31.081+0000][gc,metaspace] GC(92) Metaspace: 42983K(43584K)->42983K(43584K) NonClass: 37961K(38336K)->37961K(38336K) Class: 5022K(5248K)->5022K(5248K)
[2024-04-24T06:24:31.081+0000][gc          ] GC(92) Pause Young (Normal) (G1 Evacuation Pause) 775M->164M(1024M) 2.906ms
[2024-04-24T06:24:31.081+0000][gc,cpu      ] GC(92) User=0.02s Sys=0.00s Real=0.00s
[2024-04-24T06:24:32.182+0000][gc,start    ] GC(93) Pause Young (Normal) (G1 Evacuation Pause)
[2024-04-24T06:24:32.182+0000][gc,task     ] GC(93) Using 8 workers of 8 for evacuation
[2024-04-24T06:24:32.185+0000][gc,phases   ] GC(93)   Pre Evacuate Collection Set: 0.1ms
[2024-04-24T06:24:32.185+0000][gc,phases   ] GC(93)   Merge Heap Roots: 0.1ms
[2024-04-24T06:24:32.185+0000][gc,phases   ] GC(93)   Evacuate Collection Set: 2.1ms
[2024-04-24T06:24:32.185+0000][gc,phases   ] GC(93)   Post Evacuate Collection Set: 0.4ms
[2024-04-24T06:24:32.185+0000][gc,phases   ] GC(93)   Other: 0.1ms
[2024-04-24T06:24:32.185+0000][gc,heap     ] GC(93) Eden regions: 611->0(612)
[2024-04-24T06:24:32.185+0000][gc,heap     ] GC(93) Survivor regions: 3->2(77)
[2024-04-24T06:24:32.185+0000][gc,heap     ] GC(93) Old regions: 33->33
[2024-04-24T06:24:32.185+0000][gc,heap     ] GC(93) Archive regions: 2->2
[2024-04-24T06:24:32.185+0000][gc,heap     ] GC(93) Humongous regions: 129->129
[2024-04-24T06:24:32.185+0000][gc,metaspace] GC(93) Metaspace: 42984K(43584K)->42984K(43584K) NonClass: 37961K(38336K)->37961K(38336K) Class: 5022K(5248K)->5022K(5248K)
[2024-04-24T06:24:32.185+0000][gc          ] GC(93) Pause Young (Normal) (G1 Evacuation Pause) 775M->164M(1024M) 2.876ms
[2024-04-24T06:24:32.185+0000][gc,cpu      ] GC(93) User=0.01s Sys=0.00s Real=0.01s
[2024-04-24T06:24:33.284+0000][gc,start    ] GC(94) Pause Young (Normal) (G1 Evacuation Pause)
[2024-04-24T06:24:33.284+0000][gc,task     ] GC(94) Using 8 workers of 8 for evacuation
[2024-04-24T06:24:33.288+0000][gc,phases   ] GC(94)   Pre Evacuate Collection Set: 0.1ms
[2024-04-24T06:24:33.288+0000][gc,phases   ] GC(94)   Merge Heap Roots: 0.1ms
[2024-04-24T06:24:33.288+0000][gc,phases   ] GC(94)   Evacuate Collection Set: 3.1ms
[2024-04-24T06:24:33.288+0000][gc,phases   ] GC(94)   Post Evacuate Collection Set: 0.4ms
[2024-04-24T06:24:33.288+0000][gc,phases   ] GC(94)   Other: 0.3ms
[2024-04-24T06:24:33.288+0000][gc,heap     ] GC(94) Eden regions: 612->0(612)
[2024-04-24T06:24:33.288+0000][gc,heap     ] GC(94) Survivor regions: 2->2(77)
[2024-04-24T06:24:33.288+0000][gc,heap     ] GC(94) Old regions: 33->33
[2024-04-24T06:24:33.288+0000][gc,heap     ] GC(94) Archive regions: 2->2
[2024-04-24T06:24:33.288+0000][gc,heap     ] GC(94) Humongous regions: 129->129
[2024-04-24T06:24:33.288+0000][gc,metaspace] GC(94) Metaspace: 42984K(43584K)->42984K(43584K) NonClass: 37961K(38336K)->37961K(38336K) Class: 5022K(5248K)->5022K(5248K)
[2024-04-24T06:24:33.288+0000][gc          ] GC(94) Pause Young (Normal) (G1 Evacuation Pause) 776M->164M(1024M) 4.081ms
[2024-04-24T06:24:33.288+0000][gc,cpu      ] GC(94) User=0.01s Sys=0.00s Real=0.01s
[2024-04-24T06:24:34.329+0000][gc,start    ] GC(95) Pause Young (Normal) (G1 Evacuation Pause)
[2024-04-24T06:24:34.329+0000][gc,task     ] GC(95) Using 8 workers of 8 for evacuation
[2024-04-24T06:24:34.331+0000][gc,phases   ] GC(95)   Pre Evacuate Collection Set: 0.1ms
[2024-04-24T06:24:34.331+0000][gc,phases   ] GC(95)   Merge Heap Roots: 0.1ms
[2024-04-24T06:24:34.331+0000][gc,phases   ] GC(95)   Evacuate Collection Set: 2.0ms
[2024-04-24T06:24:34.331+0000][gc,phases   ] GC(95)   Post Evacuate Collection Set: 0.4ms
[2024-04-24T06:24:34.331+0000][gc,phases   ] GC(95)   Other: 0.1ms
[2024-04-24T06:24:34.331+0000][gc,heap     ] GC(95) Eden regions: 612->0(612)
[2024-04-24T06:24:34.331+0000][gc,heap     ] GC(95) Survivor regions: 2->2(77)
[2024-04-24T06:24:34.331+0000][gc,heap     ] GC(95) Old regions: 33->34
[2024-04-24T06:24:34.331+0000][gc,heap     ] GC(95) Archive regions: 2->2
[2024-04-24T06:24:34.331+0000][gc,heap     ] GC(95) Humongous regions: 129->129
[2024-04-24T06:24:34.331+0000][gc,metaspace] GC(95) Metaspace: 42984K(43584K)->42984K(43584K) NonClass: 37961K(38336K)->37961K(38336K) Class: 5022K(5248K)->5022K(5248K)
[2024-04-24T06:24:34.331+0000][gc          ] GC(95) Pause Young (Normal) (G1 Evacuation Pause) 776M->165M(1024M) 2.768ms
[2024-04-24T06:24:34.331+0000][gc,cpu      ] GC(95) User=0.01s Sys=0.00s Real=0.00s
[2024-04-24T06:24:35.355+0000][gc,start    ] GC(96) Pause Young (Normal) (G1 Evacuation Pause)
[2024-04-24T06:24:35.355+0000][gc,task     ] GC(96) Using 8 workers of 8 for evacuation
[2024-04-24T06:24:35.359+0000][gc,phases   ] GC(96)   Pre Evacuate Collection Set: 0.1ms
[2024-04-24T06:24:35.359+0000][gc,phases   ] GC(96)   Merge Heap Roots: 0.1ms
[2024-04-24T06:24:35.359+0000][gc,phases   ] GC(96)   Evacuate Collection Set: 2.5ms
[2024-04-24T06:24:35.359+0000][gc,phases   ] GC(96)   Post Evacuate Collection Set: 0.4ms
[2024-04-24T06:24:35.359+0000][gc,phases   ] GC(96)   Other: 0.1ms
[2024-04-24T06:24:35.359+0000][gc,heap     ] GC(96) Eden regions: 612->0(612)
[2024-04-24T06:24:35.359+0000][gc,heap     ] GC(96) Survivor regions: 2->2(77)
[2024-04-24T06:24:35.359+0000][gc,heap     ] GC(96) Old regions: 34->34
[2024-04-24T06:24:35.359+0000][gc,heap     ] GC(96) Archive regions: 2->2
[2024-04-24T06:24:35.359+0000][gc,heap     ] GC(96) Humongous regions: 129->129
[2024-04-24T06:24:35.359+0000][gc,metaspace] GC(96) Metaspace: 42985K(43584K)->42985K(43584K) NonClass: 37963K(38336K)->37963K(38336K) Class: 5022K(5248K)->5022K(5248K)
[2024-04-24T06:24:35.359+0000][gc          ] GC(96) Pause Young (Normal) (G1 Evacuation Pause) 777M->165M(1024M) 3.245ms
[2024-04-24T06:24:35.359+0000][gc,cpu      ] GC(96) User=0.02s Sys=0.00s Real=0.00s
[2024-04-24T06:24:36.377+0000][gc,start    ] GC(97) Pause Young (Normal) (G1 Evacuation Pause)
[2024-04-24T06:24:36.377+0000][gc,task     ] GC(97) Using 8 workers of 8 for evacuation
[2024-04-24T06:24:36.380+0000][gc,phases   ] GC(97)   Pre Evacuate Collection Set: 0.1ms
[2024-04-24T06:24:36.380+0000][gc,phases   ] GC(97)   Merge Heap Roots: 0.1ms
[2024-04-24T06:24:36.380+0000][gc,phases   ] GC(97)   Evacuate Collection Set: 1.9ms
[2024-04-24T06:24:36.380+0000][gc,phases   ] GC(97)   Post Evacuate Collection Set: 0.4ms
[2024-04-24T06:24:36.380+0000][gc,phases   ] GC(97)   Other: 0.1ms
[2024-04-24T06:24:36.380+0000][gc,heap     ] GC(97) Eden regions: 612->0(612)
[2024-04-24T06:24:36.380+0000][gc,heap     ] GC(97) Survivor regions: 2->2(77)
[2024-04-24T06:24:36.380+0000][gc,heap     ] GC(97) Old regions: 34->34
[2024-04-24T06:24:36.380+0000][gc,heap     ] GC(97) Archive regions: 2->2
[2024-04-24T06:24:36.380+0000][gc,heap     ] GC(97) Humongous regions: 129->129
[2024-04-24T06:24:36.380+0000][gc,metaspace] GC(97) Metaspace: 42985K(43584K)->42985K(43584K) NonClass: 37963K(38336K)->37963K(38336K) Class: 5022K(5248K)->5022K(5248K)
[2024-04-24T06:24:36.380+0000][gc          ] GC(97) Pause Young (Normal) (G1 Evacuation Pause) 777M->165M(1024M) 2.698ms
[2024-04-24T06:24:36.380+0000][gc,cpu      ] GC(97) User=0.01s Sys=0.01s Real=0.00s
[2024-04-24T06:24:37.428+0000][gc,start    ] GC(98) Pause Young (Normal) (G1 Evacuation Pause)
[2024-04-24T06:24:37.428+0000][gc,task     ] GC(98) Using 8 workers of 8 for evacuation
[2024-04-24T06:24:37.430+0000][gc,phases   ] GC(98)   Pre Evacuate Collection Set: 0.1ms
[2024-04-24T06:24:37.430+0000][gc,phases   ] GC(98)   Merge Heap Roots: 0.1ms
[2024-04-24T06:24:37.430+0000][gc,phases   ] GC(98)   Evacuate Collection Set: 2.1ms
[2024-04-24T06:24:37.430+0000][gc,phases   ] GC(98)   Post Evacuate Collection Set: 0.4ms
[2024-04-24T06:24:37.430+0000][gc,phases   ] GC(98)   Other: 0.1ms
[2024-04-24T06:24:37.430+0000][gc,heap     ] GC(98) Eden regions: 612->0(612)
[2024-04-24T06:24:37.430+0000][gc,heap     ] GC(98) Survivor regions: 2->2(77)
[2024-04-24T06:24:37.430+0000][gc,heap     ] GC(98) Old regions: 34->34
[2024-04-24T06:24:37.430+0000][gc,heap     ] GC(98) Archive regions: 2->2
[2024-04-24T06:24:37.430+0000][gc,heap     ] GC(98) Humongous regions: 129->129
[2024-04-24T06:24:37.430+0000][gc,metaspace] GC(98) Metaspace: 42985K(43584K)->42985K(43584K) NonClass: 37963K(38336K)->37963K(38336K) Class: 5022K(5248K)->5022K(5248K)
[2024-04-24T06:24:37.430+0000][gc          ] GC(98) Pause Young (Normal) (G1 Evacuation Pause) 777M->165M(1024M) 2.873ms
[2024-04-24T06:24:37.430+0000][gc,cpu      ] GC(98) User=0.02s Sys=0.00s Real=0.00s
[2024-04-24T06:24:38.448+0000][gc,start    ] GC(99) Pause Young (Normal) (G1 Evacuation Pause)
[2024-04-24T06:24:38.448+0000][gc,task     ] GC(99) Using 8 workers of 8 for evacuation
[2024-04-24T06:24:38.451+0000][gc,phases   ] GC(99)   Pre Evacuate Collection Set: 0.1ms
[2024-04-24T06:24:38.451+0000][gc,phases   ] GC(99)   Merge Heap Roots: 0.1ms
[2024-04-24T06:24:38.451+0000][gc,phases   ] GC(99)   Evacuate Collection Set: 2.2ms
[2024-04-24T06:24:38.451+0000][gc,phases   ] GC(99)   Post Evacuate Collection Set: 0.4ms
[2024-04-24T06:24:38.451+0000][gc,phases   ] GC(99)   Other: 0.1ms
[2024-04-24T06:24:38.451+0000][gc,heap     ] GC(99) Eden regions: 612->0(612)
[2024-04-24T06:24:38.451+0000][gc,heap     ] GC(99) Survivor regions: 2->2(77)
[2024-04-24T06:24:38.451+0000][gc,heap     ] GC(99) Old regions: 34->34
[2024-04-24T06:24:38.451+0000][gc,heap     ] GC(99) Archive regions: 2->2
[2024-04-24T06:24:38.451+0000][gc,heap     ] GC(99) Humongous regions: 129->129
[2024-04-24T06:24:38.451+0000][gc,metaspace] GC(99) Metaspace: 42985K(43584K)->42985K(43584K) NonClass: 37963K(38336K)->37963K(38336K) Class: 5022K(5248K)->5022K(5248K)
[2024-04-24T06:24:38.451+0000][gc          ] GC(99) Pause Young (Normal) (G1 Evacuation Pause) 777M->165M(1024M) 3.022ms
[2024-04-24T06:24:38.451+0000][gc,cpu      ] GC(99) User=0.01s Sys=0.00s Real=0.00s
[2024-04-24T06:24:39.489+0000][gc,start    ] GC(100) Pause Young (Normal) (G1 Evacuation Pause)
[2024-04-24T06:24:39.489+0000][gc,task     ] GC(100) Using 8 workers of 8 for evacuation
[2024-04-24T06:24:39.492+0000][gc,phases   ] GC(100)   Pre Evacuate Collection Set: 0.1ms
[2024-04-24T06:24:39.492+0000][gc,phases   ] GC(100)   Merge Heap Roots: 0.1ms
[2024-04-24T06:24:39.492+0000][gc,phases   ] GC(100)   Evacuate Collection Set: 2.0ms
[2024-04-24T06:24:39.492+0000][gc,phases   ] GC(100)   Post Evacuate Collection Set: 0.4ms
[2024-04-24T06:24:39.492+0000][gc,phases   ] GC(100)   Other: 0.1ms
[2024-04-24T06:24:39.492+0000][gc,heap     ] GC(100) Eden regions: 612->0(612)
[2024-04-24T06:24:39.492+0000][gc,heap     ] GC(100) Survivor regions: 2->2(77)
[2024-04-24T06:24:39.492+0000][gc,heap     ] GC(100) Old regions: 34->34
[2024-04-24T06:24:39.492+0000][gc,heap     ] GC(100) Archive regions: 2->2
[2024-04-24T06:24:39.492+0000][gc,heap     ] GC(100) Humongous regions: 129->129
[2024-04-24T06:24:39.492+0000][gc,metaspace] GC(100) Metaspace: 42985K(43584K)->42985K(43584K) NonClass: 37963K(38336K)->37963K(38336K) Class: 5022K(5248K)->5022K(5248K)
[2024-04-24T06:24:39.492+0000][gc          ] GC(100) Pause Young (Normal) (G1 Evacuation Pause) 777M->165M(1024M) 2.779ms
[2024-04-24T06:24:39.492+0000][gc,cpu      ] GC(100) User=0.01s Sys=0.01s Real=0.01s
[2024-04-24T06:24:40.518+0000][gc,start    ] GC(101) Pause Young (Normal) (G1 Evacuation Pause)
[2024-04-24T06:24:40.518+0000][gc,task     ] GC(101) Using 8 workers of 8 for evacuation
[2024-04-24T06:24:40.521+0000][gc,phases   ] GC(101)   Pre Evacuate Collection Set: 0.1ms
[2024-04-24T06:24:40.521+0000][gc,phases   ] GC(101)   Merge Heap Roots: 0.1ms
[2024-04-24T06:24:40.521+0000][gc,phases   ] GC(101)   Evacuate Collection Set: 1.8ms
[2024-04-24T06:24:40.521+0000][gc,phases   ] GC(101)   Post Evacuate Collection Set: 0.4ms
[2024-04-24T06:24:40.521+0000][gc,phases   ] GC(101)   Other: 0.1ms
[2024-04-24T06:24:40.521+0000][gc,heap     ] GC(101) Eden regions: 612->0(612)
[2024-04-24T06:24:40.521+0000][gc,heap     ] GC(101) Survivor regions: 2->2(77)
[2024-04-24T06:24:40.521+0000][gc,heap     ] GC(101) Old regions: 34->35
[2024-04-24T06:24:40.521+0000][gc,heap     ] GC(101) Archive regions: 2->2
[2024-04-24T06:24:40.521+0000][gc,heap     ] GC(101) Humongous regions: 129->129
[2024-04-24T06:24:40.521+0000][gc,metaspace] GC(101) Metaspace: 42986K(43584K)->42986K(43584K) NonClass: 37964K(38336K)->37964K(38336K) Class: 5022K(5248K)->5022K(5248K)
[2024-04-24T06:24:40.521+0000][gc          ] GC(101) Pause Young (Normal) (G1 Evacuation Pause) 777M->165M(1024M) 2.616ms
[2024-04-24T06:24:40.521+0000][gc,cpu      ] GC(101) User=0.01s Sys=0.00s Real=0.00s
[2024-04-24T06:24:41.539+0000][gc,start    ] GC(102) Pause Young (Normal) (G1 Evacuation Pause)
[2024-04-24T06:24:41.539+0000][gc,task     ] GC(102) Using 8 workers of 8 for evacuation
[2024-04-24T06:24:41.541+0000][gc,phases   ] GC(102)   Pre Evacuate Collection Set: 0.1ms
[2024-04-24T06:24:41.541+0000][gc,phases   ] GC(102)   Merge Heap Roots: 0.1ms
[2024-04-24T06:24:41.541+0000][gc,phases   ] GC(102)   Evacuate Collection Set: 1.8ms
[2024-04-24T06:24:41.541+0000][gc,phases   ] GC(102)   Post Evacuate Collection Set: 0.4ms
[2024-04-24T06:24:41.541+0000][gc,phases   ] GC(102)   Other: 0.1ms
[2024-04-24T06:24:41.541+0000][gc,heap     ] GC(102) Eden regions: 612->0(612)
[2024-04-24T06:24:41.541+0000][gc,heap     ] GC(102) Survivor regions: 2->2(77)
[2024-04-24T06:24:41.541+0000][gc,heap     ] GC(102) Old regions: 35->35
[2024-04-24T06:24:41.541+0000][gc,heap     ] GC(102) Archive regions: 2->2
[2024-04-24T06:24:41.541+0000][gc,heap     ] GC(102) Humongous regions: 129->129
[2024-04-24T06:24:41.541+0000][gc,metaspace] GC(102) Metaspace: 42988K(43584K)->42988K(43584K) NonClass: 37966K(38336K)->37966K(38336K) Class: 5022K(5248K)->5022K(5248K)
[2024-04-24T06:24:41.541+0000][gc          ] GC(102) Pause Young (Normal) (G1 Evacuation Pause) 777M->165M(1024M) 2.551ms
[2024-04-24T06:24:41.541+0000][gc,cpu      ] GC(102) User=0.02s Sys=0.00s Real=0.00s
[2024-04-24T06:24:42.562+0000][gc,start    ] GC(103) Pause Young (Normal) (G1 Evacuation Pause)
[2024-04-24T06:24:42.562+0000][gc,task     ] GC(103) Using 8 workers of 8 for evacuation
[2024-04-24T06:24:42.564+0000][gc,phases   ] GC(103)   Pre Evacuate Collection Set: 0.1ms
[2024-04-24T06:24:42.564+0000][gc,phases   ] GC(103)   Merge Heap Roots: 0.1ms
[2024-04-24T06:24:42.564+0000][gc,phases   ] GC(103)   Evacuate Collection Set: 1.9ms
[2024-04-24T06:24:42.564+0000][gc,phases   ] GC(103)   Post Evacuate Collection Set: 0.4ms
[2024-04-24T06:24:42.564+0000][gc,phases   ] GC(103)   Other: 0.1ms
[2024-04-24T06:24:42.564+0000][gc,heap     ] GC(103) Eden regions: 612->0(612)
[2024-04-24T06:24:42.564+0000][gc,heap     ] GC(103) Survivor regions: 2->2(77)
[2024-04-24T06:24:42.564+0000][gc,heap     ] GC(103) Old regions: 35->35
[2024-04-24T06:24:42.564+0000][gc,heap     ] GC(103) Archive regions: 2->2
[2024-04-24T06:24:42.564+0000][gc,heap     ] GC(103) Humongous regions: 129->129
[2024-04-24T06:24:42.564+0000][gc,metaspace] GC(103) Metaspace: 42991K(43584K)->42991K(43584K) NonClass: 37968K(38336K)->37968K(38336K) Class: 5022K(5248K)->5022K(5248K)
[2024-04-24T06:24:42.564+0000][gc          ] GC(103) Pause Young (Normal) (G1 Evacuation Pause) 777M->165M(1024M) 2.679ms
[2024-04-24T06:24:42.564+0000][gc,cpu      ] GC(103) User=0.01s Sys=0.01s Real=0.01s
[2024-04-24T06:24:43.607+0000][gc,start    ] GC(104) Pause Young (Normal) (G1 Evacuation Pause)
[2024-04-24T06:24:43.607+0000][gc,task     ] GC(104) Using 8 workers of 8 for evacuation
[2024-04-24T06:24:43.610+0000][gc,phases   ] GC(104)   Pre Evacuate Collection Set: 0.1ms
[2024-04-24T06:24:43.610+0000][gc,phases   ] GC(104)   Merge Heap Roots: 0.1ms
[2024-04-24T06:24:43.610+0000][gc,phases   ] GC(104)   Evacuate Collection Set: 2.7ms
[2024-04-24T06:24:43.610+0000][gc,phases   ] GC(104)   Post Evacuate Collection Set: 0.4ms
[2024-04-24T06:24:43.610+0000][gc,phases   ] GC(104)   Other: 0.1ms
[2024-04-24T06:24:43.610+0000][gc,heap     ] GC(104) Eden regions: 612->0(612)
[2024-04-24T06:24:43.610+0000][gc,heap     ] GC(104) Survivor regions: 2->2(77)
[2024-04-24T06:24:43.610+0000][gc,heap     ] GC(104) Old regions: 35->35
[2024-04-24T06:24:43.610+0000][gc,heap     ] GC(104) Archive regions: 2->2
[2024-04-24T06:24:43.610+0000][gc,heap     ] GC(104) Humongous regions: 129->129
[2024-04-24T06:24:43.610+0000][gc,metaspace] GC(104) Metaspace: 42991K(43584K)->42991K(43584K) NonClass: 37968K(38336K)->37968K(38336K) Class: 5022K(5248K)->5022K(5248K)
[2024-04-24T06:24:43.610+0000][gc          ] GC(104) Pause Young (Normal) (G1 Evacuation Pause) 777M->165M(1024M) 3.509ms
[2024-04-24T06:24:43.610+0000][gc,cpu      ] GC(104) User=0.02s Sys=0.00s Real=0.00s
[2024-04-24T06:24:44.641+0000][gc,start    ] GC(105) Pause Young (Normal) (G1 Evacuation Pause)
[2024-04-24T06:24:44.641+0000][gc,task     ] GC(105) Using 8 workers of 8 for evacuation
[2024-04-24T06:24:44.643+0000][gc,phases   ] GC(105)   Pre Evacuate Collection Set: 0.1ms
[2024-04-24T06:24:44.643+0000][gc,phases   ] GC(105)   Merge Heap Roots: 0.1ms
[2024-04-24T06:24:44.643+0000][gc,phases   ] GC(105)   Evacuate Collection Set: 1.8ms
[2024-04-24T06:24:44.643+0000][gc,phases   ] GC(105)   Post Evacuate Collection Set: 0.4ms
[2024-04-24T06:24:44.643+0000][gc,phases   ] GC(105)   Other: 0.1ms
[2024-04-24T06:24:44.643+0000][gc,heap     ] GC(105) Eden regions: 612->0(612)
[2024-04-24T06:24:44.643+0000][gc,heap     ] GC(105) Survivor regions: 2->2(77)
[2024-04-24T06:24:44.643+0000][gc,heap     ] GC(105) Old regions: 35->35
[2024-04-24T06:24:44.643+0000][gc,heap     ] GC(105) Archive regions: 2->2
[2024-04-24T06:24:44.643+0000][gc,heap     ] GC(105) Humongous regions: 129->129
[2024-04-24T06:24:44.643+0000][gc,metaspace] GC(105) Metaspace: 42991K(43584K)->42991K(43584K) NonClass: 37968K(38336K)->37968K(38336K) Class: 5022K(5248K)->5022K(5248K)
[2024-04-24T06:24:44.643+0000][gc          ] GC(105) Pause Young (Normal) (G1 Evacuation Pause) 777M->166M(1024M) 2.540ms
[2024-04-24T06:24:44.643+0000][gc,cpu      ] GC(105) User=0.01s Sys=0.00s Real=0.00s
[2024-04-24T06:24:45.667+0000][gc,start    ] GC(106) Pause Young (Normal) (G1 Evacuation Pause)
[2024-04-24T06:24:45.667+0000][gc,task     ] GC(106) Using 8 workers of 8 for evacuation
[2024-04-24T06:24:45.670+0000][gc,phases   ] GC(106)   Pre Evacuate Collection Set: 0.1ms
[2024-04-24T06:24:45.670+0000][gc,phases   ] GC(106)   Merge Heap Roots: 0.1ms
[2024-04-24T06:24:45.670+0000][gc,phases   ] GC(106)   Evacuate Collection Set: 1.8ms
[2024-04-24T06:24:45.670+0000][gc,phases   ] GC(106)   Post Evacuate Collection Set: 0.4ms
[2024-04-24T06:24:45.670+0000][gc,phases   ] GC(106)   Other: 0.1ms
[2024-04-24T06:24:45.670+0000][gc,heap     ] GC(106) Eden regions: 612->0(612)
[2024-04-24T06:24:45.670+0000][gc,heap     ] GC(106) Survivor regions: 2->2(77)
[2024-04-24T06:24:45.670+0000][gc,heap     ] GC(106) Old regions: 35->35
[2024-04-24T06:24:45.670+0000][gc,heap     ] GC(106) Archive regions: 2->2
[2024-04-24T06:24:45.670+0000][gc,heap     ] GC(106) Humongous regions: 129->129
[2024-04-24T06:24:45.670+0000][gc,metaspace] GC(106) Metaspace: 42993K(43584K)->42993K(43584K) NonClass: 37970K(38336K)->37970K(38336K) Class: 5022K(5248K)->5022K(5248K)
[2024-04-24T06:24:45.670+0000][gc          ] GC(106) Pause Young (Normal) (G1 Evacuation Pause) 778M->166M(1024M) 2.529ms
[2024-04-24T06:24:45.670+0000][gc,cpu      ] GC(106) User=0.02s Sys=0.00s Real=0.00s
[2024-04-24T06:24:46.700+0000][gc,start    ] GC(107) Pause Young (Normal) (G1 Evacuation Pause)
[2024-04-24T06:24:46.700+0000][gc,task     ] GC(107) Using 8 workers of 8 for evacuation
[2024-04-24T06:24:46.703+0000][gc,phases   ] GC(107)   Pre Evacuate Collection Set: 0.1ms
[2024-04-24T06:24:46.703+0000][gc,phases   ] GC(107)   Merge Heap Roots: 0.1ms
[2024-04-24T06:24:46.703+0000][gc,phases   ] GC(107)   Evacuate Collection Set: 1.9ms
[2024-04-24T06:24:46.703+0000][gc,phases   ] GC(107)   Post Evacuate Collection Set: 0.4ms
[2024-04-24T06:24:46.703+0000][gc,phases   ] GC(107)   Other: 0.1ms
[2024-04-24T06:24:46.703+0000][gc,heap     ] GC(107) Eden regions: 612->0(612)
[2024-04-24T06:24:46.703+0000][gc,heap     ] GC(107) Survivor regions: 2->2(77)
[2024-04-24T06:24:46.703+0000][gc,heap     ] GC(107) Old regions: 35->35
[2024-04-24T06:24:46.703+0000][gc,heap     ] GC(107) Archive regions: 2->2
[2024-04-24T06:24:46.703+0000][gc,heap     ] GC(107) Humongous regions: 129->129
[2024-04-24T06:24:46.703+0000][gc,metaspace] GC(107) Metaspace: 42993K(43584K)->42993K(43584K) NonClass: 37971K(38336K)->37971K(38336K) Class: 5022K(5248K)->5022K(5248K)
[2024-04-24T06:24:46.703+0000][gc          ] GC(107) Pause Young (Normal) (G1 Evacuation Pause) 778M->166M(1024M) 2.643ms
[2024-04-24T06:24:46.703+0000][gc,cpu      ] GC(107) User=0.01s Sys=0.01s Real=0.00s
[2024-04-24T06:24:47.736+0000][gc,start    ] GC(108) Pause Young (Normal) (G1 Evacuation Pause)
[2024-04-24T06:24:47.736+0000][gc,task     ] GC(108) Using 8 workers of 8 for evacuation
[2024-04-24T06:24:47.738+0000][gc,phases   ] GC(108)   Pre Evacuate Collection Set: 0.1ms
[2024-04-24T06:24:47.738+0000][gc,phases   ] GC(108)   Merge Heap Roots: 0.1ms
[2024-04-24T06:24:47.738+0000][gc,phases   ] GC(108)   Evacuate Collection Set: 1.9ms
[2024-04-24T06:24:47.738+0000][gc,phases   ] GC(108)   Post Evacuate Collection Set: 0.4ms
[2024-04-24T06:24:47.738+0000][gc,phases   ] GC(108)   Other: 0.1ms
[2024-04-24T06:24:47.738+0000][gc,heap     ] GC(108) Eden regions: 612->0(612)
[2024-04-24T06:24:47.738+0000][gc,heap     ] GC(108) Survivor regions: 2->2(77)
[2024-04-24T06:24:47.738+0000][gc,heap     ] GC(108) Old regions: 35->35
[2024-04-24T06:24:47.738+0000][gc,heap     ] GC(108) Archive regions: 2->2
[2024-04-24T06:24:47.738+0000][gc,heap     ] GC(108) Humongous regions: 129->129
[2024-04-24T06:24:47.738+0000][gc,metaspace] GC(108) Metaspace: 42998K(43584K)->42998K(43584K) NonClass: 37975K(38336K)->37975K(38336K) Class: 5022K(5248K)->5022K(5248K)
[2024-04-24T06:24:47.738+0000][gc          ] GC(108) Pause Young (Normal) (G1 Evacuation Pause) 778M->166M(1024M) 2.733ms
[2024-04-24T06:24:47.738+0000][gc,cpu      ] GC(108) User=0.01s Sys=0.00s Real=0.00s
[2024-04-24T06:24:48.811+0000][gc,start    ] GC(109) Pause Young (Normal) (G1 Evacuation Pause)
[2024-04-24T06:24:48.811+0000][gc,task     ] GC(109) Using 8 workers of 8 for evacuation
[2024-04-24T06:24:48.814+0000][gc,phases   ] GC(109)   Pre Evacuate Collection Set: 0.1ms
[2024-04-24T06:24:48.814+0000][gc,phases   ] GC(109)   Merge Heap Roots: 0.1ms
[2024-04-24T06:24:48.814+0000][gc,phases   ] GC(109)   Evacuate Collection Set: 1.8ms
[2024-04-24T06:24:48.814+0000][gc,phases   ] GC(109)   Post Evacuate Collection Set: 0.4ms
[2024-04-24T06:24:48.814+0000][gc,phases   ] GC(109)   Other: 0.1ms
[2024-04-24T06:24:48.814+0000][gc,heap     ] GC(109) Eden regions: 612->0(612)
[2024-04-24T06:24:48.814+0000][gc,heap     ] GC(109) Survivor regions: 2->2(77)
[2024-04-24T06:24:48.814+0000][gc,heap     ] GC(109) Old regions: 35->35
[2024-04-24T06:24:48.814+0000][gc,heap     ] GC(109) Archive regions: 2->2
[2024-04-24T06:24:48.814+0000][gc,heap     ] GC(109) Humongous regions: 129->129
[2024-04-24T06:24:48.814+0000][gc,metaspace] GC(109) Metaspace: 42998K(43584K)->42998K(43584K) NonClass: 37975K(38336K)->37975K(38336K) Class: 5022K(5248K)->5022K(5248K)
[2024-04-24T06:24:48.814+0000][gc          ] GC(109) Pause Young (Normal) (G1 Evacuation Pause) 778M->166M(1024M) 2.549ms
[2024-04-24T06:24:48.814+0000][gc,cpu      ] GC(109) User=0.01s Sys=0.00s Real=0.01s
[2024-04-24T06:24:50.129+0000][gc,start    ] GC(110) Pause Young (Normal) (G1 Evacuation Pause)
[2024-04-24T06:24:50.129+0000][gc,task     ] GC(110) Using 8 workers of 8 for evacuation
[2024-04-24T06:24:50.131+0000][gc,phases   ] GC(110)   Pre Evacuate Collection Set: 0.1ms
[2024-04-24T06:24:50.131+0000][gc,phases   ] GC(110)   Merge Heap Roots: 0.1ms
[2024-04-24T06:24:50.131+0000][gc,phases   ] GC(110)   Evacuate Collection Set: 1.7ms
[2024-04-24T06:24:50.131+0000][gc,phases   ] GC(110)   Post Evacuate Collection Set: 0.4ms
[2024-04-24T06:24:50.131+0000][gc,phases   ] GC(110)   Other: 0.1ms
[2024-04-24T06:24:50.131+0000][gc,heap     ] GC(110) Eden regions: 612->0(612)
[2024-04-24T06:24:50.131+0000][gc,heap     ] GC(110) Survivor regions: 2->2(77)
[2024-04-24T06:24:50.131+0000][gc,heap     ] GC(110) Old regions: 35->36
[2024-04-24T06:24:50.131+0000][gc,heap     ] GC(110) Archive regions: 2->2
[2024-04-24T06:24:50.131+0000][gc,heap     ] GC(110) Humongous regions: 129->129
[2024-04-24T06:24:50.131+0000][gc,metaspace] GC(110) Metaspace: 42999K(43584K)->42999K(43584K) NonClass: 37976K(38336K)->37976K(38336K) Class: 5022K(5248K)->5022K(5248K)
[2024-04-24T06:24:50.131+0000][gc          ] GC(110) Pause Young (Normal) (G1 Evacuation Pause) 778M->166M(1024M) 2.491ms
[2024-04-24T06:24:50.131+0000][gc,cpu      ] GC(110) User=0.01s Sys=0.01s Real=0.00s
[2024-04-24T06:24:51.210+0000][gc,start    ] GC(111) Pause Young (Normal) (G1 Evacuation Pause)
[2024-04-24T06:24:51.210+0000][gc,task     ] GC(111) Using 8 workers of 8 for evacuation
[2024-04-24T06:24:51.212+0000][gc,phases   ] GC(111)   Pre Evacuate Collection Set: 0.1ms
[2024-04-24T06:24:51.212+0000][gc,phases   ] GC(111)   Merge Heap Roots: 0.1ms
[2024-04-24T06:24:51.212+0000][gc,phases   ] GC(111)   Evacuate Collection Set: 1.7ms
[2024-04-24T06:24:51.212+0000][gc,phases   ] GC(111)   Post Evacuate Collection Set: 0.5ms
[2024-04-24T06:24:51.212+0000][gc,phases   ] GC(111)   Other: 0.1ms
[2024-04-24T06:24:51.212+0000][gc,heap     ] GC(111) Eden regions: 612->0(612)
[2024-04-24T06:24:51.212+0000][gc,heap     ] GC(111) Survivor regions: 2->2(77)
[2024-04-24T06:24:51.212+0000][gc,heap     ] GC(111) Old regions: 36->36
[2024-04-24T06:24:51.212+0000][gc,heap     ] GC(111) Archive regions: 2->2
[2024-04-24T06:24:51.212+0000][gc,heap     ] GC(111) Humongous regions: 129->129
[2024-04-24T06:24:51.212+0000][gc,metaspace] GC(111) Metaspace: 42999K(43584K)->42999K(43584K) NonClass: 37976K(38336K)->37976K(38336K) Class: 5022K(5248K)->5022K(5248K)
[2024-04-24T06:24:51.212+0000][gc          ] GC(111) Pause Young (Normal) (G1 Evacuation Pause) 778M->166M(1024M) 2.537ms
[2024-04-24T06:24:51.212+0000][gc,cpu      ] GC(111) User=0.01s Sys=0.00s Real=0.01s
[2024-04-24T06:24:52.349+0000][gc,start    ] GC(112) Pause Young (Normal) (G1 Evacuation Pause)
[2024-04-24T06:24:52.349+0000][gc,task     ] GC(112) Using 8 workers of 8 for evacuation
[2024-04-24T06:24:52.351+0000][gc,phases   ] GC(112)   Pre Evacuate Collection Set: 0.1ms
[2024-04-24T06:24:52.351+0000][gc,phases   ] GC(112)   Merge Heap Roots: 0.1ms
[2024-04-24T06:24:52.351+0000][gc,phases   ] GC(112)   Evacuate Collection Set: 1.6ms
[2024-04-24T06:24:52.351+0000][gc,phases   ] GC(112)   Post Evacuate Collection Set: 0.4ms
[2024-04-24T06:24:52.351+0000][gc,phases   ] GC(112)   Other: 0.1ms
[2024-04-24T06:24:52.351+0000][gc,heap     ] GC(112) Eden regions: 612->0(612)
[2024-04-24T06:24:52.351+0000][gc,heap     ] GC(112) Survivor regions: 2->2(77)
[2024-04-24T06:24:52.351+0000][gc,heap     ] GC(112) Old regions: 36->36
[2024-04-24T06:24:52.351+0000][gc,heap     ] GC(112) Archive regions: 2->2
[2024-04-24T06:24:52.351+0000][gc,heap     ] GC(112) Humongous regions: 129->129
[2024-04-24T06:24:52.351+0000][gc,metaspace] GC(112) Metaspace: 42999K(43584K)->42999K(43584K) NonClass: 37976K(38336K)->37976K(38336K) Class: 5022K(5248K)->5022K(5248K)
[2024-04-24T06:24:52.351+0000][gc          ] GC(112) Pause Young (Normal) (G1 Evacuation Pause) 778M->166M(1024M) 2.385ms
[2024-04-24T06:24:52.351+0000][gc,cpu      ] GC(112) User=0.01s Sys=0.01s Real=0.00s
[2024-04-24T06:24:53.460+0000][gc,start    ] GC(113) Pause Young (Normal) (G1 Evacuation Pause)
[2024-04-24T06:24:53.460+0000][gc,task     ] GC(113) Using 8 workers of 8 for evacuation
[2024-04-24T06:24:53.463+0000][gc,phases   ] GC(113)   Pre Evacuate Collection Set: 0.1ms
[2024-04-24T06:24:53.463+0000][gc,phases   ] GC(113)   Merge Heap Roots: 0.1ms
[2024-04-24T06:24:53.463+0000][gc,phases   ] GC(113)   Evacuate Collection Set: 1.9ms
[2024-04-24T06:24:53.463+0000][gc,phases   ] GC(113)   Post Evacuate Collection Set: 0.4ms
[2024-04-24T06:24:53.463+0000][gc,phases   ] GC(113)   Other: 0.2ms
[2024-04-24T06:24:53.463+0000][gc,heap     ] GC(113) Eden regions: 612->0(612)
[2024-04-24T06:24:53.463+0000][gc,heap     ] GC(113) Survivor regions: 2->2(77)
[2024-04-24T06:24:53.463+0000][gc,heap     ] GC(113) Old regions: 36->36
[2024-04-24T06:24:53.463+0000][gc,heap     ] GC(113) Archive regions: 2->2
[2024-04-24T06:24:53.463+0000][gc,heap     ] GC(113) Humongous regions: 129->129
[2024-04-24T06:24:53.463+0000][gc,metaspace] GC(113) Metaspace: 42999K(43584K)->42999K(43584K) NonClass: 37976K(38336K)->37976K(38336K) Class: 5022K(5248K)->5022K(5248K)
[2024-04-24T06:24:53.463+0000][gc          ] GC(113) Pause Young (Normal) (G1 Evacuation Pause) 778M->166M(1024M) 2.847ms
[2024-04-24T06:24:53.463+0000][gc,cpu      ] GC(113) User=0.01s Sys=0.01s Real=0.00s
[2024-04-24T06:24:54.602+0000][gc,start    ] GC(114) Pause Young (Normal) (G1 Evacuation Pause)
[2024-04-24T06:24:54.602+0000][gc,task     ] GC(114) Using 8 workers of 8 for evacuation
[2024-04-24T06:24:54.604+0000][gc,phases   ] GC(114)   Pre Evacuate Collection Set: 0.1ms
[2024-04-24T06:24:54.604+0000][gc,phases   ] GC(114)   Merge Heap Roots: 0.1ms
[2024-04-24T06:24:54.604+0000][gc,phases   ] GC(114)   Evacuate Collection Set: 1.6ms
[2024-04-24T06:24:54.604+0000][gc,phases   ] GC(114)   Post Evacuate Collection Set: 0.4ms
[2024-04-24T06:24:54.604+0000][gc,phases   ] GC(114)   Other: 0.1ms
[2024-04-24T06:24:54.604+0000][gc,heap     ] GC(114) Eden regions: 612->0(612)
[2024-04-24T06:24:54.604+0000][gc,heap     ] GC(114) Survivor regions: 2->2(77)
[2024-04-24T06:24:54.604+0000][gc,heap     ] GC(114) Old regions: 36->36
[2024-04-24T06:24:54.604+0000][gc,heap     ] GC(114) Archive regions: 2->2
[2024-04-24T06:24:54.604+0000][gc,heap     ] GC(114) Humongous regions: 129->129
[2024-04-24T06:24:54.604+0000][gc,metaspace] GC(114) Metaspace: 42999K(43584K)->42999K(43584K) NonClass: 37976K(38336K)->37976K(38336K) Class: 5022K(5248K)->5022K(5248K)
[2024-04-24T06:24:54.604+0000][gc          ] GC(114) Pause Young (Normal) (G1 Evacuation Pause) 778M->166M(1024M) 2.351ms
[2024-04-24T06:24:54.604+0000][gc,cpu      ] GC(114) User=0.01s Sys=0.00s Real=0.01s
[2024-04-24T06:24:55.620+0000][gc,start    ] GC(115) Pause Young (Normal) (G1 Evacuation Pause)
[2024-04-24T06:24:55.621+0000][gc,task     ] GC(115) Using 8 workers of 8 for evacuation
[2024-04-24T06:24:55.623+0000][gc,phases   ] GC(115)   Pre Evacuate Collection Set: 0.1ms
[2024-04-24T06:24:55.623+0000][gc,phases   ] GC(115)   Merge Heap Roots: 0.1ms
[2024-04-24T06:24:55.623+0000][gc,phases   ] GC(115)   Evacuate Collection Set: 1.6ms
[2024-04-24T06:24:55.623+0000][gc,phases   ] GC(115)   Post Evacuate Collection Set: 0.4ms
[2024-04-24T06:24:55.623+0000][gc,phases   ] GC(115)   Other: 0.1ms
[2024-04-24T06:24:55.623+0000][gc,heap     ] GC(115) Eden regions: 612->0(612)
[2024-04-24T06:24:55.623+0000][gc,heap     ] GC(115) Survivor regions: 2->2(77)
[2024-04-24T06:24:55.623+0000][gc,heap     ] GC(115) Old regions: 36->36
[2024-04-24T06:24:55.623+0000][gc,heap     ] GC(115) Archive regions: 2->2
[2024-04-24T06:24:55.623+0000][gc,heap     ] GC(115) Humongous regions: 129->129
[2024-04-24T06:24:55.623+0000][gc,metaspace] GC(115) Metaspace: 43000K(43584K)->43000K(43584K) NonClass: 37978K(38336K)->37978K(38336K) Class: 5022K(5248K)->5022K(5248K)
[2024-04-24T06:24:55.623+0000][gc          ] GC(115) Pause Young (Normal) (G1 Evacuation Pause) 778M->166M(1024M) 2.346ms
[2024-04-24T06:24:55.623+0000][gc,cpu      ] GC(115) User=0.01s Sys=0.00s Real=0.00s
[2024-04-24T06:24:56.675+0000][gc,start    ] GC(116) Pause Young (Normal) (G1 Evacuation Pause)
[2024-04-24T06:24:56.675+0000][gc,task     ] GC(116) Using 8 workers of 8 for evacuation
[2024-04-24T06:24:56.677+0000][gc,phases   ] GC(116)   Pre Evacuate Collection Set: 0.1ms
[2024-04-24T06:24:56.677+0000][gc,phases   ] GC(116)   Merge Heap Roots: 0.1ms
[2024-04-24T06:24:56.677+0000][gc,phases   ] GC(116)   Evacuate Collection Set: 1.5ms
[2024-04-24T06:24:56.677+0000][gc,phases   ] GC(116)   Post Evacuate Collection Set: 0.4ms
[2024-04-24T06:24:56.677+0000][gc,phases   ] GC(116)   Other: 0.1ms
[2024-04-24T06:24:56.677+0000][gc,heap     ] GC(116) Eden regions: 612->0(612)
[2024-04-24T06:24:56.677+0000][gc,heap     ] GC(116) Survivor regions: 2->2(77)
[2024-04-24T06:24:56.677+0000][gc,heap     ] GC(116) Old regions: 36->36
[2024-04-24T06:24:56.677+0000][gc,heap     ] GC(116) Archive regions: 2->2
[2024-04-24T06:24:56.677+0000][gc,heap     ] GC(116) Humongous regions: 129->129
[2024-04-24T06:24:56.678+0000][gc,metaspace] GC(116) Metaspace: 43000K(43584K)->43000K(43584K) NonClass: 37978K(38336K)->37978K(38336K) Class: 5022K(5248K)->5022K(5248K)
[2024-04-24T06:24:56.678+0000][gc          ] GC(116) Pause Young (Normal) (G1 Evacuation Pause) 778M->166M(1024M) 2.237ms
[2024-04-24T06:24:56.678+0000][gc,cpu      ] GC(116) User=0.02s Sys=0.00s Real=0.00s
[2024-04-24T06:24:57.701+0000][gc,start    ] GC(117) Pause Young (Normal) (G1 Evacuation Pause)
[2024-04-24T06:24:57.701+0000][gc,task     ] GC(117) Using 8 workers of 8 for evacuation
[2024-04-24T06:24:57.703+0000][gc,phases   ] GC(117)   Pre Evacuate Collection Set: 0.1ms
[2024-04-24T06:24:57.703+0000][gc,phases   ] GC(117)   Merge Heap Roots: 0.1ms
[2024-04-24T06:24:57.703+0000][gc,phases   ] GC(117)   Evacuate Collection Set: 1.7ms
[2024-04-24T06:24:57.703+0000][gc,phases   ] GC(117)   Post Evacuate Collection Set: 0.4ms
[2024-04-24T06:24:57.703+0000][gc,phases   ] GC(117)   Other: 0.1ms
[2024-04-24T06:24:57.703+0000][gc,heap     ] GC(117) Eden regions: 612->0(612)
[2024-04-24T06:24:57.703+0000][gc,heap     ] GC(117) Survivor regions: 2->2(77)
[2024-04-24T06:24:57.703+0000][gc,heap     ] GC(117) Old regions: 36->36
[2024-04-24T06:24:57.703+0000][gc,heap     ] GC(117) Archive regions: 2->2
[2024-04-24T06:24:57.703+0000][gc,heap     ] GC(117) Humongous regions: 129->129
[2024-04-24T06:24:57.703+0000][gc,metaspace] GC(117) Metaspace: 43000K(43584K)->43000K(43584K) NonClass: 37978K(38336K)->37978K(38336K) Class: 5022K(5248K)->5022K(5248K)
[2024-04-24T06:24:57.703+0000][gc          ] GC(117) Pause Young (Normal) (G1 Evacuation Pause) 778M->166M(1024M) 2.425ms
[2024-04-24T06:24:57.703+0000][gc,cpu      ] GC(117) User=0.01s Sys=0.00s Real=0.00s
[2024-04-24T06:24:58.812+0000][gc,start    ] GC(118) Pause Young (Normal) (G1 Evacuation Pause)
[2024-04-24T06:24:58.812+0000][gc,task     ] GC(118) Using 8 workers of 8 for evacuation
[2024-04-24T06:24:58.814+0000][gc,phases   ] GC(118)   Pre Evacuate Collection Set: 0.1ms
[2024-04-24T06:24:58.814+0000][gc,phases   ] GC(118)   Merge Heap Roots: 0.1ms
[2024-04-24T06:24:58.814+0000][gc,phases   ] GC(118)   Evacuate Collection Set: 1.5ms
[2024-04-24T06:24:58.814+0000][gc,phases   ] GC(118)   Post Evacuate Collection Set: 0.5ms
[2024-04-24T06:24:58.814+0000][gc,phases   ] GC(118)   Other: 0.1ms
[2024-04-24T06:24:58.814+0000][gc,heap     ] GC(118) Eden regions: 612->0(612)
[2024-04-24T06:24:58.814+0000][gc,heap     ] GC(118) Survivor regions: 2->2(77)
[2024-04-24T06:24:58.814+0000][gc,heap     ] GC(118) Old regions: 36->36
[2024-04-24T06:24:58.814+0000][gc,heap     ] GC(118) Archive regions: 2->2
[2024-04-24T06:24:58.814+0000][gc,heap     ] GC(118) Humongous regions: 129->129
[2024-04-24T06:24:58.814+0000][gc,metaspace] GC(118) Metaspace: 43000K(43584K)->43000K(43584K) NonClass: 37978K(38336K)->37978K(38336K) Class: 5022K(5248K)->5022K(5248K)
[2024-04-24T06:24:58.814+0000][gc          ] GC(118) Pause Young (Normal) (G1 Evacuation Pause) 778M->166M(1024M) 2.394ms
[2024-04-24T06:24:58.814+0000][gc,cpu      ] GC(118) User=0.02s Sys=0.00s Real=0.01s
[2024-04-24T06:26:18.243+0000][gc,start    ] GC(119) Pause Young (Normal) (G1 Evacuation Pause)
[2024-04-24T06:26:18.243+0000][gc,task     ] GC(119) Using 8 workers of 8 for evacuation
[2024-04-24T06:26:18.247+0000][gc,phases   ] GC(119)   Pre Evacuate Collection Set: 0.5ms
[2024-04-24T06:26:18.247+0000][gc,phases   ] GC(119)   Merge Heap Roots: 0.2ms
[2024-04-24T06:26:18.247+0000][gc,phases   ] GC(119)   Evacuate Collection Set: 2.9ms
[2024-04-24T06:26:18.247+0000][gc,phases   ] GC(119)   Post Evacuate Collection Set: 0.7ms
[2024-04-24T06:26:18.247+0000][gc,phases   ] GC(119)   Other: 0.2ms
[2024-04-24T06:26:18.247+0000][gc,heap     ] GC(119) Eden regions: 612->0(612)
[2024-04-24T06:26:18.247+0000][gc,heap     ] GC(119) Survivor regions: 2->2(77)
[2024-04-24T06:26:18.247+0000][gc,heap     ] GC(119) Old regions: 36->36
[2024-04-24T06:26:18.247+0000][gc,heap     ] GC(119) Archive regions: 2->2
[2024-04-24T06:26:18.247+0000][gc,heap     ] GC(119) Humongous regions: 129->129
[2024-04-24T06:26:18.247+0000][gc,metaspace] GC(119) Metaspace: 43046K(43584K)->43046K(43584K) NonClass: 38024K(38336K)->38024K(38336K) Class: 5022K(5248K)->5022K(5248K)
[2024-04-24T06:26:18.247+0000][gc          ] GC(119) Pause Young (Normal) (G1 Evacuation Pause) 778M->166M(1024M) 4.494ms
[2024-04-24T06:26:18.247+0000][gc,cpu      ] GC(119) User=0.01s Sys=0.00s Real=0.01s
[2024-04-24T06:26:19.609+0000][gc,start    ] GC(120) Pause Young (Normal) (G1 Evacuation Pause)
[2024-04-24T06:26:19.609+0000][gc,task     ] GC(120) Using 8 workers of 8 for evacuation
[2024-04-24T06:26:19.613+0000][gc,phases   ] GC(120)   Pre Evacuate Collection Set: 0.1ms
[2024-04-24T06:26:19.613+0000][gc,phases   ] GC(120)   Merge Heap Roots: 0.1ms
[2024-04-24T06:26:19.613+0000][gc,phases   ] GC(120)   Evacuate Collection Set: 2.9ms
[2024-04-24T06:26:19.613+0000][gc,phases   ] GC(120)   Post Evacuate Collection Set: 0.4ms
[2024-04-24T06:26:19.613+0000][gc,phases   ] GC(120)   Other: 0.1ms
[2024-04-24T06:26:19.613+0000][gc,heap     ] GC(120) Eden regions: 612->0(612)
[2024-04-24T06:26:19.613+0000][gc,heap     ] GC(120) Survivor regions: 2->2(77)
[2024-04-24T06:26:19.613+0000][gc,heap     ] GC(120) Old regions: 36->37
[2024-04-24T06:26:19.613+0000][gc,heap     ] GC(120) Archive regions: 2->2
[2024-04-24T06:26:19.613+0000][gc,heap     ] GC(120) Humongous regions: 129->129
[2024-04-24T06:26:19.613+0000][gc,metaspace] GC(120) Metaspace: 43050K(43584K)->43050K(43584K) NonClass: 38028K(38336K)->38028K(38336K) Class: 5022K(5248K)->5022K(5248K)
[2024-04-24T06:26:19.613+0000][gc          ] GC(120) Pause Young (Normal) (G1 Evacuation Pause) 778M->167M(1024M) 3.683ms
[2024-04-24T06:26:19.613+0000][gc,cpu      ] GC(120) User=0.02s Sys=0.00s Real=0.01s
[2024-04-24T06:26:20.870+0000][gc,start    ] GC(121) Pause Young (Normal) (G1 Evacuation Pause)
[2024-04-24T06:26:20.870+0000][gc,task     ] GC(121) Using 8 workers of 8 for evacuation
[2024-04-24T06:26:20.872+0000][gc,phases   ] GC(121)   Pre Evacuate Collection Set: 0.1ms
[2024-04-24T06:26:20.872+0000][gc,phases   ] GC(121)   Merge Heap Roots: 0.1ms
[2024-04-24T06:26:20.872+0000][gc,phases   ] GC(121)   Evacuate Collection Set: 1.9ms
[2024-04-24T06:26:20.872+0000][gc,phases   ] GC(121)   Post Evacuate Collection Set: 0.4ms
[2024-04-24T06:26:20.872+0000][gc,phases   ] GC(121)   Other: 0.1ms
[2024-04-24T06:26:20.872+0000][gc,heap     ] GC(121) Eden regions: 612->0(612)
[2024-04-24T06:26:20.872+0000][gc,heap     ] GC(121) Survivor regions: 2->2(77)
[2024-04-24T06:26:20.872+0000][gc,heap     ] GC(121) Old regions: 37->37
[2024-04-24T06:26:20.872+0000][gc,heap     ] GC(121) Archive regions: 2->2
[2024-04-24T06:26:20.872+0000][gc,heap     ] GC(121) Humongous regions: 129->129
[2024-04-24T06:26:20.872+0000][gc,metaspace] GC(121) Metaspace: 43050K(43584K)->43050K(43584K) NonClass: 38028K(38336K)->38028K(38336K) Class: 5022K(5248K)->5022K(5248K)
[2024-04-24T06:26:20.872+0000][gc          ] GC(121) Pause Young (Normal) (G1 Evacuation Pause) 779M->167M(1024M) 2.658ms
[2024-04-24T06:26:20.872+0000][gc,cpu      ] GC(121) User=0.01s Sys=0.00s Real=0.01s
[2024-04-24T06:26:22.253+0000][gc,start    ] GC(122) Pause Young (Normal) (G1 Evacuation Pause)
[2024-04-24T06:26:22.253+0000][gc,task     ] GC(122) Using 8 workers of 8 for evacuation
[2024-04-24T06:26:22.256+0000][gc,phases   ] GC(122)   Pre Evacuate Collection Set: 0.1ms
[2024-04-24T06:26:22.256+0000][gc,phases   ] GC(122)   Merge Heap Roots: 0.1ms
[2024-04-24T06:26:22.256+0000][gc,phases   ] GC(122)   Evacuate Collection Set: 2.2ms
[2024-04-24T06:26:22.256+0000][gc,phases   ] GC(122)   Post Evacuate Collection Set: 0.5ms
[2024-04-24T06:26:22.256+0000][gc,phases   ] GC(122)   Other: 0.1ms
[2024-04-24T06:26:22.256+0000][gc,heap     ] GC(122) Eden regions: 612->0(612)
[2024-04-24T06:26:22.256+0000][gc,heap     ] GC(122) Survivor regions: 2->2(77)
[2024-04-24T06:26:22.256+0000][gc,heap     ] GC(122) Old regions: 37->37
[2024-04-24T06:26:22.256+0000][gc,heap     ] GC(122) Archive regions: 2->2
[2024-04-24T06:26:22.256+0000][gc,heap     ] GC(122) Humongous regions: 129->129
[2024-04-24T06:26:22.256+0000][gc,metaspace] GC(122) Metaspace: 43050K(43584K)->43050K(43584K) NonClass: 38028K(38336K)->38028K(38336K) Class: 5022K(5248K)->5022K(5248K)
[2024-04-24T06:26:22.256+0000][gc          ] GC(122) Pause Young (Normal) (G1 Evacuation Pause) 779M->167M(1024M) 3.198ms
[2024-04-24T06:26:22.256+0000][gc,cpu      ] GC(122) User=0.01s Sys=0.00s Real=0.00s
[2024-04-24T06:26:23.664+0000][gc,start    ] GC(123) Pause Young (Normal) (G1 Evacuation Pause)
[2024-04-24T06:26:23.664+0000][gc,task     ] GC(123) Using 8 workers of 8 for evacuation
[2024-04-24T06:26:23.668+0000][gc,phases   ] GC(123)   Pre Evacuate Collection Set: 0.1ms
[2024-04-24T06:26:23.668+0000][gc,phases   ] GC(123)   Merge Heap Roots: 0.1ms
[2024-04-24T06:26:23.668+0000][gc,phases   ] GC(123)   Evacuate Collection Set: 2.8ms
[2024-04-24T06:26:23.668+0000][gc,phases   ] GC(123)   Post Evacuate Collection Set: 0.5ms
[2024-04-24T06:26:23.668+0000][gc,phases   ] GC(123)   Other: 0.1ms
[2024-04-24T06:26:23.668+0000][gc,heap     ] GC(123) Eden regions: 612->0(612)
[2024-04-24T06:26:23.668+0000][gc,heap     ] GC(123) Survivor regions: 2->2(77)
[2024-04-24T06:26:23.668+0000][gc,heap     ] GC(123) Old regions: 37->37
[2024-04-24T06:26:23.668+0000][gc,heap     ] GC(123) Archive regions: 2->2
[2024-04-24T06:26:23.668+0000][gc,heap     ] GC(123) Humongous regions: 129->129
[2024-04-24T06:26:23.668+0000][gc,metaspace] GC(123) Metaspace: 43050K(43584K)->43050K(43584K) NonClass: 38028K(38336K)->38028K(38336K) Class: 5022K(5248K)->5022K(5248K)
[2024-04-24T06:26:23.668+0000][gc          ] GC(123) Pause Young (Normal) (G1 Evacuation Pause) 779M->167M(1024M) 3.634ms
[2024-04-24T06:26:23.668+0000][gc,cpu      ] GC(123) User=0.01s Sys=0.00s Real=0.00s
[2024-04-24T06:26:24.916+0000][gc,start    ] GC(124) Pause Young (Normal) (G1 Evacuation Pause)
[2024-04-24T06:26:24.916+0000][gc,task     ] GC(124) Using 8 workers of 8 for evacuation
[2024-04-24T06:26:24.919+0000][gc,phases   ] GC(124)   Pre Evacuate Collection Set: 0.1ms
[2024-04-24T06:26:24.919+0000][gc,phases   ] GC(124)   Merge Heap Roots: 0.1ms
[2024-04-24T06:26:24.919+0000][gc,phases   ] GC(124)   Evacuate Collection Set: 2.3ms
[2024-04-24T06:26:24.919+0000][gc,phases   ] GC(124)   Post Evacuate Collection Set: 0.4ms
[2024-04-24T06:26:24.919+0000][gc,phases   ] GC(124)   Other: 0.1ms
[2024-04-24T06:26:24.919+0000][gc,heap     ] GC(124) Eden regions: 612->0(612)
[2024-04-24T06:26:24.919+0000][gc,heap     ] GC(124) Survivor regions: 2->2(77)
[2024-04-24T06:26:24.919+0000][gc,heap     ] GC(124) Old regions: 37->37
[2024-04-24T06:26:24.919+0000][gc,heap     ] GC(124) Archive regions: 2->2
[2024-04-24T06:26:24.919+0000][gc,heap     ] GC(124) Humongous regions: 129->129
[2024-04-24T06:26:24.919+0000][gc,metaspace] GC(124) Metaspace: 43050K(43584K)->43050K(43584K) NonClass: 38028K(38336K)->38028K(38336K) Class: 5022K(5248K)->5022K(5248K)
[2024-04-24T06:26:24.919+0000][gc          ] GC(124) Pause Young (Normal) (G1 Evacuation Pause) 779M->167M(1024M) 3.108ms
[2024-04-24T06:26:24.919+0000][gc,cpu      ] GC(124) User=0.01s Sys=0.01s Real=0.00s
[2024-04-24T06:26:26.127+0000][gc,start    ] GC(125) Pause Young (Normal) (G1 Evacuation Pause)
[2024-04-24T06:26:26.128+0000][gc,task     ] GC(125) Using 8 workers of 8 for evacuation
[2024-04-24T06:26:26.130+0000][gc,phases   ] GC(125)   Pre Evacuate Collection Set: 0.1ms
[2024-04-24T06:26:26.131+0000][gc,phases   ] GC(125)   Merge Heap Roots: 0.1ms
[2024-04-24T06:26:26.131+0000][gc,phases   ] GC(125)   Evacuate Collection Set: 2.2ms
[2024-04-24T06:26:26.131+0000][gc,phases   ] GC(125)   Post Evacuate Collection Set: 0.4ms
[2024-04-24T06:26:26.131+0000][gc,phases   ] GC(125)   Other: 0.1ms
[2024-04-24T06:26:26.131+0000][gc,heap     ] GC(125) Eden regions: 612->0(612)
[2024-04-24T06:26:26.131+0000][gc,heap     ] GC(125) Survivor regions: 2->2(77)
[2024-04-24T06:26:26.131+0000][gc,heap     ] GC(125) Old regions: 37->37
[2024-04-24T06:26:26.131+0000][gc,heap     ] GC(125) Archive regions: 2->2
[2024-04-24T06:26:26.131+0000][gc,heap     ] GC(125) Humongous regions: 129->129
[2024-04-24T06:26:26.131+0000][gc,metaspace] GC(125) Metaspace: 43054K(43648K)->43054K(43648K) NonClass: 38032K(38400K)->38032K(38400K) Class: 5022K(5248K)->5022K(5248K)
[2024-04-24T06:26:26.131+0000][gc          ] GC(125) Pause Young (Normal) (G1 Evacuation Pause) 779M->167M(1024M) 3.116ms
[2024-04-24T06:26:26.131+0000][gc,cpu      ] GC(125) User=0.01s Sys=0.00s Real=0.00s
[2024-04-24T06:26:27.204+0000][gc,start    ] GC(126) Pause Young (Normal) (G1 Evacuation Pause)
[2024-04-24T06:26:27.204+0000][gc,task     ] GC(126) Using 8 workers of 8 for evacuation
[2024-04-24T06:26:27.207+0000][gc,phases   ] GC(126)   Pre Evacuate Collection Set: 0.1ms
[2024-04-24T06:26:27.207+0000][gc,phases   ] GC(126)   Merge Heap Roots: 0.1ms
[2024-04-24T06:26:27.207+0000][gc,phases   ] GC(126)   Evacuate Collection Set: 1.9ms
[2024-04-24T06:26:27.207+0000][gc,phases   ] GC(126)   Post Evacuate Collection Set: 0.4ms
[2024-04-24T06:26:27.207+0000][gc,phases   ] GC(126)   Other: 0.1ms
[2024-04-24T06:26:27.207+0000][gc,heap     ] GC(126) Eden regions: 612->0(612)
[2024-04-24T06:26:27.207+0000][gc,heap     ] GC(126) Survivor regions: 2->2(77)
[2024-04-24T06:26:27.207+0000][gc,heap     ] GC(126) Old regions: 37->37
[2024-04-24T06:26:27.207+0000][gc,heap     ] GC(126) Archive regions: 2->2
[2024-04-24T06:26:27.207+0000][gc,heap     ] GC(126) Humongous regions: 129->129
[2024-04-24T06:26:27.207+0000][gc,metaspace] GC(126) Metaspace: 43054K(43648K)->43054K(43648K) NonClass: 38032K(38400K)->38032K(38400K) Class: 5022K(5248K)->5022K(5248K)
[2024-04-24T06:26:27.207+0000][gc          ] GC(126) Pause Young (Normal) (G1 Evacuation Pause) 779M->167M(1024M) 2.630ms
[2024-04-24T06:26:27.207+0000][gc,cpu      ] GC(126) User=0.01s Sys=0.01s Real=0.00s
[2024-04-24T06:26:28.243+0000][gc,start    ] GC(127) Pause Young (Normal) (G1 Evacuation Pause)
[2024-04-24T06:26:28.243+0000][gc,task     ] GC(127) Using 8 workers of 8 for evacuation
[2024-04-24T06:26:28.245+0000][gc,phases   ] GC(127)   Pre Evacuate Collection Set: 0.1ms
[2024-04-24T06:26:28.245+0000][gc,phases   ] GC(127)   Merge Heap Roots: 0.1ms
[2024-04-24T06:26:28.245+0000][gc,phases   ] GC(127)   Evacuate Collection Set: 1.9ms
[2024-04-24T06:26:28.245+0000][gc,phases   ] GC(127)   Post Evacuate Collection Set: 0.4ms
[2024-04-24T06:26:28.245+0000][gc,phases   ] GC(127)   Other: 0.1ms
[2024-04-24T06:26:28.245+0000][gc,heap     ] GC(127) Eden regions: 612->0(612)
[2024-04-24T06:26:28.245+0000][gc,heap     ] GC(127) Survivor regions: 2->2(77)
[2024-04-24T06:26:28.245+0000][gc,heap     ] GC(127) Old regions: 37->37
[2024-04-24T06:26:28.245+0000][gc,heap     ] GC(127) Archive regions: 2->2
[2024-04-24T06:26:28.245+0000][gc,heap     ] GC(127) Humongous regions: 129->129
[2024-04-24T06:26:28.245+0000][gc,metaspace] GC(127) Metaspace: 43054K(43648K)->43054K(43648K) NonClass: 38032K(38400K)->38032K(38400K) Class: 5022K(5248K)->5022K(5248K)
[2024-04-24T06:26:28.246+0000][gc          ] GC(127) Pause Young (Normal) (G1 Evacuation Pause) 779M->168M(1024M) 2.718ms
[2024-04-24T06:26:28.246+0000][gc,cpu      ] GC(127) User=0.02s Sys=0.00s Real=0.01s
[2024-04-24T06:26:29.290+0000][gc,start    ] GC(128) Pause Young (Normal) (G1 Evacuation Pause)
[2024-04-24T06:26:29.290+0000][gc,task     ] GC(128) Using 8 workers of 8 for evacuation
[2024-04-24T06:26:29.293+0000][gc,phases   ] GC(128)   Pre Evacuate Collection Set: 0.1ms
[2024-04-24T06:26:29.293+0000][gc,phases   ] GC(128)   Merge Heap Roots: 0.1ms
[2024-04-24T06:26:29.293+0000][gc,phases   ] GC(128)   Evacuate Collection Set: 2.0ms
[2024-04-24T06:26:29.293+0000][gc,phases   ] GC(128)   Post Evacuate Collection Set: 0.4ms
[2024-04-24T06:26:29.293+0000][gc,phases   ] GC(128)   Other: 0.1ms
[2024-04-24T06:26:29.293+0000][gc,heap     ] GC(128) Eden regions: 612->0(612)
[2024-04-24T06:26:29.293+0000][gc,heap     ] GC(128) Survivor regions: 2->2(77)
[2024-04-24T06:26:29.293+0000][gc,heap     ] GC(128) Old regions: 37->37
[2024-04-24T06:26:29.293+0000][gc,heap     ] GC(128) Archive regions: 2->2
[2024-04-24T06:26:29.293+0000][gc,heap     ] GC(128) Humongous regions: 129->129
[2024-04-24T06:26:29.293+0000][gc,metaspace] GC(128) Metaspace: 43055K(43648K)->43055K(43648K) NonClass: 38033K(38400K)->38033K(38400K) Class: 5022K(5248K)->5022K(5248K)
[2024-04-24T06:26:29.293+0000][gc          ] GC(128) Pause Young (Normal) (G1 Evacuation Pause) 780M->168M(1024M) 2.789ms
[2024-04-24T06:26:29.293+0000][gc,cpu      ] GC(128) User=0.01s Sys=0.00s Real=0.01s
[2024-04-24T06:26:30.312+0000][gc,start    ] GC(129) Pause Young (Normal) (G1 Evacuation Pause)
[2024-04-24T06:26:30.312+0000][gc,task     ] GC(129) Using 8 workers of 8 for evacuation
[2024-04-24T06:26:30.315+0000][gc,phases   ] GC(129)   Pre Evacuate Collection Set: 0.1ms
[2024-04-24T06:26:30.315+0000][gc,phases   ] GC(129)   Merge Heap Roots: 0.1ms
[2024-04-24T06:26:30.315+0000][gc,phases   ] GC(129)   Evacuate Collection Set: 1.9ms
[2024-04-24T06:26:30.315+0000][gc,phases   ] GC(129)   Post Evacuate Collection Set: 0.4ms
[2024-04-24T06:26:30.315+0000][gc,phases   ] GC(129)   Other: 0.1ms
[2024-04-24T06:26:30.315+0000][gc,heap     ] GC(129) Eden regions: 612->0(611)
[2024-04-24T06:26:30.315+0000][gc,heap     ] GC(129) Survivor regions: 2->3(77)
[2024-04-24T06:26:30.315+0000][gc,heap     ] GC(129) Old regions: 37->37
[2024-04-24T06:26:30.315+0000][gc,heap     ] GC(129) Archive regions: 2->2
[2024-04-24T06:26:30.315+0000][gc,heap     ] GC(129) Humongous regions: 129->129
[2024-04-24T06:26:30.315+0000][gc,metaspace] GC(129) Metaspace: 43055K(43648K)->43055K(43648K) NonClass: 38033K(38400K)->38033K(38400K) Class: 5022K(5248K)->5022K(5248K)
[2024-04-24T06:26:30.315+0000][gc          ] GC(129) Pause Young (Normal) (G1 Evacuation Pause) 780M->168M(1024M) 2.745ms
[2024-04-24T06:26:30.315+0000][gc,cpu      ] GC(129) User=0.01s Sys=0.00s Real=0.00s
[2024-04-24T06:26:31.347+0000][gc,start    ] GC(130) Pause Young (Normal) (G1 Evacuation Pause)
[2024-04-24T06:26:31.347+0000][gc,task     ] GC(130) Using 8 workers of 8 for evacuation
[2024-04-24T06:26:31.350+0000][gc,phases   ] GC(130)   Pre Evacuate Collection Set: 0.1ms
[2024-04-24T06:26:31.350+0000][gc,phases   ] GC(130)   Merge Heap Roots: 0.1ms
[2024-04-24T06:26:31.350+0000][gc,phases   ] GC(130)   Evacuate Collection Set: 2.4ms
[2024-04-24T06:26:31.350+0000][gc,phases   ] GC(130)   Post Evacuate Collection Set: 0.4ms
[2024-04-24T06:26:31.350+0000][gc,phases   ] GC(130)   Other: 0.1ms
[2024-04-24T06:26:31.350+0000][gc,heap     ] GC(130) Eden regions: 611->0(611)
[2024-04-24T06:26:31.351+0000][gc,heap     ] GC(130) Survivor regions: 3->3(77)
[2024-04-24T06:26:31.351+0000][gc,heap     ] GC(130) Old regions: 37->37
[2024-04-24T06:26:31.351+0000][gc,heap     ] GC(130) Archive regions: 2->2
[2024-04-24T06:26:31.351+0000][gc,heap     ] GC(130) Humongous regions: 129->129
[2024-04-24T06:26:31.351+0000][gc,metaspace] GC(130) Metaspace: 43055K(43648K)->43055K(43648K) NonClass: 38033K(38400K)->38033K(38400K) Class: 5022K(5248K)->5022K(5248K)
[2024-04-24T06:26:31.351+0000][gc          ] GC(130) Pause Young (Normal) (G1 Evacuation Pause) 779M->168M(1024M) 3.318ms
[2024-04-24T06:26:31.351+0000][gc,cpu      ] GC(130) User=0.02s Sys=0.00s Real=0.00s
[2024-04-24T06:26:32.373+0000][gc,start    ] GC(131) Pause Young (Normal) (G1 Evacuation Pause)
[2024-04-24T06:26:32.373+0000][gc,task     ] GC(131) Using 8 workers of 8 for evacuation
[2024-04-24T06:26:32.377+0000][gc,phases   ] GC(131)   Pre Evacuate Collection Set: 0.1ms
[2024-04-24T06:26:32.377+0000][gc,phases   ] GC(131)   Merge Heap Roots: 0.1ms
[2024-04-24T06:26:32.377+0000][gc,phases   ] GC(131)   Evacuate Collection Set: 2.6ms
[2024-04-24T06:26:32.377+0000][gc,phases   ] GC(131)   Post Evacuate Collection Set: 0.4ms
[2024-04-24T06:26:32.377+0000][gc,phases   ] GC(131)   Other: 0.1ms
[2024-04-24T06:26:32.377+0000][gc,heap     ] GC(131) Eden regions: 611->0(611)
[2024-04-24T06:26:32.377+0000][gc,heap     ] GC(131) Survivor regions: 3->3(77)
[2024-04-24T06:26:32.377+0000][gc,heap     ] GC(131) Old regions: 37->37
[2024-04-24T06:26:32.377+0000][gc,heap     ] GC(131) Archive regions: 2->2
[2024-04-24T06:26:32.377+0000][gc,heap     ] GC(131) Humongous regions: 129->129
[2024-04-24T06:26:32.377+0000][gc,metaspace] GC(131) Metaspace: 43055K(43648K)->43055K(43648K) NonClass: 38033K(38400K)->38033K(38400K) Class: 5022K(5248K)->5022K(5248K)
[2024-04-24T06:26:32.377+0000][gc          ] GC(131) Pause Young (Normal) (G1 Evacuation Pause) 779M->168M(1024M) 3.454ms
[2024-04-24T06:26:32.377+0000][gc,cpu      ] GC(131) User=0.02s Sys=0.00s Real=0.00s
[2024-04-24T06:26:33.408+0000][gc,start    ] GC(132) Pause Young (Normal) (G1 Evacuation Pause)
[2024-04-24T06:26:33.408+0000][gc,task     ] GC(132) Using 8 workers of 8 for evacuation
[2024-04-24T06:26:33.411+0000][gc,phases   ] GC(132)   Pre Evacuate Collection Set: 0.1ms
[2024-04-24T06:26:33.411+0000][gc,phases   ] GC(132)   Merge Heap Roots: 0.1ms
[2024-04-24T06:26:33.411+0000][gc,phases   ] GC(132)   Evacuate Collection Set: 2.1ms
[2024-04-24T06:26:33.411+0000][gc,phases   ] GC(132)   Post Evacuate Collection Set: 0.4ms
[2024-04-24T06:26:33.411+0000][gc,phases   ] GC(132)   Other: 0.1ms
[2024-04-24T06:26:33.411+0000][gc,heap     ] GC(132) Eden regions: 611->0(611)
[2024-04-24T06:26:33.411+0000][gc,heap     ] GC(132) Survivor regions: 3->3(77)
[2024-04-24T06:26:33.411+0000][gc,heap     ] GC(132) Old regions: 37->37
[2024-04-24T06:26:33.411+0000][gc,heap     ] GC(132) Archive regions: 2->2
[2024-04-24T06:26:33.411+0000][gc,heap     ] GC(132) Humongous regions: 129->129
[2024-04-24T06:26:33.411+0000][gc,metaspace] GC(132) Metaspace: 43055K(43648K)->43055K(43648K) NonClass: 38033K(38400K)->38033K(38400K) Class: 5022K(5248K)->5022K(5248K)
[2024-04-24T06:26:33.411+0000][gc          ] GC(132) Pause Young (Normal) (G1 Evacuation Pause) 779M->168M(1024M) 2.903ms
[2024-04-24T06:26:33.411+0000][gc,cpu      ] GC(132) User=0.01s Sys=0.00s Real=0.00s
[2024-04-24T06:26:34.461+0000][gc,start    ] GC(133) Pause Young (Normal) (G1 Evacuation Pause)
[2024-04-24T06:26:34.461+0000][gc,task     ] GC(133) Using 8 workers of 8 for evacuation
[2024-04-24T06:26:34.464+0000][gc,phases   ] GC(133)   Pre Evacuate Collection Set: 0.1ms
[2024-04-24T06:26:34.464+0000][gc,phases   ] GC(133)   Merge Heap Roots: 0.1ms
[2024-04-24T06:26:34.464+0000][gc,phases   ] GC(133)   Evacuate Collection Set: 2.1ms
[2024-04-24T06:26:34.464+0000][gc,phases   ] GC(133)   Post Evacuate Collection Set: 0.4ms
[2024-04-24T06:26:34.464+0000][gc,phases   ] GC(133)   Other: 0.1ms
[2024-04-24T06:26:34.464+0000][gc,heap     ] GC(133) Eden regions: 611->0(611)
[2024-04-24T06:26:34.464+0000][gc,heap     ] GC(133) Survivor regions: 3->3(77)
[2024-04-24T06:26:34.464+0000][gc,heap     ] GC(133) Old regions: 37->37
[2024-04-24T06:26:34.464+0000][gc,heap     ] GC(133) Archive regions: 2->2
[2024-04-24T06:26:34.464+0000][gc,heap     ] GC(133) Humongous regions: 129->129
[2024-04-24T06:26:34.464+0000][gc,metaspace] GC(133) Metaspace: 43055K(43648K)->43055K(43648K) NonClass: 38033K(38400K)->38033K(38400K) Class: 5022K(5248K)->5022K(5248K)
[2024-04-24T06:26:34.464+0000][gc          ] GC(133) Pause Young (Normal) (G1 Evacuation Pause) 779M->169M(1024M) 2.917ms
[2024-04-24T06:26:34.464+0000][gc,cpu      ] GC(133) User=0.01s Sys=0.01s Real=0.01s
[2024-04-24T06:26:35.500+0000][gc,start    ] GC(134) Pause Young (Normal) (G1 Evacuation Pause)
[2024-04-24T06:26:35.500+0000][gc,task     ] GC(134) Using 8 workers of 8 for evacuation
[2024-04-24T06:26:35.503+0000][gc,phases   ] GC(134)   Pre Evacuate Collection Set: 0.1ms
[2024-04-24T06:26:35.503+0000][gc,phases   ] GC(134)   Merge Heap Roots: 0.1ms
[2024-04-24T06:26:35.503+0000][gc,phases   ] GC(134)   Evacuate Collection Set: 2.2ms
[2024-04-24T06:26:35.503+0000][gc,phases   ] GC(134)   Post Evacuate Collection Set: 0.4ms
[2024-04-24T06:26:35.503+0000][gc,phases   ] GC(134)   Other: 0.1ms
[2024-04-24T06:26:35.503+0000][gc,heap     ] GC(134) Eden regions: 611->0(611)
[2024-04-24T06:26:35.503+0000][gc,heap     ] GC(134) Survivor regions: 3->3(77)
[2024-04-24T06:26:35.503+0000][gc,heap     ] GC(134) Old regions: 37->37
[2024-04-24T06:26:35.503+0000][gc,heap     ] GC(134) Archive regions: 2->2
[2024-04-24T06:26:35.503+0000][gc,heap     ] GC(134) Humongous regions: 129->129
[2024-04-24T06:26:35.503+0000][gc,metaspace] GC(134) Metaspace: 43055K(43648K)->43055K(43648K) NonClass: 38033K(38400K)->38033K(38400K) Class: 5022K(5248K)->5022K(5248K)
[2024-04-24T06:26:35.503+0000][gc          ] GC(134) Pause Young (Normal) (G1 Evacuation Pause) 780M->169M(1024M) 2.962ms
[2024-04-24T06:26:35.503+0000][gc,cpu      ] GC(134) User=0.02s Sys=0.00s Real=0.00s
[2024-04-24T06:26:36.548+0000][gc,start    ] GC(135) Pause Young (Normal) (G1 Evacuation Pause)
[2024-04-24T06:26:36.548+0000][gc,task     ] GC(135) Using 8 workers of 8 for evacuation
[2024-04-24T06:26:36.550+0000][gc,phases   ] GC(135)   Pre Evacuate Collection Set: 0.1ms
[2024-04-24T06:26:36.551+0000][gc,phases   ] GC(135)   Merge Heap Roots: 0.1ms
[2024-04-24T06:26:36.551+0000][gc,phases   ] GC(135)   Evacuate Collection Set: 2.2ms
[2024-04-24T06:26:36.551+0000][gc,phases   ] GC(135)   Post Evacuate Collection Set: 0.4ms
[2024-04-24T06:26:36.551+0000][gc,phases   ] GC(135)   Other: 0.1ms
[2024-04-24T06:26:36.551+0000][gc,heap     ] GC(135) Eden regions: 611->0(611)
[2024-04-24T06:26:36.551+0000][gc,heap     ] GC(135) Survivor regions: 3->3(77)
[2024-04-24T06:26:36.551+0000][gc,heap     ] GC(135) Old regions: 37->38
[2024-04-24T06:26:36.551+0000][gc,heap     ] GC(135) Archive regions: 2->2
[2024-04-24T06:26:36.551+0000][gc,heap     ] GC(135) Humongous regions: 129->129
[2024-04-24T06:26:36.551+0000][gc,metaspace] GC(135) Metaspace: 43055K(43648K)->43055K(43648K) NonClass: 38033K(38400K)->38033K(38400K) Class: 5022K(5248K)->5022K(5248K)
[2024-04-24T06:26:36.551+0000][gc          ] GC(135) Pause Young (Normal) (G1 Evacuation Pause) 780M->169M(1024M) 2.975ms
[2024-04-24T06:26:36.551+0000][gc,cpu      ] GC(135) User=0.02s Sys=0.00s Real=0.00s
[2024-04-24T06:26:37.562+0000][gc,start    ] GC(136) Pause Young (Normal) (G1 Evacuation Pause)
[2024-04-24T06:26:37.562+0000][gc,task     ] GC(136) Using 8 workers of 8 for evacuation
[2024-04-24T06:26:37.565+0000][gc,phases   ] GC(136)   Pre Evacuate Collection Set: 0.1ms
[2024-04-24T06:26:37.565+0000][gc,phases   ] GC(136)   Merge Heap Roots: 0.1ms
[2024-04-24T06:26:37.565+0000][gc,phases   ] GC(136)   Evacuate Collection Set: 2.1ms
[2024-04-24T06:26:37.565+0000][gc,phases   ] GC(136)   Post Evacuate Collection Set: 0.4ms
[2024-04-24T06:26:37.565+0000][gc,phases   ] GC(136)   Other: 0.1ms
[2024-04-24T06:26:37.565+0000][gc,heap     ] GC(136) Eden regions: 611->0(611)
[2024-04-24T06:26:37.565+0000][gc,heap     ] GC(136) Survivor regions: 3->3(77)
[2024-04-24T06:26:37.565+0000][gc,heap     ] GC(136) Old regions: 38->38
[2024-04-24T06:26:37.565+0000][gc,heap     ] GC(136) Archive regions: 2->2
[2024-04-24T06:26:37.565+0000][gc,heap     ] GC(136) Humongous regions: 129->129
[2024-04-24T06:26:37.565+0000][gc,metaspace] GC(136) Metaspace: 43055K(43648K)->43055K(43648K) NonClass: 38033K(38400K)->38033K(38400K) Class: 5022K(5248K)->5022K(5248K)
[2024-04-24T06:26:37.565+0000][gc          ] GC(136) Pause Young (Normal) (G1 Evacuation Pause) 780M->169M(1024M) 2.925ms
[2024-04-24T06:26:37.565+0000][gc,cpu      ] GC(136) User=0.02s Sys=0.00s Real=0.01s
[2024-04-24T06:26:38.756+0000][gc,start    ] GC(137) Pause Young (Normal) (G1 Evacuation Pause)
[2024-04-24T06:26:38.756+0000][gc,task     ] GC(137) Using 8 workers of 8 for evacuation
[2024-04-24T06:26:38.764+0000][gc,phases   ] GC(137)   Pre Evacuate Collection Set: 0.3ms
[2024-04-24T06:26:38.764+0000][gc,phases   ] GC(137)   Merge Heap Roots: 0.5ms
[2024-04-24T06:26:38.764+0000][gc,phases   ] GC(137)   Evacuate Collection Set: 7.2ms
[2024-04-24T06:26:38.765+0000][gc,phases   ] GC(137)   Post Evacuate Collection Set: 0.4ms
[2024-04-24T06:26:38.765+0000][gc,phases   ] GC(137)   Other: 0.3ms
[2024-04-24T06:26:38.765+0000][gc,heap     ] GC(137) Eden regions: 611->0(611)
[2024-04-24T06:26:38.765+0000][gc,heap     ] GC(137) Survivor regions: 3->3(77)
[2024-04-24T06:26:38.765+0000][gc,heap     ] GC(137) Old regions: 38->38
[2024-04-24T06:26:38.765+0000][gc,heap     ] GC(137) Archive regions: 2->2
[2024-04-24T06:26:38.765+0000][gc,heap     ] GC(137) Humongous regions: 129->129
[2024-04-24T06:26:38.765+0000][gc,metaspace] GC(137) Metaspace: 43055K(43648K)->43055K(43648K) NonClass: 38033K(38400K)->38033K(38400K) Class: 5022K(5248K)->5022K(5248K)
[2024-04-24T06:26:38.765+0000][gc          ] GC(137) Pause Young (Normal) (G1 Evacuation Pause) 780M->169M(1024M) 8.755ms
[2024-04-24T06:26:38.765+0000][gc,cpu      ] GC(137) User=0.06s Sys=0.00s Real=0.01s
[2024-04-24T06:26:39.850+0000][gc,start    ] GC(138) Pause Young (Normal) (G1 Evacuation Pause)
[2024-04-24T06:26:39.850+0000][gc,task     ] GC(138) Using 8 workers of 8 for evacuation
[2024-04-24T06:26:39.853+0000][gc,phases   ] GC(138)   Pre Evacuate Collection Set: 0.1ms
[2024-04-24T06:26:39.853+0000][gc,phases   ] GC(138)   Merge Heap Roots: 0.1ms
[2024-04-24T06:26:39.853+0000][gc,phases   ] GC(138)   Evacuate Collection Set: 2.1ms
[2024-04-24T06:26:39.853+0000][gc,phases   ] GC(138)   Post Evacuate Collection Set: 0.4ms
[2024-04-24T06:26:39.853+0000][gc,phases   ] GC(138)   Other: 0.1ms
[2024-04-24T06:26:39.853+0000][gc,heap     ] GC(138) Eden regions: 611->0(611)
[2024-04-24T06:26:39.853+0000][gc,heap     ] GC(138) Survivor regions: 3->3(77)
[2024-04-24T06:26:39.853+0000][gc,heap     ] GC(138) Old regions: 38->38
[2024-04-24T06:26:39.853+0000][gc,heap     ] GC(138) Archive regions: 2->2
[2024-04-24T06:26:39.853+0000][gc,heap     ] GC(138) Humongous regions: 129->129
[2024-04-24T06:26:39.853+0000][gc,metaspace] GC(138) Metaspace: 43055K(43648K)->43055K(43648K) NonClass: 38033K(38400K)->38033K(38400K) Class: 5022K(5248K)->5022K(5248K)
[2024-04-24T06:26:39.853+0000][gc          ] GC(138) Pause Young (Normal) (G1 Evacuation Pause) 780M->169M(1024M) 2.850ms
[2024-04-24T06:26:39.853+0000][gc,cpu      ] GC(138) User=0.02s Sys=0.00s Real=0.01s
[2024-04-24T06:26:40.999+0000][gc,start    ] GC(139) Pause Young (Normal) (G1 Evacuation Pause)
[2024-04-24T06:26:40.999+0000][gc,task     ] GC(139) Using 8 workers of 8 for evacuation
[2024-04-24T06:26:41.002+0000][gc,phases   ] GC(139)   Pre Evacuate Collection Set: 0.1ms
[2024-04-24T06:26:41.002+0000][gc,phases   ] GC(139)   Merge Heap Roots: 0.1ms
[2024-04-24T06:26:41.002+0000][gc,phases   ] GC(139)   Evacuate Collection Set: 2.1ms
[2024-04-24T06:26:41.002+0000][gc,phases   ] GC(139)   Post Evacuate Collection Set: 0.4ms
[2024-04-24T06:26:41.002+0000][gc,phases   ] GC(139)   Other: 0.1ms
[2024-04-24T06:26:41.002+0000][gc,heap     ] GC(139) Eden regions: 611->0(611)
[2024-04-24T06:26:41.002+0000][gc,heap     ] GC(139) Survivor regions: 3->3(77)
[2024-04-24T06:26:41.002+0000][gc,heap     ] GC(139) Old regions: 38->38
[2024-04-24T06:26:41.002+0000][gc,heap     ] GC(139) Archive regions: 2->2
[2024-04-24T06:26:41.002+0000][gc,heap     ] GC(139) Humongous regions: 129->129
[2024-04-24T06:26:41.002+0000][gc,metaspace] GC(139) Metaspace: 43055K(43648K)->43055K(43648K) NonClass: 38033K(38400K)->38033K(38400K) Class: 5022K(5248K)->5022K(5248K)
[2024-04-24T06:26:41.002+0000][gc          ] GC(139) Pause Young (Normal) (G1 Evacuation Pause) 780M->169M(1024M) 2.830ms
[2024-04-24T06:26:41.002+0000][gc,cpu      ] GC(139) User=0.01s Sys=0.00s Real=0.00s
[2024-04-24T06:26:42.044+0000][gc,start    ] GC(140) Pause Young (Normal) (G1 Evacuation Pause)
[2024-04-24T06:26:42.044+0000][gc,task     ] GC(140) Using 8 workers of 8 for evacuation
[2024-04-24T06:26:42.047+0000][gc,phases   ] GC(140)   Pre Evacuate Collection Set: 0.1ms
[2024-04-24T06:26:42.047+0000][gc,phases   ] GC(140)   Merge Heap Roots: 0.1ms
[2024-04-24T06:26:42.047+0000][gc,phases   ] GC(140)   Evacuate Collection Set: 2.3ms
[2024-04-24T06:26:42.047+0000][gc,phases   ] GC(140)   Post Evacuate Collection Set: 0.4ms
[2024-04-24T06:26:42.047+0000][gc,phases   ] GC(140)   Other: 0.1ms
[2024-04-24T06:26:42.047+0000][gc,heap     ] GC(140) Eden regions: 611->0(612)
[2024-04-24T06:26:42.047+0000][gc,heap     ] GC(140) Survivor regions: 3->2(77)
[2024-04-24T06:26:42.047+0000][gc,heap     ] GC(140) Old regions: 38->38
[2024-04-24T06:26:42.047+0000][gc,heap     ] GC(140) Archive regions: 2->2
[2024-04-24T06:26:42.047+0000][gc,heap     ] GC(140) Humongous regions: 129->129
[2024-04-24T06:26:42.047+0000][gc,metaspace] GC(140) Metaspace: 43055K(43648K)->43055K(43648K) NonClass: 38033K(38400K)->38033K(38400K) Class: 5022K(5248K)->5022K(5248K)
[2024-04-24T06:26:42.047+0000][gc          ] GC(140) Pause Young (Normal) (G1 Evacuation Pause) 780M->169M(1024M) 3.109ms
[2024-04-24T06:26:42.047+0000][gc,cpu      ] GC(140) User=0.01s Sys=0.00s Real=0.00s
[2024-04-24T06:26:43.197+0000][gc,start    ] GC(141) Pause Young (Normal) (G1 Evacuation Pause)
[2024-04-24T06:26:43.197+0000][gc,task     ] GC(141) Using 8 workers of 8 for evacuation
[2024-04-24T06:26:43.199+0000][gc,phases   ] GC(141)   Pre Evacuate Collection Set: 0.1ms
[2024-04-24T06:26:43.199+0000][gc,phases   ] GC(141)   Merge Heap Roots: 0.1ms
[2024-04-24T06:26:43.199+0000][gc,phases   ] GC(141)   Evacuate Collection Set: 2.0ms
[2024-04-24T06:26:43.199+0000][gc,phases   ] GC(141)   Post Evacuate Collection Set: 0.4ms
[2024-04-24T06:26:43.199+0000][gc,phases   ] GC(141)   Other: 0.1ms
[2024-04-24T06:26:43.199+0000][gc,heap     ] GC(141) Eden regions: 612->0(612)
[2024-04-24T06:26:43.199+0000][gc,heap     ] GC(141) Survivor regions: 2->2(77)
[2024-04-24T06:26:43.199+0000][gc,heap     ] GC(141) Old regions: 38->39
[2024-04-24T06:26:43.199+0000][gc,heap     ] GC(141) Archive regions: 2->2
[2024-04-24T06:26:43.199+0000][gc,heap     ] GC(141) Humongous regions: 129->129
[2024-04-24T06:26:43.199+0000][gc,metaspace] GC(141) Metaspace: 43055K(43648K)->43055K(43648K) NonClass: 38033K(38400K)->38033K(38400K) Class: 5022K(5248K)->5022K(5248K)
[2024-04-24T06:26:43.199+0000][gc          ] GC(141) Pause Young (Normal) (G1 Evacuation Pause) 781M->169M(1024M) 2.720ms
[2024-04-24T06:26:43.199+0000][gc,cpu      ] GC(141) User=0.01s Sys=0.01s Real=0.00s
[2024-04-24T06:26:44.470+0000][gc,start    ] GC(142) Pause Young (Normal) (G1 Evacuation Pause)
[2024-04-24T06:26:44.470+0000][gc,task     ] GC(142) Using 8 workers of 8 for evacuation
[2024-04-24T06:26:44.473+0000][gc,phases   ] GC(142)   Pre Evacuate Collection Set: 0.1ms
[2024-04-24T06:26:44.473+0000][gc,phases   ] GC(142)   Merge Heap Roots: 0.1ms
[2024-04-24T06:26:44.473+0000][gc,phases   ] GC(142)   Evacuate Collection Set: 1.9ms
[2024-04-24T06:26:44.473+0000][gc,phases   ] GC(142)   Post Evacuate Collection Set: 0.4ms
[2024-04-24T06:26:44.473+0000][gc,phases   ] GC(142)   Other: 0.1ms
[2024-04-24T06:26:44.473+0000][gc,heap     ] GC(142) Eden regions: 612->0(612)
[2024-04-24T06:26:44.473+0000][gc,heap     ] GC(142) Survivor regions: 2->2(77)
[2024-04-24T06:26:44.473+0000][gc,heap     ] GC(142) Old regions: 39->39
[2024-04-24T06:26:44.473+0000][gc,heap     ] GC(142) Archive regions: 2->2
[2024-04-24T06:26:44.473+0000][gc,heap     ] GC(142) Humongous regions: 129->129
[2024-04-24T06:26:44.473+0000][gc,metaspace] GC(142) Metaspace: 43055K(43648K)->43055K(43648K) NonClass: 38033K(38400K)->38033K(38400K) Class: 5022K(5248K)->5022K(5248K)
[2024-04-24T06:26:44.473+0000][gc          ] GC(142) Pause Young (Normal) (G1 Evacuation Pause) 781M->169M(1024M) 2.664ms
[2024-04-24T06:26:44.473+0000][gc,cpu      ] GC(142) User=0.01s Sys=0.00s Real=0.01s
[2024-04-24T06:26:45.498+0000][gc,start    ] GC(143) Pause Young (Normal) (G1 Evacuation Pause)
[2024-04-24T06:26:45.498+0000][gc,task     ] GC(143) Using 8 workers of 8 for evacuation
[2024-04-24T06:26:45.501+0000][gc,phases   ] GC(143)   Pre Evacuate Collection Set: 0.1ms
[2024-04-24T06:26:45.501+0000][gc,phases   ] GC(143)   Merge Heap Roots: 0.1ms
[2024-04-24T06:26:45.501+0000][gc,phases   ] GC(143)   Evacuate Collection Set: 1.9ms
[2024-04-24T06:26:45.501+0000][gc,phases   ] GC(143)   Post Evacuate Collection Set: 0.4ms
[2024-04-24T06:26:45.501+0000][gc,phases   ] GC(143)   Other: 0.1ms
[2024-04-24T06:26:45.501+0000][gc,heap     ] GC(143) Eden regions: 612->0(612)
[2024-04-24T06:26:45.501+0000][gc,heap     ] GC(143) Survivor regions: 2->2(77)
[2024-04-24T06:26:45.501+0000][gc,heap     ] GC(143) Old regions: 39->39
[2024-04-24T06:26:45.501+0000][gc,heap     ] GC(143) Archive regions: 2->2
[2024-04-24T06:26:45.501+0000][gc,heap     ] GC(143) Humongous regions: 129->129
[2024-04-24T06:26:45.501+0000][gc,metaspace] GC(143) Metaspace: 43055K(43648K)->43055K(43648K) NonClass: 38033K(38400K)->38033K(38400K) Class: 5022K(5248K)->5022K(5248K)
[2024-04-24T06:26:45.501+0000][gc          ] GC(143) Pause Young (Normal) (G1 Evacuation Pause) 781M->170M(1024M) 2.749ms
[2024-04-24T06:26:45.501+0000][gc,cpu      ] GC(143) User=0.02s Sys=0.00s Real=0.00s
[2024-04-24T06:26:46.592+0000][gc,start    ] GC(144) Pause Young (Normal) (G1 Evacuation Pause)
[2024-04-24T06:26:46.592+0000][gc,task     ] GC(144) Using 8 workers of 8 for evacuation
[2024-04-24T06:26:46.594+0000][gc,phases   ] GC(144)   Pre Evacuate Collection Set: 0.1ms
[2024-04-24T06:26:46.594+0000][gc,phases   ] GC(144)   Merge Heap Roots: 0.1ms
[2024-04-24T06:26:46.594+0000][gc,phases   ] GC(144)   Evacuate Collection Set: 2.1ms
[2024-04-24T06:26:46.594+0000][gc,phases   ] GC(144)   Post Evacuate Collection Set: 0.5ms
[2024-04-24T06:26:46.594+0000][gc,phases   ] GC(144)   Other: 0.1ms
[2024-04-24T06:26:46.594+0000][gc,heap     ] GC(144) Eden regions: 612->0(612)
[2024-04-24T06:26:46.594+0000][gc,heap     ] GC(144) Survivor regions: 2->2(77)
[2024-04-24T06:26:46.594+0000][gc,heap     ] GC(144) Old regions: 39->39
[2024-04-24T06:26:46.594+0000][gc,heap     ] GC(144) Archive regions: 2->2
[2024-04-24T06:26:46.594+0000][gc,heap     ] GC(144) Humongous regions: 129->129
[2024-04-24T06:26:46.594+0000][gc,metaspace] GC(144) Metaspace: 43055K(43648K)->43055K(43648K) NonClass: 38033K(38400K)->38033K(38400K) Class: 5022K(5248K)->5022K(5248K)
[2024-04-24T06:26:46.595+0000][gc          ] GC(144) Pause Young (Normal) (G1 Evacuation Pause) 782M->170M(1024M) 2.914ms
[2024-04-24T06:26:46.595+0000][gc,cpu      ] GC(144) User=0.02s Sys=0.00s Real=0.01s
[2024-04-24T06:26:47.655+0000][gc,start    ] GC(145) Pause Young (Normal) (G1 Evacuation Pause)
[2024-04-24T06:26:47.655+0000][gc,task     ] GC(145) Using 8 workers of 8 for evacuation
[2024-04-24T06:26:47.658+0000][gc,phases   ] GC(145)   Pre Evacuate Collection Set: 0.1ms
[2024-04-24T06:26:47.658+0000][gc,phases   ] GC(145)   Merge Heap Roots: 0.1ms
[2024-04-24T06:26:47.658+0000][gc,phases   ] GC(145)   Evacuate Collection Set: 1.8ms
[2024-04-24T06:26:47.658+0000][gc,phases   ] GC(145)   Post Evacuate Collection Set: 0.4ms
[2024-04-24T06:26:47.658+0000][gc,phases   ] GC(145)   Other: 0.1ms
[2024-04-24T06:26:47.658+0000][gc,heap     ] GC(145) Eden regions: 612->0(612)
[2024-04-24T06:26:47.658+0000][gc,heap     ] GC(145) Survivor regions: 2->2(77)
[2024-04-24T06:26:47.658+0000][gc,heap     ] GC(145) Old regions: 39->39
[2024-04-24T06:26:47.658+0000][gc,heap     ] GC(145) Archive regions: 2->2
[2024-04-24T06:26:47.658+0000][gc,heap     ] GC(145) Humongous regions: 129->129
[2024-04-24T06:26:47.658+0000][gc,metaspace] GC(145) Metaspace: 43055K(43648K)->43055K(43648K) NonClass: 38033K(38400K)->38033K(38400K) Class: 5022K(5248K)->5022K(5248K)
[2024-04-24T06:26:47.658+0000][gc          ] GC(145) Pause Young (Normal) (G1 Evacuation Pause) 782M->170M(1024M) 2.657ms
[2024-04-24T06:26:47.658+0000][gc,cpu      ] GC(145) User=0.01s Sys=0.00s Real=0.00s
[2024-04-24T06:26:48.699+0000][gc,start    ] GC(146) Pause Young (Normal) (G1 Evacuation Pause)
[2024-04-24T06:26:48.699+0000][gc,task     ] GC(146) Using 8 workers of 8 for evacuation
[2024-04-24T06:26:48.702+0000][gc,phases   ] GC(146)   Pre Evacuate Collection Set: 0.1ms
[2024-04-24T06:26:48.702+0000][gc,phases   ] GC(146)   Merge Heap Roots: 0.1ms
[2024-04-24T06:26:48.702+0000][gc,phases   ] GC(146)   Evacuate Collection Set: 1.9ms
[2024-04-24T06:26:48.702+0000][gc,phases   ] GC(146)   Post Evacuate Collection Set: 0.4ms
[2024-04-24T06:26:48.702+0000][gc,phases   ] GC(146)   Other: 0.1ms
[2024-04-24T06:26:48.702+0000][gc,heap     ] GC(146) Eden regions: 612->0(612)
[2024-04-24T06:26:48.702+0000][gc,heap     ] GC(146) Survivor regions: 2->2(77)
[2024-04-24T06:26:48.702+0000][gc,heap     ] GC(146) Old regions: 39->39
[2024-04-24T06:26:48.702+0000][gc,heap     ] GC(146) Archive regions: 2->2
[2024-04-24T06:26:48.702+0000][gc,heap     ] GC(146) Humongous regions: 129->129
[2024-04-24T06:26:48.702+0000][gc,metaspace] GC(146) Metaspace: 43055K(43648K)->43055K(43648K) NonClass: 38033K(38400K)->38033K(38400K) Class: 5022K(5248K)->5022K(5248K)
[2024-04-24T06:26:48.702+0000][gc          ] GC(146) Pause Young (Normal) (G1 Evacuation Pause) 782M->170M(1024M) 2.697ms
[2024-04-24T06:26:48.702+0000][gc,cpu      ] GC(146) User=0.01s Sys=0.00s Real=0.00s
[2024-04-24T06:26:49.729+0000][gc,start    ] GC(147) Pause Young (Normal) (G1 Evacuation Pause)
[2024-04-24T06:26:49.729+0000][gc,task     ] GC(147) Using 8 workers of 8 for evacuation
[2024-04-24T06:26:49.731+0000][gc,phases   ] GC(147)   Pre Evacuate Collection Set: 0.1ms
[2024-04-24T06:26:49.732+0000][gc,phases   ] GC(147)   Merge Heap Roots: 0.1ms
[2024-04-24T06:26:49.732+0000][gc,phases   ] GC(147)   Evacuate Collection Set: 1.8ms
[2024-04-24T06:26:49.732+0000][gc,phases   ] GC(147)   Post Evacuate Collection Set: 0.4ms
[2024-04-24T06:26:49.732+0000][gc,phases   ] GC(147)   Other: 0.1ms
[2024-04-24T06:26:49.732+0000][gc,heap     ] GC(147) Eden regions: 612->0(612)
[2024-04-24T06:26:49.732+0000][gc,heap     ] GC(147) Survivor regions: 2->2(77)
[2024-04-24T06:26:49.732+0000][gc,heap     ] GC(147) Old regions: 39->40
[2024-04-24T06:26:49.732+0000][gc,heap     ] GC(147) Archive regions: 2->2
[2024-04-24T06:26:49.732+0000][gc,heap     ] GC(147) Humongous regions: 129->129
[2024-04-24T06:26:49.732+0000][gc,metaspace] GC(147) Metaspace: 43055K(43648K)->43055K(43648K) NonClass: 38033K(38400K)->38033K(38400K) Class: 5022K(5248K)->5022K(5248K)
[2024-04-24T06:26:49.732+0000][gc          ] GC(147) Pause Young (Normal) (G1 Evacuation Pause) 782M->170M(1024M) 2.543ms
[2024-04-24T06:26:49.732+0000][gc,cpu      ] GC(147) User=0.01s Sys=0.00s Real=0.00s
[2024-04-24T06:26:50.762+0000][gc,start    ] GC(148) Pause Young (Normal) (G1 Evacuation Pause)
[2024-04-24T06:26:50.762+0000][gc,task     ] GC(148) Using 8 workers of 8 for evacuation
[2024-04-24T06:26:50.764+0000][gc,phases   ] GC(148)   Pre Evacuate Collection Set: 0.1ms
[2024-04-24T06:26:50.764+0000][gc,phases   ] GC(148)   Merge Heap Roots: 0.1ms
[2024-04-24T06:26:50.764+0000][gc,phases   ] GC(148)   Evacuate Collection Set: 1.9ms
[2024-04-24T06:26:50.764+0000][gc,phases   ] GC(148)   Post Evacuate Collection Set: 0.4ms
[2024-04-24T06:26:50.764+0000][gc,phases   ] GC(148)   Other: 0.1ms
[2024-04-24T06:26:50.764+0000][gc,heap     ] GC(148) Eden regions: 612->0(612)
[2024-04-24T06:26:50.764+0000][gc,heap     ] GC(148) Survivor regions: 2->2(77)
[2024-04-24T06:26:50.764+0000][gc,heap     ] GC(148) Old regions: 40->40
[2024-04-24T06:26:50.764+0000][gc,heap     ] GC(148) Archive regions: 2->2
[2024-04-24T06:26:50.764+0000][gc,heap     ] GC(148) Humongous regions: 129->129
[2024-04-24T06:26:50.764+0000][gc,metaspace] GC(148) Metaspace: 43057K(43648K)->43057K(43648K) NonClass: 38034K(38400K)->38034K(38400K) Class: 5022K(5248K)->5022K(5248K)
[2024-04-24T06:26:50.764+0000][gc          ] GC(148) Pause Young (Normal) (G1 Evacuation Pause) 782M->170M(1024M) 2.705ms
[2024-04-24T06:26:50.764+0000][gc,cpu      ] GC(148) User=0.02s Sys=0.00s Real=0.01s
[2024-04-24T06:26:51.780+0000][gc,start    ] GC(149) Pause Young (Normal) (G1 Evacuation Pause)
[2024-04-24T06:26:51.780+0000][gc,task     ] GC(149) Using 8 workers of 8 for evacuation
[2024-04-24T06:26:51.782+0000][gc,phases   ] GC(149)   Pre Evacuate Collection Set: 0.1ms
[2024-04-24T06:26:51.782+0000][gc,phases   ] GC(149)   Merge Heap Roots: 0.1ms
[2024-04-24T06:26:51.782+0000][gc,phases   ] GC(149)   Evacuate Collection Set: 1.6ms
[2024-04-24T06:26:51.782+0000][gc,phases   ] GC(149)   Post Evacuate Collection Set: 0.4ms
[2024-04-24T06:26:51.782+0000][gc,phases   ] GC(149)   Other: 0.1ms
[2024-04-24T06:26:51.782+0000][gc,heap     ] GC(149) Eden regions: 612->0(612)
[2024-04-24T06:26:51.782+0000][gc,heap     ] GC(149) Survivor regions: 2->2(77)
[2024-04-24T06:26:51.782+0000][gc,heap     ] GC(149) Old regions: 40->40
[2024-04-24T06:26:51.782+0000][gc,heap     ] GC(149) Archive regions: 2->2
[2024-04-24T06:26:51.782+0000][gc,heap     ] GC(149) Humongous regions: 129->129
[2024-04-24T06:26:51.782+0000][gc,metaspace] GC(149) Metaspace: 43057K(43648K)->43057K(43648K) NonClass: 38034K(38400K)->38034K(38400K) Class: 5022K(5248K)->5022K(5248K)
[2024-04-24T06:26:51.782+0000][gc          ] GC(149) Pause Young (Normal) (G1 Evacuation Pause) 782M->170M(1024M) 2.435ms
[2024-04-24T06:26:51.782+0000][gc,cpu      ] GC(149) User=0.01s Sys=0.00s Real=0.00s
[2024-04-24T06:26:52.802+0000][gc,start    ] GC(150) Pause Young (Normal) (G1 Evacuation Pause)
[2024-04-24T06:26:52.802+0000][gc,task     ] GC(150) Using 8 workers of 8 for evacuation
[2024-04-24T06:26:52.805+0000][gc,phases   ] GC(150)   Pre Evacuate Collection Set: 0.1ms
[2024-04-24T06:26:52.805+0000][gc,phases   ] GC(150)   Merge Heap Roots: 0.1ms
[2024-04-24T06:26:52.805+0000][gc,phases   ] GC(150)   Evacuate Collection Set: 2.0ms
[2024-04-24T06:26:52.805+0000][gc,phases   ] GC(150)   Post Evacuate Collection Set: 0.4ms
[2024-04-24T06:26:52.805+0000][gc,phases   ] GC(150)   Other: 0.1ms
[2024-04-24T06:26:52.805+0000][gc,heap     ] GC(150) Eden regions: 612->0(612)
[2024-04-24T06:26:52.805+0000][gc,heap     ] GC(150) Survivor regions: 2->2(77)
[2024-04-24T06:26:52.805+0000][gc,heap     ] GC(150) Old regions: 40->40
[2024-04-24T06:26:52.805+0000][gc,heap     ] GC(150) Archive regions: 2->2
[2024-04-24T06:26:52.805+0000][gc,heap     ] GC(150) Humongous regions: 129->129
[2024-04-24T06:26:52.805+0000][gc,metaspace] GC(150) Metaspace: 43057K(43648K)->43057K(43648K) NonClass: 38034K(38400K)->38034K(38400K) Class: 5022K(5248K)->5022K(5248K)
[2024-04-24T06:26:52.805+0000][gc          ] GC(150) Pause Young (Normal) (G1 Evacuation Pause) 782M->170M(1024M) 2.720ms
[2024-04-24T06:26:52.805+0000][gc,cpu      ] GC(150) User=0.01s Sys=0.00s Real=0.01s
[2024-04-24T06:26:53.851+0000][gc,start    ] GC(151) Pause Young (Normal) (G1 Evacuation Pause)
[2024-04-24T06:26:53.851+0000][gc,task     ] GC(151) Using 8 workers of 8 for evacuation
[2024-04-24T06:26:53.853+0000][gc,phases   ] GC(151)   Pre Evacuate Collection Set: 0.1ms
[2024-04-24T06:26:53.853+0000][gc,phases   ] GC(151)   Merge Heap Roots: 0.1ms
[2024-04-24T06:26:53.853+0000][gc,phases   ] GC(151)   Evacuate Collection Set: 1.7ms
[2024-04-24T06:26:53.853+0000][gc,phases   ] GC(151)   Post Evacuate Collection Set: 0.4ms
[2024-04-24T06:26:53.853+0000][gc,phases   ] GC(151)   Other: 0.1ms
[2024-04-24T06:26:53.853+0000][gc,heap     ] GC(151) Eden regions: 612->0(612)
[2024-04-24T06:26:53.853+0000][gc,heap     ] GC(151) Survivor regions: 2->2(77)
[2024-04-24T06:26:53.853+0000][gc,heap     ] GC(151) Old regions: 40->40
[2024-04-24T06:26:53.853+0000][gc,heap     ] GC(151) Archive regions: 2->2
[2024-04-24T06:26:53.853+0000][gc,heap     ] GC(151) Humongous regions: 129->129
[2024-04-24T06:26:53.853+0000][gc,metaspace] GC(151) Metaspace: 43057K(43648K)->43057K(43648K) NonClass: 38034K(38400K)->38034K(38400K) Class: 5022K(5248K)->5022K(5248K)
[2024-04-24T06:26:53.853+0000][gc          ] GC(151) Pause Young (Normal) (G1 Evacuation Pause) 782M->170M(1024M) 2.483ms
[2024-04-24T06:26:53.853+0000][gc,cpu      ] GC(151) User=0.01s Sys=0.00s Real=0.01s
[2024-04-24T06:26:54.871+0000][gc,start    ] GC(152) Pause Young (Normal) (G1 Evacuation Pause)
[2024-04-24T06:26:54.871+0000][gc,task     ] GC(152) Using 8 workers of 8 for evacuation
[2024-04-24T06:26:54.874+0000][gc,phases   ] GC(152)   Pre Evacuate Collection Set: 0.1ms
[2024-04-24T06:26:54.874+0000][gc,phases   ] GC(152)   Merge Heap Roots: 0.1ms
[2024-04-24T06:26:54.874+0000][gc,phases   ] GC(152)   Evacuate Collection Set: 1.8ms
[2024-04-24T06:26:54.874+0000][gc,phases   ] GC(152)   Post Evacuate Collection Set: 0.4ms
[2024-04-24T06:26:54.874+0000][gc,phases   ] GC(152)   Other: 0.1ms
[2024-04-24T06:26:54.874+0000][gc,heap     ] GC(152) Eden regions: 612->0(612)
[2024-04-24T06:26:54.874+0000][gc,heap     ] GC(152) Survivor regions: 2->2(77)
[2024-04-24T06:26:54.874+0000][gc,heap     ] GC(152) Old regions: 40->40
[2024-04-24T06:26:54.874+0000][gc,heap     ] GC(152) Archive regions: 2->2
[2024-04-24T06:26:54.874+0000][gc,heap     ] GC(152) Humongous regions: 129->129
[2024-04-24T06:26:54.874+0000][gc,metaspace] GC(152) Metaspace: 43057K(43648K)->43057K(43648K) NonClass: 38034K(38400K)->38034K(38400K) Class: 5022K(5248K)->5022K(5248K)
[2024-04-24T06:26:54.874+0000][gc          ] GC(152) Pause Young (Normal) (G1 Evacuation Pause) 782M->170M(1024M) 2.515ms
[2024-04-24T06:26:54.874+0000][gc,cpu      ] GC(152) User=0.02s Sys=0.00s Real=0.01s
[2024-04-24T06:26:55.901+0000][gc,start    ] GC(153) Pause Young (Normal) (G1 Evacuation Pause)
[2024-04-24T06:26:55.901+0000][gc,task     ] GC(153) Using 8 workers of 8 for evacuation
[2024-04-24T06:26:55.904+0000][gc,phases   ] GC(153)   Pre Evacuate Collection Set: 0.1ms
[2024-04-24T06:26:55.904+0000][gc,phases   ] GC(153)   Merge Heap Roots: 0.1ms
[2024-04-24T06:26:55.904+0000][gc,phases   ] GC(153)   Evacuate Collection Set: 1.9ms
[2024-04-24T06:26:55.904+0000][gc,phases   ] GC(153)   Post Evacuate Collection Set: 0.4ms
[2024-04-24T06:26:55.904+0000][gc,phases   ] GC(153)   Other: 0.1ms
[2024-04-24T06:26:55.904+0000][gc,heap     ] GC(153) Eden regions: 612->0(612)
[2024-04-24T06:26:55.904+0000][gc,heap     ] GC(153) Survivor regions: 2->2(77)
[2024-04-24T06:26:55.904+0000][gc,heap     ] GC(153) Old regions: 40->40
[2024-04-24T06:26:55.904+0000][gc,heap     ] GC(153) Archive regions: 2->2
[2024-04-24T06:26:55.904+0000][gc,heap     ] GC(153) Humongous regions: 129->129
[2024-04-24T06:26:55.904+0000][gc,metaspace] GC(153) Metaspace: 43057K(43648K)->43057K(43648K) NonClass: 38034K(38400K)->38034K(38400K) Class: 5022K(5248K)->5022K(5248K)
[2024-04-24T06:26:55.904+0000][gc          ] GC(153) Pause Young (Normal) (G1 Evacuation Pause) 782M->171M(1024M) 2.628ms
[2024-04-24T06:26:55.904+0000][gc,cpu      ] GC(153) User=0.01s Sys=0.00s Real=0.01s
[2024-04-24T06:26:56.929+0000][gc,start    ] GC(154) Pause Young (Normal) (G1 Evacuation Pause)
[2024-04-24T06:26:56.929+0000][gc,task     ] GC(154) Using 8 workers of 8 for evacuation
[2024-04-24T06:26:56.932+0000][gc,phases   ] GC(154)   Pre Evacuate Collection Set: 0.1ms
[2024-04-24T06:26:56.932+0000][gc,phases   ] GC(154)   Merge Heap Roots: 0.1ms
[2024-04-24T06:26:56.932+0000][gc,phases   ] GC(154)   Evacuate Collection Set: 1.9ms
[2024-04-24T06:26:56.932+0000][gc,phases   ] GC(154)   Post Evacuate Collection Set: 0.4ms
[2024-04-24T06:26:56.932+0000][gc,phases   ] GC(154)   Other: 0.1ms
[2024-04-24T06:26:56.932+0000][gc,heap     ] GC(154) Eden regions: 612->0(612)
[2024-04-24T06:26:56.932+0000][gc,heap     ] GC(154) Survivor regions: 2->2(77)
[2024-04-24T06:26:56.932+0000][gc,heap     ] GC(154) Old regions: 40->40
[2024-04-24T06:26:56.932+0000][gc,heap     ] GC(154) Archive regions: 2->2
[2024-04-24T06:26:56.932+0000][gc,heap     ] GC(154) Humongous regions: 129->129
[2024-04-24T06:26:56.932+0000][gc,metaspace] GC(154) Metaspace: 43057K(43648K)->43057K(43648K) NonClass: 38034K(38400K)->38034K(38400K) Class: 5022K(5248K)->5022K(5248K)
[2024-04-24T06:26:56.932+0000][gc          ] GC(154) Pause Young (Normal) (G1 Evacuation Pause) 783M->171M(1024M) 2.628ms
[2024-04-24T06:26:56.932+0000][gc,cpu      ] GC(154) User=0.01s Sys=0.01s Real=0.00s
[2024-04-24T06:26:57.959+0000][gc,start    ] GC(155) Pause Young (Normal) (G1 Evacuation Pause)
[2024-04-24T06:26:57.959+0000][gc,task     ] GC(155) Using 8 workers of 8 for evacuation
[2024-04-24T06:26:57.961+0000][gc,phases   ] GC(155)   Pre Evacuate Collection Set: 0.1ms
[2024-04-24T06:26:57.961+0000][gc,phases   ] GC(155)   Merge Heap Roots: 0.1ms
[2024-04-24T06:26:57.961+0000][gc,phases   ] GC(155)   Evacuate Collection Set: 1.7ms
[2024-04-24T06:26:57.961+0000][gc,phases   ] GC(155)   Post Evacuate Collection Set: 0.4ms
[2024-04-24T06:26:57.961+0000][gc,phases   ] GC(155)   Other: 0.1ms
[2024-04-24T06:26:57.961+0000][gc,heap     ] GC(155) Eden regions: 612->0(612)
[2024-04-24T06:26:57.961+0000][gc,heap     ] GC(155) Survivor regions: 2->2(77)
[2024-04-24T06:26:57.961+0000][gc,heap     ] GC(155) Old regions: 40->40
[2024-04-24T06:26:57.961+0000][gc,heap     ] GC(155) Archive regions: 2->2
[2024-04-24T06:26:57.961+0000][gc,heap     ] GC(155) Humongous regions: 129->129
[2024-04-24T06:26:57.961+0000][gc,metaspace] GC(155) Metaspace: 43057K(43648K)->43057K(43648K) NonClass: 38035K(38400K)->38035K(38400K) Class: 5022K(5248K)->5022K(5248K)
[2024-04-24T06:26:57.961+0000][gc          ] GC(155) Pause Young (Normal) (G1 Evacuation Pause) 783M->171M(1024M) 2.448ms
[2024-04-24T06:26:57.961+0000][gc,cpu      ] GC(155) User=0.02s Sys=0.00s Real=0.00s
[2024-04-24T06:26:59.009+0000][gc,start    ] GC(156) Pause Young (Normal) (G1 Evacuation Pause)
[2024-04-24T06:26:59.009+0000][gc,task     ] GC(156) Using 8 workers of 8 for evacuation
[2024-04-24T06:26:59.012+0000][gc,phases   ] GC(156)   Pre Evacuate Collection Set: 0.1ms
[2024-04-24T06:26:59.012+0000][gc,phases   ] GC(156)   Merge Heap Roots: 0.1ms
[2024-04-24T06:26:59.012+0000][gc,phases   ] GC(156)   Evacuate Collection Set: 1.8ms
[2024-04-24T06:26:59.012+0000][gc,phases   ] GC(156)   Post Evacuate Collection Set: 0.4ms
[2024-04-24T06:26:59.012+0000][gc,phases   ] GC(156)   Other: 0.1ms
[2024-04-24T06:26:59.012+0000][gc,heap     ] GC(156) Eden regions: 612->0(612)
[2024-04-24T06:26:59.012+0000][gc,heap     ] GC(156) Survivor regions: 2->2(77)
[2024-04-24T06:26:59.012+0000][gc,heap     ] GC(156) Old regions: 40->40
[2024-04-24T06:26:59.012+0000][gc,heap     ] GC(156) Archive regions: 2->2
[2024-04-24T06:26:59.012+0000][gc,heap     ] GC(156) Humongous regions: 129->129
[2024-04-24T06:26:59.012+0000][gc,metaspace] GC(156) Metaspace: 43057K(43648K)->43057K(43648K) NonClass: 38035K(38400K)->38035K(38400K) Class: 5022K(5248K)->5022K(5248K)
[2024-04-24T06:26:59.012+0000][gc          ] GC(156) Pause Young (Normal) (G1 Evacuation Pause) 783M->171M(1024M) 2.522ms
[2024-04-24T06:26:59.012+0000][gc,cpu      ] GC(156) User=0.01s Sys=0.00s Real=0.00s
[2024-04-24T06:27:00.061+0000][gc,start    ] GC(157) Pause Young (Normal) (G1 Evacuation Pause)
[2024-04-24T06:27:00.061+0000][gc,task     ] GC(157) Using 8 workers of 8 for evacuation
[2024-04-24T06:27:00.064+0000][gc,phases   ] GC(157)   Pre Evacuate Collection Set: 0.1ms
[2024-04-24T06:27:00.064+0000][gc,phases   ] GC(157)   Merge Heap Roots: 0.1ms
[2024-04-24T06:27:00.064+0000][gc,phases   ] GC(157)   Evacuate Collection Set: 1.9ms
[2024-04-24T06:27:00.064+0000][gc,phases   ] GC(157)   Post Evacuate Collection Set: 0.4ms
[2024-04-24T06:27:00.064+0000][gc,phases   ] GC(157)   Other: 0.1ms
[2024-04-24T06:27:00.064+0000][gc,heap     ] GC(157) Eden regions: 612->0(612)
[2024-04-24T06:27:00.064+0000][gc,heap     ] GC(157) Survivor regions: 2->2(77)
[2024-04-24T06:27:00.064+0000][gc,heap     ] GC(157) Old regions: 40->41
[2024-04-24T06:27:00.064+0000][gc,heap     ] GC(157) Archive regions: 2->2
[2024-04-24T06:27:00.064+0000][gc,heap     ] GC(157) Humongous regions: 129->129
[2024-04-24T06:27:00.064+0000][gc,metaspace] GC(157) Metaspace: 43057K(43648K)->43057K(43648K) NonClass: 38035K(38400K)->38035K(38400K) Class: 5022K(5248K)->5022K(5248K)
[2024-04-24T06:27:00.064+0000][gc          ] GC(157) Pause Young (Normal) (G1 Evacuation Pause) 783M->171M(1024M) 2.695ms
[2024-04-24T06:27:00.064+0000][gc,cpu      ] GC(157) User=0.01s Sys=0.00s Real=0.01s
[2024-04-24T06:27:01.091+0000][gc,start    ] GC(158) Pause Young (Normal) (G1 Evacuation Pause)
[2024-04-24T06:27:01.091+0000][gc,task     ] GC(158) Using 8 workers of 8 for evacuation
[2024-04-24T06:27:01.094+0000][gc,phases   ] GC(158)   Pre Evacuate Collection Set: 0.1ms
[2024-04-24T06:27:01.094+0000][gc,phases   ] GC(158)   Merge Heap Roots: 0.1ms
[2024-04-24T06:27:01.094+0000][gc,phases   ] GC(158)   Evacuate Collection Set: 1.8ms
[2024-04-24T06:27:01.094+0000][gc,phases   ] GC(158)   Post Evacuate Collection Set: 0.4ms
[2024-04-24T06:27:01.094+0000][gc,phases   ] GC(158)   Other: 0.1ms
[2024-04-24T06:27:01.094+0000][gc,heap     ] GC(158) Eden regions: 612->0(612)
[2024-04-24T06:27:01.094+0000][gc,heap     ] GC(158) Survivor regions: 2->2(77)
[2024-04-24T06:27:01.094+0000][gc,heap     ] GC(158) Old regions: 41->41
[2024-04-24T06:27:01.094+0000][gc,heap     ] GC(158) Archive regions: 2->2
[2024-04-24T06:27:01.094+0000][gc,heap     ] GC(158) Humongous regions: 129->129
[2024-04-24T06:27:01.094+0000][gc,metaspace] GC(158) Metaspace: 43057K(43648K)->43057K(43648K) NonClass: 38035K(38400K)->38035K(38400K) Class: 5022K(5248K)->5022K(5248K)
[2024-04-24T06:27:01.094+0000][gc          ] GC(158) Pause Young (Normal) (G1 Evacuation Pause) 783M->171M(1024M) 2.579ms
[2024-04-24T06:27:01.094+0000][gc,cpu      ] GC(158) User=0.01s Sys=0.00s Real=0.01s
[2024-04-24T06:27:02.098+0000][gc,start    ] GC(159) Pause Young (Normal) (G1 Evacuation Pause)
[2024-04-24T06:27:02.098+0000][gc,task     ] GC(159) Using 8 workers of 8 for evacuation
[2024-04-24T06:27:02.101+0000][gc,phases   ] GC(159)   Pre Evacuate Collection Set: 0.1ms
[2024-04-24T06:27:02.101+0000][gc,phases   ] GC(159)   Merge Heap Roots: 0.1ms
[2024-04-24T06:27:02.101+0000][gc,phases   ] GC(159)   Evacuate Collection Set: 1.9ms
[2024-04-24T06:27:02.101+0000][gc,phases   ] GC(159)   Post Evacuate Collection Set: 0.4ms
[2024-04-24T06:27:02.101+0000][gc,phases   ] GC(159)   Other: 0.1ms
[2024-04-24T06:27:02.101+0000][gc,heap     ] GC(159) Eden regions: 612->0(612)
[2024-04-24T06:27:02.101+0000][gc,heap     ] GC(159) Survivor regions: 2->2(77)
[2024-04-24T06:27:02.101+0000][gc,heap     ] GC(159) Old regions: 41->41
[2024-04-24T06:27:02.101+0000][gc,heap     ] GC(159) Archive regions: 2->2
[2024-04-24T06:27:02.101+0000][gc,heap     ] GC(159) Humongous regions: 129->129
[2024-04-24T06:27:02.101+0000][gc,metaspace] GC(159) Metaspace: 43057K(43648K)->43057K(43648K) NonClass: 38035K(38400K)->38035K(38400K) Class: 5022K(5248K)->5022K(5248K)
[2024-04-24T06:27:02.101+0000][gc          ] GC(159) Pause Young (Normal) (G1 Evacuation Pause) 783M->171M(1024M) 2.597ms
[2024-04-24T06:27:02.101+0000][gc,cpu      ] GC(159) User=0.02s Sys=0.00s Real=0.00s
[2024-04-24T06:27:03.098+0000][gc,start    ] GC(160) Pause Young (Normal) (G1 Evacuation Pause)
[2024-04-24T06:27:03.098+0000][gc,task     ] GC(160) Using 8 workers of 8 for evacuation
[2024-04-24T06:27:03.100+0000][gc,phases   ] GC(160)   Pre Evacuate Collection Set: 0.1ms
[2024-04-24T06:27:03.100+0000][gc,phases   ] GC(160)   Merge Heap Roots: 0.1ms
[2024-04-24T06:27:03.100+0000][gc,phases   ] GC(160)   Evacuate Collection Set: 1.7ms
[2024-04-24T06:27:03.100+0000][gc,phases   ] GC(160)   Post Evacuate Collection Set: 0.4ms
[2024-04-24T06:27:03.100+0000][gc,phases   ] GC(160)   Other: 0.1ms
[2024-04-24T06:27:03.100+0000][gc,heap     ] GC(160) Eden regions: 612->0(612)
[2024-04-24T06:27:03.100+0000][gc,heap     ] GC(160) Survivor regions: 2->2(77)
[2024-04-24T06:27:03.100+0000][gc,heap     ] GC(160) Old regions: 41->41
[2024-04-24T06:27:03.100+0000][gc,heap     ] GC(160) Archive regions: 2->2
[2024-04-24T06:27:03.100+0000][gc,heap     ] GC(160) Humongous regions: 129->129
[2024-04-24T06:27:03.100+0000][gc,metaspace] GC(160) Metaspace: 43057K(43648K)->43057K(43648K) NonClass: 38035K(38400K)->38035K(38400K) Class: 5022K(5248K)->5022K(5248K)
[2024-04-24T06:27:03.100+0000][gc          ] GC(160) Pause Young (Normal) (G1 Evacuation Pause) 783M->171M(1024M) 2.517ms
[2024-04-24T06:27:03.100+0000][gc,cpu      ] GC(160) User=0.01s Sys=0.00s Real=0.00s
[2024-04-24T06:27:04.127+0000][gc,start    ] GC(161) Pause Young (Normal) (G1 Evacuation Pause)
[2024-04-24T06:27:04.127+0000][gc,task     ] GC(161) Using 8 workers of 8 for evacuation
[2024-04-24T06:27:04.130+0000][gc,phases   ] GC(161)   Pre Evacuate Collection Set: 0.1ms
[2024-04-24T06:27:04.130+0000][gc,phases   ] GC(161)   Merge Heap Roots: 0.1ms
[2024-04-24T06:27:04.130+0000][gc,phases   ] GC(161)   Evacuate Collection Set: 1.7ms
[2024-04-24T06:27:04.130+0000][gc,phases   ] GC(161)   Post Evacuate Collection Set: 0.4ms
[2024-04-24T06:27:04.130+0000][gc,phases   ] GC(161)   Other: 0.1ms
[2024-04-24T06:27:04.130+0000][gc,heap     ] GC(161) Eden regions: 612->0(612)
[2024-04-24T06:27:04.130+0000][gc,heap     ] GC(161) Survivor regions: 2->2(77)
[2024-04-24T06:27:04.130+0000][gc,heap     ] GC(161) Old regions: 41->41
[2024-04-24T06:27:04.130+0000][gc,heap     ] GC(161) Archive regions: 2->2
[2024-04-24T06:27:04.130+0000][gc,heap     ] GC(161) Humongous regions: 129->129
[2024-04-24T06:27:04.130+0000][gc,metaspace] GC(161) Metaspace: 43058K(43648K)->43058K(43648K) NonClass: 38036K(38400K)->38036K(38400K) Class: 5022K(5248K)->5022K(5248K)
[2024-04-24T06:27:04.130+0000][gc          ] GC(161) Pause Young (Normal) (G1 Evacuation Pause) 783M->171M(1024M) 2.523ms
[2024-04-24T06:27:04.130+0000][gc,cpu      ] GC(161) User=0.01s Sys=0.00s Real=0.00s
[2024-04-24T06:27:05.273+0000][gc,start    ] GC(162) Pause Young (Normal) (G1 Evacuation Pause)
[2024-04-24T06:27:05.273+0000][gc,task     ] GC(162) Using 8 workers of 8 for evacuation
[2024-04-24T06:27:05.275+0000][gc,phases   ] GC(162)   Pre Evacuate Collection Set: 0.1ms
[2024-04-24T06:27:05.275+0000][gc,phases   ] GC(162)   Merge Heap Roots: 0.1ms
[2024-04-24T06:27:05.275+0000][gc,phases   ] GC(162)   Evacuate Collection Set: 1.7ms
[2024-04-24T06:27:05.275+0000][gc,phases   ] GC(162)   Post Evacuate Collection Set: 0.4ms
[2024-04-24T06:27:05.275+0000][gc,phases   ] GC(162)   Other: 0.1ms
[2024-04-24T06:27:05.275+0000][gc,heap     ] GC(162) Eden regions: 612->0(612)
[2024-04-24T06:27:05.275+0000][gc,heap     ] GC(162) Survivor regions: 2->2(77)
[2024-04-24T06:27:05.275+0000][gc,heap     ] GC(162) Old regions: 41->41
[2024-04-24T06:27:05.275+0000][gc,heap     ] GC(162) Archive regions: 2->2
[2024-04-24T06:27:05.275+0000][gc,heap     ] GC(162) Humongous regions: 129->129
[2024-04-24T06:27:05.275+0000][gc,metaspace] GC(162) Metaspace: 43059K(43648K)->43059K(43648K) NonClass: 38036K(38400K)->38036K(38400K) Class: 5022K(5248K)->5022K(5248K)
[2024-04-24T06:27:05.275+0000][gc          ] GC(162) Pause Young (Normal) (G1 Evacuation Pause) 783M->171M(1024M) 2.463ms
[2024-04-24T06:27:05.275+0000][gc,cpu      ] GC(162) User=0.01s Sys=0.01s Real=0.00s
[2024-04-24T06:27:07.322+0000][gc,start    ] GC(163) Pause Young (Normal) (G1 Evacuation Pause)
[2024-04-24T06:27:07.322+0000][gc,task     ] GC(163) Using 8 workers of 8 for evacuation
[2024-04-24T06:27:07.330+0000][gc,phases   ] GC(163)   Pre Evacuate Collection Set: 0.4ms
[2024-04-24T06:27:07.330+0000][gc,phases   ] GC(163)   Merge Heap Roots: 0.5ms
[2024-04-24T06:27:07.330+0000][gc,phases   ] GC(163)   Evacuate Collection Set: 5.9ms
[2024-04-24T06:27:07.330+0000][gc,phases   ] GC(163)   Post Evacuate Collection Set: 0.5ms
[2024-04-24T06:27:07.330+0000][gc,phases   ] GC(163)   Other: 0.4ms
[2024-04-24T06:27:07.330+0000][gc,heap     ] GC(163) Eden regions: 612->0(612)
[2024-04-24T06:27:07.330+0000][gc,heap     ] GC(163) Survivor regions: 2->2(77)
[2024-04-24T06:27:07.330+0000][gc,heap     ] GC(163) Old regions: 41->41
[2024-04-24T06:27:07.330+0000][gc,heap     ] GC(163) Archive regions: 2->2
[2024-04-24T06:27:07.330+0000][gc,heap     ] GC(163) Humongous regions: 129->129
[2024-04-24T06:27:07.330+0000][gc,metaspace] GC(163) Metaspace: 43059K(43648K)->43059K(43648K) NonClass: 38036K(38400K)->38036K(38400K) Class: 5022K(5248K)->5022K(5248K)
[2024-04-24T06:27:07.330+0000][gc          ] GC(163) Pause Young (Normal) (G1 Evacuation Pause) 783M->171M(1024M) 7.673ms
[2024-04-24T06:27:07.330+0000][gc,cpu      ] GC(163) User=0.05s Sys=0.00s Real=0.01s
[2024-04-24T06:27:08.454+0000][gc,start    ] GC(164) Pause Young (Normal) (G1 Evacuation Pause)
[2024-04-24T06:27:08.454+0000][gc,task     ] GC(164) Using 8 workers of 8 for evacuation
[2024-04-24T06:27:08.456+0000][gc,phases   ] GC(164)   Pre Evacuate Collection Set: 0.1ms
[2024-04-24T06:27:08.456+0000][gc,phases   ] GC(164)   Merge Heap Roots: 0.1ms
[2024-04-24T06:27:08.456+0000][gc,phases   ] GC(164)   Evacuate Collection Set: 1.8ms
[2024-04-24T06:27:08.456+0000][gc,phases   ] GC(164)   Post Evacuate Collection Set: 0.4ms
[2024-04-24T06:27:08.456+0000][gc,phases   ] GC(164)   Other: 0.1ms
[2024-04-24T06:27:08.456+0000][gc,heap     ] GC(164) Eden regions: 612->0(612)
[2024-04-24T06:27:08.456+0000][gc,heap     ] GC(164) Survivor regions: 2->2(77)
[2024-04-24T06:27:08.456+0000][gc,heap     ] GC(164) Old regions: 41->41
[2024-04-24T06:27:08.456+0000][gc,heap     ] GC(164) Archive regions: 2->2
[2024-04-24T06:27:08.456+0000][gc,heap     ] GC(164) Humongous regions: 129->129
[2024-04-24T06:27:08.456+0000][gc,metaspace] GC(164) Metaspace: 43059K(43648K)->43059K(43648K) NonClass: 38036K(38400K)->38036K(38400K) Class: 5022K(5248K)->5022K(5248K)
[2024-04-24T06:27:08.456+0000][gc          ] GC(164) Pause Young (Normal) (G1 Evacuation Pause) 783M->171M(1024M) 2.596ms
[2024-04-24T06:27:08.456+0000][gc,cpu      ] GC(164) User=0.01s Sys=0.00s Real=0.00s
[2024-04-24T06:27:09.580+0000][gc,start    ] GC(165) Pause Young (Normal) (G1 Evacuation Pause)
[2024-04-24T06:27:09.580+0000][gc,task     ] GC(165) Using 8 workers of 8 for evacuation
[2024-04-24T06:27:09.583+0000][gc,phases   ] GC(165)   Pre Evacuate Collection Set: 0.1ms
[2024-04-24T06:27:09.583+0000][gc,phases   ] GC(165)   Merge Heap Roots: 0.1ms
[2024-04-24T06:27:09.583+0000][gc,phases   ] GC(165)   Evacuate Collection Set: 2.0ms
[2024-04-24T06:27:09.583+0000][gc,phases   ] GC(165)   Post Evacuate Collection Set: 0.4ms
[2024-04-24T06:27:09.583+0000][gc,phases   ] GC(165)   Other: 0.1ms
[2024-04-24T06:27:09.583+0000][gc,heap     ] GC(165) Eden regions: 612->0(612)
[2024-04-24T06:27:09.583+0000][gc,heap     ] GC(165) Survivor regions: 2->2(77)
[2024-04-24T06:27:09.583+0000][gc,heap     ] GC(165) Old regions: 41->41
[2024-04-24T06:27:09.583+0000][gc,heap     ] GC(165) Archive regions: 2->2
[2024-04-24T06:27:09.583+0000][gc,heap     ] GC(165) Humongous regions: 129->129
[2024-04-24T06:27:09.583+0000][gc,metaspace] GC(165) Metaspace: 43059K(43648K)->43059K(43648K) NonClass: 38036K(38400K)->38036K(38400K) Class: 5022K(5248K)->5022K(5248K)
[2024-04-24T06:27:09.583+0000][gc          ] GC(165) Pause Young (Normal) (G1 Evacuation Pause) 783M->171M(1024M) 2.870ms
[2024-04-24T06:27:09.583+0000][gc,cpu      ] GC(165) User=0.00s Sys=0.00s Real=0.00s
[2024-04-24T06:27:10.595+0000][gc,start    ] GC(166) Pause Young (Normal) (G1 Evacuation Pause)
[2024-04-24T06:27:10.595+0000][gc,task     ] GC(166) Using 8 workers of 8 for evacuation
[2024-04-24T06:27:10.597+0000][gc,phases   ] GC(166)   Pre Evacuate Collection Set: 0.1ms
[2024-04-24T06:27:10.597+0000][gc,phases   ] GC(166)   Merge Heap Roots: 0.1ms
[2024-04-24T06:27:10.597+0000][gc,phases   ] GC(166)   Evacuate Collection Set: 1.7ms
[2024-04-24T06:27:10.597+0000][gc,phases   ] GC(166)   Post Evacuate Collection Set: 0.4ms
[2024-04-24T06:27:10.597+0000][gc,phases   ] GC(166)   Other: 0.1ms
[2024-04-24T06:27:10.597+0000][gc,heap     ] GC(166) Eden regions: 612->0(612)
[2024-04-24T06:27:10.597+0000][gc,heap     ] GC(166) Survivor regions: 2->2(77)
[2024-04-24T06:27:10.597+0000][gc,heap     ] GC(166) Old regions: 41->41
[2024-04-24T06:27:10.597+0000][gc,heap     ] GC(166) Archive regions: 2->2
[2024-04-24T06:27:10.597+0000][gc,heap     ] GC(166) Humongous regions: 129->129
[2024-04-24T06:27:10.597+0000][gc,metaspace] GC(166) Metaspace: 43060K(43648K)->43060K(43648K) NonClass: 38037K(38400K)->38037K(38400K) Class: 5022K(5248K)->5022K(5248K)
[2024-04-24T06:27:10.597+0000][gc          ] GC(166) Pause Young (Normal) (G1 Evacuation Pause) 783M->172M(1024M) 2.402ms
[2024-04-24T06:27:10.598+0000][gc,cpu      ] GC(166) User=0.01s Sys=0.00s Real=0.00s
[2024-04-24T06:27:11.629+0000][gc,start    ] GC(167) Pause Young (Normal) (G1 Evacuation Pause)
[2024-04-24T06:27:11.629+0000][gc,task     ] GC(167) Using 8 workers of 8 for evacuation
[2024-04-24T06:27:11.631+0000][gc,phases   ] GC(167)   Pre Evacuate Collection Set: 0.1ms
[2024-04-24T06:27:11.631+0000][gc,phases   ] GC(167)   Merge Heap Roots: 0.1ms
[2024-04-24T06:27:11.631+0000][gc,phases   ] GC(167)   Evacuate Collection Set: 1.8ms
[2024-04-24T06:27:11.631+0000][gc,phases   ] GC(167)   Post Evacuate Collection Set: 0.4ms
[2024-04-24T06:27:11.631+0000][gc,phases   ] GC(167)   Other: 0.1ms
[2024-04-24T06:27:11.631+0000][gc,heap     ] GC(167) Eden regions: 612->0(612)
[2024-04-24T06:27:11.631+0000][gc,heap     ] GC(167) Survivor regions: 2->2(77)
[2024-04-24T06:27:11.631+0000][gc,heap     ] GC(167) Old regions: 41->41
[2024-04-24T06:27:11.631+0000][gc,heap     ] GC(167) Archive regions: 2->2
[2024-04-24T06:27:11.631+0000][gc,heap     ] GC(167) Humongous regions: 129->129
[2024-04-24T06:27:11.631+0000][gc,metaspace] GC(167) Metaspace: 43062K(43648K)->43062K(43648K) NonClass: 38040K(38400K)->38040K(38400K) Class: 5022K(5248K)->5022K(5248K)
[2024-04-24T06:27:11.631+0000][gc          ] GC(167) Pause Young (Normal) (G1 Evacuation Pause) 784M->172M(1024M) 2.568ms
[2024-04-24T06:27:11.631+0000][gc,cpu      ] GC(167) User=0.01s Sys=0.00s Real=0.00s
[2024-04-24T06:27:12.654+0000][gc,start    ] GC(168) Pause Young (Normal) (G1 Evacuation Pause)
[2024-04-24T06:27:12.654+0000][gc,task     ] GC(168) Using 8 workers of 8 for evacuation
[2024-04-24T06:27:12.657+0000][gc,phases   ] GC(168)   Pre Evacuate Collection Set: 0.1ms
[2024-04-24T06:27:12.657+0000][gc,phases   ] GC(168)   Merge Heap Roots: 0.1ms
[2024-04-24T06:27:12.657+0000][gc,phases   ] GC(168)   Evacuate Collection Set: 1.6ms
[2024-04-24T06:27:12.657+0000][gc,phases   ] GC(168)   Post Evacuate Collection Set: 0.4ms
[2024-04-24T06:27:12.657+0000][gc,phases   ] GC(168)   Other: 0.1ms
[2024-04-24T06:27:12.657+0000][gc,heap     ] GC(168) Eden regions: 612->0(612)
[2024-04-24T06:27:12.657+0000][gc,heap     ] GC(168) Survivor regions: 2->2(77)
[2024-04-24T06:27:12.657+0000][gc,heap     ] GC(168) Old regions: 41->42
[2024-04-24T06:27:12.657+0000][gc,heap     ] GC(168) Archive regions: 2->2
[2024-04-24T06:27:12.657+0000][gc,heap     ] GC(168) Humongous regions: 129->129
[2024-04-24T06:27:12.657+0000][gc,metaspace] GC(168) Metaspace: 43063K(43648K)->43063K(43648K) NonClass: 38040K(38400K)->38040K(38400K) Class: 5022K(5248K)->5022K(5248K)
[2024-04-24T06:27:12.657+0000][gc          ] GC(168) Pause Young (Normal) (G1 Evacuation Pause) 784M->172M(1024M) 2.315ms
[2024-04-24T06:27:12.657+0000][gc,cpu      ] GC(168) User=0.01s Sys=0.00s Real=0.00s
[2024-04-24T06:27:13.730+0000][gc,start    ] GC(169) Pause Young (Normal) (G1 Evacuation Pause)
[2024-04-24T06:27:13.730+0000][gc,task     ] GC(169) Using 8 workers of 8 for evacuation
[2024-04-24T06:27:13.733+0000][gc,phases   ] GC(169)   Pre Evacuate Collection Set: 0.1ms
[2024-04-24T06:27:13.733+0000][gc,phases   ] GC(169)   Merge Heap Roots: 0.1ms
[2024-04-24T06:27:13.733+0000][gc,phases   ] GC(169)   Evacuate Collection Set: 1.7ms
[2024-04-24T06:27:13.733+0000][gc,phases   ] GC(169)   Post Evacuate Collection Set: 0.4ms
[2024-04-24T06:27:13.733+0000][gc,phases   ] GC(169)   Other: 0.1ms
[2024-04-24T06:27:13.733+0000][gc,heap     ] GC(169) Eden regions: 612->0(612)
[2024-04-24T06:27:13.733+0000][gc,heap     ] GC(169) Survivor regions: 2->2(77)
[2024-04-24T06:27:13.733+0000][gc,heap     ] GC(169) Old regions: 42->42
[2024-04-24T06:27:13.733+0000][gc,heap     ] GC(169) Archive regions: 2->2
[2024-04-24T06:27:13.733+0000][gc,heap     ] GC(169) Humongous regions: 129->129
[2024-04-24T06:27:13.733+0000][gc,metaspace] GC(169) Metaspace: 43063K(43648K)->43063K(43648K) NonClass: 38040K(38400K)->38040K(38400K) Class: 5022K(5248K)->5022K(5248K)
[2024-04-24T06:27:13.733+0000][gc          ] GC(169) Pause Young (Normal) (G1 Evacuation Pause) 784M->172M(1024M) 2.436ms
[2024-04-24T06:27:13.733+0000][gc,cpu      ] GC(169) User=0.02s Sys=0.00s Real=0.01s
[2024-04-24T06:27:14.761+0000][gc,start    ] GC(170) Pause Young (Normal) (G1 Evacuation Pause)
[2024-04-24T06:27:14.761+0000][gc,task     ] GC(170) Using 8 workers of 8 for evacuation
[2024-04-24T06:27:14.763+0000][gc,phases   ] GC(170)   Pre Evacuate Collection Set: 0.1ms
[2024-04-24T06:27:14.763+0000][gc,phases   ] GC(170)   Merge Heap Roots: 0.1ms
[2024-04-24T06:27:14.763+0000][gc,phases   ] GC(170)   Evacuate Collection Set: 1.7ms
[2024-04-24T06:27:14.763+0000][gc,phases   ] GC(170)   Post Evacuate Collection Set: 0.4ms
[2024-04-24T06:27:14.764+0000][gc,phases   ] GC(170)   Other: 0.1ms
[2024-04-24T06:27:14.764+0000][gc,heap     ] GC(170) Eden regions: 612->0(612)
[2024-04-24T06:27:14.764+0000][gc,heap     ] GC(170) Survivor regions: 2->2(77)
[2024-04-24T06:27:14.764+0000][gc,heap     ] GC(170) Old regions: 42->42
[2024-04-24T06:27:14.764+0000][gc,heap     ] GC(170) Archive regions: 2->2
[2024-04-24T06:27:14.764+0000][gc,heap     ] GC(170) Humongous regions: 129->129
[2024-04-24T06:27:14.764+0000][gc,metaspace] GC(170) Metaspace: 43063K(43648K)->43063K(43648K) NonClass: 38040K(38400K)->38040K(38400K) Class: 5022K(5248K)->5022K(5248K)
[2024-04-24T06:27:14.764+0000][gc          ] GC(170) Pause Young (Normal) (G1 Evacuation Pause) 784M->172M(1024M) 2.448ms
[2024-04-24T06:27:14.764+0000][gc,cpu      ] GC(170) User=0.01s Sys=0.00s Real=0.00s
[2024-04-24T06:27:15.779+0000][gc,start    ] GC(171) Pause Young (Normal) (G1 Evacuation Pause)
[2024-04-24T06:27:15.779+0000][gc,task     ] GC(171) Using 8 workers of 8 for evacuation
[2024-04-24T06:27:15.781+0000][gc,phases   ] GC(171)   Pre Evacuate Collection Set: 0.1ms
[2024-04-24T06:27:15.781+0000][gc,phases   ] GC(171)   Merge Heap Roots: 0.1ms
[2024-04-24T06:27:15.781+0000][gc,phases   ] GC(171)   Evacuate Collection Set: 1.6ms
[2024-04-24T06:27:15.781+0000][gc,phases   ] GC(171)   Post Evacuate Collection Set: 0.4ms
[2024-04-24T06:27:15.781+0000][gc,phases   ] GC(171)   Other: 0.1ms
[2024-04-24T06:27:15.782+0000][gc,heap     ] GC(171) Eden regions: 612->0(612)
[2024-04-24T06:27:15.782+0000][gc,heap     ] GC(171) Survivor regions: 2->2(77)
[2024-04-24T06:27:15.782+0000][gc,heap     ] GC(171) Old regions: 42->42
[2024-04-24T06:27:15.782+0000][gc,heap     ] GC(171) Archive regions: 2->2
[2024-04-24T06:27:15.782+0000][gc,heap     ] GC(171) Humongous regions: 129->129
[2024-04-24T06:27:15.782+0000][gc,metaspace] GC(171) Metaspace: 43065K(43648K)->43065K(43648K) NonClass: 38042K(38400K)->38042K(38400K) Class: 5022K(5248K)->5022K(5248K)
[2024-04-24T06:27:15.782+0000][gc          ] GC(171) Pause Young (Normal) (G1 Evacuation Pause) 784M->172M(1024M) 2.333ms
[2024-04-24T06:27:15.782+0000][gc,cpu      ] GC(171) User=0.02s Sys=0.00s Real=0.00s
[2024-04-24T06:27:16.868+0000][gc,start    ] GC(172) Pause Young (Normal) (G1 Evacuation Pause)
[2024-04-24T06:27:16.869+0000][gc,task     ] GC(172) Using 8 workers of 8 for evacuation
[2024-04-24T06:27:16.871+0000][gc,phases   ] GC(172)   Pre Evacuate Collection Set: 0.1ms
[2024-04-24T06:27:16.871+0000][gc,phases   ] GC(172)   Merge Heap Roots: 0.1ms
[2024-04-24T06:27:16.871+0000][gc,phases   ] GC(172)   Evacuate Collection Set: 1.6ms
[2024-04-24T06:27:16.871+0000][gc,phases   ] GC(172)   Post Evacuate Collection Set: 0.4ms
[2024-04-24T06:27:16.871+0000][gc,phases   ] GC(172)   Other: 0.1ms
[2024-04-24T06:27:16.871+0000][gc,heap     ] GC(172) Eden regions: 612->0(613)
[2024-04-24T06:27:16.871+0000][gc,heap     ] GC(172) Survivor regions: 2->1(77)
[2024-04-24T06:27:16.871+0000][gc,heap     ] GC(172) Old regions: 42->42
[2024-04-24T06:27:16.871+0000][gc,heap     ] GC(172) Archive regions: 2->2
[2024-04-24T06:27:16.871+0000][gc,heap     ] GC(172) Humongous regions: 129->129
[2024-04-24T06:27:16.871+0000][gc,metaspace] GC(172) Metaspace: 43082K(43648K)->43082K(43648K) NonClass: 38059K(38400K)->38059K(38400K) Class: 5022K(5248K)->5022K(5248K)
[2024-04-24T06:27:16.871+0000][gc          ] GC(172) Pause Young (Normal) (G1 Evacuation Pause) 784M->172M(1024M) 2.341ms
[2024-04-24T06:27:16.871+0000][gc,cpu      ] GC(172) User=0.01s Sys=0.01s Real=0.00s
[2024-04-24T06:27:17.974+0000][gc,start    ] GC(173) Pause Young (Normal) (G1 Evacuation Pause)
[2024-04-24T06:27:17.974+0000][gc,task     ] GC(173) Using 8 workers of 8 for evacuation
[2024-04-24T06:27:17.977+0000][gc,phases   ] GC(173)   Pre Evacuate Collection Set: 0.1ms
[2024-04-24T06:27:17.977+0000][gc,phases   ] GC(173)   Merge Heap Roots: 0.1ms
[2024-04-24T06:27:17.977+0000][gc,phases   ] GC(173)   Evacuate Collection Set: 1.5ms
[2024-04-24T06:27:17.977+0000][gc,phases   ] GC(173)   Post Evacuate Collection Set: 0.4ms
[2024-04-24T06:27:17.977+0000][gc,phases   ] GC(173)   Other: 0.1ms
[2024-04-24T06:27:17.977+0000][gc,heap     ] GC(173) Eden regions: 613->0(613)
[2024-04-24T06:27:17.977+0000][gc,heap     ] GC(173) Survivor regions: 1->1(77)
[2024-04-24T06:27:17.977+0000][gc,heap     ] GC(173) Old regions: 42->42
[2024-04-24T06:27:17.977+0000][gc,heap     ] GC(173) Archive regions: 2->2
[2024-04-24T06:27:17.977+0000][gc,heap     ] GC(173) Humongous regions: 129->129
[2024-04-24T06:27:17.977+0000][gc,metaspace] GC(173) Metaspace: 43082K(43648K)->43082K(43648K) NonClass: 38059K(38400K)->38059K(38400K) Class: 5022K(5248K)->5022K(5248K)
[2024-04-24T06:27:17.977+0000][gc          ] GC(173) Pause Young (Normal) (G1 Evacuation Pause) 785M->172M(1024M) 2.347ms
[2024-04-24T06:27:17.977+0000][gc,cpu      ] GC(173) User=0.01s Sys=0.00s Real=0.00s
[2024-04-24T06:29:20.601+0000][gc,start    ] GC(174) Pause Young (Normal) (G1 Evacuation Pause)
[2024-04-24T06:29:20.601+0000][gc,task     ] GC(174) Using 8 workers of 8 for evacuation
[2024-04-24T06:29:20.603+0000][gc,phases   ] GC(174)   Pre Evacuate Collection Set: 0.1ms
[2024-04-24T06:29:20.603+0000][gc,phases   ] GC(174)   Merge Heap Roots: 0.1ms
[2024-04-24T06:29:20.603+0000][gc,phases   ] GC(174)   Evacuate Collection Set: 2.0ms
[2024-04-24T06:29:20.603+0000][gc,phases   ] GC(174)   Post Evacuate Collection Set: 0.4ms
[2024-04-24T06:29:20.603+0000][gc,phases   ] GC(174)   Other: 0.1ms
[2024-04-24T06:29:20.603+0000][gc,heap     ] GC(174) Eden regions: 613->0(612)
[2024-04-24T06:29:20.603+0000][gc,heap     ] GC(174) Survivor regions: 1->2(77)
[2024-04-24T06:29:20.603+0000][gc,heap     ] GC(174) Old regions: 42->42
[2024-04-24T06:29:20.603+0000][gc,heap     ] GC(174) Archive regions: 2->2
[2024-04-24T06:29:20.603+0000][gc,heap     ] GC(174) Humongous regions: 129->129
[2024-04-24T06:29:20.603+0000][gc,metaspace] GC(174) Metaspace: 43217K(43840K)->43217K(43840K) NonClass: 38174K(38528K)->38174K(38528K) Class: 5042K(5312K)->5042K(5312K)
[2024-04-24T06:29:20.603+0000][gc          ] GC(174) Pause Young (Normal) (G1 Evacuation Pause) 785M->172M(1024M) 2.786ms
[2024-04-24T06:29:20.603+0000][gc,cpu      ] GC(174) User=0.01s Sys=0.01s Real=0.00s
[2024-04-24T06:29:21.754+0000][gc,start    ] GC(175) Pause Young (Normal) (G1 Evacuation Pause)
[2024-04-24T06:29:21.754+0000][gc,task     ] GC(175) Using 8 workers of 8 for evacuation
[2024-04-24T06:29:21.757+0000][gc,phases   ] GC(175)   Pre Evacuate Collection Set: 0.1ms
[2024-04-24T06:29:21.757+0000][gc,phases   ] GC(175)   Merge Heap Roots: 0.1ms
[2024-04-24T06:29:21.757+0000][gc,phases   ] GC(175)   Evacuate Collection Set: 2.2ms
[2024-04-24T06:29:21.757+0000][gc,phases   ] GC(175)   Post Evacuate Collection Set: 0.4ms
[2024-04-24T06:29:21.757+0000][gc,phases   ] GC(175)   Other: 0.1ms
[2024-04-24T06:29:21.757+0000][gc,heap     ] GC(175) Eden regions: 612->0(612)
[2024-04-24T06:29:21.757+0000][gc,heap     ] GC(175) Survivor regions: 2->2(77)
[2024-04-24T06:29:21.757+0000][gc,heap     ] GC(175) Old regions: 42->42
[2024-04-24T06:29:21.757+0000][gc,heap     ] GC(175) Archive regions: 2->2
[2024-04-24T06:29:21.757+0000][gc,heap     ] GC(175) Humongous regions: 129->129
[2024-04-24T06:29:21.757+0000][gc,metaspace] GC(175) Metaspace: 43217K(43840K)->43217K(43840K) NonClass: 38174K(38528K)->38174K(38528K) Class: 5042K(5312K)->5042K(5312K)
[2024-04-24T06:29:21.757+0000][gc          ] GC(175) Pause Young (Normal) (G1 Evacuation Pause) 784M->172M(1024M) 2.992ms
[2024-04-24T06:29:21.757+0000][gc,cpu      ] GC(175) User=0.02s Sys=0.00s Real=0.00s
[2024-04-24T06:29:23.084+0000][gc,start    ] GC(176) Pause Young (Normal) (G1 Evacuation Pause)
[2024-04-24T06:29:23.084+0000][gc,task     ] GC(176) Using 8 workers of 8 for evacuation
[2024-04-24T06:29:23.087+0000][gc,phases   ] GC(176)   Pre Evacuate Collection Set: 0.1ms
[2024-04-24T06:29:23.087+0000][gc,phases   ] GC(176)   Merge Heap Roots: 0.1ms
[2024-04-24T06:29:23.087+0000][gc,phases   ] GC(176)   Evacuate Collection Set: 2.2ms
[2024-04-24T06:29:23.087+0000][gc,phases   ] GC(176)   Post Evacuate Collection Set: 0.4ms
[2024-04-24T06:29:23.087+0000][gc,phases   ] GC(176)   Other: 0.1ms
[2024-04-24T06:29:23.087+0000][gc,heap     ] GC(176) Eden regions: 612->0(612)
[2024-04-24T06:29:23.087+0000][gc,heap     ] GC(176) Survivor regions: 2->2(77)
[2024-04-24T06:29:23.087+0000][gc,heap     ] GC(176) Old regions: 42->42
[2024-04-24T06:29:23.087+0000][gc,heap     ] GC(176) Archive regions: 2->2
[2024-04-24T06:29:23.087+0000][gc,heap     ] GC(176) Humongous regions: 129->129
[2024-04-24T06:29:23.087+0000][gc,metaspace] GC(176) Metaspace: 43217K(43840K)->43217K(43840K) NonClass: 38174K(38528K)->38174K(38528K) Class: 5042K(5312K)->5042K(5312K)
[2024-04-24T06:29:23.087+0000][gc          ] GC(176) Pause Young (Normal) (G1 Evacuation Pause) 784M->173M(1024M) 2.989ms
[2024-04-24T06:29:23.087+0000][gc,cpu      ] GC(176) User=0.01s Sys=0.01s Real=0.00s
[2024-04-24T06:29:24.334+0000][gc,start    ] GC(177) Pause Young (Normal) (G1 Evacuation Pause)
[2024-04-24T06:29:24.334+0000][gc,task     ] GC(177) Using 8 workers of 8 for evacuation
[2024-04-24T06:29:24.337+0000][gc,phases   ] GC(177)   Pre Evacuate Collection Set: 0.1ms
[2024-04-24T06:29:24.337+0000][gc,phases   ] GC(177)   Merge Heap Roots: 0.1ms
[2024-04-24T06:29:24.337+0000][gc,phases   ] GC(177)   Evacuate Collection Set: 2.6ms
[2024-04-24T06:29:24.337+0000][gc,phases   ] GC(177)   Post Evacuate Collection Set: 0.4ms
[2024-04-24T06:29:24.337+0000][gc,phases   ] GC(177)   Other: 0.1ms
[2024-04-24T06:29:24.337+0000][gc,heap     ] GC(177) Eden regions: 612->0(612)
[2024-04-24T06:29:24.337+0000][gc,heap     ] GC(177) Survivor regions: 2->2(77)
[2024-04-24T06:29:24.337+0000][gc,heap     ] GC(177) Old regions: 42->42
[2024-04-24T06:29:24.337+0000][gc,heap     ] GC(177) Archive regions: 2->2
[2024-04-24T06:29:24.337+0000][gc,heap     ] GC(177) Humongous regions: 129->129
[2024-04-24T06:29:24.337+0000][gc,metaspace] GC(177) Metaspace: 43217K(43840K)->43217K(43840K) NonClass: 38174K(38528K)->38174K(38528K) Class: 5042K(5312K)->5042K(5312K)
[2024-04-24T06:29:24.337+0000][gc          ] GC(177) Pause Young (Normal) (G1 Evacuation Pause) 785M->173M(1024M) 3.350ms
[2024-04-24T06:29:24.338+0000][gc,cpu      ] GC(177) User=0.02s Sys=0.00s Real=0.00s
[2024-04-24T06:29:25.692+0000][gc,start    ] GC(178) Pause Young (Normal) (G1 Evacuation Pause)
[2024-04-24T06:29:25.692+0000][gc,task     ] GC(178) Using 8 workers of 8 for evacuation
[2024-04-24T06:29:25.696+0000][gc,phases   ] GC(178)   Pre Evacuate Collection Set: 0.1ms
[2024-04-24T06:29:25.696+0000][gc,phases   ] GC(178)   Merge Heap Roots: 0.2ms
[2024-04-24T06:29:25.696+0000][gc,phases   ] GC(178)   Evacuate Collection Set: 3.3ms
[2024-04-24T06:29:25.696+0000][gc,phases   ] GC(178)   Post Evacuate Collection Set: 0.6ms
[2024-04-24T06:29:25.696+0000][gc,phases   ] GC(178)   Other: 0.2ms
[2024-04-24T06:29:25.696+0000][gc,heap     ] GC(178) Eden regions: 612->0(612)
[2024-04-24T06:29:25.696+0000][gc,heap     ] GC(178) Survivor regions: 2->2(77)
[2024-04-24T06:29:25.696+0000][gc,heap     ] GC(178) Old regions: 42->42
[2024-04-24T06:29:25.696+0000][gc,heap     ] GC(178) Archive regions: 2->2
[2024-04-24T06:29:25.696+0000][gc,heap     ] GC(178) Humongous regions: 129->129
[2024-04-24T06:29:25.696+0000][gc,metaspace] GC(178) Metaspace: 43218K(43840K)->43218K(43840K) NonClass: 38175K(38528K)->38175K(38528K) Class: 5042K(5312K)->5042K(5312K)
[2024-04-24T06:29:25.696+0000][gc          ] GC(178) Pause Young (Normal) (G1 Evacuation Pause) 785M->173M(1024M) 4.525ms
[2024-04-24T06:29:25.696+0000][gc,cpu      ] GC(178) User=0.01s Sys=0.01s Real=0.01s
[2024-04-24T06:29:26.929+0000][gc,start    ] GC(179) Pause Young (Normal) (G1 Evacuation Pause)
[2024-04-24T06:29:26.929+0000][gc,task     ] GC(179) Using 8 workers of 8 for evacuation
[2024-04-24T06:29:26.932+0000][gc,phases   ] GC(179)   Pre Evacuate Collection Set: 0.1ms
[2024-04-24T06:29:26.932+0000][gc,phases   ] GC(179)   Merge Heap Roots: 0.1ms
[2024-04-24T06:29:26.932+0000][gc,phases   ] GC(179)   Evacuate Collection Set: 2.1ms
[2024-04-24T06:29:26.932+0000][gc,phases   ] GC(179)   Post Evacuate Collection Set: 0.4ms
[2024-04-24T06:29:26.932+0000][gc,phases   ] GC(179)   Other: 0.1ms
[2024-04-24T06:29:26.932+0000][gc,heap     ] GC(179) Eden regions: 612->0(612)
[2024-04-24T06:29:26.932+0000][gc,heap     ] GC(179) Survivor regions: 2->2(77)
[2024-04-24T06:29:26.932+0000][gc,heap     ] GC(179) Old regions: 42->42
[2024-04-24T06:29:26.932+0000][gc,heap     ] GC(179) Archive regions: 2->2
[2024-04-24T06:29:26.932+0000][gc,heap     ] GC(179) Humongous regions: 129->129
[2024-04-24T06:29:26.932+0000][gc,metaspace] GC(179) Metaspace: 43218K(43840K)->43218K(43840K) NonClass: 38175K(38528K)->38175K(38528K) Class: 5042K(5312K)->5042K(5312K)
[2024-04-24T06:29:26.932+0000][gc          ] GC(179) Pause Young (Normal) (G1 Evacuation Pause) 785M->173M(1024M) 2.917ms
[2024-04-24T06:29:26.932+0000][gc,cpu      ] GC(179) User=0.01s Sys=0.00s Real=0.00s
[2024-04-24T06:29:28.080+0000][gc,start    ] GC(180) Pause Young (Normal) (G1 Evacuation Pause)
[2024-04-24T06:29:28.080+0000][gc,task     ] GC(180) Using 8 workers of 8 for evacuation
[2024-04-24T06:29:28.083+0000][gc,phases   ] GC(180)   Pre Evacuate Collection Set: 0.1ms
[2024-04-24T06:29:28.083+0000][gc,phases   ] GC(180)   Merge Heap Roots: 0.1ms
[2024-04-24T06:29:28.083+0000][gc,phases   ] GC(180)   Evacuate Collection Set: 2.1ms
[2024-04-24T06:29:28.083+0000][gc,phases   ] GC(180)   Post Evacuate Collection Set: 0.4ms
[2024-04-24T06:29:28.083+0000][gc,phases   ] GC(180)   Other: 0.1ms
[2024-04-24T06:29:28.083+0000][gc,heap     ] GC(180) Eden regions: 612->0(611)
[2024-04-24T06:29:28.083+0000][gc,heap     ] GC(180) Survivor regions: 2->3(77)
[2024-04-24T06:29:28.083+0000][gc,heap     ] GC(180) Old regions: 42->42
[2024-04-24T06:29:28.083+0000][gc,heap     ] GC(180) Archive regions: 2->2
[2024-04-24T06:29:28.083+0000][gc,heap     ] GC(180) Humongous regions: 129->129
[2024-04-24T06:29:28.083+0000][gc,metaspace] GC(180) Metaspace: 43218K(43840K)->43218K(43840K) NonClass: 38175K(38528K)->38175K(38528K) Class: 5042K(5312K)->5042K(5312K)
[2024-04-24T06:29:28.083+0000][gc          ] GC(180) Pause Young (Normal) (G1 Evacuation Pause) 785M->174M(1024M) 2.887ms
[2024-04-24T06:29:28.083+0000][gc,cpu      ] GC(180) User=0.01s Sys=0.00s Real=0.00s
[2024-04-24T06:29:29.160+0000][gc,start    ] GC(181) Pause Young (Normal) (G1 Evacuation Pause)
[2024-04-24T06:29:29.160+0000][gc,task     ] GC(181) Using 8 workers of 8 for evacuation
[2024-04-24T06:29:29.163+0000][gc,phases   ] GC(181)   Pre Evacuate Collection Set: 0.1ms
[2024-04-24T06:29:29.163+0000][gc,phases   ] GC(181)   Merge Heap Roots: 0.1ms
[2024-04-24T06:29:29.163+0000][gc,phases   ] GC(181)   Evacuate Collection Set: 2.6ms
[2024-04-24T06:29:29.163+0000][gc,phases   ] GC(181)   Post Evacuate Collection Set: 0.4ms
[2024-04-24T06:29:29.163+0000][gc,phases   ] GC(181)   Other: 0.1ms
[2024-04-24T06:29:29.163+0000][gc,heap     ] GC(181) Eden regions: 611->0(611)
[2024-04-24T06:29:29.163+0000][gc,heap     ] GC(181) Survivor regions: 3->3(77)
[2024-04-24T06:29:29.163+0000][gc,heap     ] GC(181) Old regions: 42->43
[2024-04-24T06:29:29.163+0000][gc,heap     ] GC(181) Archive regions: 2->2
[2024-04-24T06:29:29.163+0000][gc,heap     ] GC(181) Humongous regions: 129->129
[2024-04-24T06:29:29.163+0000][gc,metaspace] GC(181) Metaspace: 43218K(43840K)->43218K(43840K) NonClass: 38175K(38528K)->38175K(38528K) Class: 5042K(5312K)->5042K(5312K)
[2024-04-24T06:29:29.163+0000][gc          ] GC(181) Pause Young (Normal) (G1 Evacuation Pause) 785M->174M(1024M) 3.390ms
[2024-04-24T06:29:29.163+0000][gc,cpu      ] GC(181) User=0.02s Sys=0.00s Real=0.00s
[2024-04-24T06:29:30.170+0000][gc,start    ] GC(182) Pause Young (Normal) (G1 Evacuation Pause)
[2024-04-24T06:29:30.170+0000][gc,task     ] GC(182) Using 8 workers of 8 for evacuation
[2024-04-24T06:29:30.173+0000][gc,phases   ] GC(182)   Pre Evacuate Collection Set: 0.1ms
[2024-04-24T06:29:30.173+0000][gc,phases   ] GC(182)   Merge Heap Roots: 0.1ms
[2024-04-24T06:29:30.173+0000][gc,phases   ] GC(182)   Evacuate Collection Set: 2.4ms
[2024-04-24T06:29:30.173+0000][gc,phases   ] GC(182)   Post Evacuate Collection Set: 0.4ms
[2024-04-24T06:29:30.173+0000][gc,phases   ] GC(182)   Other: 0.1ms
[2024-04-24T06:29:30.173+0000][gc,heap     ] GC(182) Eden regions: 611->0(611)
[2024-04-24T06:29:30.173+0000][gc,heap     ] GC(182) Survivor regions: 3->3(77)
[2024-04-24T06:29:30.173+0000][gc,heap     ] GC(182) Old regions: 43->43
[2024-04-24T06:29:30.173+0000][gc,heap     ] GC(182) Archive regions: 2->2
[2024-04-24T06:29:30.173+0000][gc,heap     ] GC(182) Humongous regions: 129->129
[2024-04-24T06:29:30.173+0000][gc,metaspace] GC(182) Metaspace: 43218K(43840K)->43218K(43840K) NonClass: 38175K(38528K)->38175K(38528K) Class: 5042K(5312K)->5042K(5312K)
[2024-04-24T06:29:30.173+0000][gc          ] GC(182) Pause Young (Normal) (G1 Evacuation Pause) 785M->174M(1024M) 3.253ms
[2024-04-24T06:29:30.173+0000][gc,cpu      ] GC(182) User=0.02s Sys=0.00s Real=0.01s
[2024-04-24T06:29:31.160+0000][gc,start    ] GC(183) Pause Young (Normal) (G1 Evacuation Pause)
[2024-04-24T06:29:31.160+0000][gc,task     ] GC(183) Using 8 workers of 8 for evacuation
[2024-04-24T06:29:31.162+0000][gc,phases   ] GC(183)   Pre Evacuate Collection Set: 0.1ms
[2024-04-24T06:29:31.162+0000][gc,phases   ] GC(183)   Merge Heap Roots: 0.1ms
[2024-04-24T06:29:31.162+0000][gc,phases   ] GC(183)   Evacuate Collection Set: 2.2ms
[2024-04-24T06:29:31.162+0000][gc,phases   ] GC(183)   Post Evacuate Collection Set: 0.5ms
[2024-04-24T06:29:31.162+0000][gc,phases   ] GC(183)   Other: 0.1ms
[2024-04-24T06:29:31.163+0000][gc,heap     ] GC(183) Eden regions: 611->0(611)
[2024-04-24T06:29:31.163+0000][gc,heap     ] GC(183) Survivor regions: 3->3(77)
[2024-04-24T06:29:31.163+0000][gc,heap     ] GC(183) Old regions: 43->43
[2024-04-24T06:29:31.163+0000][gc,heap     ] GC(183) Archive regions: 2->2
[2024-04-24T06:29:31.163+0000][gc,heap     ] GC(183) Humongous regions: 129->129
[2024-04-24T06:29:31.163+0000][gc,metaspace] GC(183) Metaspace: 43218K(43840K)->43218K(43840K) NonClass: 38175K(38528K)->38175K(38528K) Class: 5042K(5312K)->5042K(5312K)
[2024-04-24T06:29:31.163+0000][gc          ] GC(183) Pause Young (Normal) (G1 Evacuation Pause) 785M->174M(1024M) 3.026ms
[2024-04-24T06:29:31.163+0000][gc,cpu      ] GC(183) User=0.02s Sys=0.00s Real=0.00s
[2024-04-24T06:29:32.145+0000][gc,start    ] GC(184) Pause Young (Normal) (G1 Evacuation Pause)
[2024-04-24T06:29:32.145+0000][gc,task     ] GC(184) Using 8 workers of 8 for evacuation
[2024-04-24T06:29:32.149+0000][gc,phases   ] GC(184)   Pre Evacuate Collection Set: 0.1ms
[2024-04-24T06:29:32.149+0000][gc,phases   ] GC(184)   Merge Heap Roots: 0.1ms
[2024-04-24T06:29:32.149+0000][gc,phases   ] GC(184)   Evacuate Collection Set: 2.5ms
[2024-04-24T06:29:32.149+0000][gc,phases   ] GC(184)   Post Evacuate Collection Set: 0.4ms
[2024-04-24T06:29:32.149+0000][gc,phases   ] GC(184)   Other: 0.1ms
[2024-04-24T06:29:32.149+0000][gc,heap     ] GC(184) Eden regions: 611->0(611)
[2024-04-24T06:29:32.149+0000][gc,heap     ] GC(184) Survivor regions: 3->3(77)
[2024-04-24T06:29:32.149+0000][gc,heap     ] GC(184) Old regions: 43->43
[2024-04-24T06:29:32.149+0000][gc,heap     ] GC(184) Archive regions: 2->2
[2024-04-24T06:29:32.149+0000][gc,heap     ] GC(184) Humongous regions: 129->129
[2024-04-24T06:29:32.149+0000][gc,metaspace] GC(184) Metaspace: 43218K(43840K)->43218K(43840K) NonClass: 38175K(38528K)->38175K(38528K) Class: 5042K(5312K)->5042K(5312K)
[2024-04-24T06:29:32.149+0000][gc          ] GC(184) Pause Young (Normal) (G1 Evacuation Pause) 785M->174M(1024M) 3.370ms
[2024-04-24T06:29:32.149+0000][gc,cpu      ] GC(184) User=0.02s Sys=0.00s Real=0.00s
[2024-04-24T06:29:33.105+0000][gc,start    ] GC(185) Pause Young (Normal) (G1 Evacuation Pause)
[2024-04-24T06:29:33.105+0000][gc,task     ] GC(185) Using 8 workers of 8 for evacuation
[2024-04-24T06:29:33.108+0000][gc,phases   ] GC(185)   Pre Evacuate Collection Set: 0.1ms
[2024-04-24T06:29:33.108+0000][gc,phases   ] GC(185)   Merge Heap Roots: 0.1ms
[2024-04-24T06:29:33.108+0000][gc,phases   ] GC(185)   Evacuate Collection Set: 2.3ms
[2024-04-24T06:29:33.108+0000][gc,phases   ] GC(185)   Post Evacuate Collection Set: 0.5ms
[2024-04-24T06:29:33.108+0000][gc,phases   ] GC(185)   Other: 0.1ms
[2024-04-24T06:29:33.108+0000][gc,heap     ] GC(185) Eden regions: 611->0(611)
[2024-04-24T06:29:33.108+0000][gc,heap     ] GC(185) Survivor regions: 3->3(77)
[2024-04-24T06:29:33.108+0000][gc,heap     ] GC(185) Old regions: 43->43
[2024-04-24T06:29:33.108+0000][gc,heap     ] GC(185) Archive regions: 2->2
[2024-04-24T06:29:33.108+0000][gc,heap     ] GC(185) Humongous regions: 129->129
[2024-04-24T06:29:33.108+0000][gc,metaspace] GC(185) Metaspace: 43218K(43840K)->43218K(43840K) NonClass: 38175K(38528K)->38175K(38528K) Class: 5042K(5312K)->5042K(5312K)
[2024-04-24T06:29:33.108+0000][gc          ] GC(185) Pause Young (Normal) (G1 Evacuation Pause) 785M->174M(1024M) 3.240ms
[2024-04-24T06:29:33.108+0000][gc,cpu      ] GC(185) User=0.01s Sys=0.00s Real=0.00s
[2024-04-24T06:29:34.116+0000][gc,start    ] GC(186) Pause Young (Normal) (G1 Evacuation Pause)
[2024-04-24T06:29:34.117+0000][gc,task     ] GC(186) Using 8 workers of 8 for evacuation
[2024-04-24T06:29:34.120+0000][gc,phases   ] GC(186)   Pre Evacuate Collection Set: 0.1ms
[2024-04-24T06:29:34.120+0000][gc,phases   ] GC(186)   Merge Heap Roots: 0.1ms
[2024-04-24T06:29:34.120+0000][gc,phases   ] GC(186)   Evacuate Collection Set: 2.3ms
[2024-04-24T06:29:34.120+0000][gc,phases   ] GC(186)   Post Evacuate Collection Set: 0.4ms
[2024-04-24T06:29:34.120+0000][gc,phases   ] GC(186)   Other: 0.1ms
[2024-04-24T06:29:34.120+0000][gc,heap     ] GC(186) Eden regions: 611->0(611)
[2024-04-24T06:29:34.120+0000][gc,heap     ] GC(186) Survivor regions: 3->3(77)
[2024-04-24T06:29:34.120+0000][gc,heap     ] GC(186) Old regions: 43->43
[2024-04-24T06:29:34.120+0000][gc,heap     ] GC(186) Archive regions: 2->2
[2024-04-24T06:29:34.120+0000][gc,heap     ] GC(186) Humongous regions: 129->129
[2024-04-24T06:29:34.120+0000][gc,metaspace] GC(186) Metaspace: 43218K(43840K)->43218K(43840K) NonClass: 38175K(38528K)->38175K(38528K) Class: 5042K(5312K)->5042K(5312K)
[2024-04-24T06:29:34.120+0000][gc          ] GC(186) Pause Young (Normal) (G1 Evacuation Pause) 785M->175M(1024M) 3.117ms
[2024-04-24T06:29:34.120+0000][gc,cpu      ] GC(186) User=0.01s Sys=0.01s Real=0.00s
[2024-04-24T06:29:35.128+0000][gc,start    ] GC(187) Pause Young (Normal) (G1 Evacuation Pause)
[2024-04-24T06:29:35.128+0000][gc,task     ] GC(187) Using 8 workers of 8 for evacuation
[2024-04-24T06:29:35.131+0000][gc,phases   ] GC(187)   Pre Evacuate Collection Set: 0.1ms
[2024-04-24T06:29:35.131+0000][gc,phases   ] GC(187)   Merge Heap Roots: 0.1ms
[2024-04-24T06:29:35.131+0000][gc,phases   ] GC(187)   Evacuate Collection Set: 2.4ms
[2024-04-24T06:29:35.131+0000][gc,phases   ] GC(187)   Post Evacuate Collection Set: 0.4ms
[2024-04-24T06:29:35.131+0000][gc,phases   ] GC(187)   Other: 0.1ms
[2024-04-24T06:29:35.131+0000][gc,heap     ] GC(187) Eden regions: 611->0(611)
[2024-04-24T06:29:35.131+0000][gc,heap     ] GC(187) Survivor regions: 3->3(77)
[2024-04-24T06:29:35.131+0000][gc,heap     ] GC(187) Old regions: 43->43
[2024-04-24T06:29:35.131+0000][gc,heap     ] GC(187) Archive regions: 2->2
[2024-04-24T06:29:35.131+0000][gc,heap     ] GC(187) Humongous regions: 129->129
[2024-04-24T06:29:35.131+0000][gc,metaspace] GC(187) Metaspace: 43220K(43840K)->43220K(43840K) NonClass: 38177K(38528K)->38177K(38528K) Class: 5042K(5312K)->5042K(5312K)
[2024-04-24T06:29:35.131+0000][gc          ] GC(187) Pause Young (Normal) (G1 Evacuation Pause) 786M->175M(1024M) 3.219ms
[2024-04-24T06:29:35.131+0000][gc,cpu      ] GC(187) User=0.02s Sys=0.00s Real=0.00s
[2024-04-24T06:29:36.129+0000][gc,start    ] GC(188) Pause Young (Normal) (G1 Evacuation Pause)
[2024-04-24T06:29:36.129+0000][gc,task     ] GC(188) Using 8 workers of 8 for evacuation
[2024-04-24T06:29:36.132+0000][gc,phases   ] GC(188)   Pre Evacuate Collection Set: 0.1ms
[2024-04-24T06:29:36.132+0000][gc,phases   ] GC(188)   Merge Heap Roots: 0.1ms
[2024-04-24T06:29:36.132+0000][gc,phases   ] GC(188)   Evacuate Collection Set: 2.4ms
[2024-04-24T06:29:36.132+0000][gc,phases   ] GC(188)   Post Evacuate Collection Set: 0.4ms
[2024-04-24T06:29:36.132+0000][gc,phases   ] GC(188)   Other: 0.1ms
[2024-04-24T06:29:36.132+0000][gc,heap     ] GC(188) Eden regions: 611->0(611)
[2024-04-24T06:29:36.132+0000][gc,heap     ] GC(188) Survivor regions: 3->3(77)
[2024-04-24T06:29:36.132+0000][gc,heap     ] GC(188) Old regions: 43->43
[2024-04-24T06:29:36.132+0000][gc,heap     ] GC(188) Archive regions: 2->2
[2024-04-24T06:29:36.132+0000][gc,heap     ] GC(188) Humongous regions: 129->129
[2024-04-24T06:29:36.132+0000][gc,metaspace] GC(188) Metaspace: 43220K(43840K)->43220K(43840K) NonClass: 38177K(38528K)->38177K(38528K) Class: 5042K(5312K)->5042K(5312K)
[2024-04-24T06:29:36.132+0000][gc          ] GC(188) Pause Young (Normal) (G1 Evacuation Pause) 786M->175M(1024M) 3.248ms
[2024-04-24T06:29:36.132+0000][gc,cpu      ] GC(188) User=0.02s Sys=0.00s Real=0.01s
[2024-04-24T06:29:37.133+0000][gc,start    ] GC(189) Pause Young (Normal) (G1 Evacuation Pause)
[2024-04-24T06:29:37.133+0000][gc,task     ] GC(189) Using 8 workers of 8 for evacuation
[2024-04-24T06:29:37.136+0000][gc,phases   ] GC(189)   Pre Evacuate Collection Set: 0.1ms
[2024-04-24T06:29:37.136+0000][gc,phases   ] GC(189)   Merge Heap Roots: 0.1ms
[2024-04-24T06:29:37.136+0000][gc,phases   ] GC(189)   Evacuate Collection Set: 2.5ms
[2024-04-24T06:29:37.136+0000][gc,phases   ] GC(189)   Post Evacuate Collection Set: 0.4ms
[2024-04-24T06:29:37.136+0000][gc,phases   ] GC(189)   Other: 0.1ms
[2024-04-24T06:29:37.136+0000][gc,heap     ] GC(189) Eden regions: 611->0(611)
[2024-04-24T06:29:37.136+0000][gc,heap     ] GC(189) Survivor regions: 3->3(77)
[2024-04-24T06:29:37.136+0000][gc,heap     ] GC(189) Old regions: 43->43
[2024-04-24T06:29:37.136+0000][gc,heap     ] GC(189) Archive regions: 2->2
[2024-04-24T06:29:37.136+0000][gc,heap     ] GC(189) Humongous regions: 129->129
[2024-04-24T06:29:37.136+0000][gc,metaspace] GC(189) Metaspace: 43220K(43840K)->43220K(43840K) NonClass: 38177K(38528K)->38177K(38528K) Class: 5042K(5312K)->5042K(5312K)
[2024-04-24T06:29:37.136+0000][gc          ] GC(189) Pause Young (Normal) (G1 Evacuation Pause) 786M->175M(1024M) 3.358ms
[2024-04-24T06:29:37.136+0000][gc,cpu      ] GC(189) User=0.02s Sys=0.00s Real=0.00s
[2024-04-24T06:29:38.080+0000][gc,start    ] GC(190) Pause Young (Normal) (G1 Evacuation Pause)
[2024-04-24T06:29:38.080+0000][gc,task     ] GC(190) Using 8 workers of 8 for evacuation
[2024-04-24T06:29:38.084+0000][gc,phases   ] GC(190)   Pre Evacuate Collection Set: 0.1ms
[2024-04-24T06:29:38.084+0000][gc,phases   ] GC(190)   Merge Heap Roots: 0.1ms
[2024-04-24T06:29:38.084+0000][gc,phases   ] GC(190)   Evacuate Collection Set: 2.6ms
[2024-04-24T06:29:38.084+0000][gc,phases   ] GC(190)   Post Evacuate Collection Set: 0.4ms
[2024-04-24T06:29:38.084+0000][gc,phases   ] GC(190)   Other: 0.1ms
[2024-04-24T06:29:38.084+0000][gc,heap     ] GC(190) Eden regions: 611->0(611)
[2024-04-24T06:29:38.084+0000][gc,heap     ] GC(190) Survivor regions: 3->3(77)
[2024-04-24T06:29:38.084+0000][gc,heap     ] GC(190) Old regions: 43->43
[2024-04-24T06:29:38.084+0000][gc,heap     ] GC(190) Archive regions: 2->2
[2024-04-24T06:29:38.084+0000][gc,heap     ] GC(190) Humongous regions: 129->129
[2024-04-24T06:29:38.084+0000][gc,metaspace] GC(190) Metaspace: 43221K(43840K)->43221K(43840K) NonClass: 38178K(38528K)->38178K(38528K) Class: 5042K(5312K)->5042K(5312K)
[2024-04-24T06:29:38.084+0000][gc          ] GC(190) Pause Young (Normal) (G1 Evacuation Pause) 786M->175M(1024M) 3.332ms
[2024-04-24T06:29:38.084+0000][gc,cpu      ] GC(190) User=0.02s Sys=0.00s Real=0.00s
[2024-04-24T06:29:39.135+0000][gc,start    ] GC(191) Pause Young (Normal) (G1 Evacuation Pause)
[2024-04-24T06:29:39.135+0000][gc,task     ] GC(191) Using 8 workers of 8 for evacuation
[2024-04-24T06:29:39.139+0000][gc,phases   ] GC(191)   Pre Evacuate Collection Set: 0.1ms
[2024-04-24T06:29:39.139+0000][gc,phases   ] GC(191)   Merge Heap Roots: 0.1ms
[2024-04-24T06:29:39.139+0000][gc,phases   ] GC(191)   Evacuate Collection Set: 2.4ms
[2024-04-24T06:29:39.139+0000][gc,phases   ] GC(191)   Post Evacuate Collection Set: 0.4ms
[2024-04-24T06:29:39.139+0000][gc,phases   ] GC(191)   Other: 0.1ms
[2024-04-24T06:29:39.139+0000][gc,heap     ] GC(191) Eden regions: 611->0(611)
[2024-04-24T06:29:39.139+0000][gc,heap     ] GC(191) Survivor regions: 3->3(77)
[2024-04-24T06:29:39.139+0000][gc,heap     ] GC(191) Old regions: 43->44
[2024-04-24T06:29:39.139+0000][gc,heap     ] GC(191) Archive regions: 2->2
[2024-04-24T06:29:39.139+0000][gc,heap     ] GC(191) Humongous regions: 129->129
[2024-04-24T06:29:39.139+0000][gc,metaspace] GC(191) Metaspace: 43221K(43840K)->43221K(43840K) NonClass: 38178K(38528K)->38178K(38528K) Class: 5042K(5312K)->5042K(5312K)
[2024-04-24T06:29:39.139+0000][gc          ] GC(191) Pause Young (Normal) (G1 Evacuation Pause) 786M->175M(1024M) 3.202ms
[2024-04-24T06:29:39.139+0000][gc,cpu      ] GC(191) User=0.02s Sys=0.00s Real=0.00s
[2024-04-24T06:29:40.147+0000][gc,start    ] GC(192) Pause Young (Normal) (G1 Evacuation Pause)
[2024-04-24T06:29:40.147+0000][gc,task     ] GC(192) Using 8 workers of 8 for evacuation
[2024-04-24T06:29:40.150+0000][gc,phases   ] GC(192)   Pre Evacuate Collection Set: 0.1ms
[2024-04-24T06:29:40.150+0000][gc,phases   ] GC(192)   Merge Heap Roots: 0.1ms
[2024-04-24T06:29:40.150+0000][gc,phases   ] GC(192)   Evacuate Collection Set: 2.4ms
[2024-04-24T06:29:40.150+0000][gc,phases   ] GC(192)   Post Evacuate Collection Set: 0.4ms
[2024-04-24T06:29:40.150+0000][gc,phases   ] GC(192)   Other: 0.1ms
[2024-04-24T06:29:40.150+0000][gc,heap     ] GC(192) Eden regions: 611->0(611)
[2024-04-24T06:29:40.150+0000][gc,heap     ] GC(192) Survivor regions: 3->3(77)
[2024-04-24T06:29:40.150+0000][gc,heap     ] GC(192) Old regions: 44->44
[2024-04-24T06:29:40.150+0000][gc,heap     ] GC(192) Archive regions: 2->2
[2024-04-24T06:29:40.150+0000][gc,heap     ] GC(192) Humongous regions: 129->129
[2024-04-24T06:29:40.150+0000][gc,metaspace] GC(192) Metaspace: 43221K(43840K)->43221K(43840K) NonClass: 38178K(38528K)->38178K(38528K) Class: 5042K(5312K)->5042K(5312K)
[2024-04-24T06:29:40.150+0000][gc          ] GC(192) Pause Young (Normal) (G1 Evacuation Pause) 786M->176M(1024M) 3.173ms
[2024-04-24T06:29:40.150+0000][gc,cpu      ] GC(192) User=0.02s Sys=0.00s Real=0.00s
[2024-04-24T06:29:41.176+0000][gc,start    ] GC(193) Pause Young (Normal) (G1 Evacuation Pause)
[2024-04-24T06:29:41.176+0000][gc,task     ] GC(193) Using 8 workers of 8 for evacuation
[2024-04-24T06:29:41.179+0000][gc,phases   ] GC(193)   Pre Evacuate Collection Set: 0.1ms
[2024-04-24T06:29:41.179+0000][gc,phases   ] GC(193)   Merge Heap Roots: 0.1ms
[2024-04-24T06:29:41.179+0000][gc,phases   ] GC(193)   Evacuate Collection Set: 2.3ms
[2024-04-24T06:29:41.179+0000][gc,phases   ] GC(193)   Post Evacuate Collection Set: 0.4ms
[2024-04-24T06:29:41.179+0000][gc,phases   ] GC(193)   Other: 0.1ms
[2024-04-24T06:29:41.179+0000][gc,heap     ] GC(193) Eden regions: 611->0(611)
[2024-04-24T06:29:41.179+0000][gc,heap     ] GC(193) Survivor regions: 3->3(77)
[2024-04-24T06:29:41.179+0000][gc,heap     ] GC(193) Old regions: 44->44
[2024-04-24T06:29:41.179+0000][gc,heap     ] GC(193) Archive regions: 2->2
[2024-04-24T06:29:41.179+0000][gc,heap     ] GC(193) Humongous regions: 129->129
[2024-04-24T06:29:41.179+0000][gc,metaspace] GC(193) Metaspace: 43224K(43840K)->43224K(43840K) NonClass: 38181K(38528K)->38181K(38528K) Class: 5042K(5312K)->5042K(5312K)
[2024-04-24T06:29:41.179+0000][gc          ] GC(193) Pause Young (Normal) (G1 Evacuation Pause) 787M->176M(1024M) 3.104ms
[2024-04-24T06:29:41.179+0000][gc,cpu      ] GC(193) User=0.01s Sys=0.01s Real=0.00s
[2024-04-24T06:29:42.195+0000][gc,start    ] GC(194) Pause Young (Normal) (G1 Evacuation Pause)
[2024-04-24T06:29:42.195+0000][gc,task     ] GC(194) Using 8 workers of 8 for evacuation
[2024-04-24T06:29:42.198+0000][gc,phases   ] GC(194)   Pre Evacuate Collection Set: 0.1ms
[2024-04-24T06:29:42.198+0000][gc,phases   ] GC(194)   Merge Heap Roots: 0.1ms
[2024-04-24T06:29:42.198+0000][gc,phases   ] GC(194)   Evacuate Collection Set: 2.2ms
[2024-04-24T06:29:42.198+0000][gc,phases   ] GC(194)   Post Evacuate Collection Set: 0.4ms
[2024-04-24T06:29:42.198+0000][gc,phases   ] GC(194)   Other: 0.1ms
[2024-04-24T06:29:42.198+0000][gc,heap     ] GC(194) Eden regions: 611->0(611)
[2024-04-24T06:29:42.198+0000][gc,heap     ] GC(194) Survivor regions: 3->3(77)
[2024-04-24T06:29:42.198+0000][gc,heap     ] GC(194) Old regions: 44->44
[2024-04-24T06:29:42.198+0000][gc,heap     ] GC(194) Archive regions: 2->2
[2024-04-24T06:29:42.198+0000][gc,heap     ] GC(194) Humongous regions: 129->129
[2024-04-24T06:29:42.198+0000][gc,metaspace] GC(194) Metaspace: 43224K(43840K)->43224K(43840K) NonClass: 38181K(38528K)->38181K(38528K) Class: 5042K(5312K)->5042K(5312K)
[2024-04-24T06:29:42.198+0000][gc          ] GC(194) Pause Young (Normal) (G1 Evacuation Pause) 787M->176M(1024M) 2.963ms
[2024-04-24T06:29:42.198+0000][gc,cpu      ] GC(194) User=0.02s Sys=0.00s Real=0.00s
[2024-04-24T06:29:43.153+0000][gc,start    ] GC(195) Pause Young (Normal) (G1 Evacuation Pause)
[2024-04-24T06:29:43.153+0000][gc,task     ] GC(195) Using 8 workers of 8 for evacuation
[2024-04-24T06:29:43.156+0000][gc,phases   ] GC(195)   Pre Evacuate Collection Set: 0.1ms
[2024-04-24T06:29:43.156+0000][gc,phases   ] GC(195)   Merge Heap Roots: 0.1ms
[2024-04-24T06:29:43.156+0000][gc,phases   ] GC(195)   Evacuate Collection Set: 2.2ms
[2024-04-24T06:29:43.156+0000][gc,phases   ] GC(195)   Post Evacuate Collection Set: 0.4ms
[2024-04-24T06:29:43.156+0000][gc,phases   ] GC(195)   Other: 0.1ms
[2024-04-24T06:29:43.156+0000][gc,heap     ] GC(195) Eden regions: 611->0(611)
[2024-04-24T06:29:43.156+0000][gc,heap     ] GC(195) Survivor regions: 3->3(77)
[2024-04-24T06:29:43.156+0000][gc,heap     ] GC(195) Old regions: 44->45
[2024-04-24T06:29:43.156+0000][gc,heap     ] GC(195) Archive regions: 2->2
[2024-04-24T06:29:43.156+0000][gc,heap     ] GC(195) Humongous regions: 129->129
[2024-04-24T06:29:43.156+0000][gc,metaspace] GC(195) Metaspace: 43224K(43840K)->43224K(43840K) NonClass: 38181K(38528K)->38181K(38528K) Class: 5042K(5312K)->5042K(5312K)
[2024-04-24T06:29:43.156+0000][gc          ] GC(195) Pause Young (Normal) (G1 Evacuation Pause) 787M->176M(1024M) 3.052ms
[2024-04-24T06:29:43.156+0000][gc,cpu      ] GC(195) User=0.02s Sys=0.00s Real=0.00s
[2024-04-24T06:29:44.162+0000][gc,start    ] GC(196) Pause Young (Normal) (G1 Evacuation Pause)
[2024-04-24T06:29:44.162+0000][gc,task     ] GC(196) Using 8 workers of 8 for evacuation
[2024-04-24T06:29:44.166+0000][gc,phases   ] GC(196)   Pre Evacuate Collection Set: 0.1ms
[2024-04-24T06:29:44.166+0000][gc,phases   ] GC(196)   Merge Heap Roots: 0.1ms
[2024-04-24T06:29:44.166+0000][gc,phases   ] GC(196)   Evacuate Collection Set: 2.5ms
[2024-04-24T06:29:44.166+0000][gc,phases   ] GC(196)   Post Evacuate Collection Set: 0.4ms
[2024-04-24T06:29:44.166+0000][gc,phases   ] GC(196)   Other: 0.1ms
[2024-04-24T06:29:44.166+0000][gc,heap     ] GC(196) Eden regions: 611->0(611)
[2024-04-24T06:29:44.166+0000][gc,heap     ] GC(196) Survivor regions: 3->3(77)
[2024-04-24T06:29:44.166+0000][gc,heap     ] GC(196) Old regions: 45->45
[2024-04-24T06:29:44.166+0000][gc,heap     ] GC(196) Archive regions: 2->2
[2024-04-24T06:29:44.166+0000][gc,heap     ] GC(196) Humongous regions: 129->129
[2024-04-24T06:29:44.166+0000][gc,metaspace] GC(196) Metaspace: 43225K(43840K)->43225K(43840K) NonClass: 38182K(38528K)->38182K(38528K) Class: 5042K(5312K)->5042K(5312K)
[2024-04-24T06:29:44.166+0000][gc          ] GC(196) Pause Young (Normal) (G1 Evacuation Pause) 787M->176M(1024M) 3.331ms
[2024-04-24T06:29:44.166+0000][gc,cpu      ] GC(196) User=0.02s Sys=0.00s Real=0.01s
[2024-04-24T06:29:45.175+0000][gc,start    ] GC(197) Pause Young (Normal) (G1 Evacuation Pause)
[2024-04-24T06:29:45.175+0000][gc,task     ] GC(197) Using 8 workers of 8 for evacuation
[2024-04-24T06:29:45.178+0000][gc,phases   ] GC(197)   Pre Evacuate Collection Set: 0.1ms
[2024-04-24T06:29:45.178+0000][gc,phases   ] GC(197)   Merge Heap Roots: 0.1ms
[2024-04-24T06:29:45.178+0000][gc,phases   ] GC(197)   Evacuate Collection Set: 2.2ms
[2024-04-24T06:29:45.178+0000][gc,phases   ] GC(197)   Post Evacuate Collection Set: 0.4ms
[2024-04-24T06:29:45.178+0000][gc,phases   ] GC(197)   Other: 0.1ms
[2024-04-24T06:29:45.178+0000][gc,heap     ] GC(197) Eden regions: 611->0(611)
[2024-04-24T06:29:45.178+0000][gc,heap     ] GC(197) Survivor regions: 3->3(77)
[2024-04-24T06:29:45.178+0000][gc,heap     ] GC(197) Old regions: 45->45
[2024-04-24T06:29:45.178+0000][gc,heap     ] GC(197) Archive regions: 2->2
[2024-04-24T06:29:45.178+0000][gc,heap     ] GC(197) Humongous regions: 129->129
[2024-04-24T06:29:45.178+0000][gc,metaspace] GC(197) Metaspace: 43229K(43840K)->43229K(43840K) NonClass: 38186K(38528K)->38186K(38528K) Class: 5042K(5312K)->5042K(5312K)
[2024-04-24T06:29:45.178+0000][gc          ] GC(197) Pause Young (Normal) (G1 Evacuation Pause) 787M->176M(1024M) 2.986ms
[2024-04-24T06:29:45.178+0000][gc,cpu      ] GC(197) User=0.02s Sys=0.00s Real=0.00s
[2024-04-24T06:29:46.179+0000][gc,start    ] GC(198) Pause Young (Normal) (G1 Evacuation Pause)
[2024-04-24T06:29:46.179+0000][gc,task     ] GC(198) Using 8 workers of 8 for evacuation
[2024-04-24T06:29:46.182+0000][gc,phases   ] GC(198)   Pre Evacuate Collection Set: 0.1ms
[2024-04-24T06:29:46.182+0000][gc,phases   ] GC(198)   Merge Heap Roots: 0.1ms
[2024-04-24T06:29:46.182+0000][gc,phases   ] GC(198)   Evacuate Collection Set: 2.0ms
[2024-04-24T06:29:46.182+0000][gc,phases   ] GC(198)   Post Evacuate Collection Set: 0.4ms
[2024-04-24T06:29:46.182+0000][gc,phases   ] GC(198)   Other: 0.1ms
[2024-04-24T06:29:46.182+0000][gc,heap     ] GC(198) Eden regions: 611->0(612)
[2024-04-24T06:29:46.182+0000][gc,heap     ] GC(198) Survivor regions: 3->2(77)
[2024-04-24T06:29:46.182+0000][gc,heap     ] GC(198) Old regions: 45->45
[2024-04-24T06:29:46.182+0000][gc,heap     ] GC(198) Archive regions: 2->2
[2024-04-24T06:29:46.182+0000][gc,heap     ] GC(198) Humongous regions: 129->129
[2024-04-24T06:29:46.182+0000][gc,metaspace] GC(198) Metaspace: 43231K(43840K)->43231K(43840K) NonClass: 38188K(38528K)->38188K(38528K) Class: 5042K(5312K)->5042K(5312K)
[2024-04-24T06:29:46.182+0000][gc          ] GC(198) Pause Young (Normal) (G1 Evacuation Pause) 787M->176M(1024M) 2.729ms
[2024-04-24T06:29:46.182+0000][gc,cpu      ] GC(198) User=0.02s Sys=0.00s Real=0.00s
[2024-04-24T06:29:47.167+0000][gc,start    ] GC(199) Pause Young (Normal) (G1 Evacuation Pause)
[2024-04-24T06:29:47.167+0000][gc,task     ] GC(199) Using 8 workers of 8 for evacuation
[2024-04-24T06:29:47.170+0000][gc,phases   ] GC(199)   Pre Evacuate Collection Set: 0.1ms
[2024-04-24T06:29:47.170+0000][gc,phases   ] GC(199)   Merge Heap Roots: 0.1ms
[2024-04-24T06:29:47.170+0000][gc,phases   ] GC(199)   Evacuate Collection Set: 2.1ms
[2024-04-24T06:29:47.170+0000][gc,phases   ] GC(199)   Post Evacuate Collection Set: 0.4ms
[2024-04-24T06:29:47.170+0000][gc,phases   ] GC(199)   Other: 0.1ms
[2024-04-24T06:29:47.170+0000][gc,heap     ] GC(199) Eden regions: 612->0(612)
[2024-04-24T06:29:47.170+0000][gc,heap     ] GC(199) Survivor regions: 2->2(77)
[2024-04-24T06:29:47.170+0000][gc,heap     ] GC(199) Old regions: 45->45
[2024-04-24T06:29:47.170+0000][gc,heap     ] GC(199) Archive regions: 2->2
[2024-04-24T06:29:47.170+0000][gc,heap     ] GC(199) Humongous regions: 129->129
[2024-04-24T06:29:47.170+0000][gc,metaspace] GC(199) Metaspace: 43233K(43840K)->43233K(43840K) NonClass: 38190K(38528K)->38190K(38528K) Class: 5042K(5312K)->5042K(5312K)
[2024-04-24T06:29:47.170+0000][gc          ] GC(199) Pause Young (Normal) (G1 Evacuation Pause) 788M->176M(1024M) 2.901ms
[2024-04-24T06:29:47.170+0000][gc,cpu      ] GC(199) User=0.01s Sys=0.00s Real=0.00s
[2024-04-24T06:29:48.187+0000][gc,start    ] GC(200) Pause Young (Normal) (G1 Evacuation Pause)
[2024-04-24T06:29:48.187+0000][gc,task     ] GC(200) Using 8 workers of 8 for evacuation
[2024-04-24T06:29:48.190+0000][gc,phases   ] GC(200)   Pre Evacuate Collection Set: 0.1ms
[2024-04-24T06:29:48.190+0000][gc,phases   ] GC(200)   Merge Heap Roots: 0.1ms
[2024-04-24T06:29:48.190+0000][gc,phases   ] GC(200)   Evacuate Collection Set: 2.1ms
[2024-04-24T06:29:48.190+0000][gc,phases   ] GC(200)   Post Evacuate Collection Set: 0.4ms
[2024-04-24T06:29:48.190+0000][gc,phases   ] GC(200)   Other: 0.1ms
[2024-04-24T06:29:48.190+0000][gc,heap     ] GC(200) Eden regions: 612->0(611)
[2024-04-24T06:29:48.190+0000][gc,heap     ] GC(200) Survivor regions: 2->3(77)
[2024-04-24T06:29:48.190+0000][gc,heap     ] GC(200) Old regions: 45->46
[2024-04-24T06:29:48.190+0000][gc,heap     ] GC(200) Archive regions: 2->2
[2024-04-24T06:29:48.190+0000][gc,heap     ] GC(200) Humongous regions: 129->129
[2024-04-24T06:29:48.190+0000][gc,metaspace] GC(200) Metaspace: 43233K(43840K)->43233K(43840K) NonClass: 38190K(38528K)->38190K(38528K) Class: 5042K(5312K)->5042K(5312K)
[2024-04-24T06:29:48.190+0000][gc          ] GC(200) Pause Young (Normal) (G1 Evacuation Pause) 788M->176M(1024M) 2.896ms
[2024-04-24T06:29:48.190+0000][gc,cpu      ] GC(200) User=0.01s Sys=0.00s Real=0.00s
[2024-04-24T06:29:49.223+0000][gc,start    ] GC(201) Pause Young (Normal) (G1 Evacuation Pause)
[2024-04-24T06:29:49.223+0000][gc,task     ] GC(201) Using 8 workers of 8 for evacuation
[2024-04-24T06:29:49.226+0000][gc,phases   ] GC(201)   Pre Evacuate Collection Set: 0.1ms
[2024-04-24T06:29:49.226+0000][gc,phases   ] GC(201)   Merge Heap Roots: 0.1ms
[2024-04-24T06:29:49.226+0000][gc,phases   ] GC(201)   Evacuate Collection Set: 2.1ms
[2024-04-24T06:29:49.226+0000][gc,phases   ] GC(201)   Post Evacuate Collection Set: 0.4ms
[2024-04-24T06:29:49.226+0000][gc,phases   ] GC(201)   Other: 0.1ms
[2024-04-24T06:29:49.226+0000][gc,heap     ] GC(201) Eden regions: 611->0(611)
[2024-04-24T06:29:49.226+0000][gc,heap     ] GC(201) Survivor regions: 3->3(77)
[2024-04-24T06:29:49.226+0000][gc,heap     ] GC(201) Old regions: 46->46
[2024-04-24T06:29:49.226+0000][gc,heap     ] GC(201) Archive regions: 2->2
[2024-04-24T06:29:49.226+0000][gc,heap     ] GC(201) Humongous regions: 129->129
[2024-04-24T06:29:49.226+0000][gc,metaspace] GC(201) Metaspace: 43233K(43840K)->43233K(43840K) NonClass: 38190K(38528K)->38190K(38528K) Class: 5042K(5312K)->5042K(5312K)
[2024-04-24T06:29:49.226+0000][gc          ] GC(201) Pause Young (Normal) (G1 Evacuation Pause) 787M->177M(1024M) 2.867ms
[2024-04-24T06:29:49.226+0000][gc,cpu      ] GC(201) User=0.02s Sys=0.00s Real=0.01s
[2024-04-24T06:29:50.236+0000][gc,start    ] GC(202) Pause Young (Normal) (G1 Evacuation Pause)
[2024-04-24T06:29:50.236+0000][gc,task     ] GC(202) Using 8 workers of 8 for evacuation
[2024-04-24T06:29:50.239+0000][gc,phases   ] GC(202)   Pre Evacuate Collection Set: 0.1ms
[2024-04-24T06:29:50.239+0000][gc,phases   ] GC(202)   Merge Heap Roots: 0.1ms
[2024-04-24T06:29:50.239+0000][gc,phases   ] GC(202)   Evacuate Collection Set: 2.2ms
[2024-04-24T06:29:50.239+0000][gc,phases   ] GC(202)   Post Evacuate Collection Set: 0.4ms
[2024-04-24T06:29:50.239+0000][gc,phases   ] GC(202)   Other: 0.1ms
[2024-04-24T06:29:50.239+0000][gc,heap     ] GC(202) Eden regions: 611->0(612)
[2024-04-24T06:29:50.239+0000][gc,heap     ] GC(202) Survivor regions: 3->2(77)
[2024-04-24T06:29:50.239+0000][gc,heap     ] GC(202) Old regions: 46->46
[2024-04-24T06:29:50.239+0000][gc,heap     ] GC(202) Archive regions: 2->2
[2024-04-24T06:29:50.239+0000][gc,heap     ] GC(202) Humongous regions: 129->129
[2024-04-24T06:29:50.239+0000][gc,metaspace] GC(202) Metaspace: 43241K(43840K)->43241K(43840K) NonClass: 38198K(38528K)->38198K(38528K) Class: 5042K(5312K)->5042K(5312K)
[2024-04-24T06:29:50.239+0000][gc          ] GC(202) Pause Young (Normal) (G1 Evacuation Pause) 788M->177M(1024M) 3.000ms
[2024-04-24T06:29:50.239+0000][gc,cpu      ] GC(202) User=0.02s Sys=0.00s Real=0.00s
[2024-04-24T06:29:51.248+0000][gc,start    ] GC(203) Pause Young (Normal) (G1 Evacuation Pause)
[2024-04-24T06:29:51.248+0000][gc,task     ] GC(203) Using 8 workers of 8 for evacuation
[2024-04-24T06:29:51.250+0000][gc,phases   ] GC(203)   Pre Evacuate Collection Set: 0.1ms
[2024-04-24T06:29:51.250+0000][gc,phases   ] GC(203)   Merge Heap Roots: 0.1ms
[2024-04-24T06:29:51.250+0000][gc,phases   ] GC(203)   Evacuate Collection Set: 2.1ms
[2024-04-24T06:29:51.250+0000][gc,phases   ] GC(203)   Post Evacuate Collection Set: 0.4ms
[2024-04-24T06:29:51.250+0000][gc,phases   ] GC(203)   Other: 0.1ms
[2024-04-24T06:29:51.250+0000][gc,heap     ] GC(203) Eden regions: 612->0(612)
[2024-04-24T06:29:51.250+0000][gc,heap     ] GC(203) Survivor regions: 2->2(77)
[2024-04-24T06:29:51.250+0000][gc,heap     ] GC(203) Old regions: 46->46
[2024-04-24T06:29:51.250+0000][gc,heap     ] GC(203) Archive regions: 2->2
[2024-04-24T06:29:51.250+0000][gc,heap     ] GC(203) Humongous regions: 129->129
[2024-04-24T06:29:51.250+0000][gc,metaspace] GC(203) Metaspace: 43241K(43840K)->43241K(43840K) NonClass: 38198K(38528K)->38198K(38528K) Class: 5042K(5312K)->5042K(5312K)
[2024-04-24T06:29:51.250+0000][gc          ] GC(203) Pause Young (Normal) (G1 Evacuation Pause) 789M->177M(1024M) 2.863ms
[2024-04-24T06:29:51.250+0000][gc,cpu      ] GC(203) User=0.01s Sys=0.00s Real=0.00s
[2024-04-24T06:29:52.265+0000][gc,start    ] GC(204) Pause Young (Normal) (G1 Evacuation Pause)
[2024-04-24T06:29:52.265+0000][gc,task     ] GC(204) Using 8 workers of 8 for evacuation
[2024-04-24T06:29:52.268+0000][gc,phases   ] GC(204)   Pre Evacuate Collection Set: 0.1ms
[2024-04-24T06:29:52.268+0000][gc,phases   ] GC(204)   Merge Heap Roots: 0.1ms
[2024-04-24T06:29:52.268+0000][gc,phases   ] GC(204)   Evacuate Collection Set: 2.0ms
[2024-04-24T06:29:52.268+0000][gc,phases   ] GC(204)   Post Evacuate Collection Set: 0.4ms
[2024-04-24T06:29:52.268+0000][gc,phases   ] GC(204)   Other: 0.1ms
[2024-04-24T06:29:52.268+0000][gc,heap     ] GC(204) Eden regions: 612->0(612)
[2024-04-24T06:29:52.268+0000][gc,heap     ] GC(204) Survivor regions: 2->2(77)
[2024-04-24T06:29:52.268+0000][gc,heap     ] GC(204) Old regions: 46->46
[2024-04-24T06:29:52.268+0000][gc,heap     ] GC(204) Archive regions: 2->2
[2024-04-24T06:29:52.268+0000][gc,heap     ] GC(204) Humongous regions: 129->129
[2024-04-24T06:29:52.268+0000][gc,metaspace] GC(204) Metaspace: 43241K(43840K)->43241K(43840K) NonClass: 38198K(38528K)->38198K(38528K) Class: 5042K(5312K)->5042K(5312K)
[2024-04-24T06:29:52.268+0000][gc          ] GC(204) Pause Young (Normal) (G1 Evacuation Pause) 789M->177M(1024M) 2.830ms
[2024-04-24T06:29:52.268+0000][gc,cpu      ] GC(204) User=0.01s Sys=0.00s Real=0.00s
[2024-04-24T06:29:53.266+0000][gc,start    ] GC(205) Pause Young (Normal) (G1 Evacuation Pause)
[2024-04-24T06:29:53.266+0000][gc,task     ] GC(205) Using 8 workers of 8 for evacuation
[2024-04-24T06:29:53.268+0000][gc,phases   ] GC(205)   Pre Evacuate Collection Set: 0.1ms
[2024-04-24T06:29:53.268+0000][gc,phases   ] GC(205)   Merge Heap Roots: 0.1ms
[2024-04-24T06:29:53.268+0000][gc,phases   ] GC(205)   Evacuate Collection Set: 2.0ms
[2024-04-24T06:29:53.268+0000][gc,phases   ] GC(205)   Post Evacuate Collection Set: 0.4ms
[2024-04-24T06:29:53.268+0000][gc,phases   ] GC(205)   Other: 0.1ms
[2024-04-24T06:29:53.268+0000][gc,heap     ] GC(205) Eden regions: 612->0(612)
[2024-04-24T06:29:53.268+0000][gc,heap     ] GC(205) Survivor regions: 2->2(77)
[2024-04-24T06:29:53.268+0000][gc,heap     ] GC(205) Old regions: 46->46
[2024-04-24T06:29:53.269+0000][gc,heap     ] GC(205) Archive regions: 2->2
[2024-04-24T06:29:53.269+0000][gc,heap     ] GC(205) Humongous regions: 129->129
[2024-04-24T06:29:53.269+0000][gc,metaspace] GC(205) Metaspace: 43242K(43840K)->43242K(43840K) NonClass: 38199K(38528K)->38199K(38528K) Class: 5042K(5312K)->5042K(5312K)
[2024-04-24T06:29:53.269+0000][gc          ] GC(205) Pause Young (Normal) (G1 Evacuation Pause) 789M->177M(1024M) 2.731ms
[2024-04-24T06:29:53.269+0000][gc,cpu      ] GC(205) User=0.01s Sys=0.00s Real=0.00s
[2024-04-24T06:29:54.356+0000][gc,start    ] GC(206) Pause Young (Normal) (G1 Evacuation Pause)
[2024-04-24T06:29:54.356+0000][gc,task     ] GC(206) Using 8 workers of 8 for evacuation
[2024-04-24T06:29:54.359+0000][gc,phases   ] GC(206)   Pre Evacuate Collection Set: 0.1ms
[2024-04-24T06:29:54.359+0000][gc,phases   ] GC(206)   Merge Heap Roots: 0.1ms
[2024-04-24T06:29:54.359+0000][gc,phases   ] GC(206)   Evacuate Collection Set: 1.9ms
[2024-04-24T06:29:54.359+0000][gc,phases   ] GC(206)   Post Evacuate Collection Set: 0.4ms
[2024-04-24T06:29:54.359+0000][gc,phases   ] GC(206)   Other: 0.1ms
[2024-04-24T06:29:54.359+0000][gc,heap     ] GC(206) Eden regions: 612->0(612)
[2024-04-24T06:29:54.359+0000][gc,heap     ] GC(206) Survivor regions: 2->2(77)
[2024-04-24T06:29:54.359+0000][gc,heap     ] GC(206) Old regions: 46->46
[2024-04-24T06:29:54.359+0000][gc,heap     ] GC(206) Archive regions: 2->2
[2024-04-24T06:29:54.359+0000][gc,heap     ] GC(206) Humongous regions: 129->129
[2024-04-24T06:29:54.359+0000][gc,metaspace] GC(206) Metaspace: 43242K(43840K)->43242K(43840K) NonClass: 38199K(38528K)->38199K(38528K) Class: 5042K(5312K)->5042K(5312K)
[2024-04-24T06:29:54.359+0000][gc          ] GC(206) Pause Young (Normal) (G1 Evacuation Pause) 789M->177M(1024M) 2.717ms
[2024-04-24T06:29:54.359+0000][gc,cpu      ] GC(206) User=0.01s Sys=0.00s Real=0.00s
[2024-04-24T06:29:55.455+0000][gc,start    ] GC(207) Pause Young (Normal) (G1 Evacuation Pause)
[2024-04-24T06:29:55.455+0000][gc,task     ] GC(207) Using 8 workers of 8 for evacuation
[2024-04-24T06:29:55.458+0000][gc,phases   ] GC(207)   Pre Evacuate Collection Set: 0.1ms
[2024-04-24T06:29:55.458+0000][gc,phases   ] GC(207)   Merge Heap Roots: 0.1ms
[2024-04-24T06:29:55.458+0000][gc,phases   ] GC(207)   Evacuate Collection Set: 1.9ms
[2024-04-24T06:29:55.458+0000][gc,phases   ] GC(207)   Post Evacuate Collection Set: 0.5ms
[2024-04-24T06:29:55.458+0000][gc,phases   ] GC(207)   Other: 0.1ms
[2024-04-24T06:29:55.458+0000][gc,heap     ] GC(207) Eden regions: 612->0(612)
[2024-04-24T06:29:55.458+0000][gc,heap     ] GC(207) Survivor regions: 2->2(77)
[2024-04-24T06:29:55.458+0000][gc,heap     ] GC(207) Old regions: 46->47
[2024-04-24T06:29:55.458+0000][gc,heap     ] GC(207) Archive regions: 2->2
[2024-04-24T06:29:55.458+0000][gc,heap     ] GC(207) Humongous regions: 129->129
[2024-04-24T06:29:55.458+0000][gc,metaspace] GC(207) Metaspace: 43242K(43840K)->43242K(43840K) NonClass: 38199K(38528K)->38199K(38528K) Class: 5042K(5312K)->5042K(5312K)
[2024-04-24T06:29:55.458+0000][gc          ] GC(207) Pause Young (Normal) (G1 Evacuation Pause) 789M->177M(1024M) 2.768ms
[2024-04-24T06:29:55.458+0000][gc,cpu      ] GC(207) User=0.01s Sys=0.00s Real=0.00s
[2024-04-24T06:29:56.514+0000][gc,start    ] GC(208) Pause Young (Normal) (G1 Evacuation Pause)
[2024-04-24T06:29:56.515+0000][gc,task     ] GC(208) Using 8 workers of 8 for evacuation
[2024-04-24T06:29:56.517+0000][gc,phases   ] GC(208)   Pre Evacuate Collection Set: 0.1ms
[2024-04-24T06:29:56.517+0000][gc,phases   ] GC(208)   Merge Heap Roots: 0.1ms
[2024-04-24T06:29:56.517+0000][gc,phases   ] GC(208)   Evacuate Collection Set: 2.0ms
[2024-04-24T06:29:56.517+0000][gc,phases   ] GC(208)   Post Evacuate Collection Set: 0.4ms
[2024-04-24T06:29:56.517+0000][gc,phases   ] GC(208)   Other: 0.1ms
[2024-04-24T06:29:56.517+0000][gc,heap     ] GC(208) Eden regions: 612->0(612)
[2024-04-24T06:29:56.517+0000][gc,heap     ] GC(208) Survivor regions: 2->2(77)
[2024-04-24T06:29:56.517+0000][gc,heap     ] GC(208) Old regions: 47->47
[2024-04-24T06:29:56.517+0000][gc,heap     ] GC(208) Archive regions: 2->2
[2024-04-24T06:29:56.517+0000][gc,heap     ] GC(208) Humongous regions: 129->129
[2024-04-24T06:29:56.517+0000][gc,metaspace] GC(208) Metaspace: 43242K(43840K)->43242K(43840K) NonClass: 38199K(38528K)->38199K(38528K) Class: 5042K(5312K)->5042K(5312K)
[2024-04-24T06:29:56.517+0000][gc          ] GC(208) Pause Young (Normal) (G1 Evacuation Pause) 789M->177M(1024M) 2.774ms
[2024-04-24T06:29:56.517+0000][gc,cpu      ] GC(208) User=0.01s Sys=0.00s Real=0.00s
[2024-04-24T06:29:57.618+0000][gc,start    ] GC(209) Pause Young (Normal) (G1 Evacuation Pause)
[2024-04-24T06:29:57.618+0000][gc,task     ] GC(209) Using 8 workers of 8 for evacuation
[2024-04-24T06:29:57.621+0000][gc,phases   ] GC(209)   Pre Evacuate Collection Set: 0.1ms
[2024-04-24T06:29:57.621+0000][gc,phases   ] GC(209)   Merge Heap Roots: 0.1ms
[2024-04-24T06:29:57.621+0000][gc,phases   ] GC(209)   Evacuate Collection Set: 1.8ms
[2024-04-24T06:29:57.621+0000][gc,phases   ] GC(209)   Post Evacuate Collection Set: 0.4ms
[2024-04-24T06:29:57.621+0000][gc,phases   ] GC(209)   Other: 0.1ms
[2024-04-24T06:29:57.621+0000][gc,heap     ] GC(209) Eden regions: 612->0(612)
[2024-04-24T06:29:57.621+0000][gc,heap     ] GC(209) Survivor regions: 2->2(77)
[2024-04-24T06:29:57.621+0000][gc,heap     ] GC(209) Old regions: 47->47
[2024-04-24T06:29:57.621+0000][gc,heap     ] GC(209) Archive regions: 2->2
[2024-04-24T06:29:57.621+0000][gc,heap     ] GC(209) Humongous regions: 129->129
[2024-04-24T06:29:57.621+0000][gc,metaspace] GC(209) Metaspace: 43242K(43840K)->43242K(43840K) NonClass: 38199K(38528K)->38199K(38528K) Class: 5042K(5312K)->5042K(5312K)
[2024-04-24T06:29:57.621+0000][gc          ] GC(209) Pause Young (Normal) (G1 Evacuation Pause) 789M->177M(1024M) 2.611ms
[2024-04-24T06:29:57.621+0000][gc,cpu      ] GC(209) User=0.01s Sys=0.00s Real=0.00s
[2024-04-24T06:29:58.654+0000][gc,start    ] GC(210) Pause Young (Normal) (G1 Evacuation Pause)
[2024-04-24T06:29:58.654+0000][gc,task     ] GC(210) Using 8 workers of 8 for evacuation
[2024-04-24T06:29:58.657+0000][gc,phases   ] GC(210)   Pre Evacuate Collection Set: 0.1ms
[2024-04-24T06:29:58.657+0000][gc,phases   ] GC(210)   Merge Heap Roots: 0.1ms
[2024-04-24T06:29:58.657+0000][gc,phases   ] GC(210)   Evacuate Collection Set: 2.0ms
[2024-04-24T06:29:58.657+0000][gc,phases   ] GC(210)   Post Evacuate Collection Set: 0.5ms
[2024-04-24T06:29:58.657+0000][gc,phases   ] GC(210)   Other: 0.1ms
[2024-04-24T06:29:58.657+0000][gc,heap     ] GC(210) Eden regions: 612->0(612)
[2024-04-24T06:29:58.657+0000][gc,heap     ] GC(210) Survivor regions: 2->2(77)
[2024-04-24T06:29:58.657+0000][gc,heap     ] GC(210) Old regions: 47->47
[2024-04-24T06:29:58.657+0000][gc,heap     ] GC(210) Archive regions: 2->2
[2024-04-24T06:29:58.657+0000][gc,heap     ] GC(210) Humongous regions: 129->129
[2024-04-24T06:29:58.657+0000][gc,metaspace] GC(210) Metaspace: 43243K(43840K)->43243K(43840K) NonClass: 38200K(38528K)->38200K(38528K) Class: 5042K(5312K)->5042K(5312K)
[2024-04-24T06:29:58.657+0000][gc          ] GC(210) Pause Young (Normal) (G1 Evacuation Pause) 789M->177M(1024M) 2.794ms
[2024-04-24T06:29:58.657+0000][gc,cpu      ] GC(210) User=0.01s Sys=0.00s Real=0.00s
[2024-04-24T06:29:59.657+0000][gc,start    ] GC(211) Pause Young (Normal) (G1 Evacuation Pause)
[2024-04-24T06:29:59.657+0000][gc,task     ] GC(211) Using 8 workers of 8 for evacuation
[2024-04-24T06:29:59.659+0000][gc,phases   ] GC(211)   Pre Evacuate Collection Set: 0.1ms
[2024-04-24T06:29:59.659+0000][gc,phases   ] GC(211)   Merge Heap Roots: 0.1ms
[2024-04-24T06:29:59.659+0000][gc,phases   ] GC(211)   Evacuate Collection Set: 1.8ms
[2024-04-24T06:29:59.659+0000][gc,phases   ] GC(211)   Post Evacuate Collection Set: 0.4ms
[2024-04-24T06:29:59.659+0000][gc,phases   ] GC(211)   Other: 0.1ms
[2024-04-24T06:29:59.659+0000][gc,heap     ] GC(211) Eden regions: 612->0(612)
[2024-04-24T06:29:59.659+0000][gc,heap     ] GC(211) Survivor regions: 2->2(77)
[2024-04-24T06:29:59.659+0000][gc,heap     ] GC(211) Old regions: 47->47
[2024-04-24T06:29:59.659+0000][gc,heap     ] GC(211) Archive regions: 2->2
[2024-04-24T06:29:59.659+0000][gc,heap     ] GC(211) Humongous regions: 129->129
[2024-04-24T06:29:59.659+0000][gc,metaspace] GC(211) Metaspace: 43245K(43840K)->43245K(43840K) NonClass: 38203K(38528K)->38203K(38528K) Class: 5042K(5312K)->5042K(5312K)
[2024-04-24T06:29:59.659+0000][gc          ] GC(211) Pause Young (Normal) (G1 Evacuation Pause) 789M->177M(1024M) 2.604ms
[2024-04-24T06:29:59.659+0000][gc,cpu      ] GC(211) User=0.01s Sys=0.00s Real=0.00s
[2024-04-24T06:30:00.661+0000][gc,start    ] GC(212) Pause Young (Normal) (G1 Evacuation Pause)
[2024-04-24T06:30:00.661+0000][gc,task     ] GC(212) Using 8 workers of 8 for evacuation
[2024-04-24T06:30:00.663+0000][gc,phases   ] GC(212)   Pre Evacuate Collection Set: 0.1ms
[2024-04-24T06:30:00.663+0000][gc,phases   ] GC(212)   Merge Heap Roots: 0.1ms
[2024-04-24T06:30:00.663+0000][gc,phases   ] GC(212)   Evacuate Collection Set: 1.8ms
[2024-04-24T06:30:00.663+0000][gc,phases   ] GC(212)   Post Evacuate Collection Set: 0.4ms
[2024-04-24T06:30:00.663+0000][gc,phases   ] GC(212)   Other: 0.1ms
[2024-04-24T06:30:00.663+0000][gc,heap     ] GC(212) Eden regions: 612->0(612)
[2024-04-24T06:30:00.663+0000][gc,heap     ] GC(212) Survivor regions: 2->2(77)
[2024-04-24T06:30:00.664+0000][gc,heap     ] GC(212) Old regions: 47->47
[2024-04-24T06:30:00.664+0000][gc,heap     ] GC(212) Archive regions: 2->2
[2024-04-24T06:30:00.664+0000][gc,heap     ] GC(212) Humongous regions: 129->129
[2024-04-24T06:30:00.664+0000][gc,metaspace] GC(212) Metaspace: 43245K(43840K)->43245K(43840K) NonClass: 38203K(38528K)->38203K(38528K) Class: 5042K(5312K)->5042K(5312K)
[2024-04-24T06:30:00.664+0000][gc          ] GC(212) Pause Young (Normal) (G1 Evacuation Pause) 789M->178M(1024M) 2.610ms
[2024-04-24T06:30:00.664+0000][gc,cpu      ] GC(212) User=0.01s Sys=0.00s Real=0.00s
[2024-04-24T06:30:01.709+0000][gc,start    ] GC(213) Pause Young (Normal) (G1 Evacuation Pause)
[2024-04-24T06:30:01.709+0000][gc,task     ] GC(213) Using 8 workers of 8 for evacuation
[2024-04-24T06:30:01.711+0000][gc,phases   ] GC(213)   Pre Evacuate Collection Set: 0.1ms
[2024-04-24T06:30:01.711+0000][gc,phases   ] GC(213)   Merge Heap Roots: 0.1ms
[2024-04-24T06:30:01.711+0000][gc,phases   ] GC(213)   Evacuate Collection Set: 1.9ms
[2024-04-24T06:30:01.711+0000][gc,phases   ] GC(213)   Post Evacuate Collection Set: 0.4ms
[2024-04-24T06:30:01.711+0000][gc,phases   ] GC(213)   Other: 0.1ms
[2024-04-24T06:30:01.711+0000][gc,heap     ] GC(213) Eden regions: 612->0(612)
[2024-04-24T06:30:01.711+0000][gc,heap     ] GC(213) Survivor regions: 2->2(77)
[2024-04-24T06:30:01.711+0000][gc,heap     ] GC(213) Old regions: 47->47
[2024-04-24T06:30:01.711+0000][gc,heap     ] GC(213) Archive regions: 2->2
[2024-04-24T06:30:01.711+0000][gc,heap     ] GC(213) Humongous regions: 129->129
[2024-04-24T06:30:01.711+0000][gc,metaspace] GC(213) Metaspace: 43245K(43840K)->43245K(43840K) NonClass: 38203K(38528K)->38203K(38528K) Class: 5042K(5312K)->5042K(5312K)
[2024-04-24T06:30:01.711+0000][gc          ] GC(213) Pause Young (Normal) (G1 Evacuation Pause) 790M->178M(1024M) 2.641ms
[2024-04-24T06:30:01.711+0000][gc,cpu      ] GC(213) User=0.01s Sys=0.00s Real=0.00s
[2024-04-24T06:30:02.717+0000][gc,start    ] GC(214) Pause Young (Normal) (G1 Evacuation Pause)
[2024-04-24T06:30:02.717+0000][gc,task     ] GC(214) Using 8 workers of 8 for evacuation
[2024-04-24T06:30:02.720+0000][gc,phases   ] GC(214)   Pre Evacuate Collection Set: 0.1ms
[2024-04-24T06:30:02.720+0000][gc,phases   ] GC(214)   Merge Heap Roots: 0.1ms
[2024-04-24T06:30:02.720+0000][gc,phases   ] GC(214)   Evacuate Collection Set: 2.0ms
[2024-04-24T06:30:02.720+0000][gc,phases   ] GC(214)   Post Evacuate Collection Set: 0.4ms
[2024-04-24T06:30:02.720+0000][gc,phases   ] GC(214)   Other: 0.1ms
[2024-04-24T06:30:02.720+0000][gc,heap     ] GC(214) Eden regions: 612->0(612)
[2024-04-24T06:30:02.720+0000][gc,heap     ] GC(214) Survivor regions: 2->2(77)
[2024-04-24T06:30:02.720+0000][gc,heap     ] GC(214) Old regions: 47->47
[2024-04-24T06:30:02.720+0000][gc,heap     ] GC(214) Archive regions: 2->2
[2024-04-24T06:30:02.720+0000][gc,heap     ] GC(214) Humongous regions: 129->129
[2024-04-24T06:30:02.720+0000][gc,metaspace] GC(214) Metaspace: 43245K(43840K)->43245K(43840K) NonClass: 38203K(38528K)->38203K(38528K) Class: 5042K(5312K)->5042K(5312K)
[2024-04-24T06:30:02.720+0000][gc          ] GC(214) Pause Young (Normal) (G1 Evacuation Pause) 790M->178M(1024M) 2.807ms
[2024-04-24T06:30:02.720+0000][gc,cpu      ] GC(214) User=0.01s Sys=0.00s Real=0.00s
[2024-04-24T06:30:03.704+0000][gc,start    ] GC(215) Pause Young (Normal) (G1 Evacuation Pause)
[2024-04-24T06:30:03.704+0000][gc,task     ] GC(215) Using 8 workers of 8 for evacuation
[2024-04-24T06:30:03.706+0000][gc,phases   ] GC(215)   Pre Evacuate Collection Set: 0.1ms
[2024-04-24T06:30:03.707+0000][gc,phases   ] GC(215)   Merge Heap Roots: 0.1ms
[2024-04-24T06:30:03.707+0000][gc,phases   ] GC(215)   Evacuate Collection Set: 2.0ms
[2024-04-24T06:30:03.707+0000][gc,phases   ] GC(215)   Post Evacuate Collection Set: 0.4ms
[2024-04-24T06:30:03.707+0000][gc,phases   ] GC(215)   Other: 0.1ms
[2024-04-24T06:30:03.707+0000][gc,heap     ] GC(215) Eden regions: 612->0(612)
[2024-04-24T06:30:03.707+0000][gc,heap     ] GC(215) Survivor regions: 2->2(77)
[2024-04-24T06:30:03.707+0000][gc,heap     ] GC(215) Old regions: 47->47
[2024-04-24T06:30:03.707+0000][gc,heap     ] GC(215) Archive regions: 2->2
[2024-04-24T06:30:03.707+0000][gc,heap     ] GC(215) Humongous regions: 129->129
[2024-04-24T06:30:03.707+0000][gc,metaspace] GC(215) Metaspace: 43245K(43840K)->43245K(43840K) NonClass: 38203K(38528K)->38203K(38528K) Class: 5042K(5312K)->5042K(5312K)
[2024-04-24T06:30:03.707+0000][gc          ] GC(215) Pause Young (Normal) (G1 Evacuation Pause) 790M->178M(1024M) 2.752ms
[2024-04-24T06:30:03.707+0000][gc,cpu      ] GC(215) User=0.01s Sys=0.00s Real=0.01s
[2024-04-24T06:30:04.725+0000][gc,start    ] GC(216) Pause Young (Normal) (G1 Evacuation Pause)
[2024-04-24T06:30:04.725+0000][gc,task     ] GC(216) Using 8 workers of 8 for evacuation
[2024-04-24T06:30:04.727+0000][gc,phases   ] GC(216)   Pre Evacuate Collection Set: 0.1ms
[2024-04-24T06:30:04.727+0000][gc,phases   ] GC(216)   Merge Heap Roots: 0.1ms
[2024-04-24T06:30:04.727+0000][gc,phases   ] GC(216)   Evacuate Collection Set: 1.8ms
[2024-04-24T06:30:04.727+0000][gc,phases   ] GC(216)   Post Evacuate Collection Set: 0.4ms
[2024-04-24T06:30:04.727+0000][gc,phases   ] GC(216)   Other: 0.1ms
[2024-04-24T06:30:04.727+0000][gc,heap     ] GC(216) Eden regions: 612->0(612)
[2024-04-24T06:30:04.727+0000][gc,heap     ] GC(216) Survivor regions: 2->2(77)
[2024-04-24T06:30:04.727+0000][gc,heap     ] GC(216) Old regions: 47->48
[2024-04-24T06:30:04.727+0000][gc,heap     ] GC(216) Archive regions: 2->2
[2024-04-24T06:30:04.727+0000][gc,heap     ] GC(216) Humongous regions: 129->129
[2024-04-24T06:30:04.727+0000][gc,metaspace] GC(216) Metaspace: 43247K(43840K)->43247K(43840K) NonClass: 38204K(38528K)->38204K(38528K) Class: 5042K(5312K)->5042K(5312K)
[2024-04-24T06:30:04.727+0000][gc          ] GC(216) Pause Young (Normal) (G1 Evacuation Pause) 790M->178M(1024M) 2.611ms
[2024-04-24T06:30:04.727+0000][gc,cpu      ] GC(216) User=0.01s Sys=0.01s Real=0.00s
[2024-04-24T06:30:05.817+0000][gc,start    ] GC(217) Pause Young (Normal) (G1 Evacuation Pause)
[2024-04-24T06:30:05.817+0000][gc,task     ] GC(217) Using 8 workers of 8 for evacuation
[2024-04-24T06:30:05.819+0000][gc,phases   ] GC(217)   Pre Evacuate Collection Set: 0.1ms
[2024-04-24T06:30:05.819+0000][gc,phases   ] GC(217)   Merge Heap Roots: 0.1ms
[2024-04-24T06:30:05.819+0000][gc,phases   ] GC(217)   Evacuate Collection Set: 1.7ms
[2024-04-24T06:30:05.819+0000][gc,phases   ] GC(217)   Post Evacuate Collection Set: 0.4ms
[2024-04-24T06:30:05.819+0000][gc,phases   ] GC(217)   Other: 0.1ms
[2024-04-24T06:30:05.819+0000][gc,heap     ] GC(217) Eden regions: 612->0(612)
[2024-04-24T06:30:05.819+0000][gc,heap     ] GC(217) Survivor regions: 2->2(77)
[2024-04-24T06:30:05.819+0000][gc,heap     ] GC(217) Old regions: 48->48
[2024-04-24T06:30:05.819+0000][gc,heap     ] GC(217) Archive regions: 2->2
[2024-04-24T06:30:05.819+0000][gc,heap     ] GC(217) Humongous regions: 129->129
[2024-04-24T06:30:05.819+0000][gc,metaspace] GC(217) Metaspace: 43247K(43840K)->43247K(43840K) NonClass: 38204K(38528K)->38204K(38528K) Class: 5042K(5312K)->5042K(5312K)
[2024-04-24T06:30:05.820+0000][gc          ] GC(217) Pause Young (Normal) (G1 Evacuation Pause) 790M->178M(1024M) 2.461ms
[2024-04-24T06:30:05.820+0000][gc,cpu      ] GC(217) User=0.01s Sys=0.00s Real=0.00s
[2024-04-24T06:30:06.816+0000][gc,start    ] GC(218) Pause Young (Normal) (G1 Evacuation Pause)
[2024-04-24T06:30:06.816+0000][gc,task     ] GC(218) Using 8 workers of 8 for evacuation
[2024-04-24T06:30:06.818+0000][gc,phases   ] GC(218)   Pre Evacuate Collection Set: 0.1ms
[2024-04-24T06:30:06.818+0000][gc,phases   ] GC(218)   Merge Heap Roots: 0.1ms
[2024-04-24T06:30:06.818+0000][gc,phases   ] GC(218)   Evacuate Collection Set: 1.7ms
[2024-04-24T06:30:06.818+0000][gc,phases   ] GC(218)   Post Evacuate Collection Set: 0.4ms
[2024-04-24T06:30:06.818+0000][gc,phases   ] GC(218)   Other: 0.1ms
[2024-04-24T06:30:06.818+0000][gc,heap     ] GC(218) Eden regions: 612->0(612)
[2024-04-24T06:30:06.818+0000][gc,heap     ] GC(218) Survivor regions: 2->2(77)
[2024-04-24T06:30:06.818+0000][gc,heap     ] GC(218) Old regions: 48->48
[2024-04-24T06:30:06.818+0000][gc,heap     ] GC(218) Archive regions: 2->2
[2024-04-24T06:30:06.818+0000][gc,heap     ] GC(218) Humongous regions: 129->129
[2024-04-24T06:30:06.818+0000][gc,metaspace] GC(218) Metaspace: 43247K(43840K)->43247K(43840K) NonClass: 38204K(38528K)->38204K(38528K) Class: 5042K(5312K)->5042K(5312K)
[2024-04-24T06:30:06.818+0000][gc          ] GC(218) Pause Young (Normal) (G1 Evacuation Pause) 790M->178M(1024M) 2.467ms
[2024-04-24T06:30:06.818+0000][gc,cpu      ] GC(218) User=0.01s Sys=0.00s Real=0.00s
[2024-04-24T06:30:07.839+0000][gc,start    ] GC(219) Pause Young (Normal) (G1 Evacuation Pause)
[2024-04-24T06:30:07.839+0000][gc,task     ] GC(219) Using 8 workers of 8 for evacuation
[2024-04-24T06:30:07.842+0000][gc,phases   ] GC(219)   Pre Evacuate Collection Set: 0.1ms
[2024-04-24T06:30:07.842+0000][gc,phases   ] GC(219)   Merge Heap Roots: 0.1ms
[2024-04-24T06:30:07.842+0000][gc,phases   ] GC(219)   Evacuate Collection Set: 1.7ms
[2024-04-24T06:30:07.842+0000][gc,phases   ] GC(219)   Post Evacuate Collection Set: 0.4ms
[2024-04-24T06:30:07.842+0000][gc,phases   ] GC(219)   Other: 0.1ms
[2024-04-24T06:30:07.842+0000][gc,heap     ] GC(219) Eden regions: 612->0(612)
[2024-04-24T06:30:07.842+0000][gc,heap     ] GC(219) Survivor regions: 2->2(77)
[2024-04-24T06:30:07.842+0000][gc,heap     ] GC(219) Old regions: 48->48
[2024-04-24T06:30:07.842+0000][gc,heap     ] GC(219) Archive regions: 2->2
[2024-04-24T06:30:07.842+0000][gc,heap     ] GC(219) Humongous regions: 129->129
[2024-04-24T06:30:07.842+0000][gc,metaspace] GC(219) Metaspace: 43247K(43840K)->43247K(43840K) NonClass: 38204K(38528K)->38204K(38528K) Class: 5042K(5312K)->5042K(5312K)
[2024-04-24T06:30:07.842+0000][gc          ] GC(219) Pause Young (Normal) (G1 Evacuation Pause) 790M->178M(1024M) 2.440ms
[2024-04-24T06:30:07.842+0000][gc,cpu      ] GC(219) User=0.01s Sys=0.00s Real=0.00s
[2024-04-24T06:30:08.966+0000][gc,start    ] GC(220) Pause Young (Normal) (G1 Evacuation Pause)
[2024-04-24T06:30:08.966+0000][gc,task     ] GC(220) Using 8 workers of 8 for evacuation
[2024-04-24T06:30:08.968+0000][gc,phases   ] GC(220)   Pre Evacuate Collection Set: 0.1ms
[2024-04-24T06:30:08.968+0000][gc,phases   ] GC(220)   Merge Heap Roots: 0.1ms
[2024-04-24T06:30:08.968+0000][gc,phases   ] GC(220)   Evacuate Collection Set: 1.8ms
[2024-04-24T06:30:08.968+0000][gc,phases   ] GC(220)   Post Evacuate Collection Set: 0.4ms
[2024-04-24T06:30:08.968+0000][gc,phases   ] GC(220)   Other: 0.1ms
[2024-04-24T06:30:08.968+0000][gc,heap     ] GC(220) Eden regions: 612->0(612)
[2024-04-24T06:30:08.968+0000][gc,heap     ] GC(220) Survivor regions: 2->2(77)
[2024-04-24T06:30:08.968+0000][gc,heap     ] GC(220) Old regions: 48->48
[2024-04-24T06:30:08.968+0000][gc,heap     ] GC(220) Archive regions: 2->2
[2024-04-24T06:30:08.968+0000][gc,heap     ] GC(220) Humongous regions: 129->129
[2024-04-24T06:30:08.968+0000][gc,metaspace] GC(220) Metaspace: 43247K(43840K)->43247K(43840K) NonClass: 38204K(38528K)->38204K(38528K) Class: 5042K(5312K)->5042K(5312K)
[2024-04-24T06:30:08.968+0000][gc          ] GC(220) Pause Young (Normal) (G1 Evacuation Pause) 790M->178M(1024M) 2.580ms
[2024-04-24T06:30:08.968+0000][gc,cpu      ] GC(220) User=0.01s Sys=0.01s Real=0.00s
[2024-04-24T06:30:10.008+0000][gc,start    ] GC(221) Pause Young (Normal) (G1 Evacuation Pause)
[2024-04-24T06:30:10.008+0000][gc,task     ] GC(221) Using 8 workers of 8 for evacuation
[2024-04-24T06:30:10.010+0000][gc,phases   ] GC(221)   Pre Evacuate Collection Set: 0.1ms
[2024-04-24T06:30:10.010+0000][gc,phases   ] GC(221)   Merge Heap Roots: 0.1ms
[2024-04-24T06:30:10.010+0000][gc,phases   ] GC(221)   Evacuate Collection Set: 1.7ms
[2024-04-24T06:30:10.010+0000][gc,phases   ] GC(221)   Post Evacuate Collection Set: 0.4ms
[2024-04-24T06:30:10.010+0000][gc,phases   ] GC(221)   Other: 0.1ms
[2024-04-24T06:30:10.010+0000][gc,heap     ] GC(221) Eden regions: 612->0(612)
[2024-04-24T06:30:10.010+0000][gc,heap     ] GC(221) Survivor regions: 2->2(77)
[2024-04-24T06:30:10.010+0000][gc,heap     ] GC(221) Old regions: 48->48
[2024-04-24T06:30:10.010+0000][gc,heap     ] GC(221) Archive regions: 2->2
[2024-04-24T06:30:10.010+0000][gc,heap     ] GC(221) Humongous regions: 129->129
[2024-04-24T06:30:10.010+0000][gc,metaspace] GC(221) Metaspace: 43247K(43840K)->43247K(43840K) NonClass: 38204K(38528K)->38204K(38528K) Class: 5042K(5312K)->5042K(5312K)
[2024-04-24T06:30:10.010+0000][gc          ] GC(221) Pause Young (Normal) (G1 Evacuation Pause) 790M->178M(1024M) 2.506ms
[2024-04-24T06:30:10.010+0000][gc,cpu      ] GC(221) User=0.01s Sys=0.00s Real=0.00s
[2024-04-24T06:30:11.016+0000][gc,start    ] GC(222) Pause Young (Normal) (G1 Evacuation Pause)
[2024-04-24T06:30:11.016+0000][gc,task     ] GC(222) Using 8 workers of 8 for evacuation
[2024-04-24T06:30:11.019+0000][gc,phases   ] GC(222)   Pre Evacuate Collection Set: 0.1ms
[2024-04-24T06:30:11.019+0000][gc,phases   ] GC(222)   Merge Heap Roots: 0.1ms
[2024-04-24T06:30:11.019+0000][gc,phases   ] GC(222)   Evacuate Collection Set: 2.1ms
[2024-04-24T06:30:11.019+0000][gc,phases   ] GC(222)   Post Evacuate Collection Set: 0.4ms
[2024-04-24T06:30:11.019+0000][gc,phases   ] GC(222)   Other: 0.1ms
[2024-04-24T06:30:11.019+0000][gc,heap     ] GC(222) Eden regions: 612->0(612)
[2024-04-24T06:30:11.019+0000][gc,heap     ] GC(222) Survivor regions: 2->2(77)
[2024-04-24T06:30:11.019+0000][gc,heap     ] GC(222) Old regions: 48->48
[2024-04-24T06:30:11.019+0000][gc,heap     ] GC(222) Archive regions: 2->2
[2024-04-24T06:30:11.019+0000][gc,heap     ] GC(222) Humongous regions: 129->129
[2024-04-24T06:30:11.019+0000][gc,metaspace] GC(222) Metaspace: 43248K(43840K)->43248K(43840K) NonClass: 38205K(38528K)->38205K(38528K) Class: 5042K(5312K)->5042K(5312K)
[2024-04-24T06:30:11.019+0000][gc          ] GC(222) Pause Young (Normal) (G1 Evacuation Pause) 790M->178M(1024M) 2.836ms
[2024-04-24T06:30:11.019+0000][gc,cpu      ] GC(222) User=0.01s Sys=0.00s Real=0.00s
[2024-04-24T06:30:12.026+0000][gc,start    ] GC(223) Pause Young (Normal) (G1 Evacuation Pause)
[2024-04-24T06:30:12.026+0000][gc,task     ] GC(223) Using 8 workers of 8 for evacuation
[2024-04-24T06:30:12.029+0000][gc,phases   ] GC(223)   Pre Evacuate Collection Set: 0.1ms
[2024-04-24T06:30:12.029+0000][gc,phases   ] GC(223)   Merge Heap Roots: 0.1ms
[2024-04-24T06:30:12.029+0000][gc,phases   ] GC(223)   Evacuate Collection Set: 1.7ms
[2024-04-24T06:30:12.029+0000][gc,phases   ] GC(223)   Post Evacuate Collection Set: 0.4ms
[2024-04-24T06:30:12.029+0000][gc,phases   ] GC(223)   Other: 0.1ms
[2024-04-24T06:30:12.029+0000][gc,heap     ] GC(223) Eden regions: 612->0(612)
[2024-04-24T06:30:12.029+0000][gc,heap     ] GC(223) Survivor regions: 2->2(77)
[2024-04-24T06:30:12.029+0000][gc,heap     ] GC(223) Old regions: 48->48
[2024-04-24T06:30:12.029+0000][gc,heap     ] GC(223) Archive regions: 2->2
[2024-04-24T06:30:12.029+0000][gc,heap     ] GC(223) Humongous regions: 129->129
[2024-04-24T06:30:12.029+0000][gc,metaspace] GC(223) Metaspace: 43248K(43840K)->43248K(43840K) NonClass: 38205K(38528K)->38205K(38528K) Class: 5042K(5312K)->5042K(5312K)
[2024-04-24T06:30:12.029+0000][gc          ] GC(223) Pause Young (Normal) (G1 Evacuation Pause) 790M->178M(1024M) 2.413ms
[2024-04-24T06:30:12.029+0000][gc,cpu      ] GC(223) User=0.02s Sys=0.00s Real=0.00s
[2024-04-24T06:30:13.046+0000][gc,start    ] GC(224) Pause Young (Normal) (G1 Evacuation Pause)
[2024-04-24T06:30:13.046+0000][gc,task     ] GC(224) Using 8 workers of 8 for evacuation
[2024-04-24T06:30:13.048+0000][gc,phases   ] GC(224)   Pre Evacuate Collection Set: 0.1ms
[2024-04-24T06:30:13.048+0000][gc,phases   ] GC(224)   Merge Heap Roots: 0.1ms
[2024-04-24T06:30:13.048+0000][gc,phases   ] GC(224)   Evacuate Collection Set: 1.7ms
[2024-04-24T06:30:13.048+0000][gc,phases   ] GC(224)   Post Evacuate Collection Set: 0.4ms
[2024-04-24T06:30:13.048+0000][gc,phases   ] GC(224)   Other: 0.1ms
[2024-04-24T06:30:13.048+0000][gc,heap     ] GC(224) Eden regions: 612->0(612)
[2024-04-24T06:30:13.048+0000][gc,heap     ] GC(224) Survivor regions: 2->2(77)
[2024-04-24T06:30:13.048+0000][gc,heap     ] GC(224) Old regions: 48->48
[2024-04-24T06:30:13.048+0000][gc,heap     ] GC(224) Archive regions: 2->2
[2024-04-24T06:30:13.048+0000][gc,heap     ] GC(224) Humongous regions: 129->129
[2024-04-24T06:30:13.048+0000][gc,metaspace] GC(224) Metaspace: 43248K(43840K)->43248K(43840K) NonClass: 38205K(38528K)->38205K(38528K) Class: 5042K(5312K)->5042K(5312K)
[2024-04-24T06:30:13.048+0000][gc          ] GC(224) Pause Young (Normal) (G1 Evacuation Pause) 790M->178M(1024M) 2.501ms
[2024-04-24T06:30:13.048+0000][gc,cpu      ] GC(224) User=0.01s Sys=0.00s Real=0.00s
[2024-04-24T06:30:14.081+0000][gc,start    ] GC(225) Pause Young (Normal) (G1 Evacuation Pause)
[2024-04-24T06:30:14.081+0000][gc,task     ] GC(225) Using 8 workers of 8 for evacuation
[2024-04-24T06:30:14.083+0000][gc,phases   ] GC(225)   Pre Evacuate Collection Set: 0.1ms
[2024-04-24T06:30:14.083+0000][gc,phases   ] GC(225)   Merge Heap Roots: 0.1ms
[2024-04-24T06:30:14.083+0000][gc,phases   ] GC(225)   Evacuate Collection Set: 1.6ms
[2024-04-24T06:30:14.083+0000][gc,phases   ] GC(225)   Post Evacuate Collection Set: 0.4ms
[2024-04-24T06:30:14.083+0000][gc,phases   ] GC(225)   Other: 0.1ms
[2024-04-24T06:30:14.083+0000][gc,heap     ] GC(225) Eden regions: 612->0(612)
[2024-04-24T06:30:14.083+0000][gc,heap     ] GC(225) Survivor regions: 2->2(77)
[2024-04-24T06:30:14.083+0000][gc,heap     ] GC(225) Old regions: 48->48
[2024-04-24T06:30:14.083+0000][gc,heap     ] GC(225) Archive regions: 2->2
[2024-04-24T06:30:14.083+0000][gc,heap     ] GC(225) Humongous regions: 129->129
[2024-04-24T06:30:14.083+0000][gc,metaspace] GC(225) Metaspace: 43250K(43840K)->43250K(43840K) NonClass: 38207K(38528K)->38207K(38528K) Class: 5042K(5312K)->5042K(5312K)
[2024-04-24T06:30:14.083+0000][gc          ] GC(225) Pause Young (Normal) (G1 Evacuation Pause) 790M->179M(1024M) 2.398ms
[2024-04-24T06:30:14.083+0000][gc,cpu      ] GC(225) User=0.00s Sys=0.01s Real=0.00s
[2024-04-24T06:30:15.094+0000][gc,start    ] GC(226) Pause Young (Normal) (G1 Evacuation Pause)
[2024-04-24T06:30:15.094+0000][gc,task     ] GC(226) Using 8 workers of 8 for evacuation
[2024-04-24T06:30:15.096+0000][gc,phases   ] GC(226)   Pre Evacuate Collection Set: 0.1ms
[2024-04-24T06:30:15.096+0000][gc,phases   ] GC(226)   Merge Heap Roots: 0.1ms
[2024-04-24T06:30:15.096+0000][gc,phases   ] GC(226)   Evacuate Collection Set: 1.6ms
[2024-04-24T06:30:15.096+0000][gc,phases   ] GC(226)   Post Evacuate Collection Set: 0.5ms
[2024-04-24T06:30:15.096+0000][gc,phases   ] GC(226)   Other: 0.2ms
[2024-04-24T06:30:15.096+0000][gc,heap     ] GC(226) Eden regions: 612->0(612)
[2024-04-24T06:30:15.096+0000][gc,heap     ] GC(226) Survivor regions: 2->2(77)
[2024-04-24T06:30:15.096+0000][gc,heap     ] GC(226) Old regions: 48->49
[2024-04-24T06:30:15.096+0000][gc,heap     ] GC(226) Archive regions: 2->2
[2024-04-24T06:30:15.096+0000][gc,heap     ] GC(226) Humongous regions: 129->129
[2024-04-24T06:30:15.096+0000][gc,metaspace] GC(226) Metaspace: 43251K(43840K)->43251K(43840K) NonClass: 38208K(38528K)->38208K(38528K) Class: 5042K(5312K)->5042K(5312K)
[2024-04-24T06:30:15.096+0000][gc          ] GC(226) Pause Young (Normal) (G1 Evacuation Pause) 791M->179M(1024M) 2.536ms
[2024-04-24T06:30:15.096+0000][gc,cpu      ] GC(226) User=0.01s Sys=0.00s Real=0.00s
[2024-04-24T06:30:16.072+0000][gc,start    ] GC(227) Pause Young (Normal) (G1 Evacuation Pause)
[2024-04-24T06:30:16.072+0000][gc,task     ] GC(227) Using 8 workers of 8 for evacuation
[2024-04-24T06:30:16.074+0000][gc,phases   ] GC(227)   Pre Evacuate Collection Set: 0.1ms
[2024-04-24T06:30:16.074+0000][gc,phases   ] GC(227)   Merge Heap Roots: 0.1ms
[2024-04-24T06:30:16.074+0000][gc,phases   ] GC(227)   Evacuate Collection Set: 1.5ms
[2024-04-24T06:30:16.074+0000][gc,phases   ] GC(227)   Post Evacuate Collection Set: 0.4ms
[2024-04-24T06:30:16.074+0000][gc,phases   ] GC(227)   Other: 0.1ms
[2024-04-24T06:30:16.074+0000][gc,heap     ] GC(227) Eden regions: 612->0(612)
[2024-04-24T06:30:16.074+0000][gc,heap     ] GC(227) Survivor regions: 2->2(77)
[2024-04-24T06:30:16.074+0000][gc,heap     ] GC(227) Old regions: 49->49
[2024-04-24T06:30:16.074+0000][gc,heap     ] GC(227) Archive regions: 2->2
[2024-04-24T06:30:16.074+0000][gc,heap     ] GC(227) Humongous regions: 129->129
[2024-04-24T06:30:16.074+0000][gc,metaspace] GC(227) Metaspace: 43251K(43840K)->43251K(43840K) NonClass: 38208K(38528K)->38208K(38528K) Class: 5042K(5312K)->5042K(5312K)
[2024-04-24T06:30:16.074+0000][gc          ] GC(227) Pause Young (Normal) (G1 Evacuation Pause) 791M->179M(1024M) 2.280ms
[2024-04-24T06:30:16.074+0000][gc,cpu      ] GC(227) User=0.01s Sys=0.01s Real=0.00s
[2024-04-24T06:30:17.457+0000][gc,start    ] GC(228) Pause Young (Normal) (G1 Evacuation Pause)
[2024-04-24T06:30:17.457+0000][gc,task     ] GC(228) Using 8 workers of 8 for evacuation
[2024-04-24T06:30:17.656+0000][gc,mmu      ] GC(228) MMU target violated: 21.0ms (20.0ms/21.0ms)
[2024-04-24T06:30:17.656+0000][gc,phases   ] GC(228)   Pre Evacuate Collection Set: 0.3ms
[2024-04-24T06:30:17.656+0000][gc,phases   ] GC(228)   Merge Heap Roots: 0.4ms
[2024-04-24T06:30:17.656+0000][gc,phases   ] GC(228)   Evacuate Collection Set: 122.3ms
[2024-04-24T06:30:17.656+0000][gc,phases   ] GC(228)   Post Evacuate Collection Set: 76.0ms
[2024-04-24T06:30:17.656+0000][gc,phases   ] GC(228)   Other: 0.4ms
[2024-04-24T06:30:17.656+0000][gc,heap     ] GC(228) Eden regions: 612->0(49)
[2024-04-24T06:30:17.656+0000][gc,heap     ] GC(228) Survivor regions: 2->2(77)
[2024-04-24T06:30:17.656+0000][gc,heap     ] GC(228) Old regions: 49->49
[2024-04-24T06:30:17.656+0000][gc,heap     ] GC(228) Archive regions: 2->2
[2024-04-24T06:30:17.656+0000][gc,heap     ] GC(228) Humongous regions: 129->129
[2024-04-24T06:30:17.656+0000][gc,metaspace] GC(228) Metaspace: 43251K(43840K)->43251K(43840K) NonClass: 38208K(38528K)->38208K(38528K) Class: 5042K(5312K)->5042K(5312K)
[2024-04-24T06:30:17.656+0000][gc          ] GC(228) Pause Young (Normal) (G1 Evacuation Pause) 791M->179M(1024M) 199.556ms
[2024-04-24T06:30:17.656+0000][gc,cpu      ] GC(228) User=0.05s Sys=0.00s Real=0.20s
[2024-04-24T06:30:17.738+0000][gc,start    ] GC(229) Pause Young (Normal) (G1 Evacuation Pause)
[2024-04-24T06:30:17.738+0000][gc,task     ] GC(229) Using 8 workers of 8 for evacuation
[2024-04-24T06:30:17.740+0000][gc,phases   ] GC(229)   Pre Evacuate Collection Set: 0.1ms
[2024-04-24T06:30:17.740+0000][gc,phases   ] GC(229)   Merge Heap Roots: 0.0ms
[2024-04-24T06:30:17.740+0000][gc,phases   ] GC(229)   Evacuate Collection Set: 1.5ms
[2024-04-24T06:30:17.740+0000][gc,phases   ] GC(229)   Post Evacuate Collection Set: 0.2ms
[2024-04-24T06:30:17.740+0000][gc,phases   ] GC(229)   Other: 0.1ms
[2024-04-24T06:30:17.740+0000][gc,heap     ] GC(229) Eden regions: 49->0(50)
[2024-04-24T06:30:17.740+0000][gc,heap     ] GC(229) Survivor regions: 2->1(7)
[2024-04-24T06:30:17.740+0000][gc,heap     ] GC(229) Old regions: 49->49
[2024-04-24T06:30:17.740+0000][gc,heap     ] GC(229) Archive regions: 2->2
[2024-04-24T06:30:17.740+0000][gc,heap     ] GC(229) Humongous regions: 129->129
[2024-04-24T06:30:17.740+0000][gc,metaspace] GC(229) Metaspace: 43251K(43840K)->43251K(43840K) NonClass: 38208K(38528K)->38208K(38528K) Class: 5042K(5312K)->5042K(5312K)
[2024-04-24T06:30:17.740+0000][gc          ] GC(229) Pause Young (Normal) (G1 Evacuation Pause) 228M->179M(1024M) 1.950ms
[2024-04-24T06:30:17.740+0000][gc,cpu      ] GC(229) User=0.00s Sys=0.01s Real=0.00s
[2024-04-24T06:30:17.830+0000][gc,start    ] GC(230) Pause Young (Normal) (G1 Evacuation Pause)
[2024-04-24T06:30:17.830+0000][gc,task     ] GC(230) Using 8 workers of 8 for evacuation
[2024-04-24T06:30:17.832+0000][gc,phases   ] GC(230)   Pre Evacuate Collection Set: 0.1ms
[2024-04-24T06:30:17.832+0000][gc,phases   ] GC(230)   Merge Heap Roots: 0.1ms
[2024-04-24T06:30:17.832+0000][gc,phases   ] GC(230)   Evacuate Collection Set: 1.9ms
[2024-04-24T06:30:17.832+0000][gc,phases   ] GC(230)   Post Evacuate Collection Set: 0.3ms
[2024-04-24T06:30:17.832+0000][gc,phases   ] GC(230)   Other: 0.1ms
[2024-04-24T06:30:17.832+0000][gc,heap     ] GC(230) Eden regions: 50->0(50)
[2024-04-24T06:30:17.832+0000][gc,heap     ] GC(230) Survivor regions: 1->1(7)
[2024-04-24T06:30:17.832+0000][gc,heap     ] GC(230) Old regions: 49->49
[2024-04-24T06:30:17.832+0000][gc,heap     ] GC(230) Archive regions: 2->2
[2024-04-24T06:30:17.832+0000][gc,heap     ] GC(230) Humongous regions: 129->129
[2024-04-24T06:30:17.832+0000][gc,metaspace] GC(230) Metaspace: 43251K(43840K)->43251K(43840K) NonClass: 38208K(38528K)->38208K(38528K) Class: 5042K(5312K)->5042K(5312K)
[2024-04-24T06:30:17.832+0000][gc          ] GC(230) Pause Young (Normal) (G1 Evacuation Pause) 229M->179M(1024M) 2.631ms
[2024-04-24T06:30:17.832+0000][gc,cpu      ] GC(230) User=0.01s Sys=0.01s Real=0.01s
[2024-04-24T06:30:17.916+0000][gc,start    ] GC(231) Pause Young (Normal) (G1 Evacuation Pause)
[2024-04-24T06:30:17.916+0000][gc,task     ] GC(231) Using 8 workers of 8 for evacuation
[2024-04-24T06:30:17.918+0000][gc,phases   ] GC(231)   Pre Evacuate Collection Set: 0.1ms
[2024-04-24T06:30:17.918+0000][gc,phases   ] GC(231)   Merge Heap Roots: 0.1ms
[2024-04-24T06:30:17.918+0000][gc,phases   ] GC(231)   Evacuate Collection Set: 1.5ms
[2024-04-24T06:30:17.918+0000][gc,phases   ] GC(231)   Post Evacuate Collection Set: 0.2ms
[2024-04-24T06:30:17.918+0000][gc,phases   ] GC(231)   Other: 0.1ms
[2024-04-24T06:30:17.918+0000][gc,heap     ] GC(231) Eden regions: 50->0(50)
[2024-04-24T06:30:17.918+0000][gc,heap     ] GC(231) Survivor regions: 1->1(7)
[2024-04-24T06:30:17.918+0000][gc,heap     ] GC(231) Old regions: 49->49
[2024-04-24T06:30:17.918+0000][gc,heap     ] GC(231) Archive regions: 2->2
[2024-04-24T06:30:17.918+0000][gc,heap     ] GC(231) Humongous regions: 129->129
[2024-04-24T06:30:17.918+0000][gc,metaspace] GC(231) Metaspace: 43251K(43840K)->43251K(43840K) NonClass: 38208K(38528K)->38208K(38528K) Class: 5042K(5312K)->5042K(5312K)
[2024-04-24T06:30:17.918+0000][gc          ] GC(231) Pause Young (Normal) (G1 Evacuation Pause) 229M->179M(1024M) 2.012ms
[2024-04-24T06:30:17.918+0000][gc,cpu      ] GC(231) User=0.00s Sys=0.01s Real=0.00s
[2024-04-24T06:30:18.003+0000][gc,start    ] GC(232) Pause Young (Normal) (G1 Evacuation Pause)
[2024-04-24T06:30:18.003+0000][gc,task     ] GC(232) Using 8 workers of 8 for evacuation
[2024-04-24T06:30:18.004+0000][gc,phases   ] GC(232)   Pre Evacuate Collection Set: 0.1ms
[2024-04-24T06:30:18.004+0000][gc,phases   ] GC(232)   Merge Heap Roots: 0.0ms
[2024-04-24T06:30:18.004+0000][gc,phases   ] GC(232)   Evacuate Collection Set: 1.4ms
[2024-04-24T06:30:18.004+0000][gc,phases   ] GC(232)   Post Evacuate Collection Set: 0.2ms
[2024-04-24T06:30:18.004+0000][gc,phases   ] GC(232)   Other: 0.1ms
[2024-04-24T06:30:18.004+0000][gc,heap     ] GC(232) Eden regions: 50->0(613)
[2024-04-24T06:30:18.004+0000][gc,heap     ] GC(232) Survivor regions: 1->1(7)
[2024-04-24T06:30:18.004+0000][gc,heap     ] GC(232) Old regions: 49->49
[2024-04-24T06:30:18.004+0000][gc,heap     ] GC(232) Archive regions: 2->2
[2024-04-24T06:30:18.004+0000][gc,heap     ] GC(232) Humongous regions: 129->129
[2024-04-24T06:30:18.004+0000][gc,metaspace] GC(232) Metaspace: 43251K(43840K)->43251K(43840K) NonClass: 38208K(38528K)->38208K(38528K) Class: 5042K(5312K)->5042K(5312K)
[2024-04-24T06:30:18.004+0000][gc          ] GC(232) Pause Young (Normal) (G1 Evacuation Pause) 229M->179M(1024M) 1.909ms
[2024-04-24T06:30:18.004+0000][gc,cpu      ] GC(232) User=0.01s Sys=0.00s Real=0.01s
[2024-04-24T06:30:19.111+0000][gc,start    ] GC(233) Pause Young (Normal) (G1 Evacuation Pause)
[2024-04-24T06:30:19.111+0000][gc,task     ] GC(233) Using 8 workers of 8 for evacuation
[2024-04-24T06:30:19.113+0000][gc,phases   ] GC(233)   Pre Evacuate Collection Set: 0.1ms
[2024-04-24T06:30:19.113+0000][gc,phases   ] GC(233)   Merge Heap Roots: 0.1ms
[2024-04-24T06:30:19.113+0000][gc,phases   ] GC(233)   Evacuate Collection Set: 1.5ms
[2024-04-24T06:30:19.113+0000][gc,phases   ] GC(233)   Post Evacuate Collection Set: 0.4ms
[2024-04-24T06:30:19.113+0000][gc,phases   ] GC(233)   Other: 0.1ms
[2024-04-24T06:30:19.113+0000][gc,heap     ] GC(233) Eden regions: 613->0(613)
[2024-04-24T06:30:19.113+0000][gc,heap     ] GC(233) Survivor regions: 1->1(77)
[2024-04-24T06:30:19.113+0000][gc,heap     ] GC(233) Old regions: 49->49
[2024-04-24T06:30:19.113+0000][gc,heap     ] GC(233) Archive regions: 2->2
[2024-04-24T06:30:19.113+0000][gc,heap     ] GC(233) Humongous regions: 129->129
[2024-04-24T06:30:19.113+0000][gc,metaspace] GC(233) Metaspace: 43251K(43840K)->43251K(43840K) NonClass: 38208K(38528K)->38208K(38528K) Class: 5042K(5312K)->5042K(5312K)
[2024-04-24T06:30:19.113+0000][gc          ] GC(233) Pause Young (Normal) (G1 Evacuation Pause) 792M->179M(1024M) 2.299ms
[2024-04-24T06:30:19.113+0000][gc,cpu      ] GC(233) User=0.01s Sys=0.00s Real=0.01s
[2024-04-24T06:31:45.809+0000][gc,start    ] GC(234) Pause Young (Normal) (G1 Evacuation Pause)
[2024-04-24T06:31:45.809+0000][gc,task     ] GC(234) Using 8 workers of 8 for evacuation
[2024-04-24T06:31:45.813+0000][gc,phases   ] GC(234)   Pre Evacuate Collection Set: 0.1ms
[2024-04-24T06:31:45.813+0000][gc,phases   ] GC(234)   Merge Heap Roots: 0.1ms
[2024-04-24T06:31:45.813+0000][gc,phases   ] GC(234)   Evacuate Collection Set: 2.7ms
[2024-04-24T06:31:45.813+0000][gc,phases   ] GC(234)   Post Evacuate Collection Set: 0.6ms
[2024-04-24T06:31:45.813+0000][gc,phases   ] GC(234)   Other: 0.2ms
[2024-04-24T06:31:45.813+0000][gc,heap     ] GC(234) Eden regions: 613->0(613)
[2024-04-24T06:31:45.813+0000][gc,heap     ] GC(234) Survivor regions: 1->1(77)
[2024-04-24T06:31:45.813+0000][gc,heap     ] GC(234) Old regions: 49->49
[2024-04-24T06:31:45.813+0000][gc,heap     ] GC(234) Archive regions: 2->2
[2024-04-24T06:31:45.813+0000][gc,heap     ] GC(234) Humongous regions: 129->129
[2024-04-24T06:31:45.813+0000][gc,metaspace] GC(234) Metaspace: 43273K(43840K)->43273K(43840K) NonClass: 38230K(38528K)->38230K(38528K) Class: 5042K(5312K)->5042K(5312K)
[2024-04-24T06:31:45.813+0000][gc          ] GC(234) Pause Young (Normal) (G1 Evacuation Pause) 792M->179M(1024M) 3.844ms
[2024-04-24T06:31:45.813+0000][gc,cpu      ] GC(234) User=0.01s Sys=0.00s Real=0.01s
[2024-04-24T06:31:47.246+0000][gc,start    ] GC(235) Pause Young (Normal) (G1 Evacuation Pause)
[2024-04-24T06:31:47.246+0000][gc,task     ] GC(235) Using 8 workers of 8 for evacuation
[2024-04-24T06:31:47.249+0000][gc,phases   ] GC(235)   Pre Evacuate Collection Set: 0.1ms
[2024-04-24T06:31:47.249+0000][gc,phases   ] GC(235)   Merge Heap Roots: 0.1ms
[2024-04-24T06:31:47.249+0000][gc,phases   ] GC(235)   Evacuate Collection Set: 2.0ms
[2024-04-24T06:31:47.249+0000][gc,phases   ] GC(235)   Post Evacuate Collection Set: 0.4ms
[2024-04-24T06:31:47.249+0000][gc,phases   ] GC(235)   Other: 0.1ms
[2024-04-24T06:31:47.249+0000][gc,heap     ] GC(235) Eden regions: 613->0(613)
[2024-04-24T06:31:47.249+0000][gc,heap     ] GC(235) Survivor regions: 1->1(77)
[2024-04-24T06:31:47.249+0000][gc,heap     ] GC(235) Old regions: 49->49
[2024-04-24T06:31:47.249+0000][gc,heap     ] GC(235) Archive regions: 2->2
[2024-04-24T06:31:47.249+0000][gc,heap     ] GC(235) Humongous regions: 129->129
[2024-04-24T06:31:47.249+0000][gc,metaspace] GC(235) Metaspace: 43275K(43840K)->43275K(43840K) NonClass: 38232K(38528K)->38232K(38528K) Class: 5042K(5312K)->5042K(5312K)
[2024-04-24T06:31:47.249+0000][gc          ] GC(235) Pause Young (Normal) (G1 Evacuation Pause) 792M->179M(1024M) 2.849ms
[2024-04-24T06:31:47.249+0000][gc,cpu      ] GC(235) User=0.01s Sys=0.00s Real=0.00s
[2024-04-24T06:31:48.791+0000][gc,start    ] GC(236) Pause Young (Normal) (G1 Evacuation Pause)
[2024-04-24T06:31:48.791+0000][gc,task     ] GC(236) Using 8 workers of 8 for evacuation
[2024-04-24T06:31:48.794+0000][gc,phases   ] GC(236)   Pre Evacuate Collection Set: 0.1ms
[2024-04-24T06:31:48.794+0000][gc,phases   ] GC(236)   Merge Heap Roots: 0.1ms
[2024-04-24T06:31:48.794+0000][gc,phases   ] GC(236)   Evacuate Collection Set: 2.2ms
[2024-04-24T06:31:48.794+0000][gc,phases   ] GC(236)   Post Evacuate Collection Set: 0.5ms
[2024-04-24T06:31:48.794+0000][gc,phases   ] GC(236)   Other: 0.1ms
[2024-04-24T06:31:48.794+0000][gc,heap     ] GC(236) Eden regions: 613->0(612)
[2024-04-24T06:31:48.794+0000][gc,heap     ] GC(236) Survivor regions: 1->2(77)
[2024-04-24T06:31:48.794+0000][gc,heap     ] GC(236) Old regions: 49->49
[2024-04-24T06:31:48.794+0000][gc,heap     ] GC(236) Archive regions: 2->2
[2024-04-24T06:31:48.794+0000][gc,heap     ] GC(236) Humongous regions: 129->129
[2024-04-24T06:31:48.794+0000][gc,metaspace] GC(236) Metaspace: 43275K(43840K)->43275K(43840K) NonClass: 38232K(38528K)->38232K(38528K) Class: 5042K(5312K)->5042K(5312K)
[2024-04-24T06:31:48.794+0000][gc          ] GC(236) Pause Young (Normal) (G1 Evacuation Pause) 792M->179M(1024M) 3.180ms
[2024-04-24T06:31:48.794+0000][gc,cpu      ] GC(236) User=0.01s Sys=0.00s Real=0.01s
[2024-04-24T06:31:50.091+0000][gc,start    ] GC(237) Pause Young (Normal) (G1 Evacuation Pause)
[2024-04-24T06:31:50.091+0000][gc,task     ] GC(237) Using 8 workers of 8 for evacuation
[2024-04-24T06:31:50.094+0000][gc,phases   ] GC(237)   Pre Evacuate Collection Set: 0.1ms
[2024-04-24T06:31:50.094+0000][gc,phases   ] GC(237)   Merge Heap Roots: 0.1ms
[2024-04-24T06:31:50.094+0000][gc,phases   ] GC(237)   Evacuate Collection Set: 2.1ms
[2024-04-24T06:31:50.094+0000][gc,phases   ] GC(237)   Post Evacuate Collection Set: 0.5ms
[2024-04-24T06:31:50.094+0000][gc,phases   ] GC(237)   Other: 0.1ms
[2024-04-24T06:31:50.094+0000][gc,heap     ] GC(237) Eden regions: 612->0(612)
[2024-04-24T06:31:50.094+0000][gc,heap     ] GC(237) Survivor regions: 2->2(77)
[2024-04-24T06:31:50.094+0000][gc,heap     ] GC(237) Old regions: 49->49
[2024-04-24T06:31:50.094+0000][gc,heap     ] GC(237) Archive regions: 2->2
[2024-04-24T06:31:50.094+0000][gc,heap     ] GC(237) Humongous regions: 129->129
[2024-04-24T06:31:50.094+0000][gc,metaspace] GC(237) Metaspace: 43275K(43840K)->43275K(43840K) NonClass: 38232K(38528K)->38232K(38528K) Class: 5042K(5312K)->5042K(5312K)
[2024-04-24T06:31:50.094+0000][gc          ] GC(237) Pause Young (Normal) (G1 Evacuation Pause) 791M->179M(1024M) 3.032ms
[2024-04-24T06:31:50.094+0000][gc,cpu      ] GC(237) User=0.02s Sys=0.00s Real=0.01s
[2024-04-24T06:31:51.326+0000][gc,start    ] GC(238) Pause Young (Normal) (G1 Evacuation Pause)
[2024-04-24T06:31:51.326+0000][gc,task     ] GC(238) Using 8 workers of 8 for evacuation
[2024-04-24T06:31:51.330+0000][gc,phases   ] GC(238)   Pre Evacuate Collection Set: 0.1ms
[2024-04-24T06:31:51.330+0000][gc,phases   ] GC(238)   Merge Heap Roots: 0.1ms
[2024-04-24T06:31:51.330+0000][gc,phases   ] GC(238)   Evacuate Collection Set: 2.6ms
[2024-04-24T06:31:51.330+0000][gc,phases   ] GC(238)   Post Evacuate Collection Set: 0.5ms
[2024-04-24T06:31:51.330+0000][gc,phases   ] GC(238)   Other: 0.1ms
[2024-04-24T06:31:51.330+0000][gc,heap     ] GC(238) Eden regions: 612->0(612)
[2024-04-24T06:31:51.330+0000][gc,heap     ] GC(238) Survivor regions: 2->2(77)
[2024-04-24T06:31:51.330+0000][gc,heap     ] GC(238) Old regions: 49->49
[2024-04-24T06:31:51.330+0000][gc,heap     ] GC(238) Archive regions: 2->2
[2024-04-24T06:31:51.330+0000][gc,heap     ] GC(238) Humongous regions: 129->129
[2024-04-24T06:31:51.330+0000][gc,metaspace] GC(238) Metaspace: 43275K(43840K)->43275K(43840K) NonClass: 38232K(38528K)->38232K(38528K) Class: 5042K(5312K)->5042K(5312K)
[2024-04-24T06:31:51.330+0000][gc          ] GC(238) Pause Young (Normal) (G1 Evacuation Pause) 791M->180M(1024M) 3.500ms
[2024-04-24T06:31:51.330+0000][gc,cpu      ] GC(238) User=0.02s Sys=0.00s Real=0.00s
[2024-04-24T06:31:52.446+0000][gc,start    ] GC(239) Pause Young (Normal) (G1 Evacuation Pause)
[2024-04-24T06:31:52.446+0000][gc,task     ] GC(239) Using 8 workers of 8 for evacuation
[2024-04-24T06:31:52.448+0000][gc,phases   ] GC(239)   Pre Evacuate Collection Set: 0.1ms
[2024-04-24T06:31:52.448+0000][gc,phases   ] GC(239)   Merge Heap Roots: 0.1ms
[2024-04-24T06:31:52.448+0000][gc,phases   ] GC(239)   Evacuate Collection Set: 1.8ms
[2024-04-24T06:31:52.448+0000][gc,phases   ] GC(239)   Post Evacuate Collection Set: 0.4ms
[2024-04-24T06:31:52.448+0000][gc,phases   ] GC(239)   Other: 0.1ms
[2024-04-24T06:31:52.448+0000][gc,heap     ] GC(239) Eden regions: 612->0(612)
[2024-04-24T06:31:52.448+0000][gc,heap     ] GC(239) Survivor regions: 2->2(77)
[2024-04-24T06:31:52.448+0000][gc,heap     ] GC(239) Old regions: 49->50
[2024-04-24T06:31:52.448+0000][gc,heap     ] GC(239) Archive regions: 2->2
[2024-04-24T06:31:52.448+0000][gc,heap     ] GC(239) Humongous regions: 129->129
[2024-04-24T06:31:52.448+0000][gc,metaspace] GC(239) Metaspace: 43275K(43840K)->43275K(43840K) NonClass: 38232K(38528K)->38232K(38528K) Class: 5042K(5312K)->5042K(5312K)
[2024-04-24T06:31:52.448+0000][gc          ] GC(239) Pause Young (Normal) (G1 Evacuation Pause) 792M->180M(1024M) 2.565ms
[2024-04-24T06:31:52.448+0000][gc,cpu      ] GC(239) User=0.02s Sys=0.00s Real=0.00s
[2024-04-24T06:31:53.509+0000][gc,start    ] GC(240) Pause Young (Normal) (G1 Evacuation Pause)
[2024-04-24T06:31:53.509+0000][gc,task     ] GC(240) Using 8 workers of 8 for evacuation
[2024-04-24T06:31:53.512+0000][gc,phases   ] GC(240)   Pre Evacuate Collection Set: 0.1ms
[2024-04-24T06:31:53.512+0000][gc,phases   ] GC(240)   Merge Heap Roots: 0.1ms
[2024-04-24T06:31:53.512+0000][gc,phases   ] GC(240)   Evacuate Collection Set: 2.1ms
[2024-04-24T06:31:53.512+0000][gc,phases   ] GC(240)   Post Evacuate Collection Set: 0.5ms
[2024-04-24T06:31:53.512+0000][gc,phases   ] GC(240)   Other: 0.1ms
[2024-04-24T06:31:53.512+0000][gc,heap     ] GC(240) Eden regions: 612->0(612)
[2024-04-24T06:31:53.512+0000][gc,heap     ] GC(240) Survivor regions: 2->2(77)
[2024-04-24T06:31:53.512+0000][gc,heap     ] GC(240) Old regions: 50->50
[2024-04-24T06:31:53.512+0000][gc,heap     ] GC(240) Archive regions: 2->2
[2024-04-24T06:31:53.512+0000][gc,heap     ] GC(240) Humongous regions: 129->129
[2024-04-24T06:31:53.512+0000][gc,metaspace] GC(240) Metaspace: 43275K(43840K)->43275K(43840K) NonClass: 38232K(38528K)->38232K(38528K) Class: 5042K(5312K)->5042K(5312K)
[2024-04-24T06:31:53.512+0000][gc          ] GC(240) Pause Young (Normal) (G1 Evacuation Pause) 792M->180M(1024M) 3.004ms
[2024-04-24T06:31:53.512+0000][gc,cpu      ] GC(240) User=0.01s Sys=0.00s Real=0.01s
[2024-04-24T06:31:54.602+0000][gc,start    ] GC(241) Pause Young (Normal) (G1 Evacuation Pause)
[2024-04-24T06:31:54.602+0000][gc,task     ] GC(241) Using 8 workers of 8 for evacuation
[2024-04-24T06:31:54.605+0000][gc,phases   ] GC(241)   Pre Evacuate Collection Set: 0.1ms
[2024-04-24T06:31:54.605+0000][gc,phases   ] GC(241)   Merge Heap Roots: 0.1ms
[2024-04-24T06:31:54.605+0000][gc,phases   ] GC(241)   Evacuate Collection Set: 2.2ms
[2024-04-24T06:31:54.605+0000][gc,phases   ] GC(241)   Post Evacuate Collection Set: 0.4ms
[2024-04-24T06:31:54.605+0000][gc,phases   ] GC(241)   Other: 0.1ms
[2024-04-24T06:31:54.605+0000][gc,heap     ] GC(241) Eden regions: 612->0(612)
[2024-04-24T06:31:54.605+0000][gc,heap     ] GC(241) Survivor regions: 2->2(77)
[2024-04-24T06:31:54.605+0000][gc,heap     ] GC(241) Old regions: 50->50
[2024-04-24T06:31:54.605+0000][gc,heap     ] GC(241) Archive regions: 2->2
[2024-04-24T06:31:54.605+0000][gc,heap     ] GC(241) Humongous regions: 129->129
[2024-04-24T06:31:54.605+0000][gc,metaspace] GC(241) Metaspace: 43275K(43840K)->43275K(43840K) NonClass: 38232K(38528K)->38232K(38528K) Class: 5042K(5312K)->5042K(5312K)
[2024-04-24T06:31:54.605+0000][gc          ] GC(241) Pause Young (Normal) (G1 Evacuation Pause) 792M->180M(1024M) 2.955ms
[2024-04-24T06:31:54.605+0000][gc,cpu      ] GC(241) User=0.01s Sys=0.00s Real=0.01s
[2024-04-24T06:31:55.685+0000][gc,start    ] GC(242) Pause Young (Normal) (G1 Evacuation Pause)
[2024-04-24T06:31:55.685+0000][gc,task     ] GC(242) Using 8 workers of 8 for evacuation
[2024-04-24T06:31:55.688+0000][gc,phases   ] GC(242)   Pre Evacuate Collection Set: 0.1ms
[2024-04-24T06:31:55.688+0000][gc,phases   ] GC(242)   Merge Heap Roots: 0.1ms
[2024-04-24T06:31:55.688+0000][gc,phases   ] GC(242)   Evacuate Collection Set: 1.9ms
[2024-04-24T06:31:55.688+0000][gc,phases   ] GC(242)   Post Evacuate Collection Set: 0.4ms
[2024-04-24T06:31:55.688+0000][gc,phases   ] GC(242)   Other: 0.1ms
[2024-04-24T06:31:55.688+0000][gc,heap     ] GC(242) Eden regions: 612->0(612)
[2024-04-24T06:31:55.688+0000][gc,heap     ] GC(242) Survivor regions: 2->2(77)
[2024-04-24T06:31:55.688+0000][gc,heap     ] GC(242) Old regions: 50->50
[2024-04-24T06:31:55.688+0000][gc,heap     ] GC(242) Archive regions: 2->2
[2024-04-24T06:31:55.688+0000][gc,heap     ] GC(242) Humongous regions: 129->129
[2024-04-24T06:31:55.688+0000][gc,metaspace] GC(242) Metaspace: 43275K(43840K)->43275K(43840K) NonClass: 38232K(38528K)->38232K(38528K) Class: 5042K(5312K)->5042K(5312K)
[2024-04-24T06:31:55.688+0000][gc          ] GC(242) Pause Young (Normal) (G1 Evacuation Pause) 792M->180M(1024M) 2.701ms
[2024-04-24T06:31:55.688+0000][gc,cpu      ] GC(242) User=0.01s Sys=0.01s Real=0.00s
[2024-04-24T06:31:56.688+0000][gc,start    ] GC(243) Pause Young (Normal) (G1 Evacuation Pause)
[2024-04-24T06:31:56.688+0000][gc,task     ] GC(243) Using 8 workers of 8 for evacuation
[2024-04-24T06:31:56.691+0000][gc,phases   ] GC(243)   Pre Evacuate Collection Set: 0.1ms
[2024-04-24T06:31:56.691+0000][gc,phases   ] GC(243)   Merge Heap Roots: 0.1ms
[2024-04-24T06:31:56.691+0000][gc,phases   ] GC(243)   Evacuate Collection Set: 2.1ms
[2024-04-24T06:31:56.691+0000][gc,phases   ] GC(243)   Post Evacuate Collection Set: 0.4ms
[2024-04-24T06:31:56.691+0000][gc,phases   ] GC(243)   Other: 0.1ms
[2024-04-24T06:31:56.691+0000][gc,heap     ] GC(243) Eden regions: 612->0(612)
[2024-04-24T06:31:56.691+0000][gc,heap     ] GC(243) Survivor regions: 2->2(77)
[2024-04-24T06:31:56.691+0000][gc,heap     ] GC(243) Old regions: 50->50
[2024-04-24T06:31:56.691+0000][gc,heap     ] GC(243) Archive regions: 2->2
[2024-04-24T06:31:56.691+0000][gc,heap     ] GC(243) Humongous regions: 129->129
[2024-04-24T06:31:56.691+0000][gc,metaspace] GC(243) Metaspace: 43275K(43840K)->43275K(43840K) NonClass: 38232K(38528K)->38232K(38528K) Class: 5042K(5312K)->5042K(5312K)
[2024-04-24T06:31:56.691+0000][gc          ] GC(243) Pause Young (Normal) (G1 Evacuation Pause) 792M->180M(1024M) 2.928ms
[2024-04-24T06:31:56.691+0000][gc,cpu      ] GC(243) User=0.01s Sys=0.01s Real=0.00s
[2024-04-24T06:31:57.676+0000][gc,start    ] GC(244) Pause Young (Normal) (G1 Evacuation Pause)
[2024-04-24T06:31:57.676+0000][gc,task     ] GC(244) Using 8 workers of 8 for evacuation
[2024-04-24T06:31:57.679+0000][gc,phases   ] GC(244)   Pre Evacuate Collection Set: 0.1ms
[2024-04-24T06:31:57.679+0000][gc,phases   ] GC(244)   Merge Heap Roots: 0.1ms
[2024-04-24T06:31:57.679+0000][gc,phases   ] GC(244)   Evacuate Collection Set: 1.8ms
[2024-04-24T06:31:57.679+0000][gc,phases   ] GC(244)   Post Evacuate Collection Set: 0.4ms
[2024-04-24T06:31:57.679+0000][gc,phases   ] GC(244)   Other: 0.1ms
[2024-04-24T06:31:57.679+0000][gc,heap     ] GC(244) Eden regions: 612->0(612)
[2024-04-24T06:31:57.679+0000][gc,heap     ] GC(244) Survivor regions: 2->2(77)
[2024-04-24T06:31:57.679+0000][gc,heap     ] GC(244) Old regions: 50->50
[2024-04-24T06:31:57.679+0000][gc,heap     ] GC(244) Archive regions: 2->2
[2024-04-24T06:31:57.679+0000][gc,heap     ] GC(244) Humongous regions: 129->129
[2024-04-24T06:31:57.679+0000][gc,metaspace] GC(244) Metaspace: 43275K(43840K)->43275K(43840K) NonClass: 38232K(38528K)->38232K(38528K) Class: 5042K(5312K)->5042K(5312K)
[2024-04-24T06:31:57.679+0000][gc          ] GC(244) Pause Young (Normal) (G1 Evacuation Pause) 792M->181M(1024M) 2.594ms
[2024-04-24T06:31:57.679+0000][gc,cpu      ] GC(244) User=0.01s Sys=0.00s Real=0.00s
[2024-04-24T06:31:58.718+0000][gc,start    ] GC(245) Pause Young (Normal) (G1 Evacuation Pause)
[2024-04-24T06:31:58.718+0000][gc,task     ] GC(245) Using 8 workers of 8 for evacuation
[2024-04-24T06:31:58.721+0000][gc,phases   ] GC(245)   Pre Evacuate Collection Set: 0.1ms
[2024-04-24T06:31:58.721+0000][gc,phases   ] GC(245)   Merge Heap Roots: 0.1ms
[2024-04-24T06:31:58.721+0000][gc,phases   ] GC(245)   Evacuate Collection Set: 2.1ms
[2024-04-24T06:31:58.721+0000][gc,phases   ] GC(245)   Post Evacuate Collection Set: 0.4ms
[2024-04-24T06:31:58.721+0000][gc,phases   ] GC(245)   Other: 0.1ms
[2024-04-24T06:31:58.721+0000][gc,heap     ] GC(245) Eden regions: 612->0(612)
[2024-04-24T06:31:58.721+0000][gc,heap     ] GC(245) Survivor regions: 2->2(77)
[2024-04-24T06:31:58.721+0000][gc,heap     ] GC(245) Old regions: 50->50
[2024-04-24T06:31:58.721+0000][gc,heap     ] GC(245) Archive regions: 2->2
[2024-04-24T06:31:58.721+0000][gc,heap     ] GC(245) Humongous regions: 129->129
[2024-04-24T06:31:58.721+0000][gc,metaspace] GC(245) Metaspace: 43275K(43840K)->43275K(43840K) NonClass: 38232K(38528K)->38232K(38528K) Class: 5042K(5312K)->5042K(5312K)
[2024-04-24T06:31:58.721+0000][gc          ] GC(245) Pause Young (Normal) (G1 Evacuation Pause) 793M->181M(1024M) 2.838ms
[2024-04-24T06:31:58.721+0000][gc,cpu      ] GC(245) User=0.01s Sys=0.00s Real=0.00s
[2024-04-24T06:31:59.761+0000][gc,start    ] GC(246) Pause Young (Normal) (G1 Evacuation Pause)
[2024-04-24T06:31:59.761+0000][gc,task     ] GC(246) Using 8 workers of 8 for evacuation
[2024-04-24T06:31:59.764+0000][gc,phases   ] GC(246)   Pre Evacuate Collection Set: 0.1ms
[2024-04-24T06:31:59.764+0000][gc,phases   ] GC(246)   Merge Heap Roots: 0.1ms
[2024-04-24T06:31:59.764+0000][gc,phases   ] GC(246)   Evacuate Collection Set: 2.0ms
[2024-04-24T06:31:59.764+0000][gc,phases   ] GC(246)   Post Evacuate Collection Set: 0.4ms
[2024-04-24T06:31:59.764+0000][gc,phases   ] GC(246)   Other: 0.1ms
[2024-04-24T06:31:59.764+0000][gc,heap     ] GC(246) Eden regions: 612->0(611)
[2024-04-24T06:31:59.764+0000][gc,heap     ] GC(246) Survivor regions: 2->3(77)
[2024-04-24T06:31:59.764+0000][gc,heap     ] GC(246) Old regions: 50->50
[2024-04-24T06:31:59.764+0000][gc,heap     ] GC(246) Archive regions: 2->2
[2024-04-24T06:31:59.764+0000][gc,heap     ] GC(246) Humongous regions: 129->129
[2024-04-24T06:31:59.764+0000][gc,metaspace] GC(246) Metaspace: 43275K(43840K)->43275K(43840K) NonClass: 38232K(38528K)->38232K(38528K) Class: 5042K(5312K)->5042K(5312K)
[2024-04-24T06:31:59.764+0000][gc          ] GC(246) Pause Young (Normal) (G1 Evacuation Pause) 793M->181M(1024M) 2.857ms
[2024-04-24T06:31:59.764+0000][gc,cpu      ] GC(246) User=0.02s Sys=0.00s Real=0.01s
[2024-04-24T06:32:00.774+0000][gc,start    ] GC(247) Pause Young (Normal) (G1 Evacuation Pause)
[2024-04-24T06:32:00.774+0000][gc,task     ] GC(247) Using 8 workers of 8 for evacuation
[2024-04-24T06:32:00.776+0000][gc,phases   ] GC(247)   Pre Evacuate Collection Set: 0.1ms
[2024-04-24T06:32:00.776+0000][gc,phases   ] GC(247)   Merge Heap Roots: 0.1ms
[2024-04-24T06:32:00.776+0000][gc,phases   ] GC(247)   Evacuate Collection Set: 2.1ms
[2024-04-24T06:32:00.776+0000][gc,phases   ] GC(247)   Post Evacuate Collection Set: 0.4ms
[2024-04-24T06:32:00.776+0000][gc,phases   ] GC(247)   Other: 0.1ms
[2024-04-24T06:32:00.776+0000][gc,heap     ] GC(247) Eden regions: 611->0(611)
[2024-04-24T06:32:00.776+0000][gc,heap     ] GC(247) Survivor regions: 3->3(77)
[2024-04-24T06:32:00.776+0000][gc,heap     ] GC(247) Old regions: 50->50
[2024-04-24T06:32:00.777+0000][gc,heap     ] GC(247) Archive regions: 2->2
[2024-04-24T06:32:00.777+0000][gc,heap     ] GC(247) Humongous regions: 129->129
[2024-04-24T06:32:00.777+0000][gc,metaspace] GC(247) Metaspace: 43276K(43840K)->43276K(43840K) NonClass: 38233K(38528K)->38233K(38528K) Class: 5042K(5312K)->5042K(5312K)
[2024-04-24T06:32:00.777+0000][gc          ] GC(247) Pause Young (Normal) (G1 Evacuation Pause) 792M->181M(1024M) 2.890ms
[2024-04-24T06:32:00.777+0000][gc,cpu      ] GC(247) User=0.01s Sys=0.00s Real=0.00s
[2024-04-24T06:32:01.772+0000][gc,start    ] GC(248) Pause Young (Normal) (G1 Evacuation Pause)
[2024-04-24T06:32:01.772+0000][gc,task     ] GC(248) Using 8 workers of 8 for evacuation
[2024-04-24T06:32:01.775+0000][gc,phases   ] GC(248)   Pre Evacuate Collection Set: 0.1ms
[2024-04-24T06:32:01.775+0000][gc,phases   ] GC(248)   Merge Heap Roots: 0.1ms
[2024-04-24T06:32:01.775+0000][gc,phases   ] GC(248)   Evacuate Collection Set: 2.1ms
[2024-04-24T06:32:01.775+0000][gc,phases   ] GC(248)   Post Evacuate Collection Set: 0.4ms
[2024-04-24T06:32:01.775+0000][gc,phases   ] GC(248)   Other: 0.1ms
[2024-04-24T06:32:01.775+0000][gc,heap     ] GC(248) Eden regions: 611->0(611)
[2024-04-24T06:32:01.775+0000][gc,heap     ] GC(248) Survivor regions: 3->3(77)
[2024-04-24T06:32:01.775+0000][gc,heap     ] GC(248) Old regions: 50->50
[2024-04-24T06:32:01.775+0000][gc,heap     ] GC(248) Archive regions: 2->2
[2024-04-24T06:32:01.775+0000][gc,heap     ] GC(248) Humongous regions: 129->129
[2024-04-24T06:32:01.775+0000][gc,metaspace] GC(248) Metaspace: 43276K(43840K)->43276K(43840K) NonClass: 38233K(38528K)->38233K(38528K) Class: 5042K(5312K)->5042K(5312K)
[2024-04-24T06:32:01.775+0000][gc          ] GC(248) Pause Young (Normal) (G1 Evacuation Pause) 792M->181M(1024M) 2.924ms
[2024-04-24T06:32:01.775+0000][gc,cpu      ] GC(248) User=0.01s Sys=0.01s Real=0.00s
[2024-04-24T06:32:02.793+0000][gc,start    ] GC(249) Pause Young (Normal) (G1 Evacuation Pause)
[2024-04-24T06:32:02.793+0000][gc,task     ] GC(249) Using 8 workers of 8 for evacuation
[2024-04-24T06:32:02.796+0000][gc,phases   ] GC(249)   Pre Evacuate Collection Set: 0.1ms
[2024-04-24T06:32:02.796+0000][gc,phases   ] GC(249)   Merge Heap Roots: 0.1ms
[2024-04-24T06:32:02.796+0000][gc,phases   ] GC(249)   Evacuate Collection Set: 2.3ms
[2024-04-24T06:32:02.796+0000][gc,phases   ] GC(249)   Post Evacuate Collection Set: 0.4ms
[2024-04-24T06:32:02.796+0000][gc,phases   ] GC(249)   Other: 0.1ms
[2024-04-24T06:32:02.796+0000][gc,heap     ] GC(249) Eden regions: 611->0(611)
[2024-04-24T06:32:02.796+0000][gc,heap     ] GC(249) Survivor regions: 3->3(77)
[2024-04-24T06:32:02.796+0000][gc,heap     ] GC(249) Old regions: 50->50
[2024-04-24T06:32:02.796+0000][gc,heap     ] GC(249) Archive regions: 2->2
[2024-04-24T06:32:02.796+0000][gc,heap     ] GC(249) Humongous regions: 129->129
[2024-04-24T06:32:02.796+0000][gc,metaspace] GC(249) Metaspace: 43276K(43840K)->43276K(43840K) NonClass: 38233K(38528K)->38233K(38528K) Class: 5042K(5312K)->5042K(5312K)
[2024-04-24T06:32:02.796+0000][gc          ] GC(249) Pause Young (Normal) (G1 Evacuation Pause) 792M->181M(1024M) 3.045ms
[2024-04-24T06:32:02.796+0000][gc,cpu      ] GC(249) User=0.01s Sys=0.00s Real=0.00s
[2024-04-24T06:32:03.908+0000][gc,start    ] GC(250) Pause Young (Normal) (G1 Evacuation Pause)
[2024-04-24T06:32:03.919+0000][gc,task     ] GC(250) Using 8 workers of 8 for evacuation
[2024-04-24T06:32:03.936+0000][gc,phases   ] GC(250)   Pre Evacuate Collection Set: 0.3ms
[2024-04-24T06:32:03.936+0000][gc,phases   ] GC(250)   Merge Heap Roots: 0.3ms
[2024-04-24T06:32:03.936+0000][gc,phases   ] GC(250)   Evacuate Collection Set: 7.3ms
[2024-04-24T06:32:03.936+0000][gc,phases   ] GC(250)   Post Evacuate Collection Set: 9.0ms
[2024-04-24T06:32:03.936+0000][gc,phases   ] GC(250)   Other: 19.1ms
[2024-04-24T06:32:03.936+0000][gc,heap     ] GC(250) Eden regions: 611->0(611)
[2024-04-24T06:32:03.936+0000][gc,heap     ] GC(250) Survivor regions: 3->3(77)
[2024-04-24T06:32:03.936+0000][gc,heap     ] GC(250) Old regions: 50->50
[2024-04-24T06:32:03.936+0000][gc,heap     ] GC(250) Archive regions: 2->2
[2024-04-24T06:32:03.936+0000][gc,heap     ] GC(250) Humongous regions: 129->129
[2024-04-24T06:32:03.936+0000][gc,metaspace] GC(250) Metaspace: 43276K(43840K)->43276K(43840K) NonClass: 38233K(38528K)->38233K(38528K) Class: 5042K(5312K)->5042K(5312K)
[2024-04-24T06:32:03.936+0000][gc          ] GC(250) Pause Young (Normal) (G1 Evacuation Pause) 792M->181M(1024M) 28.760ms
[2024-04-24T06:32:03.936+0000][gc,cpu      ] GC(250) User=0.05s Sys=0.01s Real=0.03s
[2024-04-24T06:32:04.934+0000][gc,start    ] GC(251) Pause Young (Normal) (G1 Evacuation Pause)
[2024-04-24T06:32:04.934+0000][gc,task     ] GC(251) Using 8 workers of 8 for evacuation
[2024-04-24T06:32:04.936+0000][gc,phases   ] GC(251)   Pre Evacuate Collection Set: 0.1ms
[2024-04-24T06:32:04.937+0000][gc,phases   ] GC(251)   Merge Heap Roots: 0.1ms
[2024-04-24T06:32:04.937+0000][gc,phases   ] GC(251)   Evacuate Collection Set: 2.2ms
[2024-04-24T06:32:04.937+0000][gc,phases   ] GC(251)   Post Evacuate Collection Set: 0.5ms
[2024-04-24T06:32:04.937+0000][gc,phases   ] GC(251)   Other: 0.1ms
[2024-04-24T06:32:04.937+0000][gc,heap     ] GC(251) Eden regions: 611->0(611)
[2024-04-24T06:32:04.937+0000][gc,heap     ] GC(251) Survivor regions: 3->3(77)
[2024-04-24T06:32:04.937+0000][gc,heap     ] GC(251) Old regions: 50->50
[2024-04-24T06:32:04.937+0000][gc,heap     ] GC(251) Archive regions: 2->2
[2024-04-24T06:32:04.937+0000][gc,heap     ] GC(251) Humongous regions: 129->129
[2024-04-24T06:32:04.937+0000][gc,metaspace] GC(251) Metaspace: 43276K(43840K)->43276K(43840K) NonClass: 38233K(38528K)->38233K(38528K) Class: 5042K(5312K)->5042K(5312K)
[2024-04-24T06:32:04.937+0000][gc          ] GC(251) Pause Young (Normal) (G1 Evacuation Pause) 792M->182M(1024M) 3.059ms
[2024-04-24T06:32:04.937+0000][gc,cpu      ] GC(251) User=0.00s Sys=0.01s Real=0.00s
[2024-04-24T06:32:05.924+0000][gc,start    ] GC(252) Pause Young (Normal) (G1 Evacuation Pause)
[2024-04-24T06:32:05.924+0000][gc,task     ] GC(252) Using 8 workers of 8 for evacuation
[2024-04-24T06:32:05.927+0000][gc,phases   ] GC(252)   Pre Evacuate Collection Set: 0.1ms
[2024-04-24T06:32:05.927+0000][gc,phases   ] GC(252)   Merge Heap Roots: 0.1ms
[2024-04-24T06:32:05.927+0000][gc,phases   ] GC(252)   Evacuate Collection Set: 2.2ms
[2024-04-24T06:32:05.927+0000][gc,phases   ] GC(252)   Post Evacuate Collection Set: 0.4ms
[2024-04-24T06:32:05.927+0000][gc,phases   ] GC(252)   Other: 0.1ms
[2024-04-24T06:32:05.927+0000][gc,heap     ] GC(252) Eden regions: 611->0(611)
[2024-04-24T06:32:05.927+0000][gc,heap     ] GC(252) Survivor regions: 3->3(77)
[2024-04-24T06:32:05.927+0000][gc,heap     ] GC(252) Old regions: 50->51
[2024-04-24T06:32:05.927+0000][gc,heap     ] GC(252) Archive regions: 2->2
[2024-04-24T06:32:05.927+0000][gc,heap     ] GC(252) Humongous regions: 129->129
[2024-04-24T06:32:05.927+0000][gc,metaspace] GC(252) Metaspace: 43276K(43840K)->43276K(43840K) NonClass: 38233K(38528K)->38233K(38528K) Class: 5042K(5312K)->5042K(5312K)
[2024-04-24T06:32:05.927+0000][gc          ] GC(252) Pause Young (Normal) (G1 Evacuation Pause) 793M->182M(1024M) 3.010ms
[2024-04-24T06:32:05.927+0000][gc,cpu      ] GC(252) User=0.01s Sys=0.01s Real=0.00s
[2024-04-24T06:32:07.028+0000][gc,start    ] GC(253) Pause Young (Normal) (G1 Evacuation Pause)
[2024-04-24T06:32:07.028+0000][gc,task     ] GC(253) Using 8 workers of 8 for evacuation
[2024-04-24T06:32:07.031+0000][gc,phases   ] GC(253)   Pre Evacuate Collection Set: 0.1ms
[2024-04-24T06:32:07.031+0000][gc,phases   ] GC(253)   Merge Heap Roots: 0.1ms
[2024-04-24T06:32:07.031+0000][gc,phases   ] GC(253)   Evacuate Collection Set: 2.1ms
[2024-04-24T06:32:07.031+0000][gc,phases   ] GC(253)   Post Evacuate Collection Set: 0.4ms
[2024-04-24T06:32:07.031+0000][gc,phases   ] GC(253)   Other: 0.1ms
[2024-04-24T06:32:07.031+0000][gc,heap     ] GC(253) Eden regions: 611->0(612)
[2024-04-24T06:32:07.031+0000][gc,heap     ] GC(253) Survivor regions: 3->2(77)
[2024-04-24T06:32:07.031+0000][gc,heap     ] GC(253) Old regions: 51->51
[2024-04-24T06:32:07.031+0000][gc,heap     ] GC(253) Archive regions: 2->2
[2024-04-24T06:32:07.031+0000][gc,heap     ] GC(253) Humongous regions: 129->129
[2024-04-24T06:32:07.031+0000][gc,metaspace] GC(253) Metaspace: 43276K(43840K)->43276K(43840K) NonClass: 38233K(38528K)->38233K(38528K) Class: 5042K(5312K)->5042K(5312K)
[2024-04-24T06:32:07.031+0000][gc          ] GC(253) Pause Young (Normal) (G1 Evacuation Pause) 793M->182M(1024M) 2.871ms
[2024-04-24T06:32:07.031+0000][gc,cpu      ] GC(253) User=0.01s Sys=0.01s Real=0.00s
[2024-04-24T06:32:08.037+0000][gc,start    ] GC(254) Pause Young (Normal) (G1 Evacuation Pause)
[2024-04-24T06:32:08.037+0000][gc,task     ] GC(254) Using 8 workers of 8 for evacuation
[2024-04-24T06:32:08.039+0000][gc,phases   ] GC(254)   Pre Evacuate Collection Set: 0.1ms
[2024-04-24T06:32:08.039+0000][gc,phases   ] GC(254)   Merge Heap Roots: 0.1ms
[2024-04-24T06:32:08.039+0000][gc,phases   ] GC(254)   Evacuate Collection Set: 2.0ms
[2024-04-24T06:32:08.039+0000][gc,phases   ] GC(254)   Post Evacuate Collection Set: 0.4ms
[2024-04-24T06:32:08.039+0000][gc,phases   ] GC(254)   Other: 0.1ms
[2024-04-24T06:32:08.039+0000][gc,heap     ] GC(254) Eden regions: 612->0(611)
[2024-04-24T06:32:08.039+0000][gc,heap     ] GC(254) Survivor regions: 2->3(77)
[2024-04-24T06:32:08.039+0000][gc,heap     ] GC(254) Old regions: 51->51
[2024-04-24T06:32:08.039+0000][gc,heap     ] GC(254) Archive regions: 2->2
[2024-04-24T06:32:08.039+0000][gc,heap     ] GC(254) Humongous regions: 129->129
[2024-04-24T06:32:08.039+0000][gc,metaspace] GC(254) Metaspace: 43276K(43840K)->43276K(43840K) NonClass: 38233K(38528K)->38233K(38528K) Class: 5042K(5312K)->5042K(5312K)
[2024-04-24T06:32:08.039+0000][gc          ] GC(254) Pause Young (Normal) (G1 Evacuation Pause) 794M->182M(1024M) 2.795ms
[2024-04-24T06:32:08.039+0000][gc,cpu      ] GC(254) User=0.02s Sys=0.01s Real=0.00s
[2024-04-24T06:32:09.101+0000][gc,start    ] GC(255) Pause Young (Normal) (G1 Evacuation Pause)
[2024-04-24T06:32:09.101+0000][gc,task     ] GC(255) Using 8 workers of 8 for evacuation
[2024-04-24T06:32:09.157+0000][gc,mmu      ] GC(255) MMU target violated: 21.0ms (20.0ms/21.0ms)
[2024-04-24T06:32:09.161+0000][gc,phases   ] GC(255)   Pre Evacuate Collection Set: 0.2ms
[2024-04-24T06:32:09.161+0000][gc,phases   ] GC(255)   Merge Heap Roots: 0.6ms
[2024-04-24T06:32:09.161+0000][gc,phases   ] GC(255)   Evacuate Collection Set: 9.0ms
[2024-04-24T06:32:09.161+0000][gc,phases   ] GC(255)   Post Evacuate Collection Set: 26.6ms
[2024-04-24T06:32:09.161+0000][gc,phases   ] GC(255)   Other: 52.1ms
[2024-04-24T06:32:09.161+0000][gc,heap     ] GC(255) Eden regions: 611->0(49)
[2024-04-24T06:32:09.161+0000][gc,heap     ] GC(255) Survivor regions: 3->2(77)
[2024-04-24T06:32:09.161+0000][gc,heap     ] GC(255) Old regions: 51->51
[2024-04-24T06:32:09.161+0000][gc,heap     ] GC(255) Archive regions: 2->2
[2024-04-24T06:32:09.161+0000][gc,heap     ] GC(255) Humongous regions: 129->129
[2024-04-24T06:32:09.161+0000][gc,metaspace] GC(255) Metaspace: 43276K(43840K)->43276K(43840K) NonClass: 38233K(38528K)->38233K(38528K) Class: 5042K(5312K)->5042K(5312K)
[2024-04-24T06:32:09.161+0000][gc          ] GC(255) Pause Young (Normal) (G1 Evacuation Pause) 793M->182M(1024M) 60.134ms
[2024-04-24T06:32:09.161+0000][gc,cpu      ] GC(255) User=0.05s Sys=0.00s Real=0.06s
[2024-04-24T06:32:09.245+0000][gc,start    ] GC(256) Pause Young (Normal) (G1 Evacuation Pause)
[2024-04-24T06:32:09.246+0000][gc,task     ] GC(256) Using 8 workers of 8 for evacuation
[2024-04-24T06:32:09.248+0000][gc,phases   ] GC(256)   Pre Evacuate Collection Set: 0.1ms
[2024-04-24T06:32:09.248+0000][gc,phases   ] GC(256)   Merge Heap Roots: 0.1ms
[2024-04-24T06:32:09.248+0000][gc,phases   ] GC(256)   Evacuate Collection Set: 2.0ms
[2024-04-24T06:32:09.248+0000][gc,phases   ] GC(256)   Post Evacuate Collection Set: 0.2ms
[2024-04-24T06:32:09.248+0000][gc,phases   ] GC(256)   Other: 0.1ms
[2024-04-24T06:32:09.248+0000][gc,heap     ] GC(256) Eden regions: 49->0(49)
[2024-04-24T06:32:09.248+0000][gc,heap     ] GC(256) Survivor regions: 2->2(7)
[2024-04-24T06:32:09.248+0000][gc,heap     ] GC(256) Old regions: 51->51
[2024-04-24T06:32:09.248+0000][gc,heap     ] GC(256) Archive regions: 2->2
[2024-04-24T06:32:09.248+0000][gc,heap     ] GC(256) Humongous regions: 129->129
[2024-04-24T06:32:09.248+0000][gc,metaspace] GC(256) Metaspace: 43276K(43840K)->43276K(43840K) NonClass: 38233K(38528K)->38233K(38528K) Class: 5042K(5312K)->5042K(5312K)
[2024-04-24T06:32:09.248+0000][gc          ] GC(256) Pause Young (Normal) (G1 Evacuation Pause) 231M->182M(1024M) 2.574ms
[2024-04-24T06:32:09.248+0000][gc,cpu      ] GC(256) User=0.02s Sys=0.00s Real=0.00s
[2024-04-24T06:32:09.327+0000][gc,start    ] GC(257) Pause Young (Normal) (G1 Evacuation Pause)
[2024-04-24T06:32:09.327+0000][gc,task     ] GC(257) Using 8 workers of 8 for evacuation
[2024-04-24T06:32:09.329+0000][gc,phases   ] GC(257)   Pre Evacuate Collection Set: 0.1ms
[2024-04-24T06:32:09.329+0000][gc,phases   ] GC(257)   Merge Heap Roots: 0.1ms
[2024-04-24T06:32:09.329+0000][gc,phases   ] GC(257)   Evacuate Collection Set: 1.7ms
[2024-04-24T06:32:09.329+0000][gc,phases   ] GC(257)   Post Evacuate Collection Set: 0.2ms
[2024-04-24T06:32:09.329+0000][gc,phases   ] GC(257)   Other: 0.1ms
[2024-04-24T06:32:09.329+0000][gc,heap     ] GC(257) Eden regions: 49->0(612)
[2024-04-24T06:32:09.329+0000][gc,heap     ] GC(257) Survivor regions: 2->2(7)
[2024-04-24T06:32:09.329+0000][gc,heap     ] GC(257) Old regions: 51->51
[2024-04-24T06:32:09.329+0000][gc,heap     ] GC(257) Archive regions: 2->2
[2024-04-24T06:32:09.329+0000][gc,heap     ] GC(257) Humongous regions: 129->129
[2024-04-24T06:32:09.329+0000][gc,metaspace] GC(257) Metaspace: 43276K(43840K)->43276K(43840K) NonClass: 38233K(38528K)->38233K(38528K) Class: 5042K(5312K)->5042K(5312K)
[2024-04-24T06:32:09.329+0000][gc          ] GC(257) Pause Young (Normal) (G1 Evacuation Pause) 231M->182M(1024M) 2.259ms
[2024-04-24T06:32:09.329+0000][gc,cpu      ] GC(257) User=0.02s Sys=0.00s Real=0.00s
[2024-04-24T06:32:10.528+0000][gc,start    ] GC(258) Pause Young (Normal) (G1 Evacuation Pause)
[2024-04-24T06:32:10.528+0000][gc,task     ] GC(258) Using 8 workers of 8 for evacuation
[2024-04-24T06:32:10.531+0000][gc,phases   ] GC(258)   Pre Evacuate Collection Set: 0.1ms
[2024-04-24T06:32:10.531+0000][gc,phases   ] GC(258)   Merge Heap Roots: 0.1ms
[2024-04-24T06:32:10.531+0000][gc,phases   ] GC(258)   Evacuate Collection Set: 1.9ms
[2024-04-24T06:32:10.531+0000][gc,phases   ] GC(258)   Post Evacuate Collection Set: 0.4ms
[2024-04-24T06:32:10.531+0000][gc,phases   ] GC(258)   Other: 0.1ms
[2024-04-24T06:32:10.531+0000][gc,heap     ] GC(258) Eden regions: 612->0(612)
[2024-04-24T06:32:10.531+0000][gc,heap     ] GC(258) Survivor regions: 2->2(77)
[2024-04-24T06:32:10.531+0000][gc,heap     ] GC(258) Old regions: 51->52
[2024-04-24T06:32:10.531+0000][gc,heap     ] GC(258) Archive regions: 2->2
[2024-04-24T06:32:10.531+0000][gc,heap     ] GC(258) Humongous regions: 129->129
[2024-04-24T06:32:10.531+0000][gc,metaspace] GC(258) Metaspace: 43276K(43840K)->43276K(43840K) NonClass: 38233K(38528K)->38233K(38528K) Class: 5042K(5312K)->5042K(5312K)
[2024-04-24T06:32:10.531+0000][gc          ] GC(258) Pause Young (Normal) (G1 Evacuation Pause) 794M->182M(1024M) 2.708ms
[2024-04-24T06:32:10.531+0000][gc,cpu      ] GC(258) User=0.01s Sys=0.01s Real=0.00s
[2024-04-24T06:32:11.625+0000][gc,start    ] GC(259) Pause Young (Normal) (G1 Evacuation Pause)
[2024-04-24T06:32:11.625+0000][gc,task     ] GC(259) Using 8 workers of 8 for evacuation
[2024-04-24T06:32:11.635+0000][gc,phases   ] GC(259)   Pre Evacuate Collection Set: 0.2ms
[2024-04-24T06:32:11.635+0000][gc,phases   ] GC(259)   Merge Heap Roots: 1.2ms
[2024-04-24T06:32:11.635+0000][gc,phases   ] GC(259)   Evacuate Collection Set: 5.5ms
[2024-04-24T06:32:11.635+0000][gc,phases   ] GC(259)   Post Evacuate Collection Set: 2.8ms
[2024-04-24T06:32:11.635+0000][gc,phases   ] GC(259)   Other: 9.4ms
[2024-04-24T06:32:11.640+0000][gc,heap     ] GC(259) Eden regions: 612->0(612)
[2024-04-24T06:32:11.640+0000][gc,heap     ] GC(259) Survivor regions: 2->2(77)
[2024-04-24T06:32:11.640+0000][gc,heap     ] GC(259) Old regions: 52->52
[2024-04-24T06:32:11.640+0000][gc,heap     ] GC(259) Archive regions: 2->2
[2024-04-24T06:32:11.640+0000][gc,heap     ] GC(259) Humongous regions: 129->129
[2024-04-24T06:32:11.640+0000][gc,metaspace] GC(259) Metaspace: 43276K(43840K)->43276K(43840K) NonClass: 38233K(38528K)->38233K(38528K) Class: 5042K(5312K)->5042K(5312K)
[2024-04-24T06:32:11.640+0000][gc          ] GC(259) Pause Young (Normal) (G1 Evacuation Pause) 794M->182M(1024M) 14.958ms
[2024-04-24T06:32:11.640+0000][gc,cpu      ] GC(259) User=0.04s Sys=0.00s Real=0.01s
[2024-04-24T06:32:12.652+0000][gc,start    ] GC(260) Pause Young (Normal) (G1 Evacuation Pause)
[2024-04-24T06:32:12.652+0000][gc,task     ] GC(260) Using 8 workers of 8 for evacuation
[2024-04-24T06:32:12.655+0000][gc,phases   ] GC(260)   Pre Evacuate Collection Set: 0.1ms
[2024-04-24T06:32:12.655+0000][gc,phases   ] GC(260)   Merge Heap Roots: 0.1ms
[2024-04-24T06:32:12.655+0000][gc,phases   ] GC(260)   Evacuate Collection Set: 1.9ms
[2024-04-24T06:32:12.655+0000][gc,phases   ] GC(260)   Post Evacuate Collection Set: 0.4ms
[2024-04-24T06:32:12.655+0000][gc,phases   ] GC(260)   Other: 0.1ms
[2024-04-24T06:32:12.655+0000][gc,heap     ] GC(260) Eden regions: 612->0(612)
[2024-04-24T06:32:12.655+0000][gc,heap     ] GC(260) Survivor regions: 2->2(77)
[2024-04-24T06:32:12.655+0000][gc,heap     ] GC(260) Old regions: 52->52
[2024-04-24T06:32:12.655+0000][gc,heap     ] GC(260) Archive regions: 2->2
[2024-04-24T06:32:12.655+0000][gc,heap     ] GC(260) Humongous regions: 129->129
[2024-04-24T06:32:12.655+0000][gc,metaspace] GC(260) Metaspace: 43276K(43840K)->43276K(43840K) NonClass: 38233K(38528K)->38233K(38528K) Class: 5042K(5312K)->5042K(5312K)
[2024-04-24T06:32:12.655+0000][gc          ] GC(260) Pause Young (Normal) (G1 Evacuation Pause) 794M->182M(1024M) 2.665ms
[2024-04-24T06:32:12.655+0000][gc,cpu      ] GC(260) User=0.01s Sys=0.01s Real=0.00s
[2024-04-24T06:32:13.710+0000][gc,start    ] GC(261) Pause Young (Normal) (G1 Evacuation Pause)
[2024-04-24T06:32:13.710+0000][gc,task     ] GC(261) Using 8 workers of 8 for evacuation
[2024-04-24T06:32:13.721+0000][gc,phases   ] GC(261)   Pre Evacuate Collection Set: 0.1ms
[2024-04-24T06:32:13.721+0000][gc,phases   ] GC(261)   Merge Heap Roots: 0.1ms
[2024-04-24T06:32:13.721+0000][gc,phases   ] GC(261)   Evacuate Collection Set: 3.2ms
[2024-04-24T06:32:13.721+0000][gc,phases   ] GC(261)   Post Evacuate Collection Set: 0.6ms
[2024-04-24T06:32:13.721+0000][gc,phases   ] GC(261)   Other: 6.5ms
[2024-04-24T06:32:13.721+0000][gc,heap     ] GC(261) Eden regions: 612->0(612)
[2024-04-24T06:32:13.721+0000][gc,heap     ] GC(261) Survivor regions: 2->2(77)
[2024-04-24T06:32:13.721+0000][gc,heap     ] GC(261) Old regions: 52->52
[2024-04-24T06:32:13.721+0000][gc,heap     ] GC(261) Archive regions: 2->2
[2024-04-24T06:32:13.721+0000][gc,heap     ] GC(261) Humongous regions: 129->129
[2024-04-24T06:32:13.721+0000][gc,metaspace] GC(261) Metaspace: 43276K(43840K)->43276K(43840K) NonClass: 38233K(38528K)->38233K(38528K) Class: 5042K(5312K)->5042K(5312K)
[2024-04-24T06:32:13.721+0000][gc          ] GC(261) Pause Young (Normal) (G1 Evacuation Pause) 794M->182M(1024M) 10.638ms
[2024-04-24T06:32:13.721+0000][gc,cpu      ] GC(261) User=0.03s Sys=0.00s Real=0.01s
[2024-04-24T06:32:14.719+0000][gc,start    ] GC(262) Pause Young (Normal) (G1 Evacuation Pause)
[2024-04-24T06:32:14.719+0000][gc,task     ] GC(262) Using 8 workers of 8 for evacuation
[2024-04-24T06:32:14.722+0000][gc,phases   ] GC(262)   Pre Evacuate Collection Set: 0.1ms
[2024-04-24T06:32:14.722+0000][gc,phases   ] GC(262)   Merge Heap Roots: 0.1ms
[2024-04-24T06:32:14.722+0000][gc,phases   ] GC(262)   Evacuate Collection Set: 1.9ms
[2024-04-24T06:32:14.722+0000][gc,phases   ] GC(262)   Post Evacuate Collection Set: 0.4ms
[2024-04-24T06:32:14.722+0000][gc,phases   ] GC(262)   Other: 0.1ms
[2024-04-24T06:32:14.722+0000][gc,heap     ] GC(262) Eden regions: 612->0(612)
[2024-04-24T06:32:14.722+0000][gc,heap     ] GC(262) Survivor regions: 2->2(77)
[2024-04-24T06:32:14.722+0000][gc,heap     ] GC(262) Old regions: 52->52
[2024-04-24T06:32:14.722+0000][gc,heap     ] GC(262) Archive regions: 2->2
[2024-04-24T06:32:14.722+0000][gc,heap     ] GC(262) Humongous regions: 129->129
[2024-04-24T06:32:14.722+0000][gc,metaspace] GC(262) Metaspace: 43276K(43840K)->43276K(43840K) NonClass: 38233K(38528K)->38233K(38528K) Class: 5042K(5312K)->5042K(5312K)
[2024-04-24T06:32:14.722+0000][gc          ] GC(262) Pause Young (Normal) (G1 Evacuation Pause) 794M->183M(1024M) 2.723ms
[2024-04-24T06:32:14.722+0000][gc,cpu      ] GC(262) User=0.01s Sys=0.00s Real=0.00s
[2024-04-24T06:32:15.723+0000][gc,start    ] GC(263) Pause Young (Normal) (G1 Evacuation Pause)
[2024-04-24T06:32:15.723+0000][gc,task     ] GC(263) Using 8 workers of 8 for evacuation
[2024-04-24T06:32:15.725+0000][gc,phases   ] GC(263)   Pre Evacuate Collection Set: 0.1ms
[2024-04-24T06:32:15.725+0000][gc,phases   ] GC(263)   Merge Heap Roots: 0.1ms
[2024-04-24T06:32:15.725+0000][gc,phases   ] GC(263)   Evacuate Collection Set: 1.8ms
[2024-04-24T06:32:15.725+0000][gc,phases   ] GC(263)   Post Evacuate Collection Set: 0.4ms
[2024-04-24T06:32:15.725+0000][gc,phases   ] GC(263)   Other: 0.1ms
[2024-04-24T06:32:15.725+0000][gc,heap     ] GC(263) Eden regions: 612->0(612)
[2024-04-24T06:32:15.725+0000][gc,heap     ] GC(263) Survivor regions: 2->2(77)
[2024-04-24T06:32:15.725+0000][gc,heap     ] GC(263) Old regions: 52->52
[2024-04-24T06:32:15.725+0000][gc,heap     ] GC(263) Archive regions: 2->2
[2024-04-24T06:32:15.725+0000][gc,heap     ] GC(263) Humongous regions: 129->129
[2024-04-24T06:32:15.725+0000][gc,metaspace] GC(263) Metaspace: 43278K(43904K)->43278K(43904K) NonClass: 38235K(38592K)->38235K(38592K) Class: 5042K(5312K)->5042K(5312K)
[2024-04-24T06:32:15.725+0000][gc          ] GC(263) Pause Young (Normal) (G1 Evacuation Pause) 795M->183M(1024M) 2.607ms
[2024-04-24T06:32:15.725+0000][gc,cpu      ] GC(263) User=0.02s Sys=0.00s Real=0.01s
[2024-04-24T06:32:16.810+0000][gc,start    ] GC(264) Pause Young (Normal) (G1 Evacuation Pause)
[2024-04-24T06:32:16.810+0000][gc,task     ] GC(264) Using 8 workers of 8 for evacuation
[2024-04-24T06:32:16.813+0000][gc,phases   ] GC(264)   Pre Evacuate Collection Set: 0.1ms
[2024-04-24T06:32:16.813+0000][gc,phases   ] GC(264)   Merge Heap Roots: 0.1ms
[2024-04-24T06:32:16.813+0000][gc,phases   ] GC(264)   Evacuate Collection Set: 2.3ms
[2024-04-24T06:32:16.813+0000][gc,phases   ] GC(264)   Post Evacuate Collection Set: 0.5ms
[2024-04-24T06:32:16.813+0000][gc,phases   ] GC(264)   Other: 0.1ms
[2024-04-24T06:32:16.813+0000][gc,heap     ] GC(264) Eden regions: 612->0(612)
[2024-04-24T06:32:16.813+0000][gc,heap     ] GC(264) Survivor regions: 2->2(77)
[2024-04-24T06:32:16.813+0000][gc,heap     ] GC(264) Old regions: 52->52
[2024-04-24T06:32:16.813+0000][gc,heap     ] GC(264) Archive regions: 2->2
[2024-04-24T06:32:16.813+0000][gc,heap     ] GC(264) Humongous regions: 129->129
[2024-04-24T06:32:16.813+0000][gc,metaspace] GC(264) Metaspace: 43278K(43904K)->43278K(43904K) NonClass: 38235K(38592K)->38235K(38592K) Class: 5042K(5312K)->5042K(5312K)
[2024-04-24T06:32:16.813+0000][gc          ] GC(264) Pause Young (Normal) (G1 Evacuation Pause) 795M->183M(1024M) 3.117ms
[2024-04-24T06:32:16.813+0000][gc,cpu      ] GC(264) User=0.01s Sys=0.00s Real=0.01s
[2024-04-24T06:32:17.985+0000][gc,start    ] GC(265) Pause Young (Normal) (G1 Evacuation Pause)
[2024-04-24T06:32:17.985+0000][gc,task     ] GC(265) Using 8 workers of 8 for evacuation
[2024-04-24T06:32:17.991+0000][gc,phases   ] GC(265)   Pre Evacuate Collection Set: 0.3ms
[2024-04-24T06:32:17.991+0000][gc,phases   ] GC(265)   Merge Heap Roots: 0.4ms
[2024-04-24T06:32:17.991+0000][gc,phases   ] GC(265)   Evacuate Collection Set: 4.6ms
[2024-04-24T06:32:17.991+0000][gc,phases   ] GC(265)   Post Evacuate Collection Set: 0.6ms
[2024-04-24T06:32:17.991+0000][gc,phases   ] GC(265)   Other: 0.3ms
[2024-04-24T06:32:17.991+0000][gc,heap     ] GC(265) Eden regions: 612->0(612)
[2024-04-24T06:32:17.991+0000][gc,heap     ] GC(265) Survivor regions: 2->2(77)
[2024-04-24T06:32:17.991+0000][gc,heap     ] GC(265) Old regions: 52->52
[2024-04-24T06:32:17.991+0000][gc,heap     ] GC(265) Archive regions: 2->2
[2024-04-24T06:32:17.991+0000][gc,heap     ] GC(265) Humongous regions: 129->129
[2024-04-24T06:32:17.991+0000][gc,metaspace] GC(265) Metaspace: 43278K(43904K)->43278K(43904K) NonClass: 38235K(38592K)->38235K(38592K) Class: 5042K(5312K)->5042K(5312K)
[2024-04-24T06:32:17.991+0000][gc          ] GC(265) Pause Young (Normal) (G1 Evacuation Pause) 795M->183M(1024M) 6.182ms
[2024-04-24T06:32:17.991+0000][gc,cpu      ] GC(265) User=0.03s Sys=0.01s Real=0.00s
[2024-04-24T06:32:19.032+0000][gc,start    ] GC(266) Pause Young (Normal) (G1 Evacuation Pause)
[2024-04-24T06:32:19.049+0000][gc,task     ] GC(266) Using 8 workers of 8 for evacuation
[2024-04-24T06:32:19.052+0000][gc,phases   ] GC(266)   Pre Evacuate Collection Set: 0.1ms
[2024-04-24T06:32:19.052+0000][gc,phases   ] GC(266)   Merge Heap Roots: 0.1ms
[2024-04-24T06:32:19.052+0000][gc,phases   ] GC(266)   Evacuate Collection Set: 2.4ms
[2024-04-24T06:32:19.052+0000][gc,phases   ] GC(266)   Post Evacuate Collection Set: 0.6ms
[2024-04-24T06:32:19.052+0000][gc,phases   ] GC(266)   Other: 17.3ms
[2024-04-24T06:32:19.052+0000][gc,heap     ] GC(266) Eden regions: 612->0(612)
[2024-04-24T06:32:19.052+0000][gc,heap     ] GC(266) Survivor regions: 2->2(77)
[2024-04-24T06:32:19.052+0000][gc,heap     ] GC(266) Old regions: 52->53
[2024-04-24T06:32:19.052+0000][gc,heap     ] GC(266) Archive regions: 2->2
[2024-04-24T06:32:19.052+0000][gc,heap     ] GC(266) Humongous regions: 129->129
[2024-04-24T06:32:19.052+0000][gc,metaspace] GC(266) Metaspace: 43278K(43904K)->43278K(43904K) NonClass: 38235K(38592K)->38235K(38592K) Class: 5042K(5312K)->5042K(5312K)
[2024-04-24T06:32:19.052+0000][gc          ] GC(266) Pause Young (Normal) (G1 Evacuation Pause) 795M->183M(1024M) 20.804ms
[2024-04-24T06:32:19.052+0000][gc,cpu      ] GC(266) User=0.01s Sys=0.00s Real=0.03s
[2024-04-24T06:32:20.054+0000][gc,start    ] GC(267) Pause Young (Normal) (G1 Evacuation Pause)
[2024-04-24T06:32:20.054+0000][gc,task     ] GC(267) Using 8 workers of 8 for evacuation
[2024-04-24T06:32:20.056+0000][gc,phases   ] GC(267)   Pre Evacuate Collection Set: 0.1ms
[2024-04-24T06:32:20.056+0000][gc,phases   ] GC(267)   Merge Heap Roots: 0.1ms
[2024-04-24T06:32:20.056+0000][gc,phases   ] GC(267)   Evacuate Collection Set: 1.9ms
[2024-04-24T06:32:20.056+0000][gc,phases   ] GC(267)   Post Evacuate Collection Set: 0.4ms
[2024-04-24T06:32:20.056+0000][gc,phases   ] GC(267)   Other: 0.1ms
[2024-04-24T06:32:20.056+0000][gc,heap     ] GC(267) Eden regions: 612->0(612)
[2024-04-24T06:32:20.056+0000][gc,heap     ] GC(267) Survivor regions: 2->2(77)
[2024-04-24T06:32:20.056+0000][gc,heap     ] GC(267) Old regions: 53->53
[2024-04-24T06:32:20.056+0000][gc,heap     ] GC(267) Archive regions: 2->2
[2024-04-24T06:32:20.056+0000][gc,heap     ] GC(267) Humongous regions: 129->129
[2024-04-24T06:32:20.056+0000][gc,metaspace] GC(267) Metaspace: 43285K(43904K)->43285K(43904K) NonClass: 38242K(38592K)->38242K(38592K) Class: 5042K(5312K)->5042K(5312K)
[2024-04-24T06:32:20.056+0000][gc          ] GC(267) Pause Young (Normal) (G1 Evacuation Pause) 795M->183M(1024M) 2.636ms
[2024-04-24T06:32:20.056+0000][gc,cpu      ] GC(267) User=0.00s Sys=0.01s Real=0.00s
[2024-04-24T06:32:21.065+0000][gc,start    ] GC(268) Pause Young (Normal) (G1 Evacuation Pause)
[2024-04-24T06:32:21.065+0000][gc,task     ] GC(268) Using 8 workers of 8 for evacuation
[2024-04-24T06:32:21.067+0000][gc,phases   ] GC(268)   Pre Evacuate Collection Set: 0.1ms
[2024-04-24T06:32:21.068+0000][gc,phases   ] GC(268)   Merge Heap Roots: 0.1ms
[2024-04-24T06:32:21.068+0000][gc,phases   ] GC(268)   Evacuate Collection Set: 1.8ms
[2024-04-24T06:32:21.068+0000][gc,phases   ] GC(268)   Post Evacuate Collection Set: 0.4ms
[2024-04-24T06:32:21.068+0000][gc,phases   ] GC(268)   Other: 0.1ms
[2024-04-24T06:32:21.068+0000][gc,heap     ] GC(268) Eden regions: 612->0(612)
[2024-04-24T06:32:21.068+0000][gc,heap     ] GC(268) Survivor regions: 2->2(77)
[2024-04-24T06:32:21.068+0000][gc,heap     ] GC(268) Old regions: 53->53
[2024-04-24T06:32:21.068+0000][gc,heap     ] GC(268) Archive regions: 2->2
[2024-04-24T06:32:21.068+0000][gc,heap     ] GC(268) Humongous regions: 129->129
[2024-04-24T06:32:21.068+0000][gc,metaspace] GC(268) Metaspace: 43285K(43904K)->43285K(43904K) NonClass: 38242K(38592K)->38242K(38592K) Class: 5042K(5312K)->5042K(5312K)
[2024-04-24T06:32:21.068+0000][gc          ] GC(268) Pause Young (Normal) (G1 Evacuation Pause) 795M->183M(1024M) 2.492ms
[2024-04-24T06:32:21.068+0000][gc,cpu      ] GC(268) User=0.00s Sys=0.00s Real=0.00s
[2024-04-24T06:32:22.734+0000][gc,start    ] GC(269) Pause Young (Normal) (G1 Evacuation Pause)
[2024-04-24T06:32:22.734+0000][gc,task     ] GC(269) Using 8 workers of 8 for evacuation
[2024-04-24T06:32:22.771+0000][gc,mmu      ] GC(269) MMU target violated: 21.0ms (20.0ms/21.0ms)
[2024-04-24T06:32:22.771+0000][gc,phases   ] GC(269)   Pre Evacuate Collection Set: 0.4ms
[2024-04-24T06:32:22.771+0000][gc,phases   ] GC(269)   Merge Heap Roots: 0.4ms
[2024-04-24T06:32:22.771+0000][gc,phases   ] GC(269)   Evacuate Collection Set: 35.2ms
[2024-04-24T06:32:22.771+0000][gc,phases   ] GC(269)   Post Evacuate Collection Set: 0.7ms
[2024-04-24T06:32:22.771+0000][gc,phases   ] GC(269)   Other: 0.4ms
[2024-04-24T06:32:22.771+0000][gc,heap     ] GC(269) Eden regions: 612->0(612)
[2024-04-24T06:32:22.771+0000][gc,heap     ] GC(269) Survivor regions: 2->2(77)
[2024-04-24T06:32:22.771+0000][gc,heap     ] GC(269) Old regions: 53->53
[2024-04-24T06:32:22.771+0000][gc,heap     ] GC(269) Archive regions: 2->2
[2024-04-24T06:32:22.771+0000][gc,heap     ] GC(269) Humongous regions: 129->129
[2024-04-24T06:32:22.771+0000][gc,metaspace] GC(269) Metaspace: 43285K(43904K)->43285K(43904K) NonClass: 38242K(38592K)->38242K(38592K) Class: 5042K(5312K)->5042K(5312K)
[2024-04-24T06:32:22.771+0000][gc          ] GC(269) Pause Young (Normal) (G1 Evacuation Pause) 795M->183M(1024M) 37.177ms
[2024-04-24T06:32:22.771+0000][gc,cpu      ] GC(269) User=0.06s Sys=0.00s Real=0.03s
[2024-04-24T06:32:23.805+0000][gc,start    ] GC(270) Pause Young (Normal) (G1 Evacuation Pause)
[2024-04-24T06:32:23.805+0000][gc,task     ] GC(270) Using 8 workers of 8 for evacuation
[2024-04-24T06:32:23.807+0000][gc,phases   ] GC(270)   Pre Evacuate Collection Set: 0.1ms
[2024-04-24T06:32:23.808+0000][gc,phases   ] GC(270)   Merge Heap Roots: 0.1ms
[2024-04-24T06:32:23.808+0000][gc,phases   ] GC(270)   Evacuate Collection Set: 1.6ms
[2024-04-24T06:32:23.808+0000][gc,phases   ] GC(270)   Post Evacuate Collection Set: 0.4ms
[2024-04-24T06:32:23.808+0000][gc,phases   ] GC(270)   Other: 0.2ms
[2024-04-24T06:32:23.808+0000][gc,heap     ] GC(270) Eden regions: 612->0(612)
[2024-04-24T06:32:23.808+0000][gc,heap     ] GC(270) Survivor regions: 2->2(77)
[2024-04-24T06:32:23.808+0000][gc,heap     ] GC(270) Old regions: 53->53
[2024-04-24T06:32:23.808+0000][gc,heap     ] GC(270) Archive regions: 2->2
[2024-04-24T06:32:23.808+0000][gc,heap     ] GC(270) Humongous regions: 129->129
[2024-04-24T06:32:23.808+0000][gc,metaspace] GC(270) Metaspace: 43285K(43904K)->43285K(43904K) NonClass: 38242K(38592K)->38242K(38592K) Class: 5042K(5312K)->5042K(5312K)
[2024-04-24T06:32:23.808+0000][gc          ] GC(270) Pause Young (Normal) (G1 Evacuation Pause) 795M->183M(1024M) 2.446ms
[2024-04-24T06:32:23.808+0000][gc,cpu      ] GC(270) User=0.01s Sys=0.01s Real=0.00s
[2024-04-24T06:32:24.804+0000][gc,start    ] GC(271) Pause Young (Normal) (G1 Evacuation Pause)
[2024-04-24T06:32:24.804+0000][gc,task     ] GC(271) Using 8 workers of 8 for evacuation
[2024-04-24T06:32:24.806+0000][gc,phases   ] GC(271)   Pre Evacuate Collection Set: 0.1ms
[2024-04-24T06:32:24.807+0000][gc,phases   ] GC(271)   Merge Heap Roots: 0.1ms
[2024-04-24T06:32:24.807+0000][gc,phases   ] GC(271)   Evacuate Collection Set: 2.1ms
[2024-04-24T06:32:24.807+0000][gc,phases   ] GC(271)   Post Evacuate Collection Set: 0.5ms
[2024-04-24T06:32:24.807+0000][gc,phases   ] GC(271)   Other: 0.1ms
[2024-04-24T06:32:24.807+0000][gc,heap     ] GC(271) Eden regions: 612->0(612)
[2024-04-24T06:32:24.807+0000][gc,heap     ] GC(271) Survivor regions: 2->2(77)
[2024-04-24T06:32:24.807+0000][gc,heap     ] GC(271) Old regions: 53->53
[2024-04-24T06:32:24.807+0000][gc,heap     ] GC(271) Archive regions: 2->2
[2024-04-24T06:32:24.807+0000][gc,heap     ] GC(271) Humongous regions: 129->129
[2024-04-24T06:32:24.807+0000][gc,metaspace] GC(271) Metaspace: 43285K(43904K)->43285K(43904K) NonClass: 38242K(38592K)->38242K(38592K) Class: 5042K(5312K)->5042K(5312K)
[2024-04-24T06:32:24.807+0000][gc          ] GC(271) Pause Young (Normal) (G1 Evacuation Pause) 795M->183M(1024M) 2.937ms
[2024-04-24T06:32:24.807+0000][gc,cpu      ] GC(271) User=0.01s Sys=0.01s Real=0.01s
[2024-04-24T06:32:25.808+0000][gc,start    ] GC(272) Pause Young (Normal) (G1 Evacuation Pause)
[2024-04-24T06:32:25.808+0000][gc,task     ] GC(272) Using 8 workers of 8 for evacuation
[2024-04-24T06:32:25.811+0000][gc,phases   ] GC(272)   Pre Evacuate Collection Set: 0.1ms
[2024-04-24T06:32:25.811+0000][gc,phases   ] GC(272)   Merge Heap Roots: 0.1ms
[2024-04-24T06:32:25.811+0000][gc,phases   ] GC(272)   Evacuate Collection Set: 1.8ms
[2024-04-24T06:32:25.811+0000][gc,phases   ] GC(272)   Post Evacuate Collection Set: 0.4ms
[2024-04-24T06:32:25.811+0000][gc,phases   ] GC(272)   Other: 0.1ms
[2024-04-24T06:32:25.811+0000][gc,heap     ] GC(272) Eden regions: 612->0(612)
[2024-04-24T06:32:25.811+0000][gc,heap     ] GC(272) Survivor regions: 2->2(77)
[2024-04-24T06:32:25.811+0000][gc,heap     ] GC(272) Old regions: 53->53
[2024-04-24T06:32:25.811+0000][gc,heap     ] GC(272) Archive regions: 2->2
[2024-04-24T06:32:25.811+0000][gc,heap     ] GC(272) Humongous regions: 129->129
[2024-04-24T06:32:25.811+0000][gc,metaspace] GC(272) Metaspace: 43287K(43904K)->43287K(43904K) NonClass: 38244K(38592K)->38244K(38592K) Class: 5042K(5312K)->5042K(5312K)
[2024-04-24T06:32:25.811+0000][gc          ] GC(272) Pause Young (Normal) (G1 Evacuation Pause) 795M->183M(1024M) 2.619ms
[2024-04-24T06:32:25.811+0000][gc,cpu      ] GC(272) User=0.01s Sys=0.01s Real=0.00s
[2024-04-24T06:32:26.978+0000][gc,start    ] GC(273) Pause Young (Normal) (G1 Evacuation Pause)
[2024-04-24T06:32:26.978+0000][gc,task     ] GC(273) Using 8 workers of 8 for evacuation
[2024-04-24T06:32:26.980+0000][gc,phases   ] GC(273)   Pre Evacuate Collection Set: 0.1ms
[2024-04-24T06:32:26.980+0000][gc,phases   ] GC(273)   Merge Heap Roots: 0.1ms
[2024-04-24T06:32:26.980+0000][gc,phases   ] GC(273)   Evacuate Collection Set: 1.9ms
[2024-04-24T06:32:26.980+0000][gc,phases   ] GC(273)   Post Evacuate Collection Set: 0.4ms
[2024-04-24T06:32:26.980+0000][gc,phases   ] GC(273)   Other: 0.1ms
[2024-04-24T06:32:26.980+0000][gc,heap     ] GC(273) Eden regions: 612->0(612)
[2024-04-24T06:32:26.980+0000][gc,heap     ] GC(273) Survivor regions: 2->2(77)
[2024-04-24T06:32:26.980+0000][gc,heap     ] GC(273) Old regions: 53->53
[2024-04-24T06:32:26.980+0000][gc,heap     ] GC(273) Archive regions: 2->2
[2024-04-24T06:32:26.980+0000][gc,heap     ] GC(273) Humongous regions: 129->129
[2024-04-24T06:32:26.980+0000][gc,metaspace] GC(273) Metaspace: 43287K(43904K)->43287K(43904K) NonClass: 38244K(38592K)->38244K(38592K) Class: 5042K(5312K)->5042K(5312K)
[2024-04-24T06:32:26.981+0000][gc          ] GC(273) Pause Young (Normal) (G1 Evacuation Pause) 795M->184M(1024M) 2.680ms
[2024-04-24T06:32:26.981+0000][gc,cpu      ] GC(273) User=0.02s Sys=0.00s Real=0.00s
[2024-04-24T06:32:27.984+0000][gc,start    ] GC(274) Pause Young (Normal) (G1 Evacuation Pause)
[2024-04-24T06:32:27.984+0000][gc,task     ] GC(274) Using 8 workers of 8 for evacuation
[2024-04-24T06:32:27.987+0000][gc,phases   ] GC(274)   Pre Evacuate Collection Set: 0.1ms
[2024-04-24T06:32:27.987+0000][gc,phases   ] GC(274)   Merge Heap Roots: 0.1ms
[2024-04-24T06:32:27.987+0000][gc,phases   ] GC(274)   Evacuate Collection Set: 1.8ms
[2024-04-24T06:32:27.987+0000][gc,phases   ] GC(274)   Post Evacuate Collection Set: 0.4ms
[2024-04-24T06:32:27.987+0000][gc,phases   ] GC(274)   Other: 0.1ms
[2024-04-24T06:32:27.987+0000][gc,heap     ] GC(274) Eden regions: 612->0(612)
[2024-04-24T06:32:27.987+0000][gc,heap     ] GC(274) Survivor regions: 2->2(77)
[2024-04-24T06:32:27.987+0000][gc,heap     ] GC(274) Old regions: 53->53
[2024-04-24T06:32:27.987+0000][gc,heap     ] GC(274) Archive regions: 2->2
[2024-04-24T06:32:27.987+0000][gc,heap     ] GC(274) Humongous regions: 129->129
[2024-04-24T06:32:27.987+0000][gc,metaspace] GC(274) Metaspace: 43287K(43904K)->43287K(43904K) NonClass: 38244K(38592K)->38244K(38592K) Class: 5042K(5312K)->5042K(5312K)
[2024-04-24T06:32:27.987+0000][gc          ] GC(274) Pause Young (Normal) (G1 Evacuation Pause) 796M->184M(1024M) 2.534ms
[2024-04-24T06:32:27.987+0000][gc,cpu      ] GC(274) User=0.01s Sys=0.00s Real=0.00s
[2024-04-24T06:32:29.039+0000][gc,start    ] GC(275) Pause Young (Normal) (G1 Evacuation Pause)
[2024-04-24T06:32:29.039+0000][gc,task     ] GC(275) Using 8 workers of 8 for evacuation
[2024-04-24T06:32:29.042+0000][gc,phases   ] GC(275)   Pre Evacuate Collection Set: 0.1ms
[2024-04-24T06:32:29.042+0000][gc,phases   ] GC(275)   Merge Heap Roots: 0.1ms
[2024-04-24T06:32:29.042+0000][gc,phases   ] GC(275)   Evacuate Collection Set: 1.8ms
[2024-04-24T06:32:29.042+0000][gc,phases   ] GC(275)   Post Evacuate Collection Set: 0.4ms
[2024-04-24T06:32:29.042+0000][gc,phases   ] GC(275)   Other: 0.1ms
[2024-04-24T06:32:29.042+0000][gc,heap     ] GC(275) Eden regions: 612->0(612)
[2024-04-24T06:32:29.042+0000][gc,heap     ] GC(275) Survivor regions: 2->2(77)
[2024-04-24T06:32:29.042+0000][gc,heap     ] GC(275) Old regions: 53->53
[2024-04-24T06:32:29.042+0000][gc,heap     ] GC(275) Archive regions: 2->2
[2024-04-24T06:32:29.042+0000][gc,heap     ] GC(275) Humongous regions: 129->129
[2024-04-24T06:32:29.042+0000][gc,metaspace] GC(275) Metaspace: 43287K(43904K)->43287K(43904K) NonClass: 38244K(38592K)->38244K(38592K) Class: 5042K(5312K)->5042K(5312K)
[2024-04-24T06:32:29.042+0000][gc          ] GC(275) Pause Young (Normal) (G1 Evacuation Pause) 796M->184M(1024M) 2.558ms
[2024-04-24T06:32:29.042+0000][gc,cpu      ] GC(275) User=0.01s Sys=0.00s Real=0.00s
[2024-04-24T06:32:30.071+0000][gc,start    ] GC(276) Pause Young (Normal) (G1 Evacuation Pause)
[2024-04-24T06:32:30.071+0000][gc,task     ] GC(276) Using 8 workers of 8 for evacuation
[2024-04-24T06:32:30.073+0000][gc,phases   ] GC(276)   Pre Evacuate Collection Set: 0.1ms
[2024-04-24T06:32:30.073+0000][gc,phases   ] GC(276)   Merge Heap Roots: 0.1ms
[2024-04-24T06:32:30.073+0000][gc,phases   ] GC(276)   Evacuate Collection Set: 1.8ms
[2024-04-24T06:32:30.073+0000][gc,phases   ] GC(276)   Post Evacuate Collection Set: 0.4ms
[2024-04-24T06:32:30.073+0000][gc,phases   ] GC(276)   Other: 0.1ms
[2024-04-24T06:32:30.073+0000][gc,heap     ] GC(276) Eden regions: 612->0(612)
[2024-04-24T06:32:30.073+0000][gc,heap     ] GC(276) Survivor regions: 2->2(77)
[2024-04-24T06:32:30.073+0000][gc,heap     ] GC(276) Old regions: 53->53
[2024-04-24T06:32:30.073+0000][gc,heap     ] GC(276) Archive regions: 2->2
[2024-04-24T06:32:30.073+0000][gc,heap     ] GC(276) Humongous regions: 129->129
[2024-04-24T06:32:30.073+0000][gc,metaspace] GC(276) Metaspace: 43287K(43904K)->43287K(43904K) NonClass: 38244K(38592K)->38244K(38592K) Class: 5042K(5312K)->5042K(5312K)
[2024-04-24T06:32:30.073+0000][gc          ] GC(276) Pause Young (Normal) (G1 Evacuation Pause) 796M->184M(1024M) 2.538ms
[2024-04-24T06:32:30.073+0000][gc,cpu      ] GC(276) User=0.02s Sys=0.00s Real=0.01s
[2024-04-24T06:32:31.069+0000][gc,start    ] GC(277) Pause Young (Normal) (G1 Evacuation Pause)
[2024-04-24T06:32:31.069+0000][gc,task     ] GC(277) Using 8 workers of 8 for evacuation
[2024-04-24T06:32:31.072+0000][gc,phases   ] GC(277)   Pre Evacuate Collection Set: 0.1ms
[2024-04-24T06:32:31.072+0000][gc,phases   ] GC(277)   Merge Heap Roots: 0.1ms
[2024-04-24T06:32:31.072+0000][gc,phases   ] GC(277)   Evacuate Collection Set: 1.7ms
[2024-04-24T06:32:31.072+0000][gc,phases   ] GC(277)   Post Evacuate Collection Set: 0.4ms
[2024-04-24T06:32:31.072+0000][gc,phases   ] GC(277)   Other: 0.1ms
[2024-04-24T06:32:31.072+0000][gc,heap     ] GC(277) Eden regions: 612->0(612)
[2024-04-24T06:32:31.072+0000][gc,heap     ] GC(277) Survivor regions: 2->2(77)
[2024-04-24T06:32:31.072+0000][gc,heap     ] GC(277) Old regions: 53->54
[2024-04-24T06:32:31.072+0000][gc,heap     ] GC(277) Archive regions: 2->2
[2024-04-24T06:32:31.072+0000][gc,heap     ] GC(277) Humongous regions: 129->129
[2024-04-24T06:32:31.072+0000][gc,metaspace] GC(277) Metaspace: 43287K(43904K)->43287K(43904K) NonClass: 38244K(38592K)->38244K(38592K) Class: 5042K(5312K)->5042K(5312K)
[2024-04-24T06:32:31.072+0000][gc          ] GC(277) Pause Young (Normal) (G1 Evacuation Pause) 796M->184M(1024M) 2.573ms
[2024-04-24T06:32:31.072+0000][gc,cpu      ] GC(277) User=0.01s Sys=0.01s Real=0.00s
[2024-04-24T06:32:32.098+0000][gc,start    ] GC(278) Pause Young (Normal) (G1 Evacuation Pause)
[2024-04-24T06:32:32.098+0000][gc,task     ] GC(278) Using 8 workers of 8 for evacuation
[2024-04-24T06:32:32.101+0000][gc,phases   ] GC(278)   Pre Evacuate Collection Set: 0.1ms
[2024-04-24T06:32:32.101+0000][gc,phases   ] GC(278)   Merge Heap Roots: 0.1ms
[2024-04-24T06:32:32.101+0000][gc,phases   ] GC(278)   Evacuate Collection Set: 2.0ms
[2024-04-24T06:32:32.101+0000][gc,phases   ] GC(278)   Post Evacuate Collection Set: 0.4ms
[2024-04-24T06:32:32.101+0000][gc,phases   ] GC(278)   Other: 0.1ms
[2024-04-24T06:32:32.101+0000][gc,heap     ] GC(278) Eden regions: 612->0(612)
[2024-04-24T06:32:32.101+0000][gc,heap     ] GC(278) Survivor regions: 2->2(77)
[2024-04-24T06:32:32.101+0000][gc,heap     ] GC(278) Old regions: 54->54
[2024-04-24T06:32:32.101+0000][gc,heap     ] GC(278) Archive regions: 2->2
[2024-04-24T06:32:32.101+0000][gc,heap     ] GC(278) Humongous regions: 129->129
[2024-04-24T06:32:32.101+0000][gc,metaspace] GC(278) Metaspace: 43287K(43904K)->43287K(43904K) NonClass: 38244K(38592K)->38244K(38592K) Class: 5042K(5312K)->5042K(5312K)
[2024-04-24T06:32:32.101+0000][gc          ] GC(278) Pause Young (Normal) (G1 Evacuation Pause) 796M->184M(1024M) 2.745ms
[2024-04-24T06:32:32.101+0000][gc,cpu      ] GC(278) User=0.01s Sys=0.00s Real=0.00s
[2024-04-24T06:32:33.098+0000][gc,start    ] GC(279) Pause Young (Normal) (G1 Evacuation Pause)
[2024-04-24T06:32:33.098+0000][gc,task     ] GC(279) Using 8 workers of 8 for evacuation
[2024-04-24T06:32:33.100+0000][gc,phases   ] GC(279)   Pre Evacuate Collection Set: 0.1ms
[2024-04-24T06:32:33.100+0000][gc,phases   ] GC(279)   Merge Heap Roots: 0.1ms
[2024-04-24T06:32:33.100+0000][gc,phases   ] GC(279)   Evacuate Collection Set: 1.7ms
[2024-04-24T06:32:33.100+0000][gc,phases   ] GC(279)   Post Evacuate Collection Set: 0.4ms
[2024-04-24T06:32:33.100+0000][gc,phases   ] GC(279)   Other: 0.1ms
[2024-04-24T06:32:33.100+0000][gc,heap     ] GC(279) Eden regions: 612->0(612)
[2024-04-24T06:32:33.100+0000][gc,heap     ] GC(279) Survivor regions: 2->2(77)
[2024-04-24T06:32:33.100+0000][gc,heap     ] GC(279) Old regions: 54->54
[2024-04-24T06:32:33.100+0000][gc,heap     ] GC(279) Archive regions: 2->2
[2024-04-24T06:32:33.100+0000][gc,heap     ] GC(279) Humongous regions: 129->129
[2024-04-24T06:32:33.100+0000][gc,metaspace] GC(279) Metaspace: 43287K(43904K)->43287K(43904K) NonClass: 38244K(38592K)->38244K(38592K) Class: 5042K(5312K)->5042K(5312K)
[2024-04-24T06:32:33.100+0000][gc          ] GC(279) Pause Young (Normal) (G1 Evacuation Pause) 796M->184M(1024M) 2.472ms
[2024-04-24T06:32:33.100+0000][gc,cpu      ] GC(279) User=0.02s Sys=0.00s Real=0.00s
[2024-04-24T06:32:34.127+0000][gc,start    ] GC(280) Pause Young (Normal) (G1 Evacuation Pause)
[2024-04-24T06:32:34.127+0000][gc,task     ] GC(280) Using 8 workers of 8 for evacuation
[2024-04-24T06:32:34.129+0000][gc,phases   ] GC(280)   Pre Evacuate Collection Set: 0.1ms
[2024-04-24T06:32:34.129+0000][gc,phases   ] GC(280)   Merge Heap Roots: 0.1ms
[2024-04-24T06:32:34.129+0000][gc,phases   ] GC(280)   Evacuate Collection Set: 1.7ms
[2024-04-24T06:32:34.129+0000][gc,phases   ] GC(280)   Post Evacuate Collection Set: 0.4ms
[2024-04-24T06:32:34.129+0000][gc,phases   ] GC(280)   Other: 0.1ms
[2024-04-24T06:32:34.129+0000][gc,heap     ] GC(280) Eden regions: 612->0(612)
[2024-04-24T06:32:34.129+0000][gc,heap     ] GC(280) Survivor regions: 2->2(77)
[2024-04-24T06:32:34.129+0000][gc,heap     ] GC(280) Old regions: 54->54
[2024-04-24T06:32:34.129+0000][gc,heap     ] GC(280) Archive regions: 2->2
[2024-04-24T06:32:34.129+0000][gc,heap     ] GC(280) Humongous regions: 129->129
[2024-04-24T06:32:34.129+0000][gc,metaspace] GC(280) Metaspace: 43287K(43904K)->43287K(43904K) NonClass: 38244K(38592K)->38244K(38592K) Class: 5042K(5312K)->5042K(5312K)
[2024-04-24T06:32:34.129+0000][gc          ] GC(280) Pause Young (Normal) (G1 Evacuation Pause) 796M->184M(1024M) 2.445ms
[2024-04-24T06:32:34.129+0000][gc,cpu      ] GC(280) User=0.02s Sys=0.00s Real=0.00s
[2024-04-24T06:32:35.134+0000][gc,start    ] GC(281) Pause Young (Normal) (G1 Evacuation Pause)
[2024-04-24T06:32:35.134+0000][gc,task     ] GC(281) Using 8 workers of 8 for evacuation
[2024-04-24T06:32:35.136+0000][gc,phases   ] GC(281)   Pre Evacuate Collection Set: 0.1ms
[2024-04-24T06:32:35.136+0000][gc,phases   ] GC(281)   Merge Heap Roots: 0.1ms
[2024-04-24T06:32:35.136+0000][gc,phases   ] GC(281)   Evacuate Collection Set: 1.8ms
[2024-04-24T06:32:35.136+0000][gc,phases   ] GC(281)   Post Evacuate Collection Set: 0.5ms
[2024-04-24T06:32:35.136+0000][gc,phases   ] GC(281)   Other: 0.1ms
[2024-04-24T06:32:35.136+0000][gc,heap     ] GC(281) Eden regions: 612->0(612)
[2024-04-24T06:32:35.136+0000][gc,heap     ] GC(281) Survivor regions: 2->2(77)
[2024-04-24T06:32:35.136+0000][gc,heap     ] GC(281) Old regions: 54->54
[2024-04-24T06:32:35.136+0000][gc,heap     ] GC(281) Archive regions: 2->2
[2024-04-24T06:32:35.136+0000][gc,heap     ] GC(281) Humongous regions: 129->129
[2024-04-24T06:32:35.136+0000][gc,metaspace] GC(281) Metaspace: 43287K(43904K)->43287K(43904K) NonClass: 38244K(38592K)->38244K(38592K) Class: 5042K(5312K)->5042K(5312K)
[2024-04-24T06:32:35.136+0000][gc          ] GC(281) Pause Young (Normal) (G1 Evacuation Pause) 796M->184M(1024M) 2.637ms
[2024-04-24T06:32:35.136+0000][gc,cpu      ] GC(281) User=0.01s Sys=0.00s Real=0.00s
[2024-04-24T06:32:36.137+0000][gc,start    ] GC(282) Pause Young (Normal) (G1 Evacuation Pause)
[2024-04-24T06:32:36.137+0000][gc,task     ] GC(282) Using 8 workers of 8 for evacuation
[2024-04-24T06:32:36.140+0000][gc,phases   ] GC(282)   Pre Evacuate Collection Set: 0.1ms
[2024-04-24T06:32:36.140+0000][gc,phases   ] GC(282)   Merge Heap Roots: 0.1ms
[2024-04-24T06:32:36.140+0000][gc,phases   ] GC(282)   Evacuate Collection Set: 1.7ms
[2024-04-24T06:32:36.140+0000][gc,phases   ] GC(282)   Post Evacuate Collection Set: 0.4ms
[2024-04-24T06:32:36.140+0000][gc,phases   ] GC(282)   Other: 0.1ms
[2024-04-24T06:32:36.140+0000][gc,heap     ] GC(282) Eden regions: 612->0(612)
[2024-04-24T06:32:36.140+0000][gc,heap     ] GC(282) Survivor regions: 2->2(77)
[2024-04-24T06:32:36.140+0000][gc,heap     ] GC(282) Old regions: 54->54
[2024-04-24T06:32:36.140+0000][gc,heap     ] GC(282) Archive regions: 2->2
[2024-04-24T06:32:36.140+0000][gc,heap     ] GC(282) Humongous regions: 129->129
[2024-04-24T06:32:36.140+0000][gc,metaspace] GC(282) Metaspace: 43287K(43904K)->43287K(43904K) NonClass: 38244K(38592K)->38244K(38592K) Class: 5042K(5312K)->5042K(5312K)
[2024-04-24T06:32:36.140+0000][gc          ] GC(282) Pause Young (Normal) (G1 Evacuation Pause) 796M->184M(1024M) 2.416ms
[2024-04-24T06:32:36.140+0000][gc,cpu      ] GC(282) User=0.01s Sys=0.00s Real=0.00s
[2024-04-24T06:32:37.171+0000][gc,start    ] GC(283) Pause Young (Normal) (G1 Evacuation Pause)
[2024-04-24T06:32:37.171+0000][gc,task     ] GC(283) Using 8 workers of 8 for evacuation
[2024-04-24T06:32:37.173+0000][gc,phases   ] GC(283)   Pre Evacuate Collection Set: 0.1ms
[2024-04-24T06:32:37.173+0000][gc,phases   ] GC(283)   Merge Heap Roots: 0.1ms
[2024-04-24T06:32:37.173+0000][gc,phases   ] GC(283)   Evacuate Collection Set: 1.7ms
[2024-04-24T06:32:37.173+0000][gc,phases   ] GC(283)   Post Evacuate Collection Set: 0.4ms
[2024-04-24T06:32:37.173+0000][gc,phases   ] GC(283)   Other: 0.1ms
[2024-04-24T06:32:37.173+0000][gc,heap     ] GC(283) Eden regions: 612->0(612)
[2024-04-24T06:32:37.173+0000][gc,heap     ] GC(283) Survivor regions: 2->2(77)
[2024-04-24T06:32:37.173+0000][gc,heap     ] GC(283) Old regions: 54->54
[2024-04-24T06:32:37.173+0000][gc,heap     ] GC(283) Archive regions: 2->2
[2024-04-24T06:32:37.173+0000][gc,heap     ] GC(283) Humongous regions: 129->129
[2024-04-24T06:32:37.173+0000][gc,metaspace] GC(283) Metaspace: 43287K(43904K)->43287K(43904K) NonClass: 38244K(38592K)->38244K(38592K) Class: 5042K(5312K)->5042K(5312K)
[2024-04-24T06:32:37.173+0000][gc          ] GC(283) Pause Young (Normal) (G1 Evacuation Pause) 796M->184M(1024M) 2.473ms
[2024-04-24T06:32:37.173+0000][gc,cpu      ] GC(283) User=0.02s Sys=0.00s Real=0.01s
[2024-04-24T06:32:38.161+0000][gc,start    ] GC(284) Pause Young (Normal) (G1 Evacuation Pause)
[2024-04-24T06:32:38.161+0000][gc,task     ] GC(284) Using 8 workers of 8 for evacuation
[2024-04-24T06:32:38.164+0000][gc,phases   ] GC(284)   Pre Evacuate Collection Set: 0.1ms
[2024-04-24T06:32:38.164+0000][gc,phases   ] GC(284)   Merge Heap Roots: 0.1ms
[2024-04-24T06:32:38.164+0000][gc,phases   ] GC(284)   Evacuate Collection Set: 1.6ms
[2024-04-24T06:32:38.164+0000][gc,phases   ] GC(284)   Post Evacuate Collection Set: 0.4ms
[2024-04-24T06:32:38.164+0000][gc,phases   ] GC(284)   Other: 0.1ms
[2024-04-24T06:32:38.164+0000][gc,heap     ] GC(284) Eden regions: 612->0(612)
[2024-04-24T06:32:38.164+0000][gc,heap     ] GC(284) Survivor regions: 2->2(77)
[2024-04-24T06:32:38.164+0000][gc,heap     ] GC(284) Old regions: 54->54
[2024-04-24T06:32:38.164+0000][gc,heap     ] GC(284) Archive regions: 2->2
[2024-04-24T06:32:38.164+0000][gc,heap     ] GC(284) Humongous regions: 129->129
[2024-04-24T06:32:38.164+0000][gc,metaspace] GC(284) Metaspace: 43288K(43904K)->43288K(43904K) NonClass: 38245K(38592K)->38245K(38592K) Class: 5042K(5312K)->5042K(5312K)
[2024-04-24T06:32:38.164+0000][gc          ] GC(284) Pause Young (Normal) (G1 Evacuation Pause) 796M->184M(1024M) 2.324ms
[2024-04-24T06:32:38.164+0000][gc,cpu      ] GC(284) User=0.00s Sys=0.00s Real=0.00s
[2024-04-24T06:32:39.409+0000][gc,start    ] GC(285) Pause Young (Normal) (G1 Evacuation Pause)
[2024-04-24T06:32:39.409+0000][gc,task     ] GC(285) Using 8 workers of 8 for evacuation
[2024-04-24T06:32:39.411+0000][gc,phases   ] GC(285)   Pre Evacuate Collection Set: 0.1ms
[2024-04-24T06:32:39.411+0000][gc,phases   ] GC(285)   Merge Heap Roots: 0.1ms
[2024-04-24T06:32:39.411+0000][gc,phases   ] GC(285)   Evacuate Collection Set: 1.6ms
[2024-04-24T06:32:39.411+0000][gc,phases   ] GC(285)   Post Evacuate Collection Set: 0.4ms
[2024-04-24T06:32:39.411+0000][gc,phases   ] GC(285)   Other: 0.1ms
[2024-04-24T06:32:39.411+0000][gc,heap     ] GC(285) Eden regions: 612->0(612)
[2024-04-24T06:32:39.411+0000][gc,heap     ] GC(285) Survivor regions: 2->2(77)
[2024-04-24T06:32:39.411+0000][gc,heap     ] GC(285) Old regions: 54->54
[2024-04-24T06:32:39.411+0000][gc,heap     ] GC(285) Archive regions: 2->2
[2024-04-24T06:32:39.411+0000][gc,heap     ] GC(285) Humongous regions: 129->129
[2024-04-24T06:32:39.411+0000][gc,metaspace] GC(285) Metaspace: 43288K(43904K)->43288K(43904K) NonClass: 38245K(38592K)->38245K(38592K) Class: 5042K(5312K)->5042K(5312K)
[2024-04-24T06:32:39.411+0000][gc          ] GC(285) Pause Young (Normal) (G1 Evacuation Pause) 796M->184M(1024M) 2.384ms
[2024-04-24T06:32:39.411+0000][gc,cpu      ] GC(285) User=0.01s Sys=0.01s Real=0.00s
[2024-04-24T06:32:41.147+0000][gc,start    ] GC(286) Pause Young (Normal) (G1 Evacuation Pause)
[2024-04-24T06:32:41.147+0000][gc,task     ] GC(286) Using 8 workers of 8 for evacuation
[2024-04-24T06:32:41.150+0000][gc,phases   ] GC(286)   Pre Evacuate Collection Set: 0.1ms
[2024-04-24T06:32:41.150+0000][gc,phases   ] GC(286)   Merge Heap Roots: 0.1ms
[2024-04-24T06:32:41.150+0000][gc,phases   ] GC(286)   Evacuate Collection Set: 1.7ms
[2024-04-24T06:32:41.150+0000][gc,phases   ] GC(286)   Post Evacuate Collection Set: 0.4ms
[2024-04-24T06:32:41.150+0000][gc,phases   ] GC(286)   Other: 0.1ms
[2024-04-24T06:32:41.150+0000][gc,heap     ] GC(286) Eden regions: 612->0(612)
[2024-04-24T06:32:41.150+0000][gc,heap     ] GC(286) Survivor regions: 2->2(77)
[2024-04-24T06:32:41.150+0000][gc,heap     ] GC(286) Old regions: 54->54
[2024-04-24T06:32:41.150+0000][gc,heap     ] GC(286) Archive regions: 2->2
[2024-04-24T06:32:41.150+0000][gc,heap     ] GC(286) Humongous regions: 129->129
[2024-04-24T06:32:41.150+0000][gc,metaspace] GC(286) Metaspace: 43288K(43904K)->43288K(43904K) NonClass: 38245K(38592K)->38245K(38592K) Class: 5042K(5312K)->5042K(5312K)
[2024-04-24T06:32:41.150+0000][gc          ] GC(286) Pause Young (Normal) (G1 Evacuation Pause) 796M->184M(1024M) 2.423ms
[2024-04-24T06:32:41.150+0000][gc,cpu      ] GC(286) User=0.01s Sys=0.00s Real=0.00s
[2024-04-24T06:32:42.208+0000][gc,start    ] GC(287) Pause Young (Normal) (G1 Evacuation Pause)
[2024-04-24T06:32:42.208+0000][gc,task     ] GC(287) Using 8 workers of 8 for evacuation
[2024-04-24T06:32:42.211+0000][gc,phases   ] GC(287)   Pre Evacuate Collection Set: 0.1ms
[2024-04-24T06:32:42.211+0000][gc,phases   ] GC(287)   Merge Heap Roots: 0.1ms
[2024-04-24T06:32:42.211+0000][gc,phases   ] GC(287)   Evacuate Collection Set: 1.6ms
[2024-04-24T06:32:42.211+0000][gc,phases   ] GC(287)   Post Evacuate Collection Set: 0.4ms
[2024-04-24T06:32:42.211+0000][gc,phases   ] GC(287)   Other: 0.1ms
[2024-04-24T06:32:42.211+0000][gc,heap     ] GC(287) Eden regions: 612->0(612)
[2024-04-24T06:32:42.211+0000][gc,heap     ] GC(287) Survivor regions: 2->2(77)
[2024-04-24T06:32:42.211+0000][gc,heap     ] GC(287) Old regions: 54->54
[2024-04-24T06:32:42.211+0000][gc,heap     ] GC(287) Archive regions: 2->2
[2024-04-24T06:32:42.211+0000][gc,heap     ] GC(287) Humongous regions: 129->129
[2024-04-24T06:32:42.211+0000][gc,metaspace] GC(287) Metaspace: 43288K(43904K)->43288K(43904K) NonClass: 38245K(38592K)->38245K(38592K) Class: 5042K(5312K)->5042K(5312K)
[2024-04-24T06:32:42.211+0000][gc          ] GC(287) Pause Young (Normal) (G1 Evacuation Pause) 796M->185M(1024M) 2.378ms
[2024-04-24T06:32:42.211+0000][gc,cpu      ] GC(287) User=0.01s Sys=0.00s Real=0.00s
[2024-04-24T06:32:43.237+0000][gc,start    ] GC(288) Pause Young (Normal) (G1 Evacuation Pause)
[2024-04-24T06:32:43.237+0000][gc,task     ] GC(288) Using 8 workers of 8 for evacuation
[2024-04-24T06:32:43.239+0000][gc,phases   ] GC(288)   Pre Evacuate Collection Set: 0.1ms
[2024-04-24T06:32:43.239+0000][gc,phases   ] GC(288)   Merge Heap Roots: 0.1ms
[2024-04-24T06:32:43.239+0000][gc,phases   ] GC(288)   Evacuate Collection Set: 1.7ms
[2024-04-24T06:32:43.239+0000][gc,phases   ] GC(288)   Post Evacuate Collection Set: 0.4ms
[2024-04-24T06:32:43.239+0000][gc,phases   ] GC(288)   Other: 0.1ms
[2024-04-24T06:32:43.239+0000][gc,heap     ] GC(288) Eden regions: 612->0(612)
[2024-04-24T06:32:43.239+0000][gc,heap     ] GC(288) Survivor regions: 2->2(77)
[2024-04-24T06:32:43.239+0000][gc,heap     ] GC(288) Old regions: 54->55
[2024-04-24T06:32:43.239+0000][gc,heap     ] GC(288) Archive regions: 2->2
[2024-04-24T06:32:43.239+0000][gc,heap     ] GC(288) Humongous regions: 129->129
[2024-04-24T06:32:43.239+0000][gc,metaspace] GC(288) Metaspace: 43288K(43904K)->43288K(43904K) NonClass: 38245K(38592K)->38245K(38592K) Class: 5042K(5312K)->5042K(5312K)
[2024-04-24T06:32:43.239+0000][gc          ] GC(288) Pause Young (Normal) (G1 Evacuation Pause) 797M->185M(1024M) 2.492ms
[2024-04-24T06:32:43.239+0000][gc,cpu      ] GC(288) User=0.01s Sys=0.00s Real=0.00s
[2024-04-24T06:32:44.281+0000][gc,start    ] GC(289) Pause Young (Normal) (G1 Evacuation Pause)
[2024-04-24T06:32:44.281+0000][gc,task     ] GC(289) Using 8 workers of 8 for evacuation
[2024-04-24T06:32:44.283+0000][gc,phases   ] GC(289)   Pre Evacuate Collection Set: 0.1ms
[2024-04-24T06:32:44.283+0000][gc,phases   ] GC(289)   Merge Heap Roots: 0.1ms
[2024-04-24T06:32:44.283+0000][gc,phases   ] GC(289)   Evacuate Collection Set: 1.6ms
[2024-04-24T06:32:44.283+0000][gc,phases   ] GC(289)   Post Evacuate Collection Set: 0.4ms
[2024-04-24T06:32:44.283+0000][gc,phases   ] GC(289)   Other: 0.1ms
[2024-04-24T06:32:44.283+0000][gc,heap     ] GC(289) Eden regions: 612->0(612)
[2024-04-24T06:32:44.283+0000][gc,heap     ] GC(289) Survivor regions: 2->2(77)
[2024-04-24T06:32:44.283+0000][gc,heap     ] GC(289) Old regions: 55->55
[2024-04-24T06:32:44.283+0000][gc,heap     ] GC(289) Archive regions: 2->2
[2024-04-24T06:32:44.283+0000][gc,heap     ] GC(289) Humongous regions: 129->129
[2024-04-24T06:32:44.283+0000][gc,metaspace] GC(289) Metaspace: 43288K(43904K)->43288K(43904K) NonClass: 38245K(38592K)->38245K(38592K) Class: 5042K(5312K)->5042K(5312K)
[2024-04-24T06:32:44.283+0000][gc          ] GC(289) Pause Young (Normal) (G1 Evacuation Pause) 797M->185M(1024M) 2.383ms
[2024-04-24T06:32:44.283+0000][gc,cpu      ] GC(289) User=0.01s Sys=0.01s Real=0.00s
[2024-04-24T06:32:45.345+0000][gc,start    ] GC(290) Pause Young (Normal) (G1 Evacuation Pause)
[2024-04-24T06:32:45.345+0000][gc,task     ] GC(290) Using 8 workers of 8 for evacuation
[2024-04-24T06:32:45.347+0000][gc,phases   ] GC(290)   Pre Evacuate Collection Set: 0.1ms
[2024-04-24T06:32:45.347+0000][gc,phases   ] GC(290)   Merge Heap Roots: 0.1ms
[2024-04-24T06:32:45.347+0000][gc,phases   ] GC(290)   Evacuate Collection Set: 1.4ms
[2024-04-24T06:32:45.347+0000][gc,phases   ] GC(290)   Post Evacuate Collection Set: 0.4ms
[2024-04-24T06:32:45.347+0000][gc,phases   ] GC(290)   Other: 0.1ms
[2024-04-24T06:32:45.347+0000][gc,heap     ] GC(290) Eden regions: 612->0(612)
[2024-04-24T06:32:45.347+0000][gc,heap     ] GC(290) Survivor regions: 2->2(77)
[2024-04-24T06:32:45.347+0000][gc,heap     ] GC(290) Old regions: 55->55
[2024-04-24T06:32:45.347+0000][gc,heap     ] GC(290) Archive regions: 2->2
[2024-04-24T06:32:45.347+0000][gc,heap     ] GC(290) Humongous regions: 129->129
[2024-04-24T06:32:45.347+0000][gc,metaspace] GC(290) Metaspace: 43290K(43968K)->43290K(43968K) NonClass: 38247K(38656K)->38247K(38656K) Class: 5042K(5312K)->5042K(5312K)
[2024-04-24T06:32:45.347+0000][gc          ] GC(290) Pause Young (Normal) (G1 Evacuation Pause) 797M->185M(1024M) 2.214ms
[2024-04-24T06:32:45.347+0000][gc,cpu      ] GC(290) User=0.00s Sys=0.01s Real=0.00s
[2024-04-24T06:33:39.473+0000][gc,start    ] GC(291) Pause Young (Normal) (G1 Evacuation Pause)
[2024-04-24T06:33:39.473+0000][gc,task     ] GC(291) Using 8 workers of 8 for evacuation
[2024-04-24T06:33:39.476+0000][gc,phases   ] GC(291)   Pre Evacuate Collection Set: 0.1ms
[2024-04-24T06:33:39.476+0000][gc,phases   ] GC(291)   Merge Heap Roots: 0.1ms
[2024-04-24T06:33:39.476+0000][gc,phases   ] GC(291)   Evacuate Collection Set: 2.0ms
[2024-04-24T06:33:39.476+0000][gc,phases   ] GC(291)   Post Evacuate Collection Set: 0.6ms
[2024-04-24T06:33:39.476+0000][gc,phases   ] GC(291)   Other: 0.2ms
[2024-04-24T06:33:39.476+0000][gc,heap     ] GC(291) Eden regions: 612->0(612)
[2024-04-24T06:33:39.476+0000][gc,heap     ] GC(291) Survivor regions: 2->2(77)
[2024-04-24T06:33:39.476+0000][gc,heap     ] GC(291) Old regions: 55->55
[2024-04-24T06:33:39.476+0000][gc,heap     ] GC(291) Archive regions: 2->2
[2024-04-24T06:33:39.476+0000][gc,heap     ] GC(291) Humongous regions: 129->129
[2024-04-24T06:33:39.476+0000][gc,metaspace] GC(291) Metaspace: 43306K(43968K)->43306K(43968K) NonClass: 38263K(38656K)->38263K(38656K) Class: 5042K(5312K)->5042K(5312K)
[2024-04-24T06:33:39.476+0000][gc          ] GC(291) Pause Young (Normal) (G1 Evacuation Pause) 797M->185M(1024M) 3.134ms
[2024-04-24T06:33:39.476+0000][gc,cpu      ] GC(291) User=0.01s Sys=0.00s Real=0.00s
[2024-04-24T06:33:40.719+0000][gc,start    ] GC(292) Pause Young (Normal) (G1 Evacuation Pause)
[2024-04-24T06:33:40.719+0000][gc,task     ] GC(292) Using 8 workers of 8 for evacuation
[2024-04-24T06:33:40.722+0000][gc,phases   ] GC(292)   Pre Evacuate Collection Set: 0.1ms
[2024-04-24T06:33:40.722+0000][gc,phases   ] GC(292)   Merge Heap Roots: 0.1ms
[2024-04-24T06:33:40.722+0000][gc,phases   ] GC(292)   Evacuate Collection Set: 1.8ms
[2024-04-24T06:33:40.722+0000][gc,phases   ] GC(292)   Post Evacuate Collection Set: 0.4ms
[2024-04-24T06:33:40.722+0000][gc,phases   ] GC(292)   Other: 0.1ms
[2024-04-24T06:33:40.722+0000][gc,heap     ] GC(292) Eden regions: 612->0(612)
[2024-04-24T06:33:40.722+0000][gc,heap     ] GC(292) Survivor regions: 2->2(77)
[2024-04-24T06:33:40.722+0000][gc,heap     ] GC(292) Old regions: 55->55
[2024-04-24T06:33:40.722+0000][gc,heap     ] GC(292) Archive regions: 2->2
[2024-04-24T06:33:40.722+0000][gc,heap     ] GC(292) Humongous regions: 129->129
[2024-04-24T06:33:40.722+0000][gc,metaspace] GC(292) Metaspace: 43306K(43968K)->43306K(43968K) NonClass: 38263K(38656K)->38263K(38656K) Class: 5042K(5312K)->5042K(5312K)
[2024-04-24T06:33:40.722+0000][gc          ] GC(292) Pause Young (Normal) (G1 Evacuation Pause) 797M->185M(1024M) 2.660ms
[2024-04-24T06:33:40.722+0000][gc,cpu      ] GC(292) User=0.02s Sys=0.00s Real=0.00s
[2024-04-24T06:33:42.215+0000][gc,start    ] GC(293) Pause Young (Normal) (G1 Evacuation Pause)
[2024-04-24T06:33:42.215+0000][gc,task     ] GC(293) Using 8 workers of 8 for evacuation
[2024-04-24T06:33:42.218+0000][gc,phases   ] GC(293)   Pre Evacuate Collection Set: 0.1ms
[2024-04-24T06:33:42.218+0000][gc,phases   ] GC(293)   Merge Heap Roots: 0.1ms
[2024-04-24T06:33:42.218+0000][gc,phases   ] GC(293)   Evacuate Collection Set: 2.4ms
[2024-04-24T06:33:42.218+0000][gc,phases   ] GC(293)   Post Evacuate Collection Set: 0.4ms
[2024-04-24T06:33:42.218+0000][gc,phases   ] GC(293)   Other: 0.1ms
[2024-04-24T06:33:42.218+0000][gc,heap     ] GC(293) Eden regions: 612->0(612)
[2024-04-24T06:33:42.218+0000][gc,heap     ] GC(293) Survivor regions: 2->2(77)
[2024-04-24T06:33:42.218+0000][gc,heap     ] GC(293) Old regions: 55->55
[2024-04-24T06:33:42.218+0000][gc,heap     ] GC(293) Archive regions: 2->2
[2024-04-24T06:33:42.218+0000][gc,heap     ] GC(293) Humongous regions: 129->129
[2024-04-24T06:33:42.218+0000][gc,metaspace] GC(293) Metaspace: 43309K(43968K)->43309K(43968K) NonClass: 38266K(38656K)->38266K(38656K) Class: 5042K(5312K)->5042K(5312K)
[2024-04-24T06:33:42.218+0000][gc          ] GC(293) Pause Young (Normal) (G1 Evacuation Pause) 797M->185M(1024M) 3.289ms
[2024-04-24T06:33:42.218+0000][gc,cpu      ] GC(293) User=0.01s Sys=0.00s Real=0.00s
[2024-04-24T06:33:43.602+0000][gc,start    ] GC(294) Pause Young (Normal) (G1 Evacuation Pause)
[2024-04-24T06:33:43.602+0000][gc,task     ] GC(294) Using 8 workers of 8 for evacuation
[2024-04-24T06:33:43.605+0000][gc,phases   ] GC(294)   Pre Evacuate Collection Set: 0.1ms
[2024-04-24T06:33:43.605+0000][gc,phases   ] GC(294)   Merge Heap Roots: 0.1ms
[2024-04-24T06:33:43.605+0000][gc,phases   ] GC(294)   Evacuate Collection Set: 2.1ms
[2024-04-24T06:33:43.605+0000][gc,phases   ] GC(294)   Post Evacuate Collection Set: 0.5ms
[2024-04-24T06:33:43.605+0000][gc,phases   ] GC(294)   Other: 0.1ms
[2024-04-24T06:33:43.605+0000][gc,heap     ] GC(294) Eden regions: 612->0(612)
[2024-04-24T06:33:43.605+0000][gc,heap     ] GC(294) Survivor regions: 2->2(77)
[2024-04-24T06:33:43.605+0000][gc,heap     ] GC(294) Old regions: 55->55
[2024-04-24T06:33:43.605+0000][gc,heap     ] GC(294) Archive regions: 2->2
[2024-04-24T06:33:43.605+0000][gc,heap     ] GC(294) Humongous regions: 129->129
[2024-04-24T06:33:43.605+0000][gc,metaspace] GC(294) Metaspace: 43309K(43968K)->43309K(43968K) NonClass: 38266K(38656K)->38266K(38656K) Class: 5042K(5312K)->5042K(5312K)
[2024-04-24T06:33:43.605+0000][gc          ] GC(294) Pause Young (Normal) (G1 Evacuation Pause) 797M->185M(1024M) 2.988ms
[2024-04-24T06:33:43.605+0000][gc,cpu      ] GC(294) User=0.01s Sys=0.00s Real=0.01s
[2024-04-24T06:33:44.844+0000][gc,start    ] GC(295) Pause Young (Normal) (G1 Evacuation Pause)
[2024-04-24T06:33:44.844+0000][gc,task     ] GC(295) Using 8 workers of 8 for evacuation
[2024-04-24T06:33:44.847+0000][gc,phases   ] GC(295)   Pre Evacuate Collection Set: 0.1ms
[2024-04-24T06:33:44.847+0000][gc,phases   ] GC(295)   Merge Heap Roots: 0.1ms
[2024-04-24T06:33:44.847+0000][gc,phases   ] GC(295)   Evacuate Collection Set: 2.3ms
[2024-04-24T06:33:44.847+0000][gc,phases   ] GC(295)   Post Evacuate Collection Set: 0.5ms
[2024-04-24T06:33:44.847+0000][gc,phases   ] GC(295)   Other: 0.1ms
[2024-04-24T06:33:44.847+0000][gc,heap     ] GC(295) Eden regions: 612->0(612)
[2024-04-24T06:33:44.847+0000][gc,heap     ] GC(295) Survivor regions: 2->2(77)
[2024-04-24T06:33:44.847+0000][gc,heap     ] GC(295) Old regions: 55->55
[2024-04-24T06:33:44.847+0000][gc,heap     ] GC(295) Archive regions: 2->2
[2024-04-24T06:33:44.847+0000][gc,heap     ] GC(295) Humongous regions: 129->129
[2024-04-24T06:33:44.847+0000][gc,metaspace] GC(295) Metaspace: 43313K(43968K)->43313K(43968K) NonClass: 38270K(38656K)->38270K(38656K) Class: 5042K(5312K)->5042K(5312K)
[2024-04-24T06:33:44.847+0000][gc          ] GC(295) Pause Young (Normal) (G1 Evacuation Pause) 797M->185M(1024M) 3.312ms
[2024-04-24T06:33:44.847+0000][gc,cpu      ] GC(295) User=0.01s Sys=0.00s Real=0.01s
[2024-04-24T06:33:46.059+0000][gc,start    ] GC(296) Pause Young (Normal) (G1 Evacuation Pause)
[2024-04-24T06:33:46.059+0000][gc,task     ] GC(296) Using 8 workers of 8 for evacuation
[2024-04-24T06:33:46.062+0000][gc,phases   ] GC(296)   Pre Evacuate Collection Set: 0.1ms
[2024-04-24T06:33:46.062+0000][gc,phases   ] GC(296)   Merge Heap Roots: 0.1ms
[2024-04-24T06:33:46.062+0000][gc,phases   ] GC(296)   Evacuate Collection Set: 2.0ms
[2024-04-24T06:33:46.062+0000][gc,phases   ] GC(296)   Post Evacuate Collection Set: 0.4ms
[2024-04-24T06:33:46.062+0000][gc,phases   ] GC(296)   Other: 0.1ms
[2024-04-24T06:33:46.062+0000][gc,heap     ] GC(296) Eden regions: 612->0(612)
[2024-04-24T06:33:46.062+0000][gc,heap     ] GC(296) Survivor regions: 2->2(77)
[2024-04-24T06:33:46.062+0000][gc,heap     ] GC(296) Old regions: 55->55
[2024-04-24T06:33:46.062+0000][gc,heap     ] GC(296) Archive regions: 2->2
[2024-04-24T06:33:46.062+0000][gc,heap     ] GC(296) Humongous regions: 129->129
[2024-04-24T06:33:46.062+0000][gc,metaspace] GC(296) Metaspace: 43313K(43968K)->43313K(43968K) NonClass: 38270K(38656K)->38270K(38656K) Class: 5042K(5312K)->5042K(5312K)
[2024-04-24T06:33:46.062+0000][gc          ] GC(296) Pause Young (Normal) (G1 Evacuation Pause) 797M->185M(1024M) 2.791ms
[2024-04-24T06:33:46.062+0000][gc,cpu      ] GC(296) User=0.01s Sys=0.00s Real=0.00s
[2024-04-24T06:33:47.147+0000][gc,start    ] GC(297) Pause Young (Normal) (G1 Evacuation Pause)
[2024-04-24T06:33:47.147+0000][gc,task     ] GC(297) Using 8 workers of 8 for evacuation
[2024-04-24T06:33:47.150+0000][gc,phases   ] GC(297)   Pre Evacuate Collection Set: 0.1ms
[2024-04-24T06:33:47.150+0000][gc,phases   ] GC(297)   Merge Heap Roots: 0.1ms
[2024-04-24T06:33:47.150+0000][gc,phases   ] GC(297)   Evacuate Collection Set: 2.4ms
[2024-04-24T06:33:47.150+0000][gc,phases   ] GC(297)   Post Evacuate Collection Set: 0.4ms
[2024-04-24T06:33:47.150+0000][gc,phases   ] GC(297)   Other: 0.1ms
[2024-04-24T06:33:47.150+0000][gc,heap     ] GC(297) Eden regions: 612->0(612)
[2024-04-24T06:33:47.150+0000][gc,heap     ] GC(297) Survivor regions: 2->2(77)
[2024-04-24T06:33:47.150+0000][gc,heap     ] GC(297) Old regions: 55->55
[2024-04-24T06:33:47.150+0000][gc,heap     ] GC(297) Archive regions: 2->2
[2024-04-24T06:33:47.150+0000][gc,heap     ] GC(297) Humongous regions: 129->129
[2024-04-24T06:33:47.150+0000][gc,metaspace] GC(297) Metaspace: 43313K(43968K)->43313K(43968K) NonClass: 38270K(38656K)->38270K(38656K) Class: 5042K(5312K)->5042K(5312K)
[2024-04-24T06:33:47.150+0000][gc          ] GC(297) Pause Young (Normal) (G1 Evacuation Pause) 797M->186M(1024M) 3.243ms
[2024-04-24T06:33:47.150+0000][gc,cpu      ] GC(297) User=0.01s Sys=0.00s Real=0.00s
[2024-04-24T06:33:49.160+0000][gc,start    ] GC(298) Pause Young (Normal) (G1 Evacuation Pause)
[2024-04-24T06:33:49.160+0000][gc,task     ] GC(298) Using 8 workers of 8 for evacuation
[2024-04-24T06:33:49.162+0000][gc,phases   ] GC(298)   Pre Evacuate Collection Set: 0.1ms
[2024-04-24T06:33:49.162+0000][gc,phases   ] GC(298)   Merge Heap Roots: 0.1ms
[2024-04-24T06:33:49.162+0000][gc,phases   ] GC(298)   Evacuate Collection Set: 1.8ms
[2024-04-24T06:33:49.162+0000][gc,phases   ] GC(298)   Post Evacuate Collection Set: 0.4ms
[2024-04-24T06:33:49.162+0000][gc,phases   ] GC(298)   Other: 0.1ms
[2024-04-24T06:33:49.162+0000][gc,heap     ] GC(298) Eden regions: 612->0(612)
[2024-04-24T06:33:49.162+0000][gc,heap     ] GC(298) Survivor regions: 2->2(77)
[2024-04-24T06:33:49.162+0000][gc,heap     ] GC(298) Old regions: 55->55
[2024-04-24T06:33:49.162+0000][gc,heap     ] GC(298) Archive regions: 2->2
[2024-04-24T06:33:49.162+0000][gc,heap     ] GC(298) Humongous regions: 129->129
[2024-04-24T06:33:49.162+0000][gc,metaspace] GC(298) Metaspace: 43313K(43968K)->43313K(43968K) NonClass: 38270K(38656K)->38270K(38656K) Class: 5042K(5312K)->5042K(5312K)
[2024-04-24T06:33:49.162+0000][gc          ] GC(298) Pause Young (Normal) (G1 Evacuation Pause) 798M->186M(1024M) 2.535ms
[2024-04-24T06:33:49.162+0000][gc,cpu      ] GC(298) User=0.01s Sys=0.01s Real=0.00s
[2024-04-24T06:33:50.409+0000][gc,start    ] GC(299) Pause Young (Normal) (G1 Evacuation Pause)
[2024-04-24T06:33:50.409+0000][gc,task     ] GC(299) Using 8 workers of 8 for evacuation
[2024-04-24T06:33:50.412+0000][gc,phases   ] GC(299)   Pre Evacuate Collection Set: 0.1ms
[2024-04-24T06:33:50.412+0000][gc,phases   ] GC(299)   Merge Heap Roots: 0.1ms
[2024-04-24T06:33:50.412+0000][gc,phases   ] GC(299)   Evacuate Collection Set: 2.4ms
[2024-04-24T06:33:50.412+0000][gc,phases   ] GC(299)   Post Evacuate Collection Set: 0.5ms
[2024-04-24T06:33:50.412+0000][gc,phases   ] GC(299)   Other: 0.1ms
[2024-04-24T06:33:50.412+0000][gc,heap     ] GC(299) Eden regions: 612->0(612)
[2024-04-24T06:33:50.412+0000][gc,heap     ] GC(299) Survivor regions: 2->2(77)
[2024-04-24T06:33:50.412+0000][gc,heap     ] GC(299) Old regions: 55->55
[2024-04-24T06:33:50.412+0000][gc,heap     ] GC(299) Archive regions: 2->2
[2024-04-24T06:33:50.412+0000][gc,heap     ] GC(299) Humongous regions: 129->129
[2024-04-24T06:33:50.412+0000][gc,metaspace] GC(299) Metaspace: 43313K(43968K)->43313K(43968K) NonClass: 38270K(38656K)->38270K(38656K) Class: 5042K(5312K)->5042K(5312K)
[2024-04-24T06:33:50.412+0000][gc          ] GC(299) Pause Young (Normal) (G1 Evacuation Pause) 798M->186M(1024M) 3.309ms
[2024-04-24T06:33:50.412+0000][gc,cpu      ] GC(299) User=0.01s Sys=0.00s Real=0.00s
[2024-04-24T06:33:51.482+0000][gc,start    ] GC(300) Pause Young (Normal) (G1 Evacuation Pause)
[2024-04-24T06:33:51.482+0000][gc,task     ] GC(300) Using 8 workers of 8 for evacuation
[2024-04-24T06:33:51.484+0000][gc,phases   ] GC(300)   Pre Evacuate Collection Set: 0.1ms
[2024-04-24T06:33:51.484+0000][gc,phases   ] GC(300)   Merge Heap Roots: 0.1ms
[2024-04-24T06:33:51.484+0000][gc,phases   ] GC(300)   Evacuate Collection Set: 1.8ms
[2024-04-24T06:33:51.484+0000][gc,phases   ] GC(300)   Post Evacuate Collection Set: 0.4ms
[2024-04-24T06:33:51.484+0000][gc,phases   ] GC(300)   Other: 0.1ms
[2024-04-24T06:33:51.484+0000][gc,heap     ] GC(300) Eden regions: 612->0(612)
[2024-04-24T06:33:51.484+0000][gc,heap     ] GC(300) Survivor regions: 2->2(77)
[2024-04-24T06:33:51.484+0000][gc,heap     ] GC(300) Old regions: 55->55
[2024-04-24T06:33:51.484+0000][gc,heap     ] GC(300) Archive regions: 2->2
[2024-04-24T06:33:51.484+0000][gc,heap     ] GC(300) Humongous regions: 129->129
[2024-04-24T06:33:51.484+0000][gc,metaspace] GC(300) Metaspace: 43313K(43968K)->43313K(43968K) NonClass: 38270K(38656K)->38270K(38656K) Class: 5042K(5312K)->5042K(5312K)
[2024-04-24T06:33:51.484+0000][gc          ] GC(300) Pause Young (Normal) (G1 Evacuation Pause) 798M->186M(1024M) 2.590ms
[2024-04-24T06:33:51.484+0000][gc,cpu      ] GC(300) User=0.01s Sys=0.01s Real=0.01s
[2024-04-24T06:33:52.496+0000][gc,start    ] GC(301) Pause Young (Normal) (G1 Evacuation Pause)
[2024-04-24T06:33:52.497+0000][gc,task     ] GC(301) Using 8 workers of 8 for evacuation
[2024-04-24T06:33:52.499+0000][gc,phases   ] GC(301)   Pre Evacuate Collection Set: 0.1ms
[2024-04-24T06:33:52.499+0000][gc,phases   ] GC(301)   Merge Heap Roots: 0.1ms
[2024-04-24T06:33:52.499+0000][gc,phases   ] GC(301)   Evacuate Collection Set: 1.9ms
[2024-04-24T06:33:52.499+0000][gc,phases   ] GC(301)   Post Evacuate Collection Set: 0.4ms
[2024-04-24T06:33:52.499+0000][gc,phases   ] GC(301)   Other: 0.1ms
[2024-04-24T06:33:52.499+0000][gc,heap     ] GC(301) Eden regions: 612->0(612)
[2024-04-24T06:33:52.499+0000][gc,heap     ] GC(301) Survivor regions: 2->2(77)
[2024-04-24T06:33:52.499+0000][gc,heap     ] GC(301) Old regions: 55->56
[2024-04-24T06:33:52.499+0000][gc,heap     ] GC(301) Archive regions: 2->2
[2024-04-24T06:33:52.499+0000][gc,heap     ] GC(301) Humongous regions: 129->129
[2024-04-24T06:33:52.499+0000][gc,metaspace] GC(301) Metaspace: 43317K(43968K)->43317K(43968K) NonClass: 38274K(38656K)->38274K(38656K) Class: 5042K(5312K)->5042K(5312K)
[2024-04-24T06:33:52.499+0000][gc          ] GC(301) Pause Young (Normal) (G1 Evacuation Pause) 798M->186M(1024M) 2.699ms
[2024-04-24T06:33:52.499+0000][gc,cpu      ] GC(301) User=0.01s Sys=0.01s Real=0.00s
[2024-04-24T06:33:53.524+0000][gc,start    ] GC(302) Pause Young (Normal) (G1 Evacuation Pause)
[2024-04-24T06:33:53.524+0000][gc,task     ] GC(302) Using 8 workers of 8 for evacuation
[2024-04-24T06:33:53.527+0000][gc,phases   ] GC(302)   Pre Evacuate Collection Set: 0.1ms
[2024-04-24T06:33:53.527+0000][gc,phases   ] GC(302)   Merge Heap Roots: 0.1ms
[2024-04-24T06:33:53.527+0000][gc,phases   ] GC(302)   Evacuate Collection Set: 2.1ms
[2024-04-24T06:33:53.527+0000][gc,phases   ] GC(302)   Post Evacuate Collection Set: 0.4ms
[2024-04-24T06:33:53.527+0000][gc,phases   ] GC(302)   Other: 0.1ms
[2024-04-24T06:33:53.527+0000][gc,heap     ] GC(302) Eden regions: 612->0(612)
[2024-04-24T06:33:53.527+0000][gc,heap     ] GC(302) Survivor regions: 2->2(77)
[2024-04-24T06:33:53.527+0000][gc,heap     ] GC(302) Old regions: 56->56
[2024-04-24T06:33:53.527+0000][gc,heap     ] GC(302) Archive regions: 2->2
[2024-04-24T06:33:53.527+0000][gc,heap     ] GC(302) Humongous regions: 129->129
[2024-04-24T06:33:53.527+0000][gc,metaspace] GC(302) Metaspace: 43317K(43968K)->43317K(43968K) NonClass: 38274K(38656K)->38274K(38656K) Class: 5042K(5312K)->5042K(5312K)
[2024-04-24T06:33:53.527+0000][gc          ] GC(302) Pause Young (Normal) (G1 Evacuation Pause) 798M->186M(1024M) 2.931ms
[2024-04-24T06:33:53.527+0000][gc,cpu      ] GC(302) User=0.01s Sys=0.01s Real=0.00s
[2024-04-24T06:33:54.556+0000][gc,start    ] GC(303) Pause Young (Normal) (G1 Evacuation Pause)
[2024-04-24T06:33:54.556+0000][gc,task     ] GC(303) Using 8 workers of 8 for evacuation
[2024-04-24T06:33:54.558+0000][gc,phases   ] GC(303)   Pre Evacuate Collection Set: 0.1ms
[2024-04-24T06:33:54.558+0000][gc,phases   ] GC(303)   Merge Heap Roots: 0.1ms
[2024-04-24T06:33:54.558+0000][gc,phases   ] GC(303)   Evacuate Collection Set: 1.9ms
[2024-04-24T06:33:54.558+0000][gc,phases   ] GC(303)   Post Evacuate Collection Set: 0.4ms
[2024-04-24T06:33:54.558+0000][gc,phases   ] GC(303)   Other: 0.1ms
[2024-04-24T06:33:54.558+0000][gc,heap     ] GC(303) Eden regions: 612->0(612)
[2024-04-24T06:33:54.558+0000][gc,heap     ] GC(303) Survivor regions: 2->2(77)
[2024-04-24T06:33:54.558+0000][gc,heap     ] GC(303) Old regions: 56->56
[2024-04-24T06:33:54.558+0000][gc,heap     ] GC(303) Archive regions: 2->2
[2024-04-24T06:33:54.558+0000][gc,heap     ] GC(303) Humongous regions: 129->129
[2024-04-24T06:33:54.558+0000][gc,metaspace] GC(303) Metaspace: 43318K(43968K)->43318K(43968K) NonClass: 38275K(38656K)->38275K(38656K) Class: 5042K(5312K)->5042K(5312K)
[2024-04-24T06:33:54.558+0000][gc          ] GC(303) Pause Young (Normal) (G1 Evacuation Pause) 798M->186M(1024M) 2.668ms
[2024-04-24T06:33:54.558+0000][gc,cpu      ] GC(303) User=0.01s Sys=0.00s Real=0.00s
[2024-04-24T06:33:55.570+0000][gc,start    ] GC(304) Pause Young (Normal) (G1 Evacuation Pause)
[2024-04-24T06:33:55.570+0000][gc,task     ] GC(304) Using 8 workers of 8 for evacuation
[2024-04-24T06:33:55.573+0000][gc,phases   ] GC(304)   Pre Evacuate Collection Set: 0.1ms
[2024-04-24T06:33:55.573+0000][gc,phases   ] GC(304)   Merge Heap Roots: 0.1ms
[2024-04-24T06:33:55.573+0000][gc,phases   ] GC(304)   Evacuate Collection Set: 1.9ms
[2024-04-24T06:33:55.573+0000][gc,phases   ] GC(304)   Post Evacuate Collection Set: 0.4ms
[2024-04-24T06:33:55.573+0000][gc,phases   ] GC(304)   Other: 0.1ms
[2024-04-24T06:33:55.573+0000][gc,heap     ] GC(304) Eden regions: 612->0(612)
[2024-04-24T06:33:55.573+0000][gc,heap     ] GC(304) Survivor regions: 2->2(77)
[2024-04-24T06:33:55.573+0000][gc,heap     ] GC(304) Old regions: 56->56
[2024-04-24T06:33:55.573+0000][gc,heap     ] GC(304) Archive regions: 2->2
[2024-04-24T06:33:55.573+0000][gc,heap     ] GC(304) Humongous regions: 129->129
[2024-04-24T06:33:55.573+0000][gc,metaspace] GC(304) Metaspace: 43320K(43968K)->43320K(43968K) NonClass: 38277K(38656K)->38277K(38656K) Class: 5042K(5312K)->5042K(5312K)
[2024-04-24T06:33:55.573+0000][gc          ] GC(304) Pause Young (Normal) (G1 Evacuation Pause) 798M->186M(1024M) 2.724ms
[2024-04-24T06:33:55.573+0000][gc,cpu      ] GC(304) User=0.01s Sys=0.00s Real=0.01s
[2024-04-24T06:33:56.604+0000][gc,start    ] GC(305) Pause Young (Normal) (G1 Evacuation Pause)
[2024-04-24T06:33:56.604+0000][gc,task     ] GC(305) Using 8 workers of 8 for evacuation
[2024-04-24T06:33:56.606+0000][gc,phases   ] GC(305)   Pre Evacuate Collection Set: 0.1ms
[2024-04-24T06:33:56.606+0000][gc,phases   ] GC(305)   Merge Heap Roots: 0.1ms
[2024-04-24T06:33:56.606+0000][gc,phases   ] GC(305)   Evacuate Collection Set: 1.8ms
[2024-04-24T06:33:56.606+0000][gc,phases   ] GC(305)   Post Evacuate Collection Set: 0.4ms
[2024-04-24T06:33:56.606+0000][gc,phases   ] GC(305)   Other: 0.1ms
[2024-04-24T06:33:56.606+0000][gc,heap     ] GC(305) Eden regions: 612->0(612)
[2024-04-24T06:33:56.606+0000][gc,heap     ] GC(305) Survivor regions: 2->2(77)
[2024-04-24T06:33:56.606+0000][gc,heap     ] GC(305) Old regions: 56->56
[2024-04-24T06:33:56.606+0000][gc,heap     ] GC(305) Archive regions: 2->2
[2024-04-24T06:33:56.606+0000][gc,heap     ] GC(305) Humongous regions: 129->129
[2024-04-24T06:33:56.606+0000][gc,metaspace] GC(305) Metaspace: 43320K(43968K)->43320K(43968K) NonClass: 38277K(38656K)->38277K(38656K) Class: 5042K(5312K)->5042K(5312K)
[2024-04-24T06:33:56.606+0000][gc          ] GC(305) Pause Young (Normal) (G1 Evacuation Pause) 798M->187M(1024M) 2.603ms
[2024-04-24T06:33:56.606+0000][gc,cpu      ] GC(305) User=0.01s Sys=0.00s Real=0.01s
[2024-04-24T06:33:57.621+0000][gc,start    ] GC(306) Pause Young (Normal) (G1 Evacuation Pause)
[2024-04-24T06:33:57.621+0000][gc,task     ] GC(306) Using 8 workers of 8 for evacuation
[2024-04-24T06:33:57.624+0000][gc,phases   ] GC(306)   Pre Evacuate Collection Set: 0.1ms
[2024-04-24T06:33:57.624+0000][gc,phases   ] GC(306)   Merge Heap Roots: 0.1ms
[2024-04-24T06:33:57.624+0000][gc,phases   ] GC(306)   Evacuate Collection Set: 2.0ms
[2024-04-24T06:33:57.624+0000][gc,phases   ] GC(306)   Post Evacuate Collection Set: 0.4ms
[2024-04-24T06:33:57.624+0000][gc,phases   ] GC(306)   Other: 0.1ms
[2024-04-24T06:33:57.624+0000][gc,heap     ] GC(306) Eden regions: 612->0(612)
[2024-04-24T06:33:57.624+0000][gc,heap     ] GC(306) Survivor regions: 2->2(77)
[2024-04-24T06:33:57.624+0000][gc,heap     ] GC(306) Old regions: 56->56
[2024-04-24T06:33:57.624+0000][gc,heap     ] GC(306) Archive regions: 2->2
[2024-04-24T06:33:57.624+0000][gc,heap     ] GC(306) Humongous regions: 129->129
[2024-04-24T06:33:57.624+0000][gc,metaspace] GC(306) Metaspace: 43321K(43968K)->43321K(43968K) NonClass: 38278K(38656K)->38278K(38656K) Class: 5042K(5312K)->5042K(5312K)
[2024-04-24T06:33:57.624+0000][gc          ] GC(306) Pause Young (Normal) (G1 Evacuation Pause) 799M->187M(1024M) 2.715ms
[2024-04-24T06:33:57.624+0000][gc,cpu      ] GC(306) User=0.01s Sys=0.01s Real=0.00s
[2024-04-24T06:33:58.663+0000][gc,start    ] GC(307) Pause Young (Normal) (G1 Evacuation Pause)
[2024-04-24T06:33:58.663+0000][gc,task     ] GC(307) Using 8 workers of 8 for evacuation
[2024-04-24T06:33:58.666+0000][gc,phases   ] GC(307)   Pre Evacuate Collection Set: 0.1ms
[2024-04-24T06:33:58.666+0000][gc,phases   ] GC(307)   Merge Heap Roots: 0.1ms
[2024-04-24T06:33:58.666+0000][gc,phases   ] GC(307)   Evacuate Collection Set: 2.1ms
[2024-04-24T06:33:58.666+0000][gc,phases   ] GC(307)   Post Evacuate Collection Set: 0.4ms
[2024-04-24T06:33:58.666+0000][gc,phases   ] GC(307)   Other: 0.1ms
[2024-04-24T06:33:58.666+0000][gc,heap     ] GC(307) Eden regions: 612->0(612)
[2024-04-24T06:33:58.666+0000][gc,heap     ] GC(307) Survivor regions: 2->2(77)
[2024-04-24T06:33:58.666+0000][gc,heap     ] GC(307) Old regions: 56->56
[2024-04-24T06:33:58.666+0000][gc,heap     ] GC(307) Archive regions: 2->2
[2024-04-24T06:33:58.666+0000][gc,heap     ] GC(307) Humongous regions: 129->129
[2024-04-24T06:33:58.666+0000][gc,metaspace] GC(307) Metaspace: 43321K(43968K)->43321K(43968K) NonClass: 38278K(38656K)->38278K(38656K) Class: 5042K(5312K)->5042K(5312K)
[2024-04-24T06:33:58.666+0000][gc          ] GC(307) Pause Young (Normal) (G1 Evacuation Pause) 799M->187M(1024M) 2.993ms
[2024-04-24T06:33:58.666+0000][gc,cpu      ] GC(307) User=0.01s Sys=0.00s Real=0.01s
[2024-04-24T06:33:59.693+0000][gc,start    ] GC(308) Pause Young (Normal) (G1 Evacuation Pause)
[2024-04-24T06:33:59.693+0000][gc,task     ] GC(308) Using 8 workers of 8 for evacuation
[2024-04-24T06:33:59.696+0000][gc,phases   ] GC(308)   Pre Evacuate Collection Set: 0.1ms
[2024-04-24T06:33:59.696+0000][gc,phases   ] GC(308)   Merge Heap Roots: 0.1ms
[2024-04-24T06:33:59.696+0000][gc,phases   ] GC(308)   Evacuate Collection Set: 2.1ms
[2024-04-24T06:33:59.696+0000][gc,phases   ] GC(308)   Post Evacuate Collection Set: 0.4ms
[2024-04-24T06:33:59.696+0000][gc,phases   ] GC(308)   Other: 0.1ms
[2024-04-24T06:33:59.696+0000][gc,heap     ] GC(308) Eden regions: 612->0(612)
[2024-04-24T06:33:59.696+0000][gc,heap     ] GC(308) Survivor regions: 2->2(77)
[2024-04-24T06:33:59.696+0000][gc,heap     ] GC(308) Old regions: 56->56
[2024-04-24T06:33:59.696+0000][gc,heap     ] GC(308) Archive regions: 2->2
[2024-04-24T06:33:59.696+0000][gc,heap     ] GC(308) Humongous regions: 129->129
[2024-04-24T06:33:59.696+0000][gc,metaspace] GC(308) Metaspace: 43321K(43968K)->43321K(43968K) NonClass: 38278K(38656K)->38278K(38656K) Class: 5042K(5312K)->5042K(5312K)
[2024-04-24T06:33:59.696+0000][gc          ] GC(308) Pause Young (Normal) (G1 Evacuation Pause) 799M->187M(1024M) 2.903ms
[2024-04-24T06:33:59.696+0000][gc,cpu      ] GC(308) User=0.01s Sys=0.00s Real=0.00s
[2024-04-24T06:34:00.934+0000][gc,start    ] GC(309) Pause Young (Normal) (G1 Evacuation Pause)
[2024-04-24T06:34:00.934+0000][gc,task     ] GC(309) Using 8 workers of 8 for evacuation
[2024-04-24T06:34:00.936+0000][gc,phases   ] GC(309)   Pre Evacuate Collection Set: 0.1ms
[2024-04-24T06:34:00.936+0000][gc,phases   ] GC(309)   Merge Heap Roots: 0.1ms
[2024-04-24T06:34:00.936+0000][gc,phases   ] GC(309)   Evacuate Collection Set: 2.1ms
[2024-04-24T06:34:00.936+0000][gc,phases   ] GC(309)   Post Evacuate Collection Set: 0.4ms
[2024-04-24T06:34:00.937+0000][gc,phases   ] GC(309)   Other: 0.1ms
[2024-04-24T06:34:00.937+0000][gc,heap     ] GC(309) Eden regions: 612->0(612)
[2024-04-24T06:34:00.937+0000][gc,heap     ] GC(309) Survivor regions: 2->2(77)
[2024-04-24T06:34:00.937+0000][gc,heap     ] GC(309) Old regions: 56->56
[2024-04-24T06:34:00.937+0000][gc,heap     ] GC(309) Archive regions: 2->2
[2024-04-24T06:34:00.937+0000][gc,heap     ] GC(309) Humongous regions: 129->129
[2024-04-24T06:34:00.937+0000][gc,metaspace] GC(309) Metaspace: 43321K(43968K)->43321K(43968K) NonClass: 38278K(38656K)->38278K(38656K) Class: 5042K(5312K)->5042K(5312K)
[2024-04-24T06:34:00.937+0000][gc          ] GC(309) Pause Young (Normal) (G1 Evacuation Pause) 799M->187M(1024M) 2.892ms
[2024-04-24T06:34:00.937+0000][gc,cpu      ] GC(309) User=0.01s Sys=0.00s Real=0.00s
[2024-04-24T06:34:02.043+0000][gc,start    ] GC(310) Pause Young (Normal) (G1 Evacuation Pause)
[2024-04-24T06:34:02.043+0000][gc,task     ] GC(310) Using 8 workers of 8 for evacuation
[2024-04-24T06:34:02.045+0000][gc,phases   ] GC(310)   Pre Evacuate Collection Set: 0.1ms
[2024-04-24T06:34:02.045+0000][gc,phases   ] GC(310)   Merge Heap Roots: 0.1ms
[2024-04-24T06:34:02.045+0000][gc,phases   ] GC(310)   Evacuate Collection Set: 2.0ms
[2024-04-24T06:34:02.045+0000][gc,phases   ] GC(310)   Post Evacuate Collection Set: 0.4ms
[2024-04-24T06:34:02.045+0000][gc,phases   ] GC(310)   Other: 0.1ms
[2024-04-24T06:34:02.045+0000][gc,heap     ] GC(310) Eden regions: 612->0(612)
[2024-04-24T06:34:02.045+0000][gc,heap     ] GC(310) Survivor regions: 2->2(77)
[2024-04-24T06:34:02.045+0000][gc,heap     ] GC(310) Old regions: 56->56
[2024-04-24T06:34:02.045+0000][gc,heap     ] GC(310) Archive regions: 2->2
[2024-04-24T06:34:02.045+0000][gc,heap     ] GC(310) Humongous regions: 129->129
[2024-04-24T06:34:02.045+0000][gc,metaspace] GC(310) Metaspace: 43321K(43968K)->43321K(43968K) NonClass: 38278K(38656K)->38278K(38656K) Class: 5042K(5312K)->5042K(5312K)
[2024-04-24T06:34:02.045+0000][gc          ] GC(310) Pause Young (Normal) (G1 Evacuation Pause) 799M->187M(1024M) 2.742ms
[2024-04-24T06:34:02.045+0000][gc,cpu      ] GC(310) User=0.01s Sys=0.00s Real=0.01s
[2024-04-24T06:34:03.057+0000][gc,start    ] GC(311) Pause Young (Normal) (G1 Evacuation Pause)
[2024-04-24T06:34:03.057+0000][gc,task     ] GC(311) Using 8 workers of 8 for evacuation
[2024-04-24T06:34:03.060+0000][gc,phases   ] GC(311)   Pre Evacuate Collection Set: 0.1ms
[2024-04-24T06:34:03.060+0000][gc,phases   ] GC(311)   Merge Heap Roots: 0.1ms
[2024-04-24T06:34:03.060+0000][gc,phases   ] GC(311)   Evacuate Collection Set: 2.1ms
[2024-04-24T06:34:03.060+0000][gc,phases   ] GC(311)   Post Evacuate Collection Set: 0.4ms
[2024-04-24T06:34:03.060+0000][gc,phases   ] GC(311)   Other: 0.1ms
[2024-04-24T06:34:03.060+0000][gc,heap     ] GC(311) Eden regions: 612->0(612)
[2024-04-24T06:34:03.060+0000][gc,heap     ] GC(311) Survivor regions: 2->2(77)
[2024-04-24T06:34:03.060+0000][gc,heap     ] GC(311) Old regions: 56->56
[2024-04-24T06:34:03.060+0000][gc,heap     ] GC(311) Archive regions: 2->2
[2024-04-24T06:34:03.060+0000][gc,heap     ] GC(311) Humongous regions: 129->129
[2024-04-24T06:34:03.060+0000][gc,metaspace] GC(311) Metaspace: 43321K(43968K)->43321K(43968K) NonClass: 38278K(38656K)->38278K(38656K) Class: 5042K(5312K)->5042K(5312K)
[2024-04-24T06:34:03.060+0000][gc          ] GC(311) Pause Young (Normal) (G1 Evacuation Pause) 799M->187M(1024M) 2.910ms
[2024-04-24T06:34:03.060+0000][gc,cpu      ] GC(311) User=0.01s Sys=0.00s Real=0.00s
[2024-04-24T06:34:04.174+0000][gc,start    ] GC(312) Pause Young (Normal) (G1 Evacuation Pause)
[2024-04-24T06:34:04.174+0000][gc,task     ] GC(312) Using 8 workers of 8 for evacuation
[2024-04-24T06:34:04.176+0000][gc,phases   ] GC(312)   Pre Evacuate Collection Set: 0.1ms
[2024-04-24T06:34:04.176+0000][gc,phases   ] GC(312)   Merge Heap Roots: 0.1ms
[2024-04-24T06:34:04.176+0000][gc,phases   ] GC(312)   Evacuate Collection Set: 1.9ms
[2024-04-24T06:34:04.176+0000][gc,phases   ] GC(312)   Post Evacuate Collection Set: 0.4ms
[2024-04-24T06:34:04.176+0000][gc,phases   ] GC(312)   Other: 0.1ms
[2024-04-24T06:34:04.176+0000][gc,heap     ] GC(312) Eden regions: 612->0(612)
[2024-04-24T06:34:04.176+0000][gc,heap     ] GC(312) Survivor regions: 2->2(77)
[2024-04-24T06:34:04.176+0000][gc,heap     ] GC(312) Old regions: 56->57
[2024-04-24T06:34:04.176+0000][gc,heap     ] GC(312) Archive regions: 2->2
[2024-04-24T06:34:04.176+0000][gc,heap     ] GC(312) Humongous regions: 129->129
[2024-04-24T06:34:04.176+0000][gc,metaspace] GC(312) Metaspace: 43322K(43968K)->43322K(43968K) NonClass: 38279K(38656K)->38279K(38656K) Class: 5042K(5312K)->5042K(5312K)
[2024-04-24T06:34:04.176+0000][gc          ] GC(312) Pause Young (Normal) (G1 Evacuation Pause) 799M->187M(1024M) 2.724ms
[2024-04-24T06:34:04.176+0000][gc,cpu      ] GC(312) User=0.01s Sys=0.01s Real=0.00s
[2024-04-24T06:34:05.196+0000][gc,start    ] GC(313) Pause Young (Normal) (G1 Evacuation Pause)
[2024-04-24T06:34:05.196+0000][gc,task     ] GC(313) Using 8 workers of 8 for evacuation
[2024-04-24T06:34:05.199+0000][gc,phases   ] GC(313)   Pre Evacuate Collection Set: 0.1ms
[2024-04-24T06:34:05.199+0000][gc,phases   ] GC(313)   Merge Heap Roots: 0.1ms
[2024-04-24T06:34:05.199+0000][gc,phases   ] GC(313)   Evacuate Collection Set: 1.9ms
[2024-04-24T06:34:05.199+0000][gc,phases   ] GC(313)   Post Evacuate Collection Set: 0.4ms
[2024-04-24T06:34:05.199+0000][gc,phases   ] GC(313)   Other: 0.1ms
[2024-04-24T06:34:05.199+0000][gc,heap     ] GC(313) Eden regions: 612->0(612)
[2024-04-24T06:34:05.199+0000][gc,heap     ] GC(313) Survivor regions: 2->2(77)
[2024-04-24T06:34:05.199+0000][gc,heap     ] GC(313) Old regions: 57->57
[2024-04-24T06:34:05.199+0000][gc,heap     ] GC(313) Archive regions: 2->2
[2024-04-24T06:34:05.199+0000][gc,heap     ] GC(313) Humongous regions: 129->129
[2024-04-24T06:34:05.199+0000][gc,metaspace] GC(313) Metaspace: 43322K(43968K)->43322K(43968K) NonClass: 38279K(38656K)->38279K(38656K) Class: 5042K(5312K)->5042K(5312K)
[2024-04-24T06:34:05.199+0000][gc          ] GC(313) Pause Young (Normal) (G1 Evacuation Pause) 799M->187M(1024M) 2.699ms
[2024-04-24T06:34:05.199+0000][gc,cpu      ] GC(313) User=0.01s Sys=0.00s Real=0.00s
[2024-04-24T06:34:06.210+0000][gc,start    ] GC(314) Pause Young (Normal) (G1 Evacuation Pause)
[2024-04-24T06:34:06.210+0000][gc,task     ] GC(314) Using 8 workers of 8 for evacuation
[2024-04-24T06:34:06.213+0000][gc,phases   ] GC(314)   Pre Evacuate Collection Set: 0.1ms
[2024-04-24T06:34:06.213+0000][gc,phases   ] GC(314)   Merge Heap Roots: 0.1ms
[2024-04-24T06:34:06.213+0000][gc,phases   ] GC(314)   Evacuate Collection Set: 1.9ms
[2024-04-24T06:34:06.213+0000][gc,phases   ] GC(314)   Post Evacuate Collection Set: 0.4ms
[2024-04-24T06:34:06.213+0000][gc,phases   ] GC(314)   Other: 0.1ms
[2024-04-24T06:34:06.213+0000][gc,heap     ] GC(314) Eden regions: 612->0(612)
[2024-04-24T06:34:06.213+0000][gc,heap     ] GC(314) Survivor regions: 2->2(77)
[2024-04-24T06:34:06.213+0000][gc,heap     ] GC(314) Old regions: 57->57
[2024-04-24T06:34:06.213+0000][gc,heap     ] GC(314) Archive regions: 2->2
[2024-04-24T06:34:06.213+0000][gc,heap     ] GC(314) Humongous regions: 129->129
[2024-04-24T06:34:06.213+0000][gc,metaspace] GC(314) Metaspace: 43322K(43968K)->43322K(43968K) NonClass: 38279K(38656K)->38279K(38656K) Class: 5042K(5312K)->5042K(5312K)
[2024-04-24T06:34:06.213+0000][gc          ] GC(314) Pause Young (Normal) (G1 Evacuation Pause) 799M->187M(1024M) 2.672ms
[2024-04-24T06:34:06.213+0000][gc,cpu      ] GC(314) User=0.01s Sys=0.00s Real=0.01s
[2024-04-24T06:34:07.230+0000][gc,start    ] GC(315) Pause Young (Normal) (G1 Evacuation Pause)
[2024-04-24T06:34:07.230+0000][gc,task     ] GC(315) Using 8 workers of 8 for evacuation
[2024-04-24T06:34:07.232+0000][gc,phases   ] GC(315)   Pre Evacuate Collection Set: 0.1ms
[2024-04-24T06:34:07.233+0000][gc,phases   ] GC(315)   Merge Heap Roots: 0.1ms
[2024-04-24T06:34:07.233+0000][gc,phases   ] GC(315)   Evacuate Collection Set: 2.1ms
[2024-04-24T06:34:07.233+0000][gc,phases   ] GC(315)   Post Evacuate Collection Set: 0.4ms
[2024-04-24T06:34:07.233+0000][gc,phases   ] GC(315)   Other: 0.1ms
[2024-04-24T06:34:07.233+0000][gc,heap     ] GC(315) Eden regions: 612->0(612)
[2024-04-24T06:34:07.233+0000][gc,heap     ] GC(315) Survivor regions: 2->2(77)
[2024-04-24T06:34:07.233+0000][gc,heap     ] GC(315) Old regions: 57->57
[2024-04-24T06:34:07.233+0000][gc,heap     ] GC(315) Archive regions: 2->2
[2024-04-24T06:34:07.233+0000][gc,heap     ] GC(315) Humongous regions: 129->129
[2024-04-24T06:34:07.233+0000][gc,metaspace] GC(315) Metaspace: 43322K(43968K)->43322K(43968K) NonClass: 38279K(38656K)->38279K(38656K) Class: 5042K(5312K)->5042K(5312K)
[2024-04-24T06:34:07.233+0000][gc          ] GC(315) Pause Young (Normal) (G1 Evacuation Pause) 799M->188M(1024M) 2.893ms
[2024-04-24T06:34:07.233+0000][gc,cpu      ] GC(315) User=0.02s Sys=0.00s Real=0.01s
[2024-04-24T06:34:08.284+0000][gc,start    ] GC(316) Pause Young (Normal) (G1 Evacuation Pause)
[2024-04-24T06:34:08.284+0000][gc,task     ] GC(316) Using 8 workers of 8 for evacuation
[2024-04-24T06:34:08.287+0000][gc,phases   ] GC(316)   Pre Evacuate Collection Set: 0.1ms
[2024-04-24T06:34:08.287+0000][gc,phases   ] GC(316)   Merge Heap Roots: 0.1ms
[2024-04-24T06:34:08.287+0000][gc,phases   ] GC(316)   Evacuate Collection Set: 1.9ms
[2024-04-24T06:34:08.287+0000][gc,phases   ] GC(316)   Post Evacuate Collection Set: 0.4ms
[2024-04-24T06:34:08.287+0000][gc,phases   ] GC(316)   Other: 0.1ms
[2024-04-24T06:34:08.287+0000][gc,heap     ] GC(316) Eden regions: 612->0(612)
[2024-04-24T06:34:08.287+0000][gc,heap     ] GC(316) Survivor regions: 2->2(77)
[2024-04-24T06:34:08.287+0000][gc,heap     ] GC(316) Old regions: 57->57
[2024-04-24T06:34:08.287+0000][gc,heap     ] GC(316) Archive regions: 2->2
[2024-04-24T06:34:08.287+0000][gc,heap     ] GC(316) Humongous regions: 129->129
[2024-04-24T06:34:08.287+0000][gc,metaspace] GC(316) Metaspace: 43322K(43968K)->43322K(43968K) NonClass: 38279K(38656K)->38279K(38656K) Class: 5042K(5312K)->5042K(5312K)
[2024-04-24T06:34:08.287+0000][gc          ] GC(316) Pause Young (Normal) (G1 Evacuation Pause) 800M->188M(1024M) 2.769ms
[2024-04-24T06:34:08.287+0000][gc,cpu      ] GC(316) User=0.01s Sys=0.00s Real=0.00s
[2024-04-24T06:34:09.325+0000][gc,start    ] GC(317) Pause Young (Normal) (G1 Evacuation Pause)
[2024-04-24T06:34:09.325+0000][gc,task     ] GC(317) Using 8 workers of 8 for evacuation
[2024-04-24T06:34:09.328+0000][gc,phases   ] GC(317)   Pre Evacuate Collection Set: 0.1ms
[2024-04-24T06:34:09.328+0000][gc,phases   ] GC(317)   Merge Heap Roots: 0.1ms
[2024-04-24T06:34:09.328+0000][gc,phases   ] GC(317)   Evacuate Collection Set: 2.1ms
[2024-04-24T06:34:09.328+0000][gc,phases   ] GC(317)   Post Evacuate Collection Set: 0.4ms
[2024-04-24T06:34:09.328+0000][gc,phases   ] GC(317)   Other: 0.1ms
[2024-04-24T06:34:09.328+0000][gc,heap     ] GC(317) Eden regions: 612->0(612)
[2024-04-24T06:34:09.328+0000][gc,heap     ] GC(317) Survivor regions: 2->2(77)
[2024-04-24T06:34:09.328+0000][gc,heap     ] GC(317) Old regions: 57->57
[2024-04-24T06:34:09.328+0000][gc,heap     ] GC(317) Archive regions: 2->2
[2024-04-24T06:34:09.328+0000][gc,heap     ] GC(317) Humongous regions: 129->129
[2024-04-24T06:34:09.328+0000][gc,metaspace] GC(317) Metaspace: 43322K(43968K)->43322K(43968K) NonClass: 38279K(38656K)->38279K(38656K) Class: 5042K(5312K)->5042K(5312K)
[2024-04-24T06:34:09.328+0000][gc          ] GC(317) Pause Young (Normal) (G1 Evacuation Pause) 800M->188M(1024M) 2.982ms
[2024-04-24T06:34:09.328+0000][gc,cpu      ] GC(317) User=0.01s Sys=0.01s Real=0.00s
[2024-04-24T06:34:10.345+0000][gc,start    ] GC(318) Pause Young (Normal) (G1 Evacuation Pause)
[2024-04-24T06:34:10.345+0000][gc,task     ] GC(318) Using 8 workers of 8 for evacuation
[2024-04-24T06:34:10.347+0000][gc,phases   ] GC(318)   Pre Evacuate Collection Set: 0.1ms
[2024-04-24T06:34:10.347+0000][gc,phases   ] GC(318)   Merge Heap Roots: 0.1ms
[2024-04-24T06:34:10.347+0000][gc,phases   ] GC(318)   Evacuate Collection Set: 1.9ms
[2024-04-24T06:34:10.347+0000][gc,phases   ] GC(318)   Post Evacuate Collection Set: 0.4ms
[2024-04-24T06:34:10.347+0000][gc,phases   ] GC(318)   Other: 0.1ms
[2024-04-24T06:34:10.347+0000][gc,heap     ] GC(318) Eden regions: 612->0(612)
[2024-04-24T06:34:10.347+0000][gc,heap     ] GC(318) Survivor regions: 2->2(77)
[2024-04-24T06:34:10.347+0000][gc,heap     ] GC(318) Old regions: 57->57
[2024-04-24T06:34:10.347+0000][gc,heap     ] GC(318) Archive regions: 2->2
[2024-04-24T06:34:10.347+0000][gc,heap     ] GC(318) Humongous regions: 129->129
[2024-04-24T06:34:10.347+0000][gc,metaspace] GC(318) Metaspace: 43322K(43968K)->43322K(43968K) NonClass: 38279K(38656K)->38279K(38656K) Class: 5042K(5312K)->5042K(5312K)
[2024-04-24T06:34:10.347+0000][gc          ] GC(318) Pause Young (Normal) (G1 Evacuation Pause) 800M->188M(1024M) 2.635ms
[2024-04-24T06:34:10.347+0000][gc,cpu      ] GC(318) User=0.01s Sys=0.01s Real=0.00s
[2024-04-24T06:34:11.411+0000][gc,start    ] GC(319) Pause Young (Normal) (G1 Evacuation Pause)
[2024-04-24T06:34:11.411+0000][gc,task     ] GC(319) Using 8 workers of 8 for evacuation
[2024-04-24T06:34:11.414+0000][gc,phases   ] GC(319)   Pre Evacuate Collection Set: 0.1ms
[2024-04-24T06:34:11.414+0000][gc,phases   ] GC(319)   Merge Heap Roots: 0.1ms
[2024-04-24T06:34:11.414+0000][gc,phases   ] GC(319)   Evacuate Collection Set: 2.6ms
[2024-04-24T06:34:11.415+0000][gc,phases   ] GC(319)   Post Evacuate Collection Set: 0.4ms
[2024-04-24T06:34:11.415+0000][gc,phases   ] GC(319)   Other: 0.1ms
[2024-04-24T06:34:11.415+0000][gc,heap     ] GC(319) Eden regions: 612->0(612)
[2024-04-24T06:34:11.415+0000][gc,heap     ] GC(319) Survivor regions: 2->2(77)
[2024-04-24T06:34:11.415+0000][gc,heap     ] GC(319) Old regions: 57->57
[2024-04-24T06:34:11.415+0000][gc,heap     ] GC(319) Archive regions: 2->2
[2024-04-24T06:34:11.415+0000][gc,heap     ] GC(319) Humongous regions: 129->129
[2024-04-24T06:34:11.415+0000][gc,metaspace] GC(319) Metaspace: 43322K(43968K)->43322K(43968K) NonClass: 38279K(38656K)->38279K(38656K) Class: 5042K(5312K)->5042K(5312K)
[2024-04-24T06:34:11.415+0000][gc          ] GC(319) Pause Young (Normal) (G1 Evacuation Pause) 800M->188M(1024M) 3.392ms
[2024-04-24T06:34:11.415+0000][gc,cpu      ] GC(319) User=0.02s Sys=0.00s Real=0.01s
[2024-04-24T06:34:12.422+0000][gc,start    ] GC(320) Pause Young (Normal) (G1 Evacuation Pause)
[2024-04-24T06:34:12.422+0000][gc,task     ] GC(320) Using 8 workers of 8 for evacuation
[2024-04-24T06:34:12.424+0000][gc,phases   ] GC(320)   Pre Evacuate Collection Set: 0.1ms
[2024-04-24T06:34:12.424+0000][gc,phases   ] GC(320)   Merge Heap Roots: 0.1ms
[2024-04-24T06:34:12.424+0000][gc,phases   ] GC(320)   Evacuate Collection Set: 1.8ms
[2024-04-24T06:34:12.424+0000][gc,phases   ] GC(320)   Post Evacuate Collection Set: 0.4ms
[2024-04-24T06:34:12.424+0000][gc,phases   ] GC(320)   Other: 0.1ms
[2024-04-24T06:34:12.424+0000][gc,heap     ] GC(320) Eden regions: 612->0(612)
[2024-04-24T06:34:12.424+0000][gc,heap     ] GC(320) Survivor regions: 2->2(77)
[2024-04-24T06:34:12.424+0000][gc,heap     ] GC(320) Old regions: 57->58
[2024-04-24T06:34:12.424+0000][gc,heap     ] GC(320) Archive regions: 2->2
[2024-04-24T06:34:12.424+0000][gc,heap     ] GC(320) Humongous regions: 129->129
[2024-04-24T06:34:12.424+0000][gc,metaspace] GC(320) Metaspace: 43322K(43968K)->43322K(43968K) NonClass: 38279K(38656K)->38279K(38656K) Class: 5042K(5312K)->5042K(5312K)
[2024-04-24T06:34:12.424+0000][gc          ] GC(320) Pause Young (Normal) (G1 Evacuation Pause) 800M->188M(1024M) 2.542ms
[2024-04-24T06:34:12.424+0000][gc,cpu      ] GC(320) User=0.01s Sys=0.01s Real=0.01s
[2024-04-24T06:34:13.450+0000][gc,start    ] GC(321) Pause Young (Normal) (G1 Evacuation Pause)
[2024-04-24T06:34:13.450+0000][gc,task     ] GC(321) Using 8 workers of 8 for evacuation
[2024-04-24T06:34:13.453+0000][gc,phases   ] GC(321)   Pre Evacuate Collection Set: 0.1ms
[2024-04-24T06:34:13.453+0000][gc,phases   ] GC(321)   Merge Heap Roots: 0.1ms
[2024-04-24T06:34:13.453+0000][gc,phases   ] GC(321)   Evacuate Collection Set: 2.3ms
[2024-04-24T06:34:13.453+0000][gc,phases   ] GC(321)   Post Evacuate Collection Set: 0.4ms
[2024-04-24T06:34:13.453+0000][gc,phases   ] GC(321)   Other: 0.1ms
[2024-04-24T06:34:13.453+0000][gc,heap     ] GC(321) Eden regions: 612->0(612)
[2024-04-24T06:34:13.453+0000][gc,heap     ] GC(321) Survivor regions: 2->2(77)
[2024-04-24T06:34:13.453+0000][gc,heap     ] GC(321) Old regions: 58->58
[2024-04-24T06:34:13.453+0000][gc,heap     ] GC(321) Archive regions: 2->2
[2024-04-24T06:34:13.453+0000][gc,heap     ] GC(321) Humongous regions: 129->129
[2024-04-24T06:34:13.453+0000][gc,metaspace] GC(321) Metaspace: 43322K(43968K)->43322K(43968K) NonClass: 38279K(38656K)->38279K(38656K) Class: 5042K(5312K)->5042K(5312K)
[2024-04-24T06:34:13.453+0000][gc          ] GC(321) Pause Young (Normal) (G1 Evacuation Pause) 800M->188M(1024M) 3.079ms
[2024-04-24T06:34:13.453+0000][gc,cpu      ] GC(321) User=0.02s Sys=0.00s Real=0.01s
[2024-04-24T06:34:14.488+0000][gc,start    ] GC(322) Pause Young (Normal) (G1 Evacuation Pause)
[2024-04-24T06:34:14.488+0000][gc,task     ] GC(322) Using 8 workers of 8 for evacuation
[2024-04-24T06:34:14.490+0000][gc,phases   ] GC(322)   Pre Evacuate Collection Set: 0.1ms
[2024-04-24T06:34:14.490+0000][gc,phases   ] GC(322)   Merge Heap Roots: 0.1ms
[2024-04-24T06:34:14.490+0000][gc,phases   ] GC(322)   Evacuate Collection Set: 1.8ms
[2024-04-24T06:34:14.490+0000][gc,phases   ] GC(322)   Post Evacuate Collection Set: 0.4ms
[2024-04-24T06:34:14.490+0000][gc,phases   ] GC(322)   Other: 0.1ms
[2024-04-24T06:34:14.490+0000][gc,heap     ] GC(322) Eden regions: 612->0(612)
[2024-04-24T06:34:14.490+0000][gc,heap     ] GC(322) Survivor regions: 2->2(77)
[2024-04-24T06:34:14.490+0000][gc,heap     ] GC(322) Old regions: 58->58
[2024-04-24T06:34:14.490+0000][gc,heap     ] GC(322) Archive regions: 2->2
[2024-04-24T06:34:14.490+0000][gc,heap     ] GC(322) Humongous regions: 129->129
[2024-04-24T06:34:14.490+0000][gc,metaspace] GC(322) Metaspace: 43322K(43968K)->43322K(43968K) NonClass: 38279K(38656K)->38279K(38656K) Class: 5042K(5312K)->5042K(5312K)
[2024-04-24T06:34:14.490+0000][gc          ] GC(322) Pause Young (Normal) (G1 Evacuation Pause) 800M->188M(1024M) 2.528ms
[2024-04-24T06:34:14.490+0000][gc,cpu      ] GC(322) User=0.02s Sys=0.00s Real=0.00s
[2024-04-24T06:34:15.509+0000][gc,start    ] GC(323) Pause Young (Normal) (G1 Evacuation Pause)
[2024-04-24T06:34:15.509+0000][gc,task     ] GC(323) Using 8 workers of 8 for evacuation
[2024-04-24T06:34:15.512+0000][gc,phases   ] GC(323)   Pre Evacuate Collection Set: 0.1ms
[2024-04-24T06:34:15.512+0000][gc,phases   ] GC(323)   Merge Heap Roots: 0.1ms
[2024-04-24T06:34:15.512+0000][gc,phases   ] GC(323)   Evacuate Collection Set: 1.8ms
[2024-04-24T06:34:15.512+0000][gc,phases   ] GC(323)   Post Evacuate Collection Set: 0.4ms
[2024-04-24T06:34:15.512+0000][gc,phases   ] GC(323)   Other: 0.1ms
[2024-04-24T06:34:15.512+0000][gc,heap     ] GC(323) Eden regions: 612->0(612)
[2024-04-24T06:34:15.512+0000][gc,heap     ] GC(323) Survivor regions: 2->2(77)
[2024-04-24T06:34:15.512+0000][gc,heap     ] GC(323) Old regions: 58->58
[2024-04-24T06:34:15.512+0000][gc,heap     ] GC(323) Archive regions: 2->2
[2024-04-24T06:34:15.512+0000][gc,heap     ] GC(323) Humongous regions: 129->129
[2024-04-24T06:34:15.512+0000][gc,metaspace] GC(323) Metaspace: 43322K(43968K)->43322K(43968K) NonClass: 38279K(38656K)->38279K(38656K) Class: 5042K(5312K)->5042K(5312K)
[2024-04-24T06:34:15.512+0000][gc          ] GC(323) Pause Young (Normal) (G1 Evacuation Pause) 800M->188M(1024M) 2.590ms
[2024-04-24T06:34:15.512+0000][gc,cpu      ] GC(323) User=0.01s Sys=0.01s Real=0.01s
[2024-04-24T06:34:16.714+0000][gc,start    ] GC(324) Pause Young (Normal) (G1 Evacuation Pause)
[2024-04-24T06:34:16.714+0000][gc,task     ] GC(324) Using 8 workers of 8 for evacuation
[2024-04-24T06:34:16.717+0000][gc,phases   ] GC(324)   Pre Evacuate Collection Set: 0.1ms
[2024-04-24T06:34:16.717+0000][gc,phases   ] GC(324)   Merge Heap Roots: 0.1ms
[2024-04-24T06:34:16.717+0000][gc,phases   ] GC(324)   Evacuate Collection Set: 1.8ms
[2024-04-24T06:34:16.717+0000][gc,phases   ] GC(324)   Post Evacuate Collection Set: 0.4ms
[2024-04-24T06:34:16.717+0000][gc,phases   ] GC(324)   Other: 0.1ms
[2024-04-24T06:34:16.717+0000][gc,heap     ] GC(324) Eden regions: 612->0(612)
[2024-04-24T06:34:16.717+0000][gc,heap     ] GC(324) Survivor regions: 2->2(77)
[2024-04-24T06:34:16.717+0000][gc,heap     ] GC(324) Old regions: 58->58
[2024-04-24T06:34:16.717+0000][gc,heap     ] GC(324) Archive regions: 2->2
[2024-04-24T06:34:16.717+0000][gc,heap     ] GC(324) Humongous regions: 129->129
[2024-04-24T06:34:16.717+0000][gc,metaspace] GC(324) Metaspace: 43325K(43968K)->43325K(43968K) NonClass: 38282K(38656K)->38282K(38656K) Class: 5042K(5312K)->5042K(5312K)
[2024-04-24T06:34:16.717+0000][gc          ] GC(324) Pause Young (Normal) (G1 Evacuation Pause) 800M->188M(1024M) 2.562ms
[2024-04-24T06:34:16.717+0000][gc,cpu      ] GC(324) User=0.02s Sys=0.00s Real=0.00s
[2024-04-24T06:34:17.989+0000][gc,start    ] GC(325) Pause Young (Normal) (G1 Evacuation Pause)
[2024-04-24T06:34:17.989+0000][gc,task     ] GC(325) Using 8 workers of 8 for evacuation
[2024-04-24T06:34:17.991+0000][gc,phases   ] GC(325)   Pre Evacuate Collection Set: 0.1ms
[2024-04-24T06:34:17.991+0000][gc,phases   ] GC(325)   Merge Heap Roots: 0.1ms
[2024-04-24T06:34:17.991+0000][gc,phases   ] GC(325)   Evacuate Collection Set: 1.7ms
[2024-04-24T06:34:17.991+0000][gc,phases   ] GC(325)   Post Evacuate Collection Set: 0.4ms
[2024-04-24T06:34:17.991+0000][gc,phases   ] GC(325)   Other: 0.1ms
[2024-04-24T06:34:17.991+0000][gc,heap     ] GC(325) Eden regions: 612->0(612)
[2024-04-24T06:34:17.991+0000][gc,heap     ] GC(325) Survivor regions: 2->2(77)
[2024-04-24T06:34:17.991+0000][gc,heap     ] GC(325) Old regions: 58->58
[2024-04-24T06:34:17.991+0000][gc,heap     ] GC(325) Archive regions: 2->2
[2024-04-24T06:34:17.991+0000][gc,heap     ] GC(325) Humongous regions: 129->129
[2024-04-24T06:34:17.991+0000][gc,metaspace] GC(325) Metaspace: 43325K(43968K)->43325K(43968K) NonClass: 38282K(38656K)->38282K(38656K) Class: 5042K(5312K)->5042K(5312K)
[2024-04-24T06:34:17.991+0000][gc          ] GC(325) Pause Young (Normal) (G1 Evacuation Pause) 800M->188M(1024M) 2.496ms
[2024-04-24T06:34:17.991+0000][gc,cpu      ] GC(325) User=0.01s Sys=0.01s Real=0.00s
[2024-04-24T06:34:19.024+0000][gc,start    ] GC(326) Pause Young (Normal) (G1 Evacuation Pause)
[2024-04-24T06:34:19.024+0000][gc,task     ] GC(326) Using 8 workers of 8 for evacuation
[2024-04-24T06:34:19.026+0000][gc,phases   ] GC(326)   Pre Evacuate Collection Set: 0.1ms
[2024-04-24T06:34:19.026+0000][gc,phases   ] GC(326)   Merge Heap Roots: 0.1ms
[2024-04-24T06:34:19.026+0000][gc,phases   ] GC(326)   Evacuate Collection Set: 1.7ms
[2024-04-24T06:34:19.026+0000][gc,phases   ] GC(326)   Post Evacuate Collection Set: 0.4ms
[2024-04-24T06:34:19.026+0000][gc,phases   ] GC(326)   Other: 0.1ms
[2024-04-24T06:34:19.026+0000][gc,heap     ] GC(326) Eden regions: 612->0(612)
[2024-04-24T06:34:19.026+0000][gc,heap     ] GC(326) Survivor regions: 2->2(77)
[2024-04-24T06:34:19.026+0000][gc,heap     ] GC(326) Old regions: 58->58
[2024-04-24T06:34:19.026+0000][gc,heap     ] GC(326) Archive regions: 2->2
[2024-04-24T06:34:19.026+0000][gc,heap     ] GC(326) Humongous regions: 129->129
[2024-04-24T06:34:19.026+0000][gc,metaspace] GC(326) Metaspace: 43326K(43968K)->43326K(43968K) NonClass: 38283K(38656K)->38283K(38656K) Class: 5042K(5312K)->5042K(5312K)
[2024-04-24T06:34:19.027+0000][gc          ] GC(326) Pause Young (Normal) (G1 Evacuation Pause) 800M->188M(1024M) 2.471ms
[2024-04-24T06:34:19.027+0000][gc,cpu      ] GC(326) User=0.01s Sys=0.00s Real=0.00s
[2024-04-24T06:34:20.130+0000][gc,start    ] GC(327) Pause Young (Normal) (G1 Evacuation Pause)
[2024-04-24T06:34:20.130+0000][gc,task     ] GC(327) Using 8 workers of 8 for evacuation
[2024-04-24T06:34:20.133+0000][gc,phases   ] GC(327)   Pre Evacuate Collection Set: 0.1ms
[2024-04-24T06:34:20.133+0000][gc,phases   ] GC(327)   Merge Heap Roots: 0.1ms
[2024-04-24T06:34:20.133+0000][gc,phases   ] GC(327)   Evacuate Collection Set: 1.7ms
[2024-04-24T06:34:20.133+0000][gc,phases   ] GC(327)   Post Evacuate Collection Set: 0.4ms
[2024-04-24T06:34:20.133+0000][gc,phases   ] GC(327)   Other: 0.1ms
[2024-04-24T06:34:20.133+0000][gc,heap     ] GC(327) Eden regions: 612->0(612)
[2024-04-24T06:34:20.133+0000][gc,heap     ] GC(327) Survivor regions: 2->2(77)
[2024-04-24T06:34:20.133+0000][gc,heap     ] GC(327) Old regions: 58->58
[2024-04-24T06:34:20.133+0000][gc,heap     ] GC(327) Archive regions: 2->2
[2024-04-24T06:34:20.133+0000][gc,heap     ] GC(327) Humongous regions: 129->129
[2024-04-24T06:34:20.133+0000][gc,metaspace] GC(327) Metaspace: 43326K(43968K)->43326K(43968K) NonClass: 38283K(38656K)->38283K(38656K) Class: 5042K(5312K)->5042K(5312K)
[2024-04-24T06:34:20.133+0000][gc          ] GC(327) Pause Young (Normal) (G1 Evacuation Pause) 800M->188M(1024M) 2.469ms
[2024-04-24T06:34:20.133+0000][gc,cpu      ] GC(327) User=0.01s Sys=0.00s Real=0.01s
[2024-04-24T06:34:21.153+0000][gc,start    ] GC(328) Pause Young (Normal) (G1 Evacuation Pause)
[2024-04-24T06:34:21.153+0000][gc,task     ] GC(328) Using 8 workers of 8 for evacuation
[2024-04-24T06:34:21.156+0000][gc,phases   ] GC(328)   Pre Evacuate Collection Set: 0.1ms
[2024-04-24T06:34:21.156+0000][gc,phases   ] GC(328)   Merge Heap Roots: 0.1ms
[2024-04-24T06:34:21.156+0000][gc,phases   ] GC(328)   Evacuate Collection Set: 1.6ms
[2024-04-24T06:34:21.156+0000][gc,phases   ] GC(328)   Post Evacuate Collection Set: 0.4ms
[2024-04-24T06:34:21.156+0000][gc,phases   ] GC(328)   Other: 0.1ms
[2024-04-24T06:34:21.156+0000][gc,heap     ] GC(328) Eden regions: 612->0(612)
[2024-04-24T06:34:21.156+0000][gc,heap     ] GC(328) Survivor regions: 2->2(77)
[2024-04-24T06:34:21.156+0000][gc,heap     ] GC(328) Old regions: 58->58
[2024-04-24T06:34:21.156+0000][gc,heap     ] GC(328) Archive regions: 2->2
[2024-04-24T06:34:21.156+0000][gc,heap     ] GC(328) Humongous regions: 129->129
[2024-04-24T06:34:21.156+0000][gc,metaspace] GC(328) Metaspace: 43326K(43968K)->43326K(43968K) NonClass: 38283K(38656K)->38283K(38656K) Class: 5042K(5312K)->5042K(5312K)
[2024-04-24T06:34:21.156+0000][gc          ] GC(328) Pause Young (Normal) (G1 Evacuation Pause) 800M->188M(1024M) 2.414ms
[2024-04-24T06:34:21.156+0000][gc,cpu      ] GC(328) User=0.01s Sys=0.00s Real=0.00s
[2024-04-24T06:34:22.229+0000][gc,start    ] GC(329) Pause Young (Normal) (G1 Evacuation Pause)
[2024-04-24T06:34:22.229+0000][gc,task     ] GC(329) Using 8 workers of 8 for evacuation
[2024-04-24T06:34:22.231+0000][gc,phases   ] GC(329)   Pre Evacuate Collection Set: 0.1ms
[2024-04-24T06:34:22.231+0000][gc,phases   ] GC(329)   Merge Heap Roots: 0.1ms
[2024-04-24T06:34:22.231+0000][gc,phases   ] GC(329)   Evacuate Collection Set: 1.6ms
[2024-04-24T06:34:22.231+0000][gc,phases   ] GC(329)   Post Evacuate Collection Set: 0.4ms
[2024-04-24T06:34:22.231+0000][gc,phases   ] GC(329)   Other: 0.1ms
[2024-04-24T06:34:22.231+0000][gc,heap     ] GC(329) Eden regions: 612->0(612)
[2024-04-24T06:34:22.231+0000][gc,heap     ] GC(329) Survivor regions: 2->2(77)
[2024-04-24T06:34:22.231+0000][gc,heap     ] GC(329) Old regions: 58->58
[2024-04-24T06:34:22.231+0000][gc,heap     ] GC(329) Archive regions: 2->2
[2024-04-24T06:34:22.231+0000][gc,heap     ] GC(329) Humongous regions: 129->129
[2024-04-24T06:34:22.231+0000][gc,metaspace] GC(329) Metaspace: 43326K(43968K)->43326K(43968K) NonClass: 38283K(38656K)->38283K(38656K) Class: 5042K(5312K)->5042K(5312K)
[2024-04-24T06:34:22.231+0000][gc          ] GC(329) Pause Young (Normal) (G1 Evacuation Pause) 800M->189M(1024M) 2.393ms
[2024-04-24T06:34:22.231+0000][gc,cpu      ] GC(329) User=0.00s Sys=0.00s Real=0.00s
[2024-04-24T06:34:23.374+0000][gc,start    ] GC(330) Pause Young (Normal) (G1 Evacuation Pause)
[2024-04-24T06:34:23.374+0000][gc,task     ] GC(330) Using 8 workers of 8 for evacuation
[2024-04-24T06:34:23.376+0000][gc,phases   ] GC(330)   Pre Evacuate Collection Set: 0.1ms
[2024-04-24T06:34:23.376+0000][gc,phases   ] GC(330)   Merge Heap Roots: 0.1ms
[2024-04-24T06:34:23.376+0000][gc,phases   ] GC(330)   Evacuate Collection Set: 1.7ms
[2024-04-24T06:34:23.376+0000][gc,phases   ] GC(330)   Post Evacuate Collection Set: 0.4ms
[2024-04-24T06:34:23.376+0000][gc,phases   ] GC(330)   Other: 0.1ms
[2024-04-24T06:34:23.376+0000][gc,heap     ] GC(330) Eden regions: 612->0(612)
[2024-04-24T06:34:23.376+0000][gc,heap     ] GC(330) Survivor regions: 2->2(77)
[2024-04-24T06:34:23.376+0000][gc,heap     ] GC(330) Old regions: 58->59
[2024-04-24T06:34:23.376+0000][gc,heap     ] GC(330) Archive regions: 2->2
[2024-04-24T06:34:23.376+0000][gc,heap     ] GC(330) Humongous regions: 129->129
[2024-04-24T06:34:23.376+0000][gc,metaspace] GC(330) Metaspace: 43326K(43968K)->43326K(43968K) NonClass: 38283K(38656K)->38283K(38656K) Class: 5042K(5312K)->5042K(5312K)
[2024-04-24T06:34:23.377+0000][gc          ] GC(330) Pause Young (Normal) (G1 Evacuation Pause) 801M->189M(1024M) 2.449ms
[2024-04-24T06:34:23.377+0000][gc,cpu      ] GC(330) User=0.01s Sys=0.00s Real=0.00s
[2024-04-24T06:34:24.411+0000][gc,start    ] GC(331) Pause Young (Normal) (G1 Evacuation Pause)
[2024-04-24T06:34:24.411+0000][gc,task     ] GC(331) Using 8 workers of 8 for evacuation
[2024-04-24T06:34:24.413+0000][gc,phases   ] GC(331)   Pre Evacuate Collection Set: 0.1ms
[2024-04-24T06:34:24.414+0000][gc,phases   ] GC(331)   Merge Heap Roots: 0.1ms
[2024-04-24T06:34:24.414+0000][gc,phases   ] GC(331)   Evacuate Collection Set: 1.7ms
[2024-04-24T06:34:24.414+0000][gc,phases   ] GC(331)   Post Evacuate Collection Set: 0.4ms
[2024-04-24T06:34:24.414+0000][gc,phases   ] GC(331)   Other: 0.1ms
[2024-04-24T06:34:24.414+0000][gc,heap     ] GC(331) Eden regions: 612->0(612)
[2024-04-24T06:34:24.414+0000][gc,heap     ] GC(331) Survivor regions: 2->2(77)
[2024-04-24T06:34:24.414+0000][gc,heap     ] GC(331) Old regions: 59->59
[2024-04-24T06:34:24.414+0000][gc,heap     ] GC(331) Archive regions: 2->2
[2024-04-24T06:34:24.414+0000][gc,heap     ] GC(331) Humongous regions: 129->129
[2024-04-24T06:34:24.414+0000][gc,metaspace] GC(331) Metaspace: 43326K(43968K)->43326K(43968K) NonClass: 38283K(38656K)->38283K(38656K) Class: 5042K(5312K)->5042K(5312K)
[2024-04-24T06:34:24.414+0000][gc          ] GC(331) Pause Young (Normal) (G1 Evacuation Pause) 801M->189M(1024M) 2.502ms
[2024-04-24T06:34:24.414+0000][gc,cpu      ] GC(331) User=0.01s Sys=0.00s Real=0.01s
[2024-04-24T06:34:25.422+0000][gc,start    ] GC(332) Pause Young (Normal) (G1 Evacuation Pause)
[2024-04-24T06:34:25.422+0000][gc,task     ] GC(332) Using 8 workers of 8 for evacuation
[2024-04-24T06:34:25.424+0000][gc,phases   ] GC(332)   Pre Evacuate Collection Set: 0.1ms
[2024-04-24T06:34:25.424+0000][gc,phases   ] GC(332)   Merge Heap Roots: 0.1ms
[2024-04-24T06:34:25.424+0000][gc,phases   ] GC(332)   Evacuate Collection Set: 1.6ms
[2024-04-24T06:34:25.424+0000][gc,phases   ] GC(332)   Post Evacuate Collection Set: 0.4ms
[2024-04-24T06:34:25.424+0000][gc,phases   ] GC(332)   Other: 0.1ms
[2024-04-24T06:34:25.424+0000][gc,heap     ] GC(332) Eden regions: 612->0(612)
[2024-04-24T06:34:25.424+0000][gc,heap     ] GC(332) Survivor regions: 2->2(77)
[2024-04-24T06:34:25.424+0000][gc,heap     ] GC(332) Old regions: 59->59
[2024-04-24T06:34:25.424+0000][gc,heap     ] GC(332) Archive regions: 2->2
[2024-04-24T06:34:25.424+0000][gc,heap     ] GC(332) Humongous regions: 129->129
[2024-04-24T06:34:25.424+0000][gc,metaspace] GC(332) Metaspace: 43326K(43968K)->43326K(43968K) NonClass: 38283K(38656K)->38283K(38656K) Class: 5042K(5312K)->5042K(5312K)
[2024-04-24T06:34:25.424+0000][gc          ] GC(332) Pause Young (Normal) (G1 Evacuation Pause) 801M->189M(1024M) 2.388ms
[2024-04-24T06:34:25.424+0000][gc,cpu      ] GC(332) User=0.01s Sys=0.00s Real=0.01s
[2024-04-24T06:34:26.495+0000][gc,start    ] GC(333) Pause Young (Normal) (G1 Evacuation Pause)
[2024-04-24T06:34:26.495+0000][gc,task     ] GC(333) Using 8 workers of 8 for evacuation
[2024-04-24T06:34:26.497+0000][gc,phases   ] GC(333)   Pre Evacuate Collection Set: 0.1ms
[2024-04-24T06:34:26.497+0000][gc,phases   ] GC(333)   Merge Heap Roots: 0.1ms
[2024-04-24T06:34:26.497+0000][gc,phases   ] GC(333)   Evacuate Collection Set: 1.6ms
[2024-04-24T06:34:26.497+0000][gc,phases   ] GC(333)   Post Evacuate Collection Set: 0.4ms
[2024-04-24T06:34:26.497+0000][gc,phases   ] GC(333)   Other: 0.1ms
[2024-04-24T06:34:26.497+0000][gc,heap     ] GC(333) Eden regions: 612->0(612)
[2024-04-24T06:34:26.497+0000][gc,heap     ] GC(333) Survivor regions: 2->2(77)
[2024-04-24T06:34:26.497+0000][gc,heap     ] GC(333) Old regions: 59->59
[2024-04-24T06:34:26.497+0000][gc,heap     ] GC(333) Archive regions: 2->2
[2024-04-24T06:34:26.497+0000][gc,heap     ] GC(333) Humongous regions: 129->129
[2024-04-24T06:34:26.497+0000][gc,metaspace] GC(333) Metaspace: 43326K(43968K)->43326K(43968K) NonClass: 38283K(38656K)->38283K(38656K) Class: 5042K(5312K)->5042K(5312K)
[2024-04-24T06:34:26.497+0000][gc          ] GC(333) Pause Young (Normal) (G1 Evacuation Pause) 801M->189M(1024M) 2.396ms
[2024-04-24T06:34:26.497+0000][gc,cpu      ] GC(333) User=0.01s Sys=0.00s Real=0.00s
[2024-04-24T06:34:27.695+0000][gc,start    ] GC(334) Pause Young (Normal) (G1 Evacuation Pause)
[2024-04-24T06:34:27.695+0000][gc,task     ] GC(334) Using 8 workers of 8 for evacuation
[2024-04-24T06:34:27.697+0000][gc,phases   ] GC(334)   Pre Evacuate Collection Set: 0.1ms
[2024-04-24T06:34:27.697+0000][gc,phases   ] GC(334)   Merge Heap Roots: 0.1ms
[2024-04-24T06:34:27.697+0000][gc,phases   ] GC(334)   Evacuate Collection Set: 1.6ms
[2024-04-24T06:34:27.697+0000][gc,phases   ] GC(334)   Post Evacuate Collection Set: 0.4ms
[2024-04-24T06:34:27.697+0000][gc,phases   ] GC(334)   Other: 0.1ms
[2024-04-24T06:34:27.697+0000][gc,heap     ] GC(334) Eden regions: 612->0(612)
[2024-04-24T06:34:27.697+0000][gc,heap     ] GC(334) Survivor regions: 2->2(77)
[2024-04-24T06:34:27.697+0000][gc,heap     ] GC(334) Old regions: 59->59
[2024-04-24T06:34:27.697+0000][gc,heap     ] GC(334) Archive regions: 2->2
[2024-04-24T06:34:27.697+0000][gc,heap     ] GC(334) Humongous regions: 129->129
[2024-04-24T06:34:27.697+0000][gc,metaspace] GC(334) Metaspace: 43326K(43968K)->43326K(43968K) NonClass: 38283K(38656K)->38283K(38656K) Class: 5042K(5312K)->5042K(5312K)
[2024-04-24T06:34:27.697+0000][gc          ] GC(334) Pause Young (Normal) (G1 Evacuation Pause) 801M->189M(1024M) 2.374ms
[2024-04-24T06:34:27.697+0000][gc,cpu      ] GC(334) User=0.01s Sys=0.00s Real=0.00s
[2024-04-24T06:34:28.716+0000][gc,start    ] GC(335) Pause Young (Normal) (G1 Evacuation Pause)
[2024-04-24T06:34:28.716+0000][gc,task     ] GC(335) Using 8 workers of 8 for evacuation
[2024-04-24T06:34:28.719+0000][gc,phases   ] GC(335)   Pre Evacuate Collection Set: 0.1ms
[2024-04-24T06:34:28.719+0000][gc,phases   ] GC(335)   Merge Heap Roots: 0.1ms
[2024-04-24T06:34:28.719+0000][gc,phases   ] GC(335)   Evacuate Collection Set: 1.7ms
[2024-04-24T06:34:28.719+0000][gc,phases   ] GC(335)   Post Evacuate Collection Set: 0.4ms
[2024-04-24T06:34:28.719+0000][gc,phases   ] GC(335)   Other: 0.1ms
[2024-04-24T06:34:28.719+0000][gc,heap     ] GC(335) Eden regions: 612->0(612)
[2024-04-24T06:34:28.719+0000][gc,heap     ] GC(335) Survivor regions: 2->2(77)
[2024-04-24T06:34:28.719+0000][gc,heap     ] GC(335) Old regions: 59->59
[2024-04-24T06:34:28.719+0000][gc,heap     ] GC(335) Archive regions: 2->2
[2024-04-24T06:34:28.719+0000][gc,heap     ] GC(335) Humongous regions: 129->129
[2024-04-24T06:34:28.719+0000][gc,metaspace] GC(335) Metaspace: 43326K(43968K)->43326K(43968K) NonClass: 38283K(38656K)->38283K(38656K) Class: 5042K(5312K)->5042K(5312K)
[2024-04-24T06:34:28.719+0000][gc          ] GC(335) Pause Young (Normal) (G1 Evacuation Pause) 801M->189M(1024M) 2.511ms
[2024-04-24T06:34:28.719+0000][gc,cpu      ] GC(335) User=0.01s Sys=0.00s Real=0.00s
[2024-04-24T06:34:29.749+0000][gc,start    ] GC(336) Pause Young (Normal) (G1 Evacuation Pause)
[2024-04-24T06:34:29.749+0000][gc,task     ] GC(336) Using 8 workers of 8 for evacuation
[2024-04-24T06:34:29.751+0000][gc,phases   ] GC(336)   Pre Evacuate Collection Set: 0.1ms
[2024-04-24T06:34:29.751+0000][gc,phases   ] GC(336)   Merge Heap Roots: 0.1ms
[2024-04-24T06:34:29.751+0000][gc,phases   ] GC(336)   Evacuate Collection Set: 1.6ms
[2024-04-24T06:34:29.751+0000][gc,phases   ] GC(336)   Post Evacuate Collection Set: 0.4ms
[2024-04-24T06:34:29.751+0000][gc,phases   ] GC(336)   Other: 0.1ms
[2024-04-24T06:34:29.751+0000][gc,heap     ] GC(336) Eden regions: 612->0(612)
[2024-04-24T06:34:29.751+0000][gc,heap     ] GC(336) Survivor regions: 2->2(77)
[2024-04-24T06:34:29.751+0000][gc,heap     ] GC(336) Old regions: 59->59
[2024-04-24T06:34:29.752+0000][gc,heap     ] GC(336) Archive regions: 2->2
[2024-04-24T06:34:29.752+0000][gc,heap     ] GC(336) Humongous regions: 129->129
[2024-04-24T06:34:29.752+0000][gc,metaspace] GC(336) Metaspace: 43327K(43968K)->43327K(43968K) NonClass: 38284K(38656K)->38284K(38656K) Class: 5042K(5312K)->5042K(5312K)
[2024-04-24T06:34:29.752+0000][gc          ] GC(336) Pause Young (Normal) (G1 Evacuation Pause) 801M->189M(1024M) 2.311ms
[2024-04-24T06:34:29.752+0000][gc,cpu      ] GC(336) User=0.01s Sys=0.00s Real=0.00s
[2024-04-24T06:34:30.878+0000][gc,start    ] GC(337) Pause Young (Normal) (G1 Evacuation Pause)
[2024-04-24T06:34:30.878+0000][gc,task     ] GC(337) Using 8 workers of 8 for evacuation
[2024-04-24T06:34:30.880+0000][gc,phases   ] GC(337)   Pre Evacuate Collection Set: 0.1ms
[2024-04-24T06:34:30.880+0000][gc,phases   ] GC(337)   Merge Heap Roots: 0.1ms
[2024-04-24T06:34:30.880+0000][gc,phases   ] GC(337)   Evacuate Collection Set: 1.7ms
[2024-04-24T06:34:30.880+0000][gc,phases   ] GC(337)   Post Evacuate Collection Set: 0.4ms
[2024-04-24T06:34:30.880+0000][gc,phases   ] GC(337)   Other: 0.1ms
[2024-04-24T06:34:30.880+0000][gc,heap     ] GC(337) Eden regions: 612->0(613)
[2024-04-24T06:34:30.880+0000][gc,heap     ] GC(337) Survivor regions: 2->1(77)
[2024-04-24T06:34:30.880+0000][gc,heap     ] GC(337) Old regions: 59->59
[2024-04-24T06:34:30.880+0000][gc,heap     ] GC(337) Archive regions: 2->2
[2024-04-24T06:34:30.880+0000][gc,heap     ] GC(337) Humongous regions: 129->129
[2024-04-24T06:34:30.880+0000][gc,metaspace] GC(337) Metaspace: 43327K(43968K)->43327K(43968K) NonClass: 38284K(38656K)->38284K(38656K) Class: 5042K(5312K)->5042K(5312K)
[2024-04-24T06:34:30.880+0000][gc          ] GC(337) Pause Young (Normal) (G1 Evacuation Pause) 801M->189M(1024M) 2.450ms
[2024-04-24T06:34:30.880+0000][gc,cpu      ] GC(337) User=0.00s Sys=0.01s Real=0.00s
[2024-04-24T06:34:31.980+0000][gc,start    ] GC(338) Pause Young (Normal) (G1 Evacuation Pause)
[2024-04-24T06:34:31.980+0000][gc,task     ] GC(338) Using 8 workers of 8 for evacuation
[2024-04-24T06:34:31.982+0000][gc,phases   ] GC(338)   Pre Evacuate Collection Set: 0.1ms
[2024-04-24T06:34:31.982+0000][gc,phases   ] GC(338)   Merge Heap Roots: 0.1ms
[2024-04-24T06:34:31.982+0000][gc,phases   ] GC(338)   Evacuate Collection Set: 1.7ms
[2024-04-24T06:34:31.982+0000][gc,phases   ] GC(338)   Post Evacuate Collection Set: 0.4ms
[2024-04-24T06:34:31.982+0000][gc,phases   ] GC(338)   Other: 0.1ms
[2024-04-24T06:34:31.982+0000][gc,heap     ] GC(338) Eden regions: 613->0(613)
[2024-04-24T06:34:31.982+0000][gc,heap     ] GC(338) Survivor regions: 1->1(77)
[2024-04-24T06:34:31.982+0000][gc,heap     ] GC(338) Old regions: 59->59
[2024-04-24T06:34:31.982+0000][gc,heap     ] GC(338) Archive regions: 2->2
[2024-04-24T06:34:31.982+0000][gc,heap     ] GC(338) Humongous regions: 129->129
[2024-04-24T06:34:31.982+0000][gc,metaspace] GC(338) Metaspace: 43328K(43968K)->43328K(43968K) NonClass: 38285K(38656K)->38285K(38656K) Class: 5042K(5312K)->5042K(5312K)
[2024-04-24T06:34:31.982+0000][gc          ] GC(338) Pause Young (Normal) (G1 Evacuation Pause) 802M->189M(1024M) 2.456ms
[2024-04-24T06:34:31.982+0000][gc,cpu      ] GC(338) User=0.01s Sys=0.00s Real=0.00s
[2024-04-24T06:34:33.007+0000][gc,start    ] GC(339) Pause Young (Normal) (G1 Evacuation Pause)
[2024-04-24T06:34:33.007+0000][gc,task     ] GC(339) Using 8 workers of 8 for evacuation
[2024-04-24T06:34:33.009+0000][gc,phases   ] GC(339)   Pre Evacuate Collection Set: 0.1ms
[2024-04-24T06:34:33.009+0000][gc,phases   ] GC(339)   Merge Heap Roots: 0.1ms
[2024-04-24T06:34:33.009+0000][gc,phases   ] GC(339)   Evacuate Collection Set: 1.4ms
[2024-04-24T06:34:33.009+0000][gc,phases   ] GC(339)   Post Evacuate Collection Set: 0.4ms
[2024-04-24T06:34:33.009+0000][gc,phases   ] GC(339)   Other: 0.1ms
[2024-04-24T06:34:33.009+0000][gc,heap     ] GC(339) Eden regions: 613->0(613)
[2024-04-24T06:34:33.009+0000][gc,heap     ] GC(339) Survivor regions: 1->1(77)
[2024-04-24T06:34:33.009+0000][gc,heap     ] GC(339) Old regions: 59->59
[2024-04-24T06:34:33.009+0000][gc,heap     ] GC(339) Archive regions: 2->2
[2024-04-24T06:34:33.009+0000][gc,heap     ] GC(339) Humongous regions: 129->129
[2024-04-24T06:34:33.009+0000][gc,metaspace] GC(339) Metaspace: 43328K(43968K)->43328K(43968K) NonClass: 38285K(38656K)->38285K(38656K) Class: 5042K(5312K)->5042K(5312K)
[2024-04-24T06:34:33.009+0000][gc          ] GC(339) Pause Young (Normal) (G1 Evacuation Pause) 802M->189M(1024M) 2.209ms
[2024-04-24T06:34:33.009+0000][gc,cpu      ] GC(339) User=0.01s Sys=0.00s Real=0.00s
[2024-04-24T06:34:34.042+0000][gc,start    ] GC(340) Pause Young (Normal) (G1 Evacuation Pause)
[2024-04-24T06:34:34.042+0000][gc,task     ] GC(340) Using 8 workers of 8 for evacuation
[2024-04-24T06:34:34.044+0000][gc,phases   ] GC(340)   Pre Evacuate Collection Set: 0.1ms
[2024-04-24T06:34:34.044+0000][gc,phases   ] GC(340)   Merge Heap Roots: 0.1ms
[2024-04-24T06:34:34.044+0000][gc,phases   ] GC(340)   Evacuate Collection Set: 1.6ms
[2024-04-24T06:34:34.044+0000][gc,phases   ] GC(340)   Post Evacuate Collection Set: 0.4ms
[2024-04-24T06:34:34.044+0000][gc,phases   ] GC(340)   Other: 0.1ms
[2024-04-24T06:34:34.044+0000][gc,heap     ] GC(340) Eden regions: 613->0(613)
[2024-04-24T06:34:34.044+0000][gc,heap     ] GC(340) Survivor regions: 1->1(77)
[2024-04-24T06:34:34.044+0000][gc,heap     ] GC(340) Old regions: 59->59
[2024-04-24T06:34:34.044+0000][gc,heap     ] GC(340) Archive regions: 2->2
[2024-04-24T06:34:34.044+0000][gc,heap     ] GC(340) Humongous regions: 129->129
[2024-04-24T06:34:34.044+0000][gc,metaspace] GC(340) Metaspace: 43328K(43968K)->43328K(43968K) NonClass: 38285K(38656K)->38285K(38656K) Class: 5042K(5312K)->5042K(5312K)
[2024-04-24T06:34:34.044+0000][gc          ] GC(340) Pause Young (Normal) (G1 Evacuation Pause) 802M->189M(1024M) 2.373ms
[2024-04-24T06:34:34.044+0000][gc,cpu      ] GC(340) User=0.01s Sys=0.00s Real=0.01s
[2024-04-24T06:34:35.068+0000][gc,start    ] GC(341) Pause Young (Normal) (G1 Evacuation Pause)
[2024-04-24T06:34:35.068+0000][gc,task     ] GC(341) Using 8 workers of 8 for evacuation
[2024-04-24T06:34:35.070+0000][gc,phases   ] GC(341)   Pre Evacuate Collection Set: 0.1ms
[2024-04-24T06:34:35.070+0000][gc,phases   ] GC(341)   Merge Heap Roots: 0.1ms
[2024-04-24T06:34:35.070+0000][gc,phases   ] GC(341)   Evacuate Collection Set: 1.7ms
[2024-04-24T06:34:35.070+0000][gc,phases   ] GC(341)   Post Evacuate Collection Set: 0.4ms
[2024-04-24T06:34:35.070+0000][gc,phases   ] GC(341)   Other: 0.1ms
[2024-04-24T06:34:35.070+0000][gc,heap     ] GC(341) Eden regions: 613->0(613)
[2024-04-24T06:34:35.070+0000][gc,heap     ] GC(341) Survivor regions: 1->1(77)
[2024-04-24T06:34:35.070+0000][gc,heap     ] GC(341) Old regions: 59->59
[2024-04-24T06:34:35.070+0000][gc,heap     ] GC(341) Archive regions: 2->2
[2024-04-24T06:34:35.070+0000][gc,heap     ] GC(341) Humongous regions: 129->129
[2024-04-24T06:34:35.070+0000][gc,metaspace] GC(341) Metaspace: 43328K(43968K)->43328K(43968K) NonClass: 38285K(38656K)->38285K(38656K) Class: 5042K(5312K)->5042K(5312K)
[2024-04-24T06:34:35.070+0000][gc          ] GC(341) Pause Young (Normal) (G1 Evacuation Pause) 802M->189M(1024M) 2.473ms
[2024-04-24T06:34:35.070+0000][gc,cpu      ] GC(341) User=0.02s Sys=0.00s Real=0.00s
[2024-04-24T06:34:36.088+0000][gc,start    ] GC(342) Pause Young (Normal) (G1 Evacuation Pause)
[2024-04-24T06:34:36.088+0000][gc,task     ] GC(342) Using 8 workers of 8 for evacuation
[2024-04-24T06:34:36.090+0000][gc,phases   ] GC(342)   Pre Evacuate Collection Set: 0.1ms
[2024-04-24T06:34:36.090+0000][gc,phases   ] GC(342)   Merge Heap Roots: 0.1ms
[2024-04-24T06:34:36.090+0000][gc,phases   ] GC(342)   Evacuate Collection Set: 1.6ms
[2024-04-24T06:34:36.090+0000][gc,phases   ] GC(342)   Post Evacuate Collection Set: 0.4ms
[2024-04-24T06:34:36.090+0000][gc,phases   ] GC(342)   Other: 0.1ms
[2024-04-24T06:34:36.090+0000][gc,heap     ] GC(342) Eden regions: 613->0(613)
[2024-04-24T06:34:36.090+0000][gc,heap     ] GC(342) Survivor regions: 1->1(77)
[2024-04-24T06:34:36.090+0000][gc,heap     ] GC(342) Old regions: 59->59
[2024-04-24T06:34:36.090+0000][gc,heap     ] GC(342) Archive regions: 2->2
[2024-04-24T06:34:36.090+0000][gc,heap     ] GC(342) Humongous regions: 129->129
[2024-04-24T06:34:36.090+0000][gc,metaspace] GC(342) Metaspace: 43328K(43968K)->43328K(43968K) NonClass: 38285K(38656K)->38285K(38656K) Class: 5042K(5312K)->5042K(5312K)
[2024-04-24T06:34:36.090+0000][gc          ] GC(342) Pause Young (Normal) (G1 Evacuation Pause) 802M->189M(1024M) 2.373ms
[2024-04-24T06:34:36.090+0000][gc,cpu      ] GC(342) User=0.01s Sys=0.00s Real=0.00s
[2024-04-24T06:34:37.225+0000][gc,start    ] GC(343) Pause Young (Normal) (G1 Evacuation Pause)
[2024-04-24T06:34:37.225+0000][gc,task     ] GC(343) Using 8 workers of 8 for evacuation
[2024-04-24T06:34:37.227+0000][gc,phases   ] GC(343)   Pre Evacuate Collection Set: 0.1ms
[2024-04-24T06:34:37.227+0000][gc,phases   ] GC(343)   Merge Heap Roots: 0.1ms
[2024-04-24T06:34:37.227+0000][gc,phases   ] GC(343)   Evacuate Collection Set: 1.5ms
[2024-04-24T06:34:37.227+0000][gc,phases   ] GC(343)   Post Evacuate Collection Set: 0.4ms
[2024-04-24T06:34:37.227+0000][gc,phases   ] GC(343)   Other: 0.1ms
[2024-04-24T06:34:37.227+0000][gc,heap     ] GC(343) Eden regions: 613->0(613)
[2024-04-24T06:34:37.227+0000][gc,heap     ] GC(343) Survivor regions: 1->1(77)
[2024-04-24T06:34:37.227+0000][gc,heap     ] GC(343) Old regions: 59->60
[2024-04-24T06:34:37.227+0000][gc,heap     ] GC(343) Archive regions: 2->2
[2024-04-24T06:34:37.227+0000][gc,heap     ] GC(343) Humongous regions: 129->129
[2024-04-24T06:34:37.227+0000][gc,metaspace] GC(343) Metaspace: 43328K(43968K)->43328K(43968K) NonClass: 38285K(38656K)->38285K(38656K) Class: 5042K(5312K)->5042K(5312K)
[2024-04-24T06:34:37.227+0000][gc          ] GC(343) Pause Young (Normal) (G1 Evacuation Pause) 802M->189M(1024M) 2.282ms
[2024-04-24T06:34:37.227+0000][gc,cpu      ] GC(343) User=0.00s Sys=0.01s Real=0.00s
[2024-04-24T06:34:38.236+0000][gc,start    ] GC(344) Pause Young (Normal) (G1 Evacuation Pause)
[2024-04-24T06:34:38.236+0000][gc,task     ] GC(344) Using 8 workers of 8 for evacuation
[2024-04-24T06:34:38.238+0000][gc,phases   ] GC(344)   Pre Evacuate Collection Set: 0.1ms
[2024-04-24T06:34:38.238+0000][gc,phases   ] GC(344)   Merge Heap Roots: 0.1ms
[2024-04-24T06:34:38.238+0000][gc,phases   ] GC(344)   Evacuate Collection Set: 1.4ms
[2024-04-24T06:34:38.238+0000][gc,phases   ] GC(344)   Post Evacuate Collection Set: 0.4ms
[2024-04-24T06:34:38.238+0000][gc,phases   ] GC(344)   Other: 0.1ms
[2024-04-24T06:34:38.238+0000][gc,heap     ] GC(344) Eden regions: 613->0(613)
[2024-04-24T06:34:38.238+0000][gc,heap     ] GC(344) Survivor regions: 1->1(77)
[2024-04-24T06:34:38.238+0000][gc,heap     ] GC(344) Old regions: 60->60
[2024-04-24T06:34:38.238+0000][gc,heap     ] GC(344) Archive regions: 2->2
[2024-04-24T06:34:38.238+0000][gc,heap     ] GC(344) Humongous regions: 129->129
[2024-04-24T06:34:38.238+0000][gc,metaspace] GC(344) Metaspace: 43329K(43968K)->43329K(43968K) NonClass: 38286K(38656K)->38286K(38656K) Class: 5042K(5312K)->5042K(5312K)
[2024-04-24T06:34:38.238+0000][gc          ] GC(344) Pause Young (Normal) (G1 Evacuation Pause) 802M->190M(1024M) 2.195ms
[2024-04-24T06:34:38.238+0000][gc,cpu      ] GC(344) User=0.01s Sys=0.00s Real=0.00s
[2024-04-24T06:36:10.842+0000][gc,start    ] GC(345) Pause Young (Normal) (G1 Evacuation Pause)
[2024-04-24T06:36:10.842+0000][gc,task     ] GC(345) Using 8 workers of 8 for evacuation
[2024-04-24T06:36:10.845+0000][gc,phases   ] GC(345)   Pre Evacuate Collection Set: 0.1ms
[2024-04-24T06:36:10.845+0000][gc,phases   ] GC(345)   Merge Heap Roots: 0.1ms
[2024-04-24T06:36:10.845+0000][gc,phases   ] GC(345)   Evacuate Collection Set: 1.9ms
[2024-04-24T06:36:10.845+0000][gc,phases   ] GC(345)   Post Evacuate Collection Set: 0.4ms
[2024-04-24T06:36:10.845+0000][gc,phases   ] GC(345)   Other: 0.1ms
[2024-04-24T06:36:10.845+0000][gc,heap     ] GC(345) Eden regions: 613->0(612)
[2024-04-24T06:36:10.845+0000][gc,heap     ] GC(345) Survivor regions: 1->2(77)
[2024-04-24T06:36:10.845+0000][gc,heap     ] GC(345) Old regions: 60->60
[2024-04-24T06:36:10.845+0000][gc,heap     ] GC(345) Archive regions: 2->2
[2024-04-24T06:36:10.845+0000][gc,heap     ] GC(345) Humongous regions: 129->129
[2024-04-24T06:36:10.845+0000][gc,metaspace] GC(345) Metaspace: 43372K(43968K)->43372K(43968K) NonClass: 38329K(38656K)->38329K(38656K) Class: 5042K(5312K)->5042K(5312K)
[2024-04-24T06:36:10.845+0000][gc          ] GC(345) Pause Young (Normal) (G1 Evacuation Pause) 803M->190M(1024M) 2.639ms
[2024-04-24T06:36:10.845+0000][gc,cpu      ] GC(345) User=0.01s Sys=0.00s Real=0.01s
[2024-04-24T06:36:12.134+0000][gc,start    ] GC(346) Pause Young (Normal) (G1 Evacuation Pause)
[2024-04-24T06:36:12.134+0000][gc,task     ] GC(346) Using 8 workers of 8 for evacuation
[2024-04-24T06:36:12.137+0000][gc,phases   ] GC(346)   Pre Evacuate Collection Set: 0.1ms
[2024-04-24T06:36:12.137+0000][gc,phases   ] GC(346)   Merge Heap Roots: 0.1ms
[2024-04-24T06:36:12.137+0000][gc,phases   ] GC(346)   Evacuate Collection Set: 2.3ms
[2024-04-24T06:36:12.137+0000][gc,phases   ] GC(346)   Post Evacuate Collection Set: 0.4ms
[2024-04-24T06:36:12.137+0000][gc,phases   ] GC(346)   Other: 0.1ms
[2024-04-24T06:36:12.137+0000][gc,heap     ] GC(346) Eden regions: 612->0(612)
[2024-04-24T06:36:12.137+0000][gc,heap     ] GC(346) Survivor regions: 2->2(77)
[2024-04-24T06:36:12.137+0000][gc,heap     ] GC(346) Old regions: 60->60
[2024-04-24T06:36:12.137+0000][gc,heap     ] GC(346) Archive regions: 2->2
[2024-04-24T06:36:12.137+0000][gc,heap     ] GC(346) Humongous regions: 129->129
[2024-04-24T06:36:12.137+0000][gc,metaspace] GC(346) Metaspace: 43374K(43968K)->43374K(43968K) NonClass: 38331K(38656K)->38331K(38656K) Class: 5042K(5312K)->5042K(5312K)
[2024-04-24T06:36:12.137+0000][gc          ] GC(346) Pause Young (Normal) (G1 Evacuation Pause) 802M->190M(1024M) 3.111ms
[2024-04-24T06:36:12.137+0000][gc,cpu      ] GC(346) User=0.01s Sys=0.00s Real=0.00s
[2024-04-24T06:36:13.491+0000][gc,start    ] GC(347) Pause Young (Normal) (G1 Evacuation Pause)
[2024-04-24T06:36:13.491+0000][gc,task     ] GC(347) Using 8 workers of 8 for evacuation
[2024-04-24T06:36:13.495+0000][gc,phases   ] GC(347)   Pre Evacuate Collection Set: 0.1ms
[2024-04-24T06:36:13.495+0000][gc,phases   ] GC(347)   Merge Heap Roots: 0.1ms
[2024-04-24T06:36:13.495+0000][gc,phases   ] GC(347)   Evacuate Collection Set: 3.0ms
[2024-04-24T06:36:13.495+0000][gc,phases   ] GC(347)   Post Evacuate Collection Set: 0.6ms
[2024-04-24T06:36:13.495+0000][gc,phases   ] GC(347)   Other: 0.1ms
[2024-04-24T06:36:13.495+0000][gc,heap     ] GC(347) Eden regions: 612->0(612)
[2024-04-24T06:36:13.495+0000][gc,heap     ] GC(347) Survivor regions: 2->2(77)
[2024-04-24T06:36:13.495+0000][gc,heap     ] GC(347) Old regions: 60->60
[2024-04-24T06:36:13.495+0000][gc,heap     ] GC(347) Archive regions: 2->2
[2024-04-24T06:36:13.495+0000][gc,heap     ] GC(347) Humongous regions: 129->129
[2024-04-24T06:36:13.495+0000][gc,metaspace] GC(347) Metaspace: 43374K(43968K)->43374K(43968K) NonClass: 38331K(38656K)->38331K(38656K) Class: 5042K(5312K)->5042K(5312K)
[2024-04-24T06:36:13.495+0000][gc          ] GC(347) Pause Young (Normal) (G1 Evacuation Pause) 802M->190M(1024M) 4.139ms
[2024-04-24T06:36:13.495+0000][gc,cpu      ] GC(347) User=0.01s Sys=0.00s Real=0.01s
[2024-04-24T06:36:14.820+0000][gc,start    ] GC(348) Pause Young (Normal) (G1 Evacuation Pause)
[2024-04-24T06:36:14.820+0000][gc,task     ] GC(348) Using 8 workers of 8 for evacuation
[2024-04-24T06:36:14.823+0000][gc,phases   ] GC(348)   Pre Evacuate Collection Set: 0.1ms
[2024-04-24T06:36:14.823+0000][gc,phases   ] GC(348)   Merge Heap Roots: 0.1ms
[2024-04-24T06:36:14.823+0000][gc,phases   ] GC(348)   Evacuate Collection Set: 2.2ms
[2024-04-24T06:36:14.823+0000][gc,phases   ] GC(348)   Post Evacuate Collection Set: 0.4ms
[2024-04-24T06:36:14.823+0000][gc,phases   ] GC(348)   Other: 0.1ms
[2024-04-24T06:36:14.823+0000][gc,heap     ] GC(348) Eden regions: 612->0(612)
[2024-04-24T06:36:14.823+0000][gc,heap     ] GC(348) Survivor regions: 2->2(77)
[2024-04-24T06:36:14.823+0000][gc,heap     ] GC(348) Old regions: 60->60
[2024-04-24T06:36:14.823+0000][gc,heap     ] GC(348) Archive regions: 2->2
[2024-04-24T06:36:14.823+0000][gc,heap     ] GC(348) Humongous regions: 129->129
[2024-04-24T06:36:14.823+0000][gc,metaspace] GC(348) Metaspace: 43374K(43968K)->43374K(43968K) NonClass: 38331K(38656K)->38331K(38656K) Class: 5042K(5312K)->5042K(5312K)
[2024-04-24T06:36:14.823+0000][gc          ] GC(348) Pause Young (Normal) (G1 Evacuation Pause) 802M->190M(1024M) 2.972ms
[2024-04-24T06:36:14.823+0000][gc,cpu      ] GC(348) User=0.01s Sys=0.00s Real=0.00s
[2024-04-24T06:36:16.134+0000][gc,start    ] GC(349) Pause Young (Normal) (G1 Evacuation Pause)
[2024-04-24T06:36:16.134+0000][gc,task     ] GC(349) Using 8 workers of 8 for evacuation
[2024-04-24T06:36:16.137+0000][gc,phases   ] GC(349)   Pre Evacuate Collection Set: 0.1ms
[2024-04-24T06:36:16.137+0000][gc,phases   ] GC(349)   Merge Heap Roots: 0.1ms
[2024-04-24T06:36:16.137+0000][gc,phases   ] GC(349)   Evacuate Collection Set: 2.1ms
[2024-04-24T06:36:16.137+0000][gc,phases   ] GC(349)   Post Evacuate Collection Set: 0.5ms
[2024-04-24T06:36:16.137+0000][gc,phases   ] GC(349)   Other: 0.1ms
[2024-04-24T06:36:16.137+0000][gc,heap     ] GC(349) Eden regions: 612->0(612)
[2024-04-24T06:36:16.137+0000][gc,heap     ] GC(349) Survivor regions: 2->2(77)
[2024-04-24T06:36:16.137+0000][gc,heap     ] GC(349) Old regions: 60->60
[2024-04-24T06:36:16.137+0000][gc,heap     ] GC(349) Archive regions: 2->2
[2024-04-24T06:36:16.137+0000][gc,heap     ] GC(349) Humongous regions: 129->129
[2024-04-24T06:36:16.137+0000][gc,metaspace] GC(349) Metaspace: 43374K(43968K)->43374K(43968K) NonClass: 38331K(38656K)->38331K(38656K) Class: 5042K(5312K)->5042K(5312K)
[2024-04-24T06:36:16.137+0000][gc          ] GC(349) Pause Young (Normal) (G1 Evacuation Pause) 802M->190M(1024M) 3.050ms
[2024-04-24T06:36:16.137+0000][gc,cpu      ] GC(349) User=0.01s Sys=0.00s Real=0.00s
[2024-04-24T06:36:17.345+0000][gc,start    ] GC(350) Pause Young (Normal) (G1 Evacuation Pause)
[2024-04-24T06:36:17.345+0000][gc,task     ] GC(350) Using 8 workers of 8 for evacuation
[2024-04-24T06:36:17.348+0000][gc,phases   ] GC(350)   Pre Evacuate Collection Set: 0.1ms
[2024-04-24T06:36:17.348+0000][gc,phases   ] GC(350)   Merge Heap Roots: 0.1ms
[2024-04-24T06:36:17.348+0000][gc,phases   ] GC(350)   Evacuate Collection Set: 2.3ms
[2024-04-24T06:36:17.348+0000][gc,phases   ] GC(350)   Post Evacuate Collection Set: 0.5ms
[2024-04-24T06:36:17.348+0000][gc,phases   ] GC(350)   Other: 0.1ms
[2024-04-24T06:36:17.348+0000][gc,heap     ] GC(350) Eden regions: 612->0(612)
[2024-04-24T06:36:17.348+0000][gc,heap     ] GC(350) Survivor regions: 2->2(77)
[2024-04-24T06:36:17.348+0000][gc,heap     ] GC(350) Old regions: 60->60
[2024-04-24T06:36:17.348+0000][gc,heap     ] GC(350) Archive regions: 2->2
[2024-04-24T06:36:17.348+0000][gc,heap     ] GC(350) Humongous regions: 129->129
[2024-04-24T06:36:17.348+0000][gc,metaspace] GC(350) Metaspace: 43374K(43968K)->43374K(43968K) NonClass: 38331K(38656K)->38331K(38656K) Class: 5042K(5312K)->5042K(5312K)
[2024-04-24T06:36:17.348+0000][gc          ] GC(350) Pause Young (Normal) (G1 Evacuation Pause) 802M->190M(1024M) 3.210ms
[2024-04-24T06:36:17.348+0000][gc,cpu      ] GC(350) User=0.01s Sys=0.00s Real=0.00s
[2024-04-24T06:36:18.409+0000][gc,start    ] GC(351) Pause Young (Normal) (G1 Evacuation Pause)
[2024-04-24T06:36:18.409+0000][gc,task     ] GC(351) Using 8 workers of 8 for evacuation
[2024-04-24T06:36:18.411+0000][gc,phases   ] GC(351)   Pre Evacuate Collection Set: 0.1ms
[2024-04-24T06:36:18.411+0000][gc,phases   ] GC(351)   Merge Heap Roots: 0.1ms
[2024-04-24T06:36:18.411+0000][gc,phases   ] GC(351)   Evacuate Collection Set: 1.9ms
[2024-04-24T06:36:18.411+0000][gc,phases   ] GC(351)   Post Evacuate Collection Set: 0.4ms
[2024-04-24T06:36:18.411+0000][gc,phases   ] GC(351)   Other: 0.1ms
[2024-04-24T06:36:18.411+0000][gc,heap     ] GC(351) Eden regions: 612->0(612)
[2024-04-24T06:36:18.411+0000][gc,heap     ] GC(351) Survivor regions: 2->2(77)
[2024-04-24T06:36:18.411+0000][gc,heap     ] GC(351) Old regions: 60->60
[2024-04-24T06:36:18.411+0000][gc,heap     ] GC(351) Archive regions: 2->2
[2024-04-24T06:36:18.411+0000][gc,heap     ] GC(351) Humongous regions: 129->129
[2024-04-24T06:36:18.411+0000][gc,metaspace] GC(351) Metaspace: 43374K(43968K)->43374K(43968K) NonClass: 38331K(38656K)->38331K(38656K) Class: 5042K(5312K)->5042K(5312K)
[2024-04-24T06:36:18.411+0000][gc          ] GC(351) Pause Young (Normal) (G1 Evacuation Pause) 802M->191M(1024M) 2.716ms
[2024-04-24T06:36:18.411+0000][gc,cpu      ] GC(351) User=0.01s Sys=0.00s Real=0.00s
[2024-04-24T06:36:19.461+0000][gc,start    ] GC(352) Pause Young (Normal) (G1 Evacuation Pause)
[2024-04-24T06:36:19.461+0000][gc,task     ] GC(352) Using 8 workers of 8 for evacuation
[2024-04-24T06:36:19.464+0000][gc,phases   ] GC(352)   Pre Evacuate Collection Set: 0.1ms
[2024-04-24T06:36:19.464+0000][gc,phases   ] GC(352)   Merge Heap Roots: 0.1ms
[2024-04-24T06:36:19.464+0000][gc,phases   ] GC(352)   Evacuate Collection Set: 2.0ms
[2024-04-24T06:36:19.464+0000][gc,phases   ] GC(352)   Post Evacuate Collection Set: 0.4ms
[2024-04-24T06:36:19.464+0000][gc,phases   ] GC(352)   Other: 0.1ms
[2024-04-24T06:36:19.464+0000][gc,heap     ] GC(352) Eden regions: 612->0(612)
[2024-04-24T06:36:19.464+0000][gc,heap     ] GC(352) Survivor regions: 2->2(77)
[2024-04-24T06:36:19.464+0000][gc,heap     ] GC(352) Old regions: 60->60
[2024-04-24T06:36:19.464+0000][gc,heap     ] GC(352) Archive regions: 2->2
[2024-04-24T06:36:19.464+0000][gc,heap     ] GC(352) Humongous regions: 129->129
[2024-04-24T06:36:19.464+0000][gc,metaspace] GC(352) Metaspace: 43374K(43968K)->43374K(43968K) NonClass: 38331K(38656K)->38331K(38656K) Class: 5042K(5312K)->5042K(5312K)
[2024-04-24T06:36:19.464+0000][gc          ] GC(352) Pause Young (Normal) (G1 Evacuation Pause) 803M->191M(1024M) 2.733ms
[2024-04-24T06:36:19.464+0000][gc,cpu      ] GC(352) User=0.01s Sys=0.00s Real=0.01s
[2024-04-24T06:36:20.655+0000][gc,start    ] GC(353) Pause Young (Normal) (G1 Evacuation Pause)
[2024-04-24T06:36:20.655+0000][gc,task     ] GC(353) Using 8 workers of 8 for evacuation
[2024-04-24T06:36:20.658+0000][gc,phases   ] GC(353)   Pre Evacuate Collection Set: 0.1ms
[2024-04-24T06:36:20.658+0000][gc,phases   ] GC(353)   Merge Heap Roots: 0.1ms
[2024-04-24T06:36:20.658+0000][gc,phases   ] GC(353)   Evacuate Collection Set: 2.1ms
[2024-04-24T06:36:20.658+0000][gc,phases   ] GC(353)   Post Evacuate Collection Set: 0.4ms
[2024-04-24T06:36:20.658+0000][gc,phases   ] GC(353)   Other: 0.1ms
[2024-04-24T06:36:20.658+0000][gc,heap     ] GC(353) Eden regions: 612->0(612)
[2024-04-24T06:36:20.658+0000][gc,heap     ] GC(353) Survivor regions: 2->2(77)
[2024-04-24T06:36:20.658+0000][gc,heap     ] GC(353) Old regions: 60->60
[2024-04-24T06:36:20.658+0000][gc,heap     ] GC(353) Archive regions: 2->2
[2024-04-24T06:36:20.658+0000][gc,heap     ] GC(353) Humongous regions: 129->129
[2024-04-24T06:36:20.658+0000][gc,metaspace] GC(353) Metaspace: 43375K(43968K)->43375K(43968K) NonClass: 38332K(38656K)->38332K(38656K) Class: 5042K(5312K)->5042K(5312K)
[2024-04-24T06:36:20.658+0000][gc          ] GC(353) Pause Young (Normal) (G1 Evacuation Pause) 803M->191M(1024M) 2.873ms
[2024-04-24T06:36:20.658+0000][gc,cpu      ] GC(353) User=0.01s Sys=0.00s Real=0.00s
[2024-04-24T06:36:21.798+0000][gc,start    ] GC(354) Pause Young (Normal) (G1 Evacuation Pause)
[2024-04-24T06:36:21.798+0000][gc,task     ] GC(354) Using 8 workers of 8 for evacuation
[2024-04-24T06:36:21.801+0000][gc,phases   ] GC(354)   Pre Evacuate Collection Set: 0.1ms
[2024-04-24T06:36:21.801+0000][gc,phases   ] GC(354)   Merge Heap Roots: 0.1ms
[2024-04-24T06:36:21.801+0000][gc,phases   ] GC(354)   Evacuate Collection Set: 2.2ms
[2024-04-24T06:36:21.801+0000][gc,phases   ] GC(354)   Post Evacuate Collection Set: 0.4ms
[2024-04-24T06:36:21.801+0000][gc,phases   ] GC(354)   Other: 0.1ms
[2024-04-24T06:36:21.801+0000][gc,heap     ] GC(354) Eden regions: 612->0(612)
[2024-04-24T06:36:21.801+0000][gc,heap     ] GC(354) Survivor regions: 2->2(77)
[2024-04-24T06:36:21.801+0000][gc,heap     ] GC(354) Old regions: 60->60
[2024-04-24T06:36:21.801+0000][gc,heap     ] GC(354) Archive regions: 2->2
[2024-04-24T06:36:21.801+0000][gc,heap     ] GC(354) Humongous regions: 129->129
[2024-04-24T06:36:21.801+0000][gc,metaspace] GC(354) Metaspace: 43375K(43968K)->43375K(43968K) NonClass: 38332K(38656K)->38332K(38656K) Class: 5042K(5312K)->5042K(5312K)
[2024-04-24T06:36:21.801+0000][gc          ] GC(354) Pause Young (Normal) (G1 Evacuation Pause) 803M->191M(1024M) 3.072ms
[2024-04-24T06:36:21.801+0000][gc,cpu      ] GC(354) User=0.02s Sys=0.00s Real=0.00s
[2024-04-24T06:36:22.982+0000][gc,start    ] GC(355) Pause Young (Normal) (G1 Evacuation Pause)
[2024-04-24T06:36:22.982+0000][gc,task     ] GC(355) Using 8 workers of 8 for evacuation
[2024-04-24T06:36:22.985+0000][gc,phases   ] GC(355)   Pre Evacuate Collection Set: 0.1ms
[2024-04-24T06:36:22.985+0000][gc,phases   ] GC(355)   Merge Heap Roots: 0.1ms
[2024-04-24T06:36:22.985+0000][gc,phases   ] GC(355)   Evacuate Collection Set: 1.9ms
[2024-04-24T06:36:22.985+0000][gc,phases   ] GC(355)   Post Evacuate Collection Set: 0.4ms
[2024-04-24T06:36:22.985+0000][gc,phases   ] GC(355)   Other: 0.1ms
[2024-04-24T06:36:22.985+0000][gc,heap     ] GC(355) Eden regions: 612->0(612)
[2024-04-24T06:36:22.985+0000][gc,heap     ] GC(355) Survivor regions: 2->2(77)
[2024-04-24T06:36:22.985+0000][gc,heap     ] GC(355) Old regions: 60->60
[2024-04-24T06:36:22.985+0000][gc,heap     ] GC(355) Archive regions: 2->2
[2024-04-24T06:36:22.985+0000][gc,heap     ] GC(355) Humongous regions: 129->129
[2024-04-24T06:36:22.985+0000][gc,metaspace] GC(355) Metaspace: 43375K(43968K)->43375K(43968K) NonClass: 38332K(38656K)->38332K(38656K) Class: 5042K(5312K)->5042K(5312K)
[2024-04-24T06:36:22.985+0000][gc          ] GC(355) Pause Young (Normal) (G1 Evacuation Pause) 803M->191M(1024M) 2.729ms
[2024-04-24T06:36:22.985+0000][gc,cpu      ] GC(355) User=0.02s Sys=0.00s Real=0.01s
[2024-04-24T06:36:24.027+0000][gc,start    ] GC(356) Pause Young (Normal) (G1 Evacuation Pause)
[2024-04-24T06:36:24.027+0000][gc,task     ] GC(356) Using 8 workers of 8 for evacuation
[2024-04-24T06:36:24.029+0000][gc,phases   ] GC(356)   Pre Evacuate Collection Set: 0.1ms
[2024-04-24T06:36:24.029+0000][gc,phases   ] GC(356)   Merge Heap Roots: 0.1ms
[2024-04-24T06:36:24.029+0000][gc,phases   ] GC(356)   Evacuate Collection Set: 2.1ms
[2024-04-24T06:36:24.029+0000][gc,phases   ] GC(356)   Post Evacuate Collection Set: 0.4ms
[2024-04-24T06:36:24.029+0000][gc,phases   ] GC(356)   Other: 0.1ms
[2024-04-24T06:36:24.029+0000][gc,heap     ] GC(356) Eden regions: 612->0(611)
[2024-04-24T06:36:24.029+0000][gc,heap     ] GC(356) Survivor regions: 2->3(77)
[2024-04-24T06:36:24.029+0000][gc,heap     ] GC(356) Old regions: 60->60
[2024-04-24T06:36:24.029+0000][gc,heap     ] GC(356) Archive regions: 2->2
[2024-04-24T06:36:24.029+0000][gc,heap     ] GC(356) Humongous regions: 129->129
[2024-04-24T06:36:24.029+0000][gc,metaspace] GC(356) Metaspace: 43375K(43968K)->43375K(43968K) NonClass: 38332K(38656K)->38332K(38656K) Class: 5042K(5312K)->5042K(5312K)
[2024-04-24T06:36:24.030+0000][gc          ] GC(356) Pause Young (Normal) (G1 Evacuation Pause) 803M->191M(1024M) 2.905ms
[2024-04-24T06:36:24.030+0000][gc,cpu      ] GC(356) User=0.02s Sys=0.00s Real=0.00s
[2024-04-24T06:36:25.042+0000][gc,start    ] GC(357) Pause Young (Normal) (G1 Evacuation Pause)
[2024-04-24T06:36:25.042+0000][gc,task     ] GC(357) Using 8 workers of 8 for evacuation
[2024-04-24T06:36:25.045+0000][gc,phases   ] GC(357)   Pre Evacuate Collection Set: 0.1ms
[2024-04-24T06:36:25.045+0000][gc,phases   ] GC(357)   Merge Heap Roots: 0.1ms
[2024-04-24T06:36:25.045+0000][gc,phases   ] GC(357)   Evacuate Collection Set: 2.3ms
[2024-04-24T06:36:25.045+0000][gc,phases   ] GC(357)   Post Evacuate Collection Set: 0.4ms
[2024-04-24T06:36:25.045+0000][gc,phases   ] GC(357)   Other: 0.1ms
[2024-04-24T06:36:25.045+0000][gc,heap     ] GC(357) Eden regions: 611->0(611)
[2024-04-24T06:36:25.045+0000][gc,heap     ] GC(357) Survivor regions: 3->3(77)
[2024-04-24T06:36:25.045+0000][gc,heap     ] GC(357) Old regions: 60->60
[2024-04-24T06:36:25.045+0000][gc,heap     ] GC(357) Archive regions: 2->2
[2024-04-24T06:36:25.045+0000][gc,heap     ] GC(357) Humongous regions: 129->129
[2024-04-24T06:36:25.045+0000][gc,metaspace] GC(357) Metaspace: 43375K(43968K)->43375K(43968K) NonClass: 38332K(38656K)->38332K(38656K) Class: 5042K(5312K)->5042K(5312K)
[2024-04-24T06:36:25.045+0000][gc          ] GC(357) Pause Young (Normal) (G1 Evacuation Pause) 802M->192M(1024M) 3.075ms
[2024-04-24T06:36:25.045+0000][gc,cpu      ] GC(357) User=0.02s Sys=0.00s Real=0.01s
[2024-04-24T06:36:26.139+0000][gc,start    ] GC(358) Pause Young (Normal) (G1 Evacuation Pause)
[2024-04-24T06:36:26.140+0000][gc,task     ] GC(358) Using 8 workers of 8 for evacuation
[2024-04-24T06:36:26.142+0000][gc,phases   ] GC(358)   Pre Evacuate Collection Set: 0.1ms
[2024-04-24T06:36:26.142+0000][gc,phases   ] GC(358)   Merge Heap Roots: 0.1ms
[2024-04-24T06:36:26.142+0000][gc,phases   ] GC(358)   Evacuate Collection Set: 2.1ms
[2024-04-24T06:36:26.142+0000][gc,phases   ] GC(358)   Post Evacuate Collection Set: 0.4ms
[2024-04-24T06:36:26.142+0000][gc,phases   ] GC(358)   Other: 0.1ms
[2024-04-24T06:36:26.142+0000][gc,heap     ] GC(358) Eden regions: 611->0(611)
[2024-04-24T06:36:26.142+0000][gc,heap     ] GC(358) Survivor regions: 3->3(77)
[2024-04-24T06:36:26.142+0000][gc,heap     ] GC(358) Old regions: 60->61
[2024-04-24T06:36:26.142+0000][gc,heap     ] GC(358) Archive regions: 2->2
[2024-04-24T06:36:26.142+0000][gc,heap     ] GC(358) Humongous regions: 129->129
[2024-04-24T06:36:26.142+0000][gc,metaspace] GC(358) Metaspace: 43377K(43968K)->43377K(43968K) NonClass: 38334K(38656K)->38334K(38656K) Class: 5042K(5312K)->5042K(5312K)
[2024-04-24T06:36:26.142+0000][gc          ] GC(358) Pause Young (Normal) (G1 Evacuation Pause) 803M->192M(1024M) 2.910ms
[2024-04-24T06:36:26.142+0000][gc,cpu      ] GC(358) User=0.01s Sys=0.00s Real=0.00s
[2024-04-24T06:36:27.302+0000][gc,start    ] GC(359) Pause Young (Normal) (G1 Evacuation Pause)
[2024-04-24T06:36:27.302+0000][gc,task     ] GC(359) Using 8 workers of 8 for evacuation
[2024-04-24T06:36:27.305+0000][gc,phases   ] GC(359)   Pre Evacuate Collection Set: 0.1ms
[2024-04-24T06:36:27.305+0000][gc,phases   ] GC(359)   Merge Heap Roots: 0.1ms
[2024-04-24T06:36:27.305+0000][gc,phases   ] GC(359)   Evacuate Collection Set: 2.1ms
[2024-04-24T06:36:27.305+0000][gc,phases   ] GC(359)   Post Evacuate Collection Set: 0.4ms
[2024-04-24T06:36:27.305+0000][gc,phases   ] GC(359)   Other: 0.1ms
[2024-04-24T06:36:27.305+0000][gc,heap     ] GC(359) Eden regions: 611->0(611)
[2024-04-24T06:36:27.305+0000][gc,heap     ] GC(359) Survivor regions: 3->3(77)
[2024-04-24T06:36:27.305+0000][gc,heap     ] GC(359) Old regions: 61->61
[2024-04-24T06:36:27.305+0000][gc,heap     ] GC(359) Archive regions: 2->2
[2024-04-24T06:36:27.305+0000][gc,heap     ] GC(359) Humongous regions: 129->129
[2024-04-24T06:36:27.305+0000][gc,metaspace] GC(359) Metaspace: 43377K(43968K)->43377K(43968K) NonClass: 38334K(38656K)->38334K(38656K) Class: 5042K(5312K)->5042K(5312K)
[2024-04-24T06:36:27.305+0000][gc          ] GC(359) Pause Young (Normal) (G1 Evacuation Pause) 803M->192M(1024M) 2.944ms
[2024-04-24T06:36:27.305+0000][gc,cpu      ] GC(359) User=0.02s Sys=0.00s Real=0.01s
[2024-04-24T06:36:28.339+0000][gc,start    ] GC(360) Pause Young (Normal) (G1 Evacuation Pause)
[2024-04-24T06:36:28.339+0000][gc,task     ] GC(360) Using 8 workers of 8 for evacuation
[2024-04-24T06:36:28.342+0000][gc,phases   ] GC(360)   Pre Evacuate Collection Set: 0.1ms
[2024-04-24T06:36:28.342+0000][gc,phases   ] GC(360)   Merge Heap Roots: 0.1ms
[2024-04-24T06:36:28.342+0000][gc,phases   ] GC(360)   Evacuate Collection Set: 2.1ms
[2024-04-24T06:36:28.342+0000][gc,phases   ] GC(360)   Post Evacuate Collection Set: 0.4ms
[2024-04-24T06:36:28.342+0000][gc,phases   ] GC(360)   Other: 0.1ms
[2024-04-24T06:36:28.342+0000][gc,heap     ] GC(360) Eden regions: 611->0(611)
[2024-04-24T06:36:28.342+0000][gc,heap     ] GC(360) Survivor regions: 3->3(77)
[2024-04-24T06:36:28.342+0000][gc,heap     ] GC(360) Old regions: 61->61
[2024-04-24T06:36:28.342+0000][gc,heap     ] GC(360) Archive regions: 2->2
[2024-04-24T06:36:28.342+0000][gc,heap     ] GC(360) Humongous regions: 129->129
[2024-04-24T06:36:28.342+0000][gc,metaspace] GC(360) Metaspace: 43377K(43968K)->43377K(43968K) NonClass: 38334K(38656K)->38334K(38656K) Class: 5042K(5312K)->5042K(5312K)
[2024-04-24T06:36:28.342+0000][gc          ] GC(360) Pause Young (Normal) (G1 Evacuation Pause) 803M->192M(1024M) 2.929ms
[2024-04-24T06:36:28.342+0000][gc,cpu      ] GC(360) User=0.02s Sys=0.00s Real=0.00s
[2024-04-24T06:36:29.373+0000][gc,start    ] GC(361) Pause Young (Normal) (G1 Evacuation Pause)
[2024-04-24T06:36:29.373+0000][gc,task     ] GC(361) Using 8 workers of 8 for evacuation
[2024-04-24T06:36:29.376+0000][gc,phases   ] GC(361)   Pre Evacuate Collection Set: 0.1ms
[2024-04-24T06:36:29.376+0000][gc,phases   ] GC(361)   Merge Heap Roots: 0.1ms
[2024-04-24T06:36:29.376+0000][gc,phases   ] GC(361)   Evacuate Collection Set: 2.1ms
[2024-04-24T06:36:29.376+0000][gc,phases   ] GC(361)   Post Evacuate Collection Set: 0.4ms
[2024-04-24T06:36:29.376+0000][gc,phases   ] GC(361)   Other: 0.1ms
[2024-04-24T06:36:29.376+0000][gc,heap     ] GC(361) Eden regions: 611->0(611)
[2024-04-24T06:36:29.376+0000][gc,heap     ] GC(361) Survivor regions: 3->3(77)
[2024-04-24T06:36:29.376+0000][gc,heap     ] GC(361) Old regions: 61->61
[2024-04-24T06:36:29.376+0000][gc,heap     ] GC(361) Archive regions: 2->2
[2024-04-24T06:36:29.376+0000][gc,heap     ] GC(361) Humongous regions: 129->129
[2024-04-24T06:36:29.376+0000][gc,metaspace] GC(361) Metaspace: 43377K(43968K)->43377K(43968K) NonClass: 38334K(38656K)->38334K(38656K) Class: 5042K(5312K)->5042K(5312K)
[2024-04-24T06:36:29.376+0000][gc          ] GC(361) Pause Young (Normal) (G1 Evacuation Pause) 803M->192M(1024M) 2.844ms
[2024-04-24T06:36:29.376+0000][gc,cpu      ] GC(361) User=0.02s Sys=0.01s Real=0.00s
[2024-04-24T06:36:30.397+0000][gc,start    ] GC(362) Pause Young (Normal) (G1 Evacuation Pause)
[2024-04-24T06:36:30.398+0000][gc,task     ] GC(362) Using 8 workers of 8 for evacuation
[2024-04-24T06:36:30.400+0000][gc,phases   ] GC(362)   Pre Evacuate Collection Set: 0.1ms
[2024-04-24T06:36:30.400+0000][gc,phases   ] GC(362)   Merge Heap Roots: 0.1ms
[2024-04-24T06:36:30.400+0000][gc,phases   ] GC(362)   Evacuate Collection Set: 2.2ms
[2024-04-24T06:36:30.400+0000][gc,phases   ] GC(362)   Post Evacuate Collection Set: 0.4ms
[2024-04-24T06:36:30.400+0000][gc,phases   ] GC(362)   Other: 0.1ms
[2024-04-24T06:36:30.400+0000][gc,heap     ] GC(362) Eden regions: 611->0(611)
[2024-04-24T06:36:30.400+0000][gc,heap     ] GC(362) Survivor regions: 3->3(77)
[2024-04-24T06:36:30.400+0000][gc,heap     ] GC(362) Old regions: 61->61
[2024-04-24T06:36:30.400+0000][gc,heap     ] GC(362) Archive regions: 2->2
[2024-04-24T06:36:30.400+0000][gc,heap     ] GC(362) Humongous regions: 129->129
[2024-04-24T06:36:30.400+0000][gc,metaspace] GC(362) Metaspace: 43377K(43968K)->43377K(43968K) NonClass: 38334K(38656K)->38334K(38656K) Class: 5042K(5312K)->5042K(5312K)
[2024-04-24T06:36:30.400+0000][gc          ] GC(362) Pause Young (Normal) (G1 Evacuation Pause) 803M->192M(1024M) 2.980ms
[2024-04-24T06:36:30.400+0000][gc,cpu      ] GC(362) User=0.00s Sys=0.02s Real=0.00s
[2024-04-24T06:36:31.519+0000][gc,start    ] GC(363) Pause Young (Normal) (G1 Evacuation Pause)
[2024-04-24T06:36:31.519+0000][gc,task     ] GC(363) Using 8 workers of 8 for evacuation
[2024-04-24T06:36:31.522+0000][gc,phases   ] GC(363)   Pre Evacuate Collection Set: 0.1ms
[2024-04-24T06:36:31.522+0000][gc,phases   ] GC(363)   Merge Heap Roots: 0.1ms
[2024-04-24T06:36:31.522+0000][gc,phases   ] GC(363)   Evacuate Collection Set: 2.1ms
[2024-04-24T06:36:31.522+0000][gc,phases   ] GC(363)   Post Evacuate Collection Set: 0.4ms
[2024-04-24T06:36:31.522+0000][gc,phases   ] GC(363)   Other: 0.1ms
[2024-04-24T06:36:31.522+0000][gc,heap     ] GC(363) Eden regions: 611->0(611)
[2024-04-24T06:36:31.522+0000][gc,heap     ] GC(363) Survivor regions: 3->3(77)
[2024-04-24T06:36:31.522+0000][gc,heap     ] GC(363) Old regions: 61->61
[2024-04-24T06:36:31.522+0000][gc,heap     ] GC(363) Archive regions: 2->2
[2024-04-24T06:36:31.522+0000][gc,heap     ] GC(363) Humongous regions: 129->129
[2024-04-24T06:36:31.522+0000][gc,metaspace] GC(363) Metaspace: 43377K(43968K)->43377K(43968K) NonClass: 38334K(38656K)->38334K(38656K) Class: 5042K(5312K)->5042K(5312K)
[2024-04-24T06:36:31.522+0000][gc          ] GC(363) Pause Young (Normal) (G1 Evacuation Pause) 803M->192M(1024M) 2.956ms
[2024-04-24T06:36:31.522+0000][gc,cpu      ] GC(363) User=0.02s Sys=0.00s Real=0.00s
[2024-04-24T06:36:32.633+0000][gc,start    ] GC(364) Pause Young (Normal) (G1 Evacuation Pause)
[2024-04-24T06:36:32.633+0000][gc,task     ] GC(364) Using 8 workers of 8 for evacuation
[2024-04-24T06:36:32.636+0000][gc,phases   ] GC(364)   Pre Evacuate Collection Set: 0.1ms
[2024-04-24T06:36:32.636+0000][gc,phases   ] GC(364)   Merge Heap Roots: 0.1ms
[2024-04-24T06:36:32.636+0000][gc,phases   ] GC(364)   Evacuate Collection Set: 2.5ms
[2024-04-24T06:36:32.636+0000][gc,phases   ] GC(364)   Post Evacuate Collection Set: 0.4ms
[2024-04-24T06:36:32.636+0000][gc,phases   ] GC(364)   Other: 0.1ms
[2024-04-24T06:36:32.637+0000][gc,heap     ] GC(364) Eden regions: 611->0(611)
[2024-04-24T06:36:32.637+0000][gc,heap     ] GC(364) Survivor regions: 3->3(77)
[2024-04-24T06:36:32.637+0000][gc,heap     ] GC(364) Old regions: 61->61
[2024-04-24T06:36:32.637+0000][gc,heap     ] GC(364) Archive regions: 2->2
[2024-04-24T06:36:32.637+0000][gc,heap     ] GC(364) Humongous regions: 129->129
[2024-04-24T06:36:32.637+0000][gc,metaspace] GC(364) Metaspace: 43377K(43968K)->43377K(43968K) NonClass: 38334K(38656K)->38334K(38656K) Class: 5042K(5312K)->5042K(5312K)
[2024-04-24T06:36:32.637+0000][gc          ] GC(364) Pause Young (Normal) (G1 Evacuation Pause) 803M->192M(1024M) 3.358ms
[2024-04-24T06:36:32.637+0000][gc,cpu      ] GC(364) User=0.02s Sys=0.00s Real=0.00s
[2024-04-24T06:36:33.805+0000][gc,start    ] GC(365) Pause Young (Normal) (G1 Evacuation Pause)
[2024-04-24T06:36:33.805+0000][gc,task     ] GC(365) Using 8 workers of 8 for evacuation
[2024-04-24T06:36:33.808+0000][gc,phases   ] GC(365)   Pre Evacuate Collection Set: 0.1ms
[2024-04-24T06:36:33.808+0000][gc,phases   ] GC(365)   Merge Heap Roots: 0.1ms
[2024-04-24T06:36:33.808+0000][gc,phases   ] GC(365)   Evacuate Collection Set: 2.1ms
[2024-04-24T06:36:33.808+0000][gc,phases   ] GC(365)   Post Evacuate Collection Set: 0.4ms
[2024-04-24T06:36:33.808+0000][gc,phases   ] GC(365)   Other: 0.1ms
[2024-04-24T06:36:33.808+0000][gc,heap     ] GC(365) Eden regions: 611->0(611)
[2024-04-24T06:36:33.808+0000][gc,heap     ] GC(365) Survivor regions: 3->3(77)
[2024-04-24T06:36:33.808+0000][gc,heap     ] GC(365) Old regions: 61->62
[2024-04-24T06:36:33.808+0000][gc,heap     ] GC(365) Archive regions: 2->2
[2024-04-24T06:36:33.808+0000][gc,heap     ] GC(365) Humongous regions: 129->129
[2024-04-24T06:36:33.808+0000][gc,metaspace] GC(365) Metaspace: 43377K(43968K)->43377K(43968K) NonClass: 38334K(38656K)->38334K(38656K) Class: 5042K(5312K)->5042K(5312K)
[2024-04-24T06:36:33.808+0000][gc          ] GC(365) Pause Young (Normal) (G1 Evacuation Pause) 803M->193M(1024M) 2.913ms
[2024-04-24T06:36:33.808+0000][gc,cpu      ] GC(365) User=0.01s Sys=0.01s Real=0.00s
[2024-04-24T06:36:35.026+0000][gc,start    ] GC(366) Pause Young (Normal) (G1 Evacuation Pause)
[2024-04-24T06:36:35.026+0000][gc,task     ] GC(366) Using 8 workers of 8 for evacuation
[2024-04-24T06:36:35.029+0000][gc,phases   ] GC(366)   Pre Evacuate Collection Set: 0.1ms
[2024-04-24T06:36:35.029+0000][gc,phases   ] GC(366)   Merge Heap Roots: 0.1ms
[2024-04-24T06:36:35.029+0000][gc,phases   ] GC(366)   Evacuate Collection Set: 2.1ms
[2024-04-24T06:36:35.029+0000][gc,phases   ] GC(366)   Post Evacuate Collection Set: 0.4ms
[2024-04-24T06:36:35.029+0000][gc,phases   ] GC(366)   Other: 0.1ms
[2024-04-24T06:36:35.029+0000][gc,heap     ] GC(366) Eden regions: 611->0(612)
[2024-04-24T06:36:35.029+0000][gc,heap     ] GC(366) Survivor regions: 3->2(77)
[2024-04-24T06:36:35.029+0000][gc,heap     ] GC(366) Old regions: 62->62
[2024-04-24T06:36:35.029+0000][gc,heap     ] GC(366) Archive regions: 2->2
[2024-04-24T06:36:35.029+0000][gc,heap     ] GC(366) Humongous regions: 129->129
[2024-04-24T06:36:35.029+0000][gc,metaspace] GC(366) Metaspace: 43377K(43968K)->43377K(43968K) NonClass: 38334K(38656K)->38334K(38656K) Class: 5042K(5312K)->5042K(5312K)
[2024-04-24T06:36:35.029+0000][gc          ] GC(366) Pause Young (Normal) (G1 Evacuation Pause) 804M->193M(1024M) 2.853ms
[2024-04-24T06:36:35.029+0000][gc,cpu      ] GC(366) User=0.02s Sys=0.00s Real=0.00s
[2024-04-24T06:36:36.112+0000][gc,start    ] GC(367) Pause Young (Normal) (G1 Evacuation Pause)
[2024-04-24T06:36:36.112+0000][gc,task     ] GC(367) Using 8 workers of 8 for evacuation
[2024-04-24T06:36:36.115+0000][gc,phases   ] GC(367)   Pre Evacuate Collection Set: 0.1ms
[2024-04-24T06:36:36.115+0000][gc,phases   ] GC(367)   Merge Heap Roots: 0.1ms
[2024-04-24T06:36:36.115+0000][gc,phases   ] GC(367)   Evacuate Collection Set: 2.0ms
[2024-04-24T06:36:36.115+0000][gc,phases   ] GC(367)   Post Evacuate Collection Set: 0.4ms
[2024-04-24T06:36:36.115+0000][gc,phases   ] GC(367)   Other: 0.1ms
[2024-04-24T06:36:36.115+0000][gc,heap     ] GC(367) Eden regions: 612->0(612)
[2024-04-24T06:36:36.115+0000][gc,heap     ] GC(367) Survivor regions: 2->2(77)
[2024-04-24T06:36:36.115+0000][gc,heap     ] GC(367) Old regions: 62->62
[2024-04-24T06:36:36.115+0000][gc,heap     ] GC(367) Archive regions: 2->2
[2024-04-24T06:36:36.115+0000][gc,heap     ] GC(367) Humongous regions: 129->129
[2024-04-24T06:36:36.115+0000][gc,metaspace] GC(367) Metaspace: 43395K(43968K)->43395K(43968K) NonClass: 38352K(38656K)->38352K(38656K) Class: 5042K(5312K)->5042K(5312K)
[2024-04-24T06:36:36.115+0000][gc          ] GC(367) Pause Young (Normal) (G1 Evacuation Pause) 805M->193M(1024M) 2.772ms
[2024-04-24T06:36:36.115+0000][gc,cpu      ] GC(367) User=0.01s Sys=0.00s Real=0.00s
[2024-04-24T06:36:37.130+0000][gc,start    ] GC(368) Pause Young (Normal) (G1 Evacuation Pause)
[2024-04-24T06:36:37.130+0000][gc,task     ] GC(368) Using 8 workers of 8 for evacuation
[2024-04-24T06:36:37.133+0000][gc,phases   ] GC(368)   Pre Evacuate Collection Set: 0.1ms
[2024-04-24T06:36:37.133+0000][gc,phases   ] GC(368)   Merge Heap Roots: 0.1ms
[2024-04-24T06:36:37.133+0000][gc,phases   ] GC(368)   Evacuate Collection Set: 2.1ms
[2024-04-24T06:36:37.133+0000][gc,phases   ] GC(368)   Post Evacuate Collection Set: 0.4ms
[2024-04-24T06:36:37.133+0000][gc,phases   ] GC(368)   Other: 0.1ms
[2024-04-24T06:36:37.133+0000][gc,heap     ] GC(368) Eden regions: 612->0(612)
[2024-04-24T06:36:37.133+0000][gc,heap     ] GC(368) Survivor regions: 2->2(77)
[2024-04-24T06:36:37.133+0000][gc,heap     ] GC(368) Old regions: 62->62
[2024-04-24T06:36:37.133+0000][gc,heap     ] GC(368) Archive regions: 2->2
[2024-04-24T06:36:37.133+0000][gc,heap     ] GC(368) Humongous regions: 129->129
[2024-04-24T06:36:37.133+0000][gc,metaspace] GC(368) Metaspace: 43395K(43968K)->43395K(43968K) NonClass: 38352K(38656K)->38352K(38656K) Class: 5042K(5312K)->5042K(5312K)
[2024-04-24T06:36:37.133+0000][gc          ] GC(368) Pause Young (Normal) (G1 Evacuation Pause) 805M->193M(1024M) 2.926ms
[2024-04-24T06:36:37.133+0000][gc,cpu      ] GC(368) User=0.02s Sys=0.00s Real=0.01s
[2024-04-24T06:36:38.156+0000][gc,start    ] GC(369) Pause Young (Normal) (G1 Evacuation Pause)
[2024-04-24T06:36:38.156+0000][gc,task     ] GC(369) Using 8 workers of 8 for evacuation
[2024-04-24T06:36:38.159+0000][gc,phases   ] GC(369)   Pre Evacuate Collection Set: 0.1ms
[2024-04-24T06:36:38.159+0000][gc,phases   ] GC(369)   Merge Heap Roots: 0.1ms
[2024-04-24T06:36:38.159+0000][gc,phases   ] GC(369)   Evacuate Collection Set: 2.2ms
[2024-04-24T06:36:38.159+0000][gc,phases   ] GC(369)   Post Evacuate Collection Set: 0.4ms
[2024-04-24T06:36:38.159+0000][gc,phases   ] GC(369)   Other: 0.1ms
[2024-04-24T06:36:38.159+0000][gc,heap     ] GC(369) Eden regions: 612->0(612)
[2024-04-24T06:36:38.159+0000][gc,heap     ] GC(369) Survivor regions: 2->2(77)
[2024-04-24T06:36:38.159+0000][gc,heap     ] GC(369) Old regions: 62->62
[2024-04-24T06:36:38.159+0000][gc,heap     ] GC(369) Archive regions: 2->2
[2024-04-24T06:36:38.159+0000][gc,heap     ] GC(369) Humongous regions: 129->129
[2024-04-24T06:36:38.159+0000][gc,metaspace] GC(369) Metaspace: 43395K(43968K)->43395K(43968K) NonClass: 38352K(38656K)->38352K(38656K) Class: 5042K(5312K)->5042K(5312K)
[2024-04-24T06:36:38.159+0000][gc          ] GC(369) Pause Young (Normal) (G1 Evacuation Pause) 805M->193M(1024M) 2.910ms
[2024-04-24T06:36:38.159+0000][gc,cpu      ] GC(369) User=0.02s Sys=0.00s Real=0.00s
[2024-04-24T06:36:39.202+0000][gc,start    ] GC(370) Pause Young (Normal) (G1 Evacuation Pause)
[2024-04-24T06:36:39.202+0000][gc,task     ] GC(370) Using 8 workers of 8 for evacuation
[2024-04-24T06:36:39.205+0000][gc,phases   ] GC(370)   Pre Evacuate Collection Set: 0.1ms
[2024-04-24T06:36:39.205+0000][gc,phases   ] GC(370)   Merge Heap Roots: 0.1ms
[2024-04-24T06:36:39.205+0000][gc,phases   ] GC(370)   Evacuate Collection Set: 2.0ms
[2024-04-24T06:36:39.205+0000][gc,phases   ] GC(370)   Post Evacuate Collection Set: 0.4ms
[2024-04-24T06:36:39.205+0000][gc,phases   ] GC(370)   Other: 0.1ms
[2024-04-24T06:36:39.205+0000][gc,heap     ] GC(370) Eden regions: 612->0(612)
[2024-04-24T06:36:39.205+0000][gc,heap     ] GC(370) Survivor regions: 2->2(77)
[2024-04-24T06:36:39.205+0000][gc,heap     ] GC(370) Old regions: 62->62
[2024-04-24T06:36:39.205+0000][gc,heap     ] GC(370) Archive regions: 2->2
[2024-04-24T06:36:39.205+0000][gc,heap     ] GC(370) Humongous regions: 129->129
[2024-04-24T06:36:39.205+0000][gc,metaspace] GC(370) Metaspace: 43395K(43968K)->43395K(43968K) NonClass: 38352K(38656K)->38352K(38656K) Class: 5042K(5312K)->5042K(5312K)
[2024-04-24T06:36:39.205+0000][gc          ] GC(370) Pause Young (Normal) (G1 Evacuation Pause) 805M->193M(1024M) 2.770ms
[2024-04-24T06:36:39.205+0000][gc,cpu      ] GC(370) User=0.02s Sys=0.00s Real=0.01s
[2024-04-24T06:36:40.218+0000][gc,start    ] GC(371) Pause Young (Normal) (G1 Evacuation Pause)
[2024-04-24T06:36:40.218+0000][gc,task     ] GC(371) Using 8 workers of 8 for evacuation
[2024-04-24T06:36:40.221+0000][gc,phases   ] GC(371)   Pre Evacuate Collection Set: 0.1ms
[2024-04-24T06:36:40.221+0000][gc,phases   ] GC(371)   Merge Heap Roots: 0.1ms
[2024-04-24T06:36:40.221+0000][gc,phases   ] GC(371)   Evacuate Collection Set: 2.0ms
[2024-04-24T06:36:40.221+0000][gc,phases   ] GC(371)   Post Evacuate Collection Set: 0.4ms
[2024-04-24T06:36:40.221+0000][gc,phases   ] GC(371)   Other: 0.1ms
[2024-04-24T06:36:40.221+0000][gc,heap     ] GC(371) Eden regions: 612->0(612)
[2024-04-24T06:36:40.221+0000][gc,heap     ] GC(371) Survivor regions: 2->2(77)
[2024-04-24T06:36:40.221+0000][gc,heap     ] GC(371) Old regions: 62->62
[2024-04-24T06:36:40.221+0000][gc,heap     ] GC(371) Archive regions: 2->2
[2024-04-24T06:36:40.221+0000][gc,heap     ] GC(371) Humongous regions: 129->129
[2024-04-24T06:36:40.221+0000][gc,metaspace] GC(371) Metaspace: 43395K(43968K)->43395K(43968K) NonClass: 38352K(38656K)->38352K(38656K) Class: 5042K(5312K)->5042K(5312K)
[2024-04-24T06:36:40.221+0000][gc          ] GC(371) Pause Young (Normal) (G1 Evacuation Pause) 805M->193M(1024M) 2.816ms
[2024-04-24T06:36:40.221+0000][gc,cpu      ] GC(371) User=0.02s Sys=0.00s Real=0.00s
[2024-04-24T06:36:41.353+0000][gc,start    ] GC(372) Pause Young (Normal) (G1 Evacuation Pause)
[2024-04-24T06:36:41.353+0000][gc,task     ] GC(372) Using 8 workers of 8 for evacuation
[2024-04-24T06:36:41.356+0000][gc,phases   ] GC(372)   Pre Evacuate Collection Set: 0.1ms
[2024-04-24T06:36:41.356+0000][gc,phases   ] GC(372)   Merge Heap Roots: 0.1ms
[2024-04-24T06:36:41.356+0000][gc,phases   ] GC(372)   Evacuate Collection Set: 1.8ms
[2024-04-24T06:36:41.356+0000][gc,phases   ] GC(372)   Post Evacuate Collection Set: 0.4ms
[2024-04-24T06:36:41.356+0000][gc,phases   ] GC(372)   Other: 0.1ms
[2024-04-24T06:36:41.356+0000][gc,heap     ] GC(372) Eden regions: 612->0(612)
[2024-04-24T06:36:41.356+0000][gc,heap     ] GC(372) Survivor regions: 2->2(77)
[2024-04-24T06:36:41.356+0000][gc,heap     ] GC(372) Old regions: 62->63
[2024-04-24T06:36:41.356+0000][gc,heap     ] GC(372) Archive regions: 2->2
[2024-04-24T06:36:41.356+0000][gc,heap     ] GC(372) Humongous regions: 129->129
[2024-04-24T06:36:41.356+0000][gc,metaspace] GC(372) Metaspace: 43395K(43968K)->43395K(43968K) NonClass: 38352K(38656K)->38352K(38656K) Class: 5042K(5312K)->5042K(5312K)
[2024-04-24T06:36:41.356+0000][gc          ] GC(372) Pause Young (Normal) (G1 Evacuation Pause) 805M->193M(1024M) 2.629ms
[2024-04-24T06:36:41.356+0000][gc,cpu      ] GC(372) User=0.01s Sys=0.01s Real=0.00s
[2024-04-24T06:36:42.581+0000][gc,start    ] GC(373) Pause Young (Normal) (G1 Evacuation Pause)
[2024-04-24T06:36:42.581+0000][gc,task     ] GC(373) Using 8 workers of 8 for evacuation
[2024-04-24T06:36:42.583+0000][gc,phases   ] GC(373)   Pre Evacuate Collection Set: 0.1ms
[2024-04-24T06:36:42.583+0000][gc,phases   ] GC(373)   Merge Heap Roots: 0.1ms
[2024-04-24T06:36:42.583+0000][gc,phases   ] GC(373)   Evacuate Collection Set: 1.9ms
[2024-04-24T06:36:42.583+0000][gc,phases   ] GC(373)   Post Evacuate Collection Set: 0.4ms
[2024-04-24T06:36:42.583+0000][gc,phases   ] GC(373)   Other: 0.1ms
[2024-04-24T06:36:42.583+0000][gc,heap     ] GC(373) Eden regions: 612->0(612)
[2024-04-24T06:36:42.583+0000][gc,heap     ] GC(373) Survivor regions: 2->2(77)
[2024-04-24T06:36:42.583+0000][gc,heap     ] GC(373) Old regions: 63->63
[2024-04-24T06:36:42.583+0000][gc,heap     ] GC(373) Archive regions: 2->2
[2024-04-24T06:36:42.583+0000][gc,heap     ] GC(373) Humongous regions: 129->129
[2024-04-24T06:36:42.583+0000][gc,metaspace] GC(373) Metaspace: 43395K(43968K)->43395K(43968K) NonClass: 38352K(38656K)->38352K(38656K) Class: 5042K(5312K)->5042K(5312K)
[2024-04-24T06:36:42.583+0000][gc          ] GC(373) Pause Young (Normal) (G1 Evacuation Pause) 805M->193M(1024M) 2.781ms
[2024-04-24T06:36:42.583+0000][gc,cpu      ] GC(373) User=0.01s Sys=0.00s Real=0.00s
[2024-04-24T06:36:43.731+0000][gc,start    ] GC(374) Pause Young (Normal) (G1 Evacuation Pause)
[2024-04-24T06:36:43.731+0000][gc,task     ] GC(374) Using 8 workers of 8 for evacuation
[2024-04-24T06:36:43.734+0000][gc,phases   ] GC(374)   Pre Evacuate Collection Set: 0.1ms
[2024-04-24T06:36:43.734+0000][gc,phases   ] GC(374)   Merge Heap Roots: 0.1ms
[2024-04-24T06:36:43.734+0000][gc,phases   ] GC(374)   Evacuate Collection Set: 2.4ms
[2024-04-24T06:36:43.734+0000][gc,phases   ] GC(374)   Post Evacuate Collection Set: 0.5ms
[2024-04-24T06:36:43.734+0000][gc,phases   ] GC(374)   Other: 0.1ms
[2024-04-24T06:36:43.734+0000][gc,heap     ] GC(374) Eden regions: 612->0(612)
[2024-04-24T06:36:43.734+0000][gc,heap     ] GC(374) Survivor regions: 2->2(77)
[2024-04-24T06:36:43.734+0000][gc,heap     ] GC(374) Old regions: 63->63
[2024-04-24T06:36:43.734+0000][gc,heap     ] GC(374) Archive regions: 2->2
[2024-04-24T06:36:43.734+0000][gc,heap     ] GC(374) Humongous regions: 129->129
[2024-04-24T06:36:43.734+0000][gc,metaspace] GC(374) Metaspace: 43395K(43968K)->43395K(43968K) NonClass: 38352K(38656K)->38352K(38656K) Class: 5042K(5312K)->5042K(5312K)
[2024-04-24T06:36:43.735+0000][gc          ] GC(374) Pause Young (Normal) (G1 Evacuation Pause) 805M->193M(1024M) 3.272ms
[2024-04-24T06:36:43.735+0000][gc,cpu      ] GC(374) User=0.02s Sys=0.00s Real=0.01s
[2024-04-24T06:36:44.769+0000][gc,start    ] GC(375) Pause Young (Normal) (G1 Evacuation Pause)
[2024-04-24T06:36:44.770+0000][gc,task     ] GC(375) Using 8 workers of 8 for evacuation
[2024-04-24T06:36:44.772+0000][gc,phases   ] GC(375)   Pre Evacuate Collection Set: 0.1ms
[2024-04-24T06:36:44.772+0000][gc,phases   ] GC(375)   Merge Heap Roots: 0.1ms
[2024-04-24T06:36:44.772+0000][gc,phases   ] GC(375)   Evacuate Collection Set: 1.9ms
[2024-04-24T06:36:44.772+0000][gc,phases   ] GC(375)   Post Evacuate Collection Set: 0.5ms
[2024-04-24T06:36:44.772+0000][gc,phases   ] GC(375)   Other: 0.1ms
[2024-04-24T06:36:44.772+0000][gc,heap     ] GC(375) Eden regions: 612->0(612)
[2024-04-24T06:36:44.772+0000][gc,heap     ] GC(375) Survivor regions: 2->2(77)
[2024-04-24T06:36:44.772+0000][gc,heap     ] GC(375) Old regions: 63->63
[2024-04-24T06:36:44.772+0000][gc,heap     ] GC(375) Archive regions: 2->2
[2024-04-24T06:36:44.772+0000][gc,heap     ] GC(375) Humongous regions: 129->129
[2024-04-24T06:36:44.772+0000][gc,metaspace] GC(375) Metaspace: 43395K(43968K)->43395K(43968K) NonClass: 38352K(38656K)->38352K(38656K) Class: 5042K(5312K)->5042K(5312K)
[2024-04-24T06:36:44.772+0000][gc          ] GC(375) Pause Young (Normal) (G1 Evacuation Pause) 805M->194M(1024M) 2.802ms
[2024-04-24T06:36:44.772+0000][gc,cpu      ] GC(375) User=0.02s Sys=0.00s Real=0.01s
[2024-04-24T06:36:45.819+0000][gc,start    ] GC(376) Pause Young (Normal) (G1 Evacuation Pause)
[2024-04-24T06:36:45.819+0000][gc,task     ] GC(376) Using 8 workers of 8 for evacuation
[2024-04-24T06:36:45.822+0000][gc,phases   ] GC(376)   Pre Evacuate Collection Set: 0.1ms
[2024-04-24T06:36:45.822+0000][gc,phases   ] GC(376)   Merge Heap Roots: 0.1ms
[2024-04-24T06:36:45.822+0000][gc,phases   ] GC(376)   Evacuate Collection Set: 1.9ms
[2024-04-24T06:36:45.822+0000][gc,phases   ] GC(376)   Post Evacuate Collection Set: 0.4ms
[2024-04-24T06:36:45.822+0000][gc,phases   ] GC(376)   Other: 0.1ms
[2024-04-24T06:36:45.822+0000][gc,heap     ] GC(376) Eden regions: 612->0(612)
[2024-04-24T06:36:45.822+0000][gc,heap     ] GC(376) Survivor regions: 2->2(77)
[2024-04-24T06:36:45.822+0000][gc,heap     ] GC(376) Old regions: 63->63
[2024-04-24T06:36:45.822+0000][gc,heap     ] GC(376) Archive regions: 2->2
[2024-04-24T06:36:45.822+0000][gc,heap     ] GC(376) Humongous regions: 129->129
[2024-04-24T06:36:45.822+0000][gc,metaspace] GC(376) Metaspace: 43395K(43968K)->43395K(43968K) NonClass: 38352K(38656K)->38352K(38656K) Class: 5042K(5312K)->5042K(5312K)
[2024-04-24T06:36:45.822+0000][gc          ] GC(376) Pause Young (Normal) (G1 Evacuation Pause) 806M->194M(1024M) 2.638ms
[2024-04-24T06:36:45.822+0000][gc,cpu      ] GC(376) User=0.02s Sys=0.00s Real=0.00s
[2024-04-24T06:36:46.956+0000][gc,start    ] GC(377) Pause Young (Normal) (G1 Evacuation Pause)
[2024-04-24T06:36:46.956+0000][gc,task     ] GC(377) Using 8 workers of 8 for evacuation
[2024-04-24T06:36:46.959+0000][gc,phases   ] GC(377)   Pre Evacuate Collection Set: 0.1ms
[2024-04-24T06:36:46.959+0000][gc,phases   ] GC(377)   Merge Heap Roots: 0.1ms
[2024-04-24T06:36:46.959+0000][gc,phases   ] GC(377)   Evacuate Collection Set: 2.0ms
[2024-04-24T06:36:46.959+0000][gc,phases   ] GC(377)   Post Evacuate Collection Set: 0.4ms
[2024-04-24T06:36:46.959+0000][gc,phases   ] GC(377)   Other: 0.1ms
[2024-04-24T06:36:46.959+0000][gc,heap     ] GC(377) Eden regions: 612->0(612)
[2024-04-24T06:36:46.959+0000][gc,heap     ] GC(377) Survivor regions: 2->2(77)
[2024-04-24T06:36:46.959+0000][gc,heap     ] GC(377) Old regions: 63->63
[2024-04-24T06:36:46.959+0000][gc,heap     ] GC(377) Archive regions: 2->2
[2024-04-24T06:36:46.959+0000][gc,heap     ] GC(377) Humongous regions: 129->129
[2024-04-24T06:36:46.959+0000][gc,metaspace] GC(377) Metaspace: 43396K(43968K)->43396K(43968K) NonClass: 38353K(38656K)->38353K(38656K) Class: 5042K(5312K)->5042K(5312K)
[2024-04-24T06:36:46.959+0000][gc          ] GC(377) Pause Young (Normal) (G1 Evacuation Pause) 806M->194M(1024M) 2.764ms
[2024-04-24T06:36:46.959+0000][gc,cpu      ] GC(377) User=0.01s Sys=0.00s Real=0.00s
[2024-04-24T06:36:47.970+0000][gc,start    ] GC(378) Pause Young (Normal) (G1 Evacuation Pause)
[2024-04-24T06:36:47.970+0000][gc,task     ] GC(378) Using 8 workers of 8 for evacuation
[2024-04-24T06:36:47.973+0000][gc,phases   ] GC(378)   Pre Evacuate Collection Set: 0.1ms
[2024-04-24T06:36:47.973+0000][gc,phases   ] GC(378)   Merge Heap Roots: 0.1ms
[2024-04-24T06:36:47.973+0000][gc,phases   ] GC(378)   Evacuate Collection Set: 1.9ms
[2024-04-24T06:36:47.973+0000][gc,phases   ] GC(378)   Post Evacuate Collection Set: 0.4ms
[2024-04-24T06:36:47.973+0000][gc,phases   ] GC(378)   Other: 0.1ms
[2024-04-24T06:36:47.973+0000][gc,heap     ] GC(378) Eden regions: 612->0(612)
[2024-04-24T06:36:47.973+0000][gc,heap     ] GC(378) Survivor regions: 2->2(77)
[2024-04-24T06:36:47.973+0000][gc,heap     ] GC(378) Old regions: 63->63
[2024-04-24T06:36:47.973+0000][gc,heap     ] GC(378) Archive regions: 2->2
[2024-04-24T06:36:47.973+0000][gc,heap     ] GC(378) Humongous regions: 129->129
[2024-04-24T06:36:47.973+0000][gc,metaspace] GC(378) Metaspace: 43396K(43968K)->43396K(43968K) NonClass: 38353K(38656K)->38353K(38656K) Class: 5042K(5312K)->5042K(5312K)
[2024-04-24T06:36:47.973+0000][gc          ] GC(378) Pause Young (Normal) (G1 Evacuation Pause) 806M->194M(1024M) 2.725ms
[2024-04-24T06:36:47.973+0000][gc,cpu      ] GC(378) User=0.01s Sys=0.00s Real=0.01s
[2024-04-24T06:36:49.017+0000][gc,start    ] GC(379) Pause Young (Normal) (G1 Evacuation Pause)
[2024-04-24T06:36:49.017+0000][gc,task     ] GC(379) Using 8 workers of 8 for evacuation
[2024-04-24T06:36:49.019+0000][gc,phases   ] GC(379)   Pre Evacuate Collection Set: 0.1ms
[2024-04-24T06:36:49.019+0000][gc,phases   ] GC(379)   Merge Heap Roots: 0.1ms
[2024-04-24T06:36:49.019+0000][gc,phases   ] GC(379)   Evacuate Collection Set: 1.8ms
[2024-04-24T06:36:49.019+0000][gc,phases   ] GC(379)   Post Evacuate Collection Set: 0.4ms
[2024-04-24T06:36:49.019+0000][gc,phases   ] GC(379)   Other: 0.1ms
[2024-04-24T06:36:49.019+0000][gc,heap     ] GC(379) Eden regions: 612->0(612)
[2024-04-24T06:36:49.019+0000][gc,heap     ] GC(379) Survivor regions: 2->2(77)
[2024-04-24T06:36:49.019+0000][gc,heap     ] GC(379) Old regions: 63->63
[2024-04-24T06:36:49.019+0000][gc,heap     ] GC(379) Archive regions: 2->2
[2024-04-24T06:36:49.019+0000][gc,heap     ] GC(379) Humongous regions: 129->129
[2024-04-24T06:36:49.019+0000][gc,metaspace] GC(379) Metaspace: 43396K(43968K)->43396K(43968K) NonClass: 38353K(38656K)->38353K(38656K) Class: 5042K(5312K)->5042K(5312K)
[2024-04-24T06:36:49.019+0000][gc          ] GC(379) Pause Young (Normal) (G1 Evacuation Pause) 806M->194M(1024M) 2.555ms
[2024-04-24T06:36:49.019+0000][gc,cpu      ] GC(379) User=0.01s Sys=0.01s Real=0.00s
[2024-04-24T06:36:50.037+0000][gc,start    ] GC(380) Pause Young (Normal) (G1 Evacuation Pause)
[2024-04-24T06:36:50.037+0000][gc,task     ] GC(380) Using 8 workers of 8 for evacuation
[2024-04-24T06:36:50.040+0000][gc,phases   ] GC(380)   Pre Evacuate Collection Set: 0.1ms
[2024-04-24T06:36:50.040+0000][gc,phases   ] GC(380)   Merge Heap Roots: 0.1ms
[2024-04-24T06:36:50.040+0000][gc,phases   ] GC(380)   Evacuate Collection Set: 1.8ms
[2024-04-24T06:36:50.040+0000][gc,phases   ] GC(380)   Post Evacuate Collection Set: 0.4ms
[2024-04-24T06:36:50.040+0000][gc,phases   ] GC(380)   Other: 0.1ms
[2024-04-24T06:36:50.040+0000][gc,heap     ] GC(380) Eden regions: 612->0(612)
[2024-04-24T06:36:50.040+0000][gc,heap     ] GC(380) Survivor regions: 2->2(77)
[2024-04-24T06:36:50.040+0000][gc,heap     ] GC(380) Old regions: 63->64
[2024-04-24T06:36:50.040+0000][gc,heap     ] GC(380) Archive regions: 2->2
[2024-04-24T06:36:50.040+0000][gc,heap     ] GC(380) Humongous regions: 129->129
[2024-04-24T06:36:50.040+0000][gc,metaspace] GC(380) Metaspace: 43396K(43968K)->43396K(43968K) NonClass: 38353K(38656K)->38353K(38656K) Class: 5042K(5312K)->5042K(5312K)
[2024-04-24T06:36:50.040+0000][gc          ] GC(380) Pause Young (Normal) (G1 Evacuation Pause) 806M->194M(1024M) 2.578ms
[2024-04-24T06:36:50.040+0000][gc,cpu      ] GC(380) User=0.01s Sys=0.00s Real=0.00s
[2024-04-24T06:36:51.266+0000][gc,start    ] GC(381) Pause Young (Normal) (G1 Evacuation Pause)
[2024-04-24T06:36:51.266+0000][gc,task     ] GC(381) Using 8 workers of 8 for evacuation
[2024-04-24T06:36:51.268+0000][gc,phases   ] GC(381)   Pre Evacuate Collection Set: 0.1ms
[2024-04-24T06:36:51.268+0000][gc,phases   ] GC(381)   Merge Heap Roots: 0.1ms
[2024-04-24T06:36:51.268+0000][gc,phases   ] GC(381)   Evacuate Collection Set: 1.8ms
[2024-04-24T06:36:51.268+0000][gc,phases   ] GC(381)   Post Evacuate Collection Set: 0.4ms
[2024-04-24T06:36:51.268+0000][gc,phases   ] GC(381)   Other: 0.1ms
[2024-04-24T06:36:51.268+0000][gc,heap     ] GC(381) Eden regions: 612->0(612)
[2024-04-24T06:36:51.268+0000][gc,heap     ] GC(381) Survivor regions: 2->2(77)
[2024-04-24T06:36:51.268+0000][gc,heap     ] GC(381) Old regions: 64->64
[2024-04-24T06:36:51.268+0000][gc,heap     ] GC(381) Archive regions: 2->2
[2024-04-24T06:36:51.268+0000][gc,heap     ] GC(381) Humongous regions: 129->129
[2024-04-24T06:36:51.268+0000][gc,metaspace] GC(381) Metaspace: 43396K(43968K)->43396K(43968K) NonClass: 38353K(38656K)->38353K(38656K) Class: 5042K(5312K)->5042K(5312K)
[2024-04-24T06:36:51.268+0000][gc          ] GC(381) Pause Young (Normal) (G1 Evacuation Pause) 806M->194M(1024M) 2.539ms
[2024-04-24T06:36:51.268+0000][gc,cpu      ] GC(381) User=0.01s Sys=0.00s Real=0.00s
[2024-04-24T06:36:52.472+0000][gc,start    ] GC(382) Pause Young (Normal) (G1 Evacuation Pause)
[2024-04-24T06:36:52.472+0000][gc,task     ] GC(382) Using 8 workers of 8 for evacuation
[2024-04-24T06:36:52.475+0000][gc,phases   ] GC(382)   Pre Evacuate Collection Set: 0.1ms
[2024-04-24T06:36:52.475+0000][gc,phases   ] GC(382)   Merge Heap Roots: 0.1ms
[2024-04-24T06:36:52.475+0000][gc,phases   ] GC(382)   Evacuate Collection Set: 1.6ms
[2024-04-24T06:36:52.475+0000][gc,phases   ] GC(382)   Post Evacuate Collection Set: 0.4ms
[2024-04-24T06:36:52.475+0000][gc,phases   ] GC(382)   Other: 0.1ms
[2024-04-24T06:36:52.475+0000][gc,heap     ] GC(382) Eden regions: 612->0(612)
[2024-04-24T06:36:52.475+0000][gc,heap     ] GC(382) Survivor regions: 2->2(77)
[2024-04-24T06:36:52.475+0000][gc,heap     ] GC(382) Old regions: 64->64
[2024-04-24T06:36:52.475+0000][gc,heap     ] GC(382) Archive regions: 2->2
[2024-04-24T06:36:52.475+0000][gc,heap     ] GC(382) Humongous regions: 129->129
[2024-04-24T06:36:52.475+0000][gc,metaspace] GC(382) Metaspace: 43402K(44032K)->43402K(44032K) NonClass: 38359K(38720K)->38359K(38720K) Class: 5042K(5312K)->5042K(5312K)
[2024-04-24T06:36:52.475+0000][gc          ] GC(382) Pause Young (Normal) (G1 Evacuation Pause) 806M->194M(1024M) 2.426ms
[2024-04-24T06:36:52.475+0000][gc,cpu      ] GC(382) User=0.01s Sys=0.01s Real=0.00s
[2024-04-24T06:36:53.487+0000][gc,start    ] GC(383) Pause Young (Normal) (G1 Evacuation Pause)
[2024-04-24T06:36:53.487+0000][gc,task     ] GC(383) Using 8 workers of 8 for evacuation
[2024-04-24T06:36:53.489+0000][gc,phases   ] GC(383)   Pre Evacuate Collection Set: 0.1ms
[2024-04-24T06:36:53.489+0000][gc,phases   ] GC(383)   Merge Heap Roots: 0.1ms
[2024-04-24T06:36:53.489+0000][gc,phases   ] GC(383)   Evacuate Collection Set: 1.8ms
[2024-04-24T06:36:53.489+0000][gc,phases   ] GC(383)   Post Evacuate Collection Set: 0.4ms
[2024-04-24T06:36:53.490+0000][gc,phases   ] GC(383)   Other: 0.1ms
[2024-04-24T06:36:53.490+0000][gc,heap     ] GC(383) Eden regions: 612->0(612)
[2024-04-24T06:36:53.490+0000][gc,heap     ] GC(383) Survivor regions: 2->2(77)
[2024-04-24T06:36:53.490+0000][gc,heap     ] GC(383) Old regions: 64->64
[2024-04-24T06:36:53.490+0000][gc,heap     ] GC(383) Archive regions: 2->2
[2024-04-24T06:36:53.490+0000][gc,heap     ] GC(383) Humongous regions: 129->129
[2024-04-24T06:36:53.490+0000][gc,metaspace] GC(383) Metaspace: 43402K(44032K)->43402K(44032K) NonClass: 38359K(38720K)->38359K(38720K) Class: 5042K(5312K)->5042K(5312K)
[2024-04-24T06:36:53.490+0000][gc          ] GC(383) Pause Young (Normal) (G1 Evacuation Pause) 806M->194M(1024M) 2.547ms
[2024-04-24T06:36:53.490+0000][gc,cpu      ] GC(383) User=0.02s Sys=0.00s Real=0.00s
[2024-04-24T06:36:54.530+0000][gc,start    ] GC(384) Pause Young (Normal) (G1 Evacuation Pause)
[2024-04-24T06:36:54.530+0000][gc,task     ] GC(384) Using 8 workers of 8 for evacuation
[2024-04-24T06:36:54.532+0000][gc,phases   ] GC(384)   Pre Evacuate Collection Set: 0.1ms
[2024-04-24T06:36:54.533+0000][gc,phases   ] GC(384)   Merge Heap Roots: 0.1ms
[2024-04-24T06:36:54.533+0000][gc,phases   ] GC(384)   Evacuate Collection Set: 2.1ms
[2024-04-24T06:36:54.533+0000][gc,phases   ] GC(384)   Post Evacuate Collection Set: 0.4ms
[2024-04-24T06:36:54.533+0000][gc,phases   ] GC(384)   Other: 0.1ms
[2024-04-24T06:36:54.533+0000][gc,heap     ] GC(384) Eden regions: 612->0(612)
[2024-04-24T06:36:54.533+0000][gc,heap     ] GC(384) Survivor regions: 2->2(77)
[2024-04-24T06:36:54.533+0000][gc,heap     ] GC(384) Old regions: 64->64
[2024-04-24T06:36:54.533+0000][gc,heap     ] GC(384) Archive regions: 2->2
[2024-04-24T06:36:54.533+0000][gc,heap     ] GC(384) Humongous regions: 129->129
[2024-04-24T06:36:54.533+0000][gc,metaspace] GC(384) Metaspace: 43402K(44032K)->43402K(44032K) NonClass: 38359K(38720K)->38359K(38720K) Class: 5042K(5312K)->5042K(5312K)
[2024-04-24T06:36:54.533+0000][gc          ] GC(384) Pause Young (Normal) (G1 Evacuation Pause) 806M->194M(1024M) 2.913ms
[2024-04-24T06:36:54.533+0000][gc,cpu      ] GC(384) User=0.01s Sys=0.00s Real=0.01s
[2024-04-24T06:36:55.568+0000][gc,start    ] GC(385) Pause Young (Normal) (G1 Evacuation Pause)
[2024-04-24T06:36:55.568+0000][gc,task     ] GC(385) Using 8 workers of 8 for evacuation
[2024-04-24T06:36:55.571+0000][gc,phases   ] GC(385)   Pre Evacuate Collection Set: 0.1ms
[2024-04-24T06:36:55.571+0000][gc,phases   ] GC(385)   Merge Heap Roots: 0.1ms
[2024-04-24T06:36:55.571+0000][gc,phases   ] GC(385)   Evacuate Collection Set: 1.7ms
[2024-04-24T06:36:55.571+0000][gc,phases   ] GC(385)   Post Evacuate Collection Set: 0.4ms
[2024-04-24T06:36:55.571+0000][gc,phases   ] GC(385)   Other: 0.1ms
[2024-04-24T06:36:55.571+0000][gc,heap     ] GC(385) Eden regions: 612->0(612)
[2024-04-24T06:36:55.571+0000][gc,heap     ] GC(385) Survivor regions: 2->2(77)
[2024-04-24T06:36:55.571+0000][gc,heap     ] GC(385) Old regions: 64->64
[2024-04-24T06:36:55.571+0000][gc,heap     ] GC(385) Archive regions: 2->2
[2024-04-24T06:36:55.571+0000][gc,heap     ] GC(385) Humongous regions: 129->129
[2024-04-24T06:36:55.571+0000][gc,metaspace] GC(385) Metaspace: 43406K(44032K)->43406K(44032K) NonClass: 38363K(38720K)->38363K(38720K) Class: 5042K(5312K)->5042K(5312K)
[2024-04-24T06:36:55.571+0000][gc          ] GC(385) Pause Young (Normal) (G1 Evacuation Pause) 806M->194M(1024M) 2.450ms
[2024-04-24T06:36:55.571+0000][gc,cpu      ] GC(385) User=0.01s Sys=0.00s Real=0.00s
[2024-04-24T06:36:56.750+0000][gc,start    ] GC(386) Pause Young (Normal) (G1 Evacuation Pause)
[2024-04-24T06:36:56.750+0000][gc,task     ] GC(386) Using 8 workers of 8 for evacuation
[2024-04-24T06:36:56.752+0000][gc,phases   ] GC(386)   Pre Evacuate Collection Set: 0.1ms
[2024-04-24T06:36:56.752+0000][gc,phases   ] GC(386)   Merge Heap Roots: 0.1ms
[2024-04-24T06:36:56.752+0000][gc,phases   ] GC(386)   Evacuate Collection Set: 1.8ms
[2024-04-24T06:36:56.752+0000][gc,phases   ] GC(386)   Post Evacuate Collection Set: 0.4ms
[2024-04-24T06:36:56.752+0000][gc,phases   ] GC(386)   Other: 0.1ms
[2024-04-24T06:36:56.752+0000][gc,heap     ] GC(386) Eden regions: 612->0(612)
[2024-04-24T06:36:56.752+0000][gc,heap     ] GC(386) Survivor regions: 2->2(77)
[2024-04-24T06:36:56.752+0000][gc,heap     ] GC(386) Old regions: 64->64
[2024-04-24T06:36:56.752+0000][gc,heap     ] GC(386) Archive regions: 2->2
[2024-04-24T06:36:56.752+0000][gc,heap     ] GC(386) Humongous regions: 129->129
[2024-04-24T06:36:56.752+0000][gc,metaspace] GC(386) Metaspace: 43406K(44032K)->43406K(44032K) NonClass: 38363K(38720K)->38363K(38720K) Class: 5042K(5312K)->5042K(5312K)
[2024-04-24T06:36:56.752+0000][gc          ] GC(386) Pause Young (Normal) (G1 Evacuation Pause) 806M->194M(1024M) 2.539ms
[2024-04-24T06:36:56.752+0000][gc,cpu      ] GC(386) User=0.01s Sys=0.00s Real=0.01s
[2024-04-24T06:36:57.777+0000][gc,start    ] GC(387) Pause Young (Normal) (G1 Evacuation Pause)
[2024-04-24T06:36:57.777+0000][gc,task     ] GC(387) Using 8 workers of 8 for evacuation
[2024-04-24T06:36:57.779+0000][gc,phases   ] GC(387)   Pre Evacuate Collection Set: 0.1ms
[2024-04-24T06:36:57.779+0000][gc,phases   ] GC(387)   Merge Heap Roots: 0.1ms
[2024-04-24T06:36:57.779+0000][gc,phases   ] GC(387)   Evacuate Collection Set: 1.7ms
[2024-04-24T06:36:57.779+0000][gc,phases   ] GC(387)   Post Evacuate Collection Set: 0.4ms
[2024-04-24T06:36:57.779+0000][gc,phases   ] GC(387)   Other: 0.1ms
[2024-04-24T06:36:57.779+0000][gc,heap     ] GC(387) Eden regions: 612->0(612)
[2024-04-24T06:36:57.779+0000][gc,heap     ] GC(387) Survivor regions: 2->2(77)
[2024-04-24T06:36:57.779+0000][gc,heap     ] GC(387) Old regions: 64->64
[2024-04-24T06:36:57.779+0000][gc,heap     ] GC(387) Archive regions: 2->2
[2024-04-24T06:36:57.779+0000][gc,heap     ] GC(387) Humongous regions: 129->129
[2024-04-24T06:36:57.779+0000][gc,metaspace] GC(387) Metaspace: 43406K(44032K)->43406K(44032K) NonClass: 38363K(38720K)->38363K(38720K) Class: 5042K(5312K)->5042K(5312K)
[2024-04-24T06:36:57.779+0000][gc          ] GC(387) Pause Young (Normal) (G1 Evacuation Pause) 806M->194M(1024M) 2.406ms
[2024-04-24T06:36:57.779+0000][gc,cpu      ] GC(387) User=0.01s Sys=0.00s Real=0.00s
[2024-04-24T06:36:58.827+0000][gc,start    ] GC(388) Pause Young (Normal) (G1 Evacuation Pause)
[2024-04-24T06:36:58.827+0000][gc,task     ] GC(388) Using 8 workers of 8 for evacuation
[2024-04-24T06:36:58.830+0000][gc,phases   ] GC(388)   Pre Evacuate Collection Set: 0.1ms
[2024-04-24T06:36:58.830+0000][gc,phases   ] GC(388)   Merge Heap Roots: 0.1ms
[2024-04-24T06:36:58.830+0000][gc,phases   ] GC(388)   Evacuate Collection Set: 1.8ms
[2024-04-24T06:36:58.830+0000][gc,phases   ] GC(388)   Post Evacuate Collection Set: 0.4ms
[2024-04-24T06:36:58.830+0000][gc,phases   ] GC(388)   Other: 0.1ms
[2024-04-24T06:36:58.830+0000][gc,heap     ] GC(388) Eden regions: 612->0(612)
[2024-04-24T06:36:58.830+0000][gc,heap     ] GC(388) Survivor regions: 2->2(77)
[2024-04-24T06:36:58.830+0000][gc,heap     ] GC(388) Old regions: 64->64
[2024-04-24T06:36:58.830+0000][gc,heap     ] GC(388) Archive regions: 2->2
[2024-04-24T06:36:58.830+0000][gc,heap     ] GC(388) Humongous regions: 129->129
[2024-04-24T06:36:58.830+0000][gc,metaspace] GC(388) Metaspace: 43406K(44032K)->43406K(44032K) NonClass: 38363K(38720K)->38363K(38720K) Class: 5042K(5312K)->5042K(5312K)
[2024-04-24T06:36:58.830+0000][gc          ] GC(388) Pause Young (Normal) (G1 Evacuation Pause) 806M->195M(1024M) 2.577ms
[2024-04-24T06:36:58.830+0000][gc,cpu      ] GC(388) User=0.01s Sys=0.00s Real=0.00s
[2024-04-24T06:36:59.857+0000][gc,start    ] GC(389) Pause Young (Normal) (G1 Evacuation Pause)
[2024-04-24T06:36:59.857+0000][gc,task     ] GC(389) Using 8 workers of 8 for evacuation
[2024-04-24T06:36:59.860+0000][gc,phases   ] GC(389)   Pre Evacuate Collection Set: 0.1ms
[2024-04-24T06:36:59.860+0000][gc,phases   ] GC(389)   Merge Heap Roots: 0.1ms
[2024-04-24T06:36:59.860+0000][gc,phases   ] GC(389)   Evacuate Collection Set: 1.7ms
[2024-04-24T06:36:59.860+0000][gc,phases   ] GC(389)   Post Evacuate Collection Set: 0.4ms
[2024-04-24T06:36:59.860+0000][gc,phases   ] GC(389)   Other: 0.1ms
[2024-04-24T06:36:59.860+0000][gc,heap     ] GC(389) Eden regions: 612->0(612)
[2024-04-24T06:36:59.860+0000][gc,heap     ] GC(389) Survivor regions: 2->2(77)
[2024-04-24T06:36:59.860+0000][gc,heap     ] GC(389) Old regions: 64->64
[2024-04-24T06:36:59.860+0000][gc,heap     ] GC(389) Archive regions: 2->2
[2024-04-24T06:36:59.860+0000][gc,heap     ] GC(389) Humongous regions: 129->129
[2024-04-24T06:36:59.860+0000][gc,metaspace] GC(389) Metaspace: 43406K(44032K)->43406K(44032K) NonClass: 38363K(38720K)->38363K(38720K) Class: 5042K(5312K)->5042K(5312K)
[2024-04-24T06:36:59.860+0000][gc          ] GC(389) Pause Young (Normal) (G1 Evacuation Pause) 807M->195M(1024M) 2.437ms
[2024-04-24T06:36:59.860+0000][gc,cpu      ] GC(389) User=0.01s Sys=0.00s Real=0.00s
[2024-04-24T06:37:00.996+0000][gc,start    ] GC(390) Pause Young (Normal) (G1 Evacuation Pause)
[2024-04-24T06:37:00.996+0000][gc,task     ] GC(390) Using 8 workers of 8 for evacuation
[2024-04-24T06:37:00.998+0000][gc,phases   ] GC(390)   Pre Evacuate Collection Set: 0.1ms
[2024-04-24T06:37:00.998+0000][gc,phases   ] GC(390)   Merge Heap Roots: 0.1ms
[2024-04-24T06:37:00.998+0000][gc,phases   ] GC(390)   Evacuate Collection Set: 1.7ms
[2024-04-24T06:37:00.998+0000][gc,phases   ] GC(390)   Post Evacuate Collection Set: 0.4ms
[2024-04-24T06:37:00.998+0000][gc,phases   ] GC(390)   Other: 0.1ms
[2024-04-24T06:37:00.998+0000][gc,heap     ] GC(390) Eden regions: 612->0(612)
[2024-04-24T06:37:00.998+0000][gc,heap     ] GC(390) Survivor regions: 2->2(77)
[2024-04-24T06:37:00.998+0000][gc,heap     ] GC(390) Old regions: 64->65
[2024-04-24T06:37:00.998+0000][gc,heap     ] GC(390) Archive regions: 2->2
[2024-04-24T06:37:00.998+0000][gc,heap     ] GC(390) Humongous regions: 129->129
[2024-04-24T06:37:00.998+0000][gc,metaspace] GC(390) Metaspace: 43406K(44032K)->43406K(44032K) NonClass: 38363K(38720K)->38363K(38720K) Class: 5042K(5312K)->5042K(5312K)
[2024-04-24T06:37:00.998+0000][gc          ] GC(390) Pause Young (Normal) (G1 Evacuation Pause) 807M->195M(1024M) 2.438ms
[2024-04-24T06:37:00.998+0000][gc,cpu      ] GC(390) User=0.01s Sys=0.00s Real=0.00s
[2024-04-24T06:37:02.062+0000][gc,start    ] GC(391) Pause Young (Normal) (G1 Evacuation Pause)
[2024-04-24T06:37:02.062+0000][gc,task     ] GC(391) Using 8 workers of 8 for evacuation
[2024-04-24T06:37:02.064+0000][gc,phases   ] GC(391)   Pre Evacuate Collection Set: 0.1ms
[2024-04-24T06:37:02.064+0000][gc,phases   ] GC(391)   Merge Heap Roots: 0.1ms
[2024-04-24T06:37:02.064+0000][gc,phases   ] GC(391)   Evacuate Collection Set: 1.6ms
[2024-04-24T06:37:02.064+0000][gc,phases   ] GC(391)   Post Evacuate Collection Set: 0.4ms
[2024-04-24T06:37:02.064+0000][gc,phases   ] GC(391)   Other: 0.1ms
[2024-04-24T06:37:02.064+0000][gc,heap     ] GC(391) Eden regions: 612->0(612)
[2024-04-24T06:37:02.064+0000][gc,heap     ] GC(391) Survivor regions: 2->2(77)
[2024-04-24T06:37:02.064+0000][gc,heap     ] GC(391) Old regions: 65->65
[2024-04-24T06:37:02.064+0000][gc,heap     ] GC(391) Archive regions: 2->2
[2024-04-24T06:37:02.064+0000][gc,heap     ] GC(391) Humongous regions: 129->129
[2024-04-24T06:37:02.064+0000][gc,metaspace] GC(391) Metaspace: 43406K(44032K)->43406K(44032K) NonClass: 38363K(38720K)->38363K(38720K) Class: 5042K(5312K)->5042K(5312K)
[2024-04-24T06:37:02.064+0000][gc          ] GC(391) Pause Young (Normal) (G1 Evacuation Pause) 807M->195M(1024M) 2.299ms
[2024-04-24T06:37:02.064+0000][gc,cpu      ] GC(391) User=0.01s Sys=0.00s Real=0.01s
[2024-04-24T06:37:03.123+0000][gc,start    ] GC(392) Pause Young (Normal) (G1 Evacuation Pause)
[2024-04-24T06:37:03.123+0000][gc,task     ] GC(392) Using 8 workers of 8 for evacuation
[2024-04-24T06:37:03.125+0000][gc,phases   ] GC(392)   Pre Evacuate Collection Set: 0.1ms
[2024-04-24T06:37:03.125+0000][gc,phases   ] GC(392)   Merge Heap Roots: 0.1ms
[2024-04-24T06:37:03.125+0000][gc,phases   ] GC(392)   Evacuate Collection Set: 1.7ms
[2024-04-24T06:37:03.125+0000][gc,phases   ] GC(392)   Post Evacuate Collection Set: 0.4ms
[2024-04-24T06:37:03.125+0000][gc,phases   ] GC(392)   Other: 0.1ms
[2024-04-24T06:37:03.125+0000][gc,heap     ] GC(392) Eden regions: 612->0(612)
[2024-04-24T06:37:03.125+0000][gc,heap     ] GC(392) Survivor regions: 2->2(77)
[2024-04-24T06:37:03.125+0000][gc,heap     ] GC(392) Old regions: 65->65
[2024-04-24T06:37:03.125+0000][gc,heap     ] GC(392) Archive regions: 2->2
[2024-04-24T06:37:03.125+0000][gc,heap     ] GC(392) Humongous regions: 129->129
[2024-04-24T06:37:03.125+0000][gc,metaspace] GC(392) Metaspace: 43406K(44032K)->43406K(44032K) NonClass: 38363K(38720K)->38363K(38720K) Class: 5042K(5312K)->5042K(5312K)
[2024-04-24T06:37:03.125+0000][gc          ] GC(392) Pause Young (Normal) (G1 Evacuation Pause) 807M->195M(1024M) 2.436ms
[2024-04-24T06:37:03.125+0000][gc,cpu      ] GC(392) User=0.01s Sys=0.00s Real=0.01s
[2024-04-24T06:37:04.302+0000][gc,start    ] GC(393) Pause Young (Normal) (G1 Evacuation Pause)
[2024-04-24T06:37:04.302+0000][gc,task     ] GC(393) Using 8 workers of 8 for evacuation
[2024-04-24T06:37:04.305+0000][gc,phases   ] GC(393)   Pre Evacuate Collection Set: 0.1ms
[2024-04-24T06:37:04.305+0000][gc,phases   ] GC(393)   Merge Heap Roots: 0.1ms
[2024-04-24T06:37:04.305+0000][gc,phases   ] GC(393)   Evacuate Collection Set: 1.7ms
[2024-04-24T06:37:04.305+0000][gc,phases   ] GC(393)   Post Evacuate Collection Set: 0.4ms
[2024-04-24T06:37:04.305+0000][gc,phases   ] GC(393)   Other: 0.1ms
[2024-04-24T06:37:04.305+0000][gc,heap     ] GC(393) Eden regions: 612->0(612)
[2024-04-24T06:37:04.305+0000][gc,heap     ] GC(393) Survivor regions: 2->2(77)
[2024-04-24T06:37:04.305+0000][gc,heap     ] GC(393) Old regions: 65->65
[2024-04-24T06:37:04.305+0000][gc,heap     ] GC(393) Archive regions: 2->2
[2024-04-24T06:37:04.305+0000][gc,heap     ] GC(393) Humongous regions: 129->129
[2024-04-24T06:37:04.305+0000][gc,metaspace] GC(393) Metaspace: 43406K(44032K)->43406K(44032K) NonClass: 38363K(38720K)->38363K(38720K) Class: 5042K(5312K)->5042K(5312K)
[2024-04-24T06:37:04.305+0000][gc          ] GC(393) Pause Young (Normal) (G1 Evacuation Pause) 807M->195M(1024M) 2.482ms
[2024-04-24T06:37:04.305+0000][gc,cpu      ] GC(393) User=0.01s Sys=0.00s Real=0.01s
[2024-04-24T06:37:05.322+0000][gc,start    ] GC(394) Pause Young (Normal) (G1 Evacuation Pause)
[2024-04-24T06:37:05.322+0000][gc,task     ] GC(394) Using 8 workers of 8 for evacuation
[2024-04-24T06:37:05.324+0000][gc,phases   ] GC(394)   Pre Evacuate Collection Set: 0.1ms
[2024-04-24T06:37:05.324+0000][gc,phases   ] GC(394)   Merge Heap Roots: 0.1ms
[2024-04-24T06:37:05.324+0000][gc,phases   ] GC(394)   Evacuate Collection Set: 1.6ms
[2024-04-24T06:37:05.324+0000][gc,phases   ] GC(394)   Post Evacuate Collection Set: 0.4ms
[2024-04-24T06:37:05.324+0000][gc,phases   ] GC(394)   Other: 0.1ms
[2024-04-24T06:37:05.324+0000][gc,heap     ] GC(394) Eden regions: 612->0(612)
[2024-04-24T06:37:05.324+0000][gc,heap     ] GC(394) Survivor regions: 2->2(77)
[2024-04-24T06:37:05.324+0000][gc,heap     ] GC(394) Old regions: 65->65
[2024-04-24T06:37:05.324+0000][gc,heap     ] GC(394) Archive regions: 2->2
[2024-04-24T06:37:05.324+0000][gc,heap     ] GC(394) Humongous regions: 129->129
[2024-04-24T06:37:05.324+0000][gc,metaspace] GC(394) Metaspace: 43413K(44032K)->43413K(44032K) NonClass: 38370K(38720K)->38370K(38720K) Class: 5042K(5312K)->5042K(5312K)
[2024-04-24T06:37:05.324+0000][gc          ] GC(394) Pause Young (Normal) (G1 Evacuation Pause) 807M->195M(1024M) 2.385ms
[2024-04-24T06:37:05.324+0000][gc,cpu      ] GC(394) User=0.00s Sys=0.00s Real=0.01s
[2024-04-24T06:37:06.412+0000][gc,start    ] GC(395) Pause Young (Normal) (G1 Evacuation Pause)
[2024-04-24T06:37:06.413+0000][gc,task     ] GC(395) Using 8 workers of 8 for evacuation
[2024-04-24T06:37:06.415+0000][gc,phases   ] GC(395)   Pre Evacuate Collection Set: 0.1ms
[2024-04-24T06:37:06.415+0000][gc,phases   ] GC(395)   Merge Heap Roots: 0.1ms
[2024-04-24T06:37:06.415+0000][gc,phases   ] GC(395)   Evacuate Collection Set: 1.7ms
[2024-04-24T06:37:06.415+0000][gc,phases   ] GC(395)   Post Evacuate Collection Set: 0.4ms
[2024-04-24T06:37:06.415+0000][gc,phases   ] GC(395)   Other: 0.1ms
[2024-04-24T06:37:06.415+0000][gc,heap     ] GC(395) Eden regions: 612->0(612)
[2024-04-24T06:37:06.415+0000][gc,heap     ] GC(395) Survivor regions: 2->2(77)
[2024-04-24T06:37:06.415+0000][gc,heap     ] GC(395) Old regions: 65->65
[2024-04-24T06:37:06.415+0000][gc,heap     ] GC(395) Archive regions: 2->2
[2024-04-24T06:37:06.415+0000][gc,heap     ] GC(395) Humongous regions: 129->129
[2024-04-24T06:37:06.415+0000][gc,metaspace] GC(395) Metaspace: 43413K(44032K)->43413K(44032K) NonClass: 38370K(38720K)->38370K(38720K) Class: 5042K(5312K)->5042K(5312K)
[2024-04-24T06:37:06.415+0000][gc          ] GC(395) Pause Young (Normal) (G1 Evacuation Pause) 807M->195M(1024M) 2.440ms
[2024-04-24T06:37:06.415+0000][gc,cpu      ] GC(395) User=0.00s Sys=0.00s Real=0.00s
[2024-04-24T06:37:07.428+0000][gc,start    ] GC(396) Pause Young (Normal) (G1 Evacuation Pause)
[2024-04-24T06:37:07.428+0000][gc,task     ] GC(396) Using 8 workers of 8 for evacuation
[2024-04-24T06:37:07.430+0000][gc,phases   ] GC(396)   Pre Evacuate Collection Set: 0.1ms
[2024-04-24T06:37:07.430+0000][gc,phases   ] GC(396)   Merge Heap Roots: 0.1ms
[2024-04-24T06:37:07.430+0000][gc,phases   ] GC(396)   Evacuate Collection Set: 1.6ms
[2024-04-24T06:37:07.430+0000][gc,phases   ] GC(396)   Post Evacuate Collection Set: 0.4ms
[2024-04-24T06:37:07.430+0000][gc,phases   ] GC(396)   Other: 0.1ms
[2024-04-24T06:37:07.430+0000][gc,heap     ] GC(396) Eden regions: 612->0(612)
[2024-04-24T06:37:07.430+0000][gc,heap     ] GC(396) Survivor regions: 2->2(77)
[2024-04-24T06:37:07.430+0000][gc,heap     ] GC(396) Old regions: 65->65
[2024-04-24T06:37:07.430+0000][gc,heap     ] GC(396) Archive regions: 2->2
[2024-04-24T06:37:07.430+0000][gc,heap     ] GC(396) Humongous regions: 129->129
[2024-04-24T06:37:07.430+0000][gc,metaspace] GC(396) Metaspace: 43413K(44032K)->43413K(44032K) NonClass: 38370K(38720K)->38370K(38720K) Class: 5042K(5312K)->5042K(5312K)
[2024-04-24T06:37:07.430+0000][gc          ] GC(396) Pause Young (Normal) (G1 Evacuation Pause) 807M->195M(1024M) 2.319ms
[2024-04-24T06:37:07.430+0000][gc,cpu      ] GC(396) User=0.01s Sys=0.00s Real=0.00s
[2024-04-24T06:37:08.443+0000][gc,start    ] GC(397) Pause Young (Normal) (G1 Evacuation Pause)
[2024-04-24T06:37:08.443+0000][gc,task     ] GC(397) Using 8 workers of 8 for evacuation
[2024-04-24T06:37:08.445+0000][gc,phases   ] GC(397)   Pre Evacuate Collection Set: 0.1ms
[2024-04-24T06:37:08.445+0000][gc,phases   ] GC(397)   Merge Heap Roots: 0.1ms
[2024-04-24T06:37:08.445+0000][gc,phases   ] GC(397)   Evacuate Collection Set: 1.7ms
[2024-04-24T06:37:08.445+0000][gc,phases   ] GC(397)   Post Evacuate Collection Set: 0.4ms
[2024-04-24T06:37:08.445+0000][gc,phases   ] GC(397)   Other: 0.1ms
[2024-04-24T06:37:08.445+0000][gc,heap     ] GC(397) Eden regions: 612->0(612)
[2024-04-24T06:37:08.445+0000][gc,heap     ] GC(397) Survivor regions: 2->2(77)
[2024-04-24T06:37:08.445+0000][gc,heap     ] GC(397) Old regions: 65->65
[2024-04-24T06:37:08.445+0000][gc,heap     ] GC(397) Archive regions: 2->2
[2024-04-24T06:37:08.445+0000][gc,heap     ] GC(397) Humongous regions: 129->129
[2024-04-24T06:37:08.445+0000][gc,metaspace] GC(397) Metaspace: 43413K(44032K)->43413K(44032K) NonClass: 38370K(38720K)->38370K(38720K) Class: 5042K(5312K)->5042K(5312K)
[2024-04-24T06:37:08.445+0000][gc          ] GC(397) Pause Young (Normal) (G1 Evacuation Pause) 807M->195M(1024M) 2.436ms
[2024-04-24T06:37:08.445+0000][gc,cpu      ] GC(397) User=0.01s Sys=0.00s Real=0.01s
[2024-04-24T06:37:09.493+0000][gc,start    ] GC(398) Pause Young (Normal) (G1 Evacuation Pause)
[2024-04-24T06:37:09.493+0000][gc,task     ] GC(398) Using 8 workers of 8 for evacuation
[2024-04-24T06:37:09.495+0000][gc,phases   ] GC(398)   Pre Evacuate Collection Set: 0.1ms
[2024-04-24T06:37:09.495+0000][gc,phases   ] GC(398)   Merge Heap Roots: 0.1ms
[2024-04-24T06:37:09.495+0000][gc,phases   ] GC(398)   Evacuate Collection Set: 1.6ms
[2024-04-24T06:37:09.496+0000][gc,phases   ] GC(398)   Post Evacuate Collection Set: 0.4ms
[2024-04-24T06:37:09.496+0000][gc,phases   ] GC(398)   Other: 0.1ms
[2024-04-24T06:37:09.496+0000][gc,heap     ] GC(398) Eden regions: 612->0(612)
[2024-04-24T06:37:09.496+0000][gc,heap     ] GC(398) Survivor regions: 2->2(77)
[2024-04-24T06:37:09.496+0000][gc,heap     ] GC(398) Old regions: 65->65
[2024-04-24T06:37:09.496+0000][gc,heap     ] GC(398) Archive regions: 2->2
[2024-04-24T06:37:09.496+0000][gc,heap     ] GC(398) Humongous regions: 129->129
[2024-04-24T06:37:09.496+0000][gc,metaspace] GC(398) Metaspace: 43414K(44032K)->43414K(44032K) NonClass: 38371K(38720K)->38371K(38720K) Class: 5042K(5312K)->5042K(5312K)
[2024-04-24T06:37:09.496+0000][gc          ] GC(398) Pause Young (Normal) (G1 Evacuation Pause) 807M->195M(1024M) 2.373ms
[2024-04-24T06:37:09.496+0000][gc,cpu      ] GC(398) User=0.01s Sys=0.01s Real=0.00s
[2024-04-24T06:38:38.834+0000][gc,start    ] GC(399) Pause Young (Normal) (G1 Evacuation Pause)
[2024-04-24T06:38:38.834+0000][gc,task     ] GC(399) Using 8 workers of 8 for evacuation
[2024-04-24T06:38:38.837+0000][gc,phases   ] GC(399)   Pre Evacuate Collection Set: 0.2ms
[2024-04-24T06:38:38.837+0000][gc,phases   ] GC(399)   Merge Heap Roots: 0.2ms
[2024-04-24T06:38:38.837+0000][gc,phases   ] GC(399)   Evacuate Collection Set: 2.3ms
[2024-04-24T06:38:38.837+0000][gc,phases   ] GC(399)   Post Evacuate Collection Set: 0.5ms
[2024-04-24T06:38:38.837+0000][gc,phases   ] GC(399)   Other: 0.1ms
[2024-04-24T06:38:38.837+0000][gc,heap     ] GC(399) Eden regions: 612->0(612)
[2024-04-24T06:38:38.837+0000][gc,heap     ] GC(399) Survivor regions: 2->2(77)
[2024-04-24T06:38:38.837+0000][gc,heap     ] GC(399) Old regions: 65->65
[2024-04-24T06:38:38.837+0000][gc,heap     ] GC(399) Archive regions: 2->2
[2024-04-24T06:38:38.837+0000][gc,heap     ] GC(399) Humongous regions: 129->129
[2024-04-24T06:38:38.837+0000][gc,metaspace] GC(399) Metaspace: 43439K(44096K)->43439K(44096K) NonClass: 38396K(38784K)->38396K(38784K) Class: 5042K(5312K)->5042K(5312K)
[2024-04-24T06:38:38.837+0000][gc          ] GC(399) Pause Young (Normal) (G1 Evacuation Pause) 807M->195M(1024M) 3.330ms
[2024-04-24T06:38:38.837+0000][gc,cpu      ] GC(399) User=0.02s Sys=0.00s Real=0.00s
[2024-04-24T06:38:40.259+0000][gc,start    ] GC(400) Pause Young (Normal) (G1 Evacuation Pause)
[2024-04-24T06:38:40.259+0000][gc,task     ] GC(400) Using 8 workers of 8 for evacuation
[2024-04-24T06:38:40.262+0000][gc,phases   ] GC(400)   Pre Evacuate Collection Set: 0.1ms
[2024-04-24T06:38:40.262+0000][gc,phases   ] GC(400)   Merge Heap Roots: 0.1ms
[2024-04-24T06:38:40.262+0000][gc,phases   ] GC(400)   Evacuate Collection Set: 1.9ms
[2024-04-24T06:38:40.262+0000][gc,phases   ] GC(400)   Post Evacuate Collection Set: 0.4ms
[2024-04-24T06:38:40.262+0000][gc,phases   ] GC(400)   Other: 0.1ms
[2024-04-24T06:38:40.262+0000][gc,heap     ] GC(400) Eden regions: 612->0(612)
[2024-04-24T06:38:40.262+0000][gc,heap     ] GC(400) Survivor regions: 2->2(77)
[2024-04-24T06:38:40.262+0000][gc,heap     ] GC(400) Old regions: 65->65
[2024-04-24T06:38:40.262+0000][gc,heap     ] GC(400) Archive regions: 2->2
[2024-04-24T06:38:40.262+0000][gc,heap     ] GC(400) Humongous regions: 129->129
[2024-04-24T06:38:40.262+0000][gc,metaspace] GC(400) Metaspace: 43439K(44096K)->43439K(44096K) NonClass: 38396K(38784K)->38396K(38784K) Class: 5042K(5312K)->5042K(5312K)
[2024-04-24T06:38:40.262+0000][gc          ] GC(400) Pause Young (Normal) (G1 Evacuation Pause) 807M->196M(1024M) 2.706ms
[2024-04-24T06:38:40.262+0000][gc,cpu      ] GC(400) User=0.01s Sys=0.00s Real=0.00s
[2024-04-24T06:38:41.555+0000][gc,start    ] GC(401) Pause Young (Normal) (G1 Evacuation Pause)
[2024-04-24T06:38:41.555+0000][gc,task     ] GC(401) Using 8 workers of 8 for evacuation
[2024-04-24T06:38:41.558+0000][gc,phases   ] GC(401)   Pre Evacuate Collection Set: 0.1ms
[2024-04-24T06:38:41.558+0000][gc,phases   ] GC(401)   Merge Heap Roots: 0.1ms
[2024-04-24T06:38:41.558+0000][gc,phases   ] GC(401)   Evacuate Collection Set: 2.7ms
[2024-04-24T06:38:41.558+0000][gc,phases   ] GC(401)   Post Evacuate Collection Set: 0.5ms
[2024-04-24T06:38:41.558+0000][gc,phases   ] GC(401)   Other: 0.1ms
[2024-04-24T06:38:41.558+0000][gc,heap     ] GC(401) Eden regions: 612->0(612)
[2024-04-24T06:38:41.558+0000][gc,heap     ] GC(401) Survivor regions: 2->2(77)
[2024-04-24T06:38:41.558+0000][gc,heap     ] GC(401) Old regions: 65->65
[2024-04-24T06:38:41.558+0000][gc,heap     ] GC(401) Archive regions: 2->2
[2024-04-24T06:38:41.558+0000][gc,heap     ] GC(401) Humongous regions: 129->129
[2024-04-24T06:38:41.558+0000][gc,metaspace] GC(401) Metaspace: 43439K(44096K)->43439K(44096K) NonClass: 38396K(38784K)->38396K(38784K) Class: 5042K(5312K)->5042K(5312K)
[2024-04-24T06:38:41.559+0000][gc          ] GC(401) Pause Young (Normal) (G1 Evacuation Pause) 808M->196M(1024M) 3.702ms
[2024-04-24T06:38:41.559+0000][gc,cpu      ] GC(401) User=0.02s Sys=0.00s Real=0.00s
[2024-04-24T06:38:42.978+0000][gc,start    ] GC(402) Pause Young (Normal) (G1 Evacuation Pause)
[2024-04-24T06:38:42.978+0000][gc,task     ] GC(402) Using 8 workers of 8 for evacuation
[2024-04-24T06:38:42.983+0000][gc,phases   ] GC(402)   Pre Evacuate Collection Set: 0.1ms
[2024-04-24T06:38:42.983+0000][gc,phases   ] GC(402)   Merge Heap Roots: 0.1ms
[2024-04-24T06:38:42.983+0000][gc,phases   ] GC(402)   Evacuate Collection Set: 3.3ms
[2024-04-24T06:38:42.983+0000][gc,phases   ] GC(402)   Post Evacuate Collection Set: 0.6ms
[2024-04-24T06:38:42.983+0000][gc,phases   ] GC(402)   Other: 0.2ms
[2024-04-24T06:38:42.983+0000][gc,heap     ] GC(402) Eden regions: 612->0(612)
[2024-04-24T06:38:42.983+0000][gc,heap     ] GC(402) Survivor regions: 2->2(77)
[2024-04-24T06:38:42.983+0000][gc,heap     ] GC(402) Old regions: 65->66
[2024-04-24T06:38:42.983+0000][gc,heap     ] GC(402) Archive regions: 2->2
[2024-04-24T06:38:42.983+0000][gc,heap     ] GC(402) Humongous regions: 129->129
[2024-04-24T06:38:42.983+0000][gc,metaspace] GC(402) Metaspace: 43439K(44096K)->43439K(44096K) NonClass: 38396K(38784K)->38396K(38784K) Class: 5042K(5312K)->5042K(5312K)
[2024-04-24T06:38:42.983+0000][gc          ] GC(402) Pause Young (Normal) (G1 Evacuation Pause) 808M->196M(1024M) 4.501ms
[2024-04-24T06:38:42.983+0000][gc,cpu      ] GC(402) User=0.01s Sys=0.01s Real=0.00s
[2024-04-24T06:38:44.366+0000][gc,start    ] GC(403) Pause Young (Normal) (G1 Evacuation Pause)
[2024-04-24T06:38:44.366+0000][gc,task     ] GC(403) Using 8 workers of 8 for evacuation
[2024-04-24T06:38:44.373+0000][gc,phases   ] GC(403)   Pre Evacuate Collection Set: 0.1ms
[2024-04-24T06:38:44.373+0000][gc,phases   ] GC(403)   Merge Heap Roots: 0.1ms
[2024-04-24T06:38:44.373+0000][gc,phases   ] GC(403)   Evacuate Collection Set: 6.0ms
[2024-04-24T06:38:44.373+0000][gc,phases   ] GC(403)   Post Evacuate Collection Set: 0.5ms
[2024-04-24T06:38:44.373+0000][gc,phases   ] GC(403)   Other: 0.1ms
[2024-04-24T06:38:44.373+0000][gc,heap     ] GC(403) Eden regions: 612->0(612)
[2024-04-24T06:38:44.373+0000][gc,heap     ] GC(403) Survivor regions: 2->2(77)
[2024-04-24T06:38:44.373+0000][gc,heap     ] GC(403) Old regions: 66->66
[2024-04-24T06:38:44.373+0000][gc,heap     ] GC(403) Archive regions: 2->2
[2024-04-24T06:38:44.373+0000][gc,heap     ] GC(403) Humongous regions: 129->129
[2024-04-24T06:38:44.373+0000][gc,metaspace] GC(403) Metaspace: 43439K(44096K)->43439K(44096K) NonClass: 38396K(38784K)->38396K(38784K) Class: 5042K(5312K)->5042K(5312K)
[2024-04-24T06:38:44.373+0000][gc          ] GC(403) Pause Young (Normal) (G1 Evacuation Pause) 808M->196M(1024M) 6.990ms
[2024-04-24T06:38:44.373+0000][gc,cpu      ] GC(403) User=0.02s Sys=0.00s Real=0.01s
[2024-04-24T06:38:45.607+0000][gc,start    ] GC(404) Pause Young (Normal) (G1 Evacuation Pause)
[2024-04-24T06:38:45.607+0000][gc,task     ] GC(404) Using 8 workers of 8 for evacuation
[2024-04-24T06:38:45.610+0000][gc,phases   ] GC(404)   Pre Evacuate Collection Set: 0.1ms
[2024-04-24T06:38:45.610+0000][gc,phases   ] GC(404)   Merge Heap Roots: 0.1ms
[2024-04-24T06:38:45.610+0000][gc,phases   ] GC(404)   Evacuate Collection Set: 1.9ms
[2024-04-24T06:38:45.610+0000][gc,phases   ] GC(404)   Post Evacuate Collection Set: 0.4ms
[2024-04-24T06:38:45.610+0000][gc,phases   ] GC(404)   Other: 0.1ms
[2024-04-24T06:38:45.610+0000][gc,heap     ] GC(404) Eden regions: 612->0(612)
[2024-04-24T06:38:45.610+0000][gc,heap     ] GC(404) Survivor regions: 2->2(77)
[2024-04-24T06:38:45.610+0000][gc,heap     ] GC(404) Old regions: 66->66
[2024-04-24T06:38:45.610+0000][gc,heap     ] GC(404) Archive regions: 2->2
[2024-04-24T06:38:45.610+0000][gc,heap     ] GC(404) Humongous regions: 129->129
[2024-04-24T06:38:45.610+0000][gc,metaspace] GC(404) Metaspace: 43442K(44096K)->43442K(44096K) NonClass: 38399K(38784K)->38399K(38784K) Class: 5042K(5312K)->5042K(5312K)
[2024-04-24T06:38:45.610+0000][gc          ] GC(404) Pause Young (Normal) (G1 Evacuation Pause) 808M->196M(1024M) 2.734ms
[2024-04-24T06:38:45.610+0000][gc,cpu      ] GC(404) User=0.01s Sys=0.00s Real=0.00s
[2024-04-24T06:38:46.785+0000][gc,start    ] GC(405) Pause Young (Normal) (G1 Evacuation Pause)
[2024-04-24T06:38:46.785+0000][gc,task     ] GC(405) Using 8 workers of 8 for evacuation
[2024-04-24T06:38:46.788+0000][gc,phases   ] GC(405)   Pre Evacuate Collection Set: 0.1ms
[2024-04-24T06:38:46.788+0000][gc,phases   ] GC(405)   Merge Heap Roots: 0.1ms
[2024-04-24T06:38:46.788+0000][gc,phases   ] GC(405)   Evacuate Collection Set: 2.1ms
[2024-04-24T06:38:46.788+0000][gc,phases   ] GC(405)   Post Evacuate Collection Set: 0.4ms
[2024-04-24T06:38:46.788+0000][gc,phases   ] GC(405)   Other: 0.1ms
[2024-04-24T06:38:46.788+0000][gc,heap     ] GC(405) Eden regions: 612->0(612)
[2024-04-24T06:38:46.788+0000][gc,heap     ] GC(405) Survivor regions: 2->2(77)
[2024-04-24T06:38:46.788+0000][gc,heap     ] GC(405) Old regions: 66->66
[2024-04-24T06:38:46.788+0000][gc,heap     ] GC(405) Archive regions: 2->2
[2024-04-24T06:38:46.788+0000][gc,heap     ] GC(405) Humongous regions: 129->129
[2024-04-24T06:38:46.788+0000][gc,metaspace] GC(405) Metaspace: 43451K(44096K)->43451K(44096K) NonClass: 38406K(38784K)->38406K(38784K) Class: 5045K(5312K)->5045K(5312K)
[2024-04-24T06:38:46.788+0000][gc          ] GC(405) Pause Young (Normal) (G1 Evacuation Pause) 808M->196M(1024M) 2.946ms
[2024-04-24T06:38:46.788+0000][gc,cpu      ] GC(405) User=0.01s Sys=0.00s Real=0.00s
[2024-04-24T06:38:47.986+0000][gc,start    ] GC(406) Pause Young (Normal) (G1 Evacuation Pause)
[2024-04-24T06:38:47.986+0000][gc,task     ] GC(406) Using 8 workers of 8 for evacuation
[2024-04-24T06:38:47.988+0000][gc,phases   ] GC(406)   Pre Evacuate Collection Set: 0.1ms
[2024-04-24T06:38:47.988+0000][gc,phases   ] GC(406)   Merge Heap Roots: 0.1ms
[2024-04-24T06:38:47.988+0000][gc,phases   ] GC(406)   Evacuate Collection Set: 2.2ms
[2024-04-24T06:38:47.988+0000][gc,phases   ] GC(406)   Post Evacuate Collection Set: 0.4ms
[2024-04-24T06:38:47.988+0000][gc,phases   ] GC(406)   Other: 0.1ms
[2024-04-24T06:38:47.988+0000][gc,heap     ] GC(406) Eden regions: 612->0(612)
[2024-04-24T06:38:47.988+0000][gc,heap     ] GC(406) Survivor regions: 2->2(77)
[2024-04-24T06:38:47.988+0000][gc,heap     ] GC(406) Old regions: 66->66
[2024-04-24T06:38:47.989+0000][gc,heap     ] GC(406) Archive regions: 2->2
[2024-04-24T06:38:47.989+0000][gc,heap     ] GC(406) Humongous regions: 129->129
[2024-04-24T06:38:47.989+0000][gc,metaspace] GC(406) Metaspace: 43451K(44096K)->43451K(44096K) NonClass: 38406K(38784K)->38406K(38784K) Class: 5045K(5312K)->5045K(5312K)
[2024-04-24T06:38:47.989+0000][gc          ] GC(406) Pause Young (Normal) (G1 Evacuation Pause) 808M->197M(1024M) 3.002ms
[2024-04-24T06:38:47.989+0000][gc,cpu      ] GC(406) User=0.02s Sys=0.00s Real=0.00s
[2024-04-24T06:38:49.176+0000][gc,start    ] GC(407) Pause Young (Normal) (G1 Evacuation Pause)
[2024-04-24T06:38:49.176+0000][gc,task     ] GC(407) Using 8 workers of 8 for evacuation
[2024-04-24T06:38:49.178+0000][gc,phases   ] GC(407)   Pre Evacuate Collection Set: 0.1ms
[2024-04-24T06:38:49.178+0000][gc,phases   ] GC(407)   Merge Heap Roots: 0.1ms
[2024-04-24T06:38:49.178+0000][gc,phases   ] GC(407)   Evacuate Collection Set: 1.9ms
[2024-04-24T06:38:49.178+0000][gc,phases   ] GC(407)   Post Evacuate Collection Set: 0.4ms
[2024-04-24T06:38:49.178+0000][gc,phases   ] GC(407)   Other: 0.1ms
[2024-04-24T06:38:49.178+0000][gc,heap     ] GC(407) Eden regions: 612->0(612)
[2024-04-24T06:38:49.178+0000][gc,heap     ] GC(407) Survivor regions: 2->2(77)
[2024-04-24T06:38:49.178+0000][gc,heap     ] GC(407) Old regions: 66->66
[2024-04-24T06:38:49.178+0000][gc,heap     ] GC(407) Archive regions: 2->2
[2024-04-24T06:38:49.178+0000][gc,heap     ] GC(407) Humongous regions: 129->129
[2024-04-24T06:38:49.178+0000][gc,metaspace] GC(407) Metaspace: 43451K(44096K)->43451K(44096K) NonClass: 38406K(38784K)->38406K(38784K) Class: 5045K(5312K)->5045K(5312K)
[2024-04-24T06:38:49.178+0000][gc          ] GC(407) Pause Young (Normal) (G1 Evacuation Pause) 809M->197M(1024M) 2.647ms
[2024-04-24T06:38:49.178+0000][gc,cpu      ] GC(407) User=0.01s Sys=0.00s Real=0.00s
[2024-04-24T06:38:50.286+0000][gc,start    ] GC(408) Pause Young (Normal) (G1 Evacuation Pause)
[2024-04-24T06:38:50.286+0000][gc,task     ] GC(408) Using 8 workers of 8 for evacuation
[2024-04-24T06:38:50.289+0000][gc,phases   ] GC(408)   Pre Evacuate Collection Set: 0.1ms
[2024-04-24T06:38:50.289+0000][gc,phases   ] GC(408)   Merge Heap Roots: 0.1ms
[2024-04-24T06:38:50.289+0000][gc,phases   ] GC(408)   Evacuate Collection Set: 2.2ms
[2024-04-24T06:38:50.289+0000][gc,phases   ] GC(408)   Post Evacuate Collection Set: 0.4ms
[2024-04-24T06:38:50.289+0000][gc,phases   ] GC(408)   Other: 0.1ms
[2024-04-24T06:38:50.289+0000][gc,heap     ] GC(408) Eden regions: 612->0(612)
[2024-04-24T06:38:50.289+0000][gc,heap     ] GC(408) Survivor regions: 2->2(77)
[2024-04-24T06:38:50.289+0000][gc,heap     ] GC(408) Old regions: 66->66
[2024-04-24T06:38:50.289+0000][gc,heap     ] GC(408) Archive regions: 2->2
[2024-04-24T06:38:50.289+0000][gc,heap     ] GC(408) Humongous regions: 129->129
[2024-04-24T06:38:50.289+0000][gc,metaspace] GC(408) Metaspace: 43451K(44096K)->43451K(44096K) NonClass: 38406K(38784K)->38406K(38784K) Class: 5045K(5312K)->5045K(5312K)
[2024-04-24T06:38:50.289+0000][gc          ] GC(408) Pause Young (Normal) (G1 Evacuation Pause) 809M->197M(1024M) 2.946ms
[2024-04-24T06:38:50.289+0000][gc,cpu      ] GC(408) User=0.01s Sys=0.00s Real=0.00s
[2024-04-24T06:38:51.476+0000][gc,start    ] GC(409) Pause Young (Normal) (G1 Evacuation Pause)
[2024-04-24T06:38:51.476+0000][gc,task     ] GC(409) Using 8 workers of 8 for evacuation
[2024-04-24T06:38:51.479+0000][gc,phases   ] GC(409)   Pre Evacuate Collection Set: 0.1ms
[2024-04-24T06:38:51.479+0000][gc,phases   ] GC(409)   Merge Heap Roots: 0.1ms
[2024-04-24T06:38:51.479+0000][gc,phases   ] GC(409)   Evacuate Collection Set: 2.1ms
[2024-04-24T06:38:51.479+0000][gc,phases   ] GC(409)   Post Evacuate Collection Set: 0.4ms
[2024-04-24T06:38:51.479+0000][gc,phases   ] GC(409)   Other: 0.1ms
[2024-04-24T06:38:51.479+0000][gc,heap     ] GC(409) Eden regions: 612->0(612)
[2024-04-24T06:38:51.479+0000][gc,heap     ] GC(409) Survivor regions: 2->2(77)
[2024-04-24T06:38:51.479+0000][gc,heap     ] GC(409) Old regions: 66->66
[2024-04-24T06:38:51.479+0000][gc,heap     ] GC(409) Archive regions: 2->2
[2024-04-24T06:38:51.479+0000][gc,heap     ] GC(409) Humongous regions: 129->129
[2024-04-24T06:38:51.479+0000][gc,metaspace] GC(409) Metaspace: 43451K(44096K)->43451K(44096K) NonClass: 38406K(38784K)->38406K(38784K) Class: 5045K(5312K)->5045K(5312K)
[2024-04-24T06:38:51.479+0000][gc          ] GC(409) Pause Young (Normal) (G1 Evacuation Pause) 809M->197M(1024M) 2.819ms
[2024-04-24T06:38:51.479+0000][gc,cpu      ] GC(409) User=0.01s Sys=0.01s Real=0.00s
[2024-04-24T06:38:52.487+0000][gc,start    ] GC(410) Pause Young (Normal) (G1 Evacuation Pause)
[2024-04-24T06:38:52.487+0000][gc,task     ] GC(410) Using 8 workers of 8 for evacuation
[2024-04-24T06:38:52.490+0000][gc,phases   ] GC(410)   Pre Evacuate Collection Set: 0.1ms
[2024-04-24T06:38:52.490+0000][gc,phases   ] GC(410)   Merge Heap Roots: 0.1ms
[2024-04-24T06:38:52.490+0000][gc,phases   ] GC(410)   Evacuate Collection Set: 2.1ms
[2024-04-24T06:38:52.490+0000][gc,phases   ] GC(410)   Post Evacuate Collection Set: 0.4ms
[2024-04-24T06:38:52.490+0000][gc,phases   ] GC(410)   Other: 0.1ms
[2024-04-24T06:38:52.490+0000][gc,heap     ] GC(410) Eden regions: 612->0(611)
[2024-04-24T06:38:52.490+0000][gc,heap     ] GC(410) Survivor regions: 2->3(77)
[2024-04-24T06:38:52.490+0000][gc,heap     ] GC(410) Old regions: 66->66
[2024-04-24T06:38:52.490+0000][gc,heap     ] GC(410) Archive regions: 2->2
[2024-04-24T06:38:52.490+0000][gc,heap     ] GC(410) Humongous regions: 129->129
[2024-04-24T06:38:52.490+0000][gc,metaspace] GC(410) Metaspace: 43459K(44096K)->43459K(44096K) NonClass: 38414K(38784K)->38414K(38784K) Class: 5045K(5312K)->5045K(5312K)
[2024-04-24T06:38:52.490+0000][gc          ] GC(410) Pause Young (Normal) (G1 Evacuation Pause) 809M->197M(1024M) 2.904ms
[2024-04-24T06:38:52.490+0000][gc,cpu      ] GC(410) User=0.02s Sys=0.00s Real=0.00s
[2024-04-24T06:38:53.508+0000][gc,start    ] GC(411) Pause Young (Normal) (G1 Evacuation Pause)
[2024-04-24T06:38:53.508+0000][gc,task     ] GC(411) Using 8 workers of 8 for evacuation
[2024-04-24T06:38:53.511+0000][gc,phases   ] GC(411)   Pre Evacuate Collection Set: 0.1ms
[2024-04-24T06:38:53.511+0000][gc,phases   ] GC(411)   Merge Heap Roots: 0.1ms
[2024-04-24T06:38:53.511+0000][gc,phases   ] GC(411)   Evacuate Collection Set: 2.3ms
[2024-04-24T06:38:53.511+0000][gc,phases   ] GC(411)   Post Evacuate Collection Set: 0.4ms
[2024-04-24T06:38:53.511+0000][gc,phases   ] GC(411)   Other: 0.1ms
[2024-04-24T06:38:53.511+0000][gc,heap     ] GC(411) Eden regions: 611->0(611)
[2024-04-24T06:38:53.511+0000][gc,heap     ] GC(411) Survivor regions: 3->3(77)
[2024-04-24T06:38:53.511+0000][gc,heap     ] GC(411) Old regions: 66->66
[2024-04-24T06:38:53.511+0000][gc,heap     ] GC(411) Archive regions: 2->2
[2024-04-24T06:38:53.511+0000][gc,heap     ] GC(411) Humongous regions: 129->129
[2024-04-24T06:38:53.511+0000][gc,metaspace] GC(411) Metaspace: 43459K(44096K)->43459K(44096K) NonClass: 38414K(38784K)->38414K(38784K) Class: 5045K(5312K)->5045K(5312K)
[2024-04-24T06:38:53.511+0000][gc          ] GC(411) Pause Young (Normal) (G1 Evacuation Pause) 808M->197M(1024M) 3.087ms
[2024-04-24T06:38:53.511+0000][gc,cpu      ] GC(411) User=0.01s Sys=0.01s Real=0.00s
[2024-04-24T06:38:54.549+0000][gc,start    ] GC(412) Pause Young (Normal) (G1 Evacuation Pause)
[2024-04-24T06:38:54.549+0000][gc,task     ] GC(412) Using 8 workers of 8 for evacuation
[2024-04-24T06:38:54.552+0000][gc,phases   ] GC(412)   Pre Evacuate Collection Set: 0.1ms
[2024-04-24T06:38:54.552+0000][gc,phases   ] GC(412)   Merge Heap Roots: 0.1ms
[2024-04-24T06:38:54.552+0000][gc,phases   ] GC(412)   Evacuate Collection Set: 2.7ms
[2024-04-24T06:38:54.552+0000][gc,phases   ] GC(412)   Post Evacuate Collection Set: 0.4ms
[2024-04-24T06:38:54.552+0000][gc,phases   ] GC(412)   Other: 0.1ms
[2024-04-24T06:38:54.552+0000][gc,heap     ] GC(412) Eden regions: 611->0(611)
[2024-04-24T06:38:54.552+0000][gc,heap     ] GC(412) Survivor regions: 3->3(77)
[2024-04-24T06:38:54.552+0000][gc,heap     ] GC(412) Old regions: 66->66
[2024-04-24T06:38:54.552+0000][gc,heap     ] GC(412) Archive regions: 2->2
[2024-04-24T06:38:54.552+0000][gc,heap     ] GC(412) Humongous regions: 129->129
[2024-04-24T06:38:54.552+0000][gc,metaspace] GC(412) Metaspace: 43459K(44096K)->43459K(44096K) NonClass: 38414K(38784K)->38414K(38784K) Class: 5045K(5312K)->5045K(5312K)
[2024-04-24T06:38:54.552+0000][gc          ] GC(412) Pause Young (Normal) (G1 Evacuation Pause) 808M->197M(1024M) 3.472ms
[2024-04-24T06:38:54.552+0000][gc,cpu      ] GC(412) User=0.02s Sys=0.00s Real=0.01s
[2024-04-24T06:38:55.593+0000][gc,start    ] GC(413) Pause Young (Normal) (G1 Evacuation Pause)
[2024-04-24T06:38:55.593+0000][gc,task     ] GC(413) Using 8 workers of 8 for evacuation
[2024-04-24T06:38:55.596+0000][gc,phases   ] GC(413)   Pre Evacuate Collection Set: 0.1ms
[2024-04-24T06:38:55.596+0000][gc,phases   ] GC(413)   Merge Heap Roots: 0.1ms
[2024-04-24T06:38:55.596+0000][gc,phases   ] GC(413)   Evacuate Collection Set: 2.2ms
[2024-04-24T06:38:55.596+0000][gc,phases   ] GC(413)   Post Evacuate Collection Set: 0.5ms
[2024-04-24T06:38:55.596+0000][gc,phases   ] GC(413)   Other: 0.1ms
[2024-04-24T06:38:55.596+0000][gc,heap     ] GC(413) Eden regions: 611->0(611)
[2024-04-24T06:38:55.596+0000][gc,heap     ] GC(413) Survivor regions: 3->3(77)
[2024-04-24T06:38:55.596+0000][gc,heap     ] GC(413) Old regions: 66->66
[2024-04-24T06:38:55.596+0000][gc,heap     ] GC(413) Archive regions: 2->2
[2024-04-24T06:38:55.596+0000][gc,heap     ] GC(413) Humongous regions: 129->129
[2024-04-24T06:38:55.596+0000][gc,metaspace] GC(413) Metaspace: 43459K(44096K)->43459K(44096K) NonClass: 38414K(38784K)->38414K(38784K) Class: 5045K(5312K)->5045K(5312K)
[2024-04-24T06:38:55.596+0000][gc          ] GC(413) Pause Young (Normal) (G1 Evacuation Pause) 808M->198M(1024M) 3.126ms
[2024-04-24T06:38:55.596+0000][gc,cpu      ] GC(413) User=0.02s Sys=0.00s Real=0.00s
[2024-04-24T06:38:56.684+0000][gc,start    ] GC(414) Pause Young (Normal) (G1 Evacuation Pause)
[2024-04-24T06:38:56.684+0000][gc,task     ] GC(414) Using 8 workers of 8 for evacuation
[2024-04-24T06:38:56.687+0000][gc,phases   ] GC(414)   Pre Evacuate Collection Set: 0.1ms
[2024-04-24T06:38:56.687+0000][gc,phases   ] GC(414)   Merge Heap Roots: 0.1ms
[2024-04-24T06:38:56.687+0000][gc,phases   ] GC(414)   Evacuate Collection Set: 2.2ms
[2024-04-24T06:38:56.687+0000][gc,phases   ] GC(414)   Post Evacuate Collection Set: 0.4ms
[2024-04-24T06:38:56.687+0000][gc,phases   ] GC(414)   Other: 0.1ms
[2024-04-24T06:38:56.687+0000][gc,heap     ] GC(414) Eden regions: 611->0(611)
[2024-04-24T06:38:56.687+0000][gc,heap     ] GC(414) Survivor regions: 3->3(77)
[2024-04-24T06:38:56.687+0000][gc,heap     ] GC(414) Old regions: 66->66
[2024-04-24T06:38:56.687+0000][gc,heap     ] GC(414) Archive regions: 2->2
[2024-04-24T06:38:56.687+0000][gc,heap     ] GC(414) Humongous regions: 129->129
[2024-04-24T06:38:56.687+0000][gc,metaspace] GC(414) Metaspace: 43459K(44096K)->43459K(44096K) NonClass: 38414K(38784K)->38414K(38784K) Class: 5045K(5312K)->5045K(5312K)
[2024-04-24T06:38:56.687+0000][gc          ] GC(414) Pause Young (Normal) (G1 Evacuation Pause) 809M->198M(1024M) 2.984ms
[2024-04-24T06:38:56.687+0000][gc,cpu      ] GC(414) User=0.02s Sys=0.01s Real=0.01s
[2024-04-24T06:38:57.788+0000][gc,start    ] GC(415) Pause Young (Normal) (G1 Evacuation Pause)
[2024-04-24T06:38:57.788+0000][gc,task     ] GC(415) Using 8 workers of 8 for evacuation
[2024-04-24T06:38:57.791+0000][gc,phases   ] GC(415)   Pre Evacuate Collection Set: 0.1ms
[2024-04-24T06:38:57.791+0000][gc,phases   ] GC(415)   Merge Heap Roots: 0.1ms
[2024-04-24T06:38:57.791+0000][gc,phases   ] GC(415)   Evacuate Collection Set: 2.2ms
[2024-04-24T06:38:57.791+0000][gc,phases   ] GC(415)   Post Evacuate Collection Set: 0.4ms
[2024-04-24T06:38:57.791+0000][gc,phases   ] GC(415)   Other: 0.1ms
[2024-04-24T06:38:57.791+0000][gc,heap     ] GC(415) Eden regions: 611->0(611)
[2024-04-24T06:38:57.791+0000][gc,heap     ] GC(415) Survivor regions: 3->3(77)
[2024-04-24T06:38:57.791+0000][gc,heap     ] GC(415) Old regions: 66->67
[2024-04-24T06:38:57.791+0000][gc,heap     ] GC(415) Archive regions: 2->2
[2024-04-24T06:38:57.791+0000][gc,heap     ] GC(415) Humongous regions: 129->129
[2024-04-24T06:38:57.791+0000][gc,metaspace] GC(415) Metaspace: 43459K(44096K)->43459K(44096K) NonClass: 38414K(38784K)->38414K(38784K) Class: 5045K(5312K)->5045K(5312K)
[2024-04-24T06:38:57.791+0000][gc          ] GC(415) Pause Young (Normal) (G1 Evacuation Pause) 809M->198M(1024M) 3.008ms
[2024-04-24T06:38:57.791+0000][gc,cpu      ] GC(415) User=0.01s Sys=0.01s Real=0.00s
[2024-04-24T06:38:58.839+0000][gc,start    ] GC(416) Pause Young (Normal) (G1 Evacuation Pause)
[2024-04-24T06:38:58.839+0000][gc,task     ] GC(416) Using 8 workers of 8 for evacuation
[2024-04-24T06:38:58.842+0000][gc,phases   ] GC(416)   Pre Evacuate Collection Set: 0.1ms
[2024-04-24T06:38:58.842+0000][gc,phases   ] GC(416)   Merge Heap Roots: 0.1ms
[2024-04-24T06:38:58.842+0000][gc,phases   ] GC(416)   Evacuate Collection Set: 2.3ms
[2024-04-24T06:38:58.842+0000][gc,phases   ] GC(416)   Post Evacuate Collection Set: 0.4ms
[2024-04-24T06:38:58.842+0000][gc,phases   ] GC(416)   Other: 0.1ms
[2024-04-24T06:38:58.842+0000][gc,heap     ] GC(416) Eden regions: 611->0(611)
[2024-04-24T06:38:58.842+0000][gc,heap     ] GC(416) Survivor regions: 3->3(77)
[2024-04-24T06:38:58.842+0000][gc,heap     ] GC(416) Old regions: 67->67
[2024-04-24T06:38:58.842+0000][gc,heap     ] GC(416) Archive regions: 2->2
[2024-04-24T06:38:58.842+0000][gc,heap     ] GC(416) Humongous regions: 129->129
[2024-04-24T06:38:58.842+0000][gc,metaspace] GC(416) Metaspace: 43459K(44096K)->43459K(44096K) NonClass: 38414K(38784K)->38414K(38784K) Class: 5045K(5312K)->5045K(5312K)
[2024-04-24T06:38:58.842+0000][gc          ] GC(416) Pause Young (Normal) (G1 Evacuation Pause) 809M->198M(1024M) 3.061ms
[2024-04-24T06:38:58.842+0000][gc,cpu      ] GC(416) User=0.02s Sys=0.00s Real=0.00s
[2024-04-24T06:38:59.857+0000][gc,start    ] GC(417) Pause Young (Normal) (G1 Evacuation Pause)
[2024-04-24T06:38:59.857+0000][gc,task     ] GC(417) Using 8 workers of 8 for evacuation
[2024-04-24T06:38:59.859+0000][gc,phases   ] GC(417)   Pre Evacuate Collection Set: 0.1ms
[2024-04-24T06:38:59.859+0000][gc,phases   ] GC(417)   Merge Heap Roots: 0.1ms
[2024-04-24T06:38:59.859+0000][gc,phases   ] GC(417)   Evacuate Collection Set: 2.1ms
[2024-04-24T06:38:59.859+0000][gc,phases   ] GC(417)   Post Evacuate Collection Set: 0.4ms
[2024-04-24T06:38:59.859+0000][gc,phases   ] GC(417)   Other: 0.1ms
[2024-04-24T06:38:59.859+0000][gc,heap     ] GC(417) Eden regions: 611->0(611)
[2024-04-24T06:38:59.859+0000][gc,heap     ] GC(417) Survivor regions: 3->3(77)
[2024-04-24T06:38:59.859+0000][gc,heap     ] GC(417) Old regions: 67->67
[2024-04-24T06:38:59.859+0000][gc,heap     ] GC(417) Archive regions: 2->2
[2024-04-24T06:38:59.859+0000][gc,heap     ] GC(417) Humongous regions: 129->129
[2024-04-24T06:38:59.859+0000][gc,metaspace] GC(417) Metaspace: 43459K(44096K)->43459K(44096K) NonClass: 38414K(38784K)->38414K(38784K) Class: 5045K(5312K)->5045K(5312K)
[2024-04-24T06:38:59.860+0000][gc          ] GC(417) Pause Young (Normal) (G1 Evacuation Pause) 809M->198M(1024M) 2.909ms
[2024-04-24T06:38:59.860+0000][gc,cpu      ] GC(417) User=0.01s Sys=0.01s Real=0.00s
[2024-04-24T06:39:01.009+0000][gc,start    ] GC(418) Pause Young (Normal) (G1 Evacuation Pause)
[2024-04-24T06:39:01.009+0000][gc,task     ] GC(418) Using 8 workers of 8 for evacuation
[2024-04-24T06:39:01.012+0000][gc,phases   ] GC(418)   Pre Evacuate Collection Set: 0.1ms
[2024-04-24T06:39:01.012+0000][gc,phases   ] GC(418)   Merge Heap Roots: 0.1ms
[2024-04-24T06:39:01.012+0000][gc,phases   ] GC(418)   Evacuate Collection Set: 2.2ms
[2024-04-24T06:39:01.012+0000][gc,phases   ] GC(418)   Post Evacuate Collection Set: 0.4ms
[2024-04-24T06:39:01.012+0000][gc,phases   ] GC(418)   Other: 0.1ms
[2024-04-24T06:39:01.012+0000][gc,heap     ] GC(418) Eden regions: 611->0(611)
[2024-04-24T06:39:01.012+0000][gc,heap     ] GC(418) Survivor regions: 3->3(77)
[2024-04-24T06:39:01.012+0000][gc,heap     ] GC(418) Old regions: 67->67
[2024-04-24T06:39:01.012+0000][gc,heap     ] GC(418) Archive regions: 2->2
[2024-04-24T06:39:01.012+0000][gc,heap     ] GC(418) Humongous regions: 129->129
[2024-04-24T06:39:01.012+0000][gc,metaspace] GC(418) Metaspace: 43459K(44096K)->43459K(44096K) NonClass: 38414K(38784K)->38414K(38784K) Class: 5045K(5312K)->5045K(5312K)
[2024-04-24T06:39:01.012+0000][gc          ] GC(418) Pause Young (Normal) (G1 Evacuation Pause) 809M->198M(1024M) 2.992ms
[2024-04-24T06:39:01.012+0000][gc,cpu      ] GC(418) User=0.01s Sys=0.00s Real=0.00s
[2024-04-24T06:39:02.068+0000][gc,start    ] GC(419) Pause Young (Normal) (G1 Evacuation Pause)
[2024-04-24T06:39:02.068+0000][gc,task     ] GC(419) Using 8 workers of 8 for evacuation
[2024-04-24T06:39:02.071+0000][gc,phases   ] GC(419)   Pre Evacuate Collection Set: 0.1ms
[2024-04-24T06:39:02.071+0000][gc,phases   ] GC(419)   Merge Heap Roots: 0.1ms
[2024-04-24T06:39:02.071+0000][gc,phases   ] GC(419)   Evacuate Collection Set: 2.2ms
[2024-04-24T06:39:02.071+0000][gc,phases   ] GC(419)   Post Evacuate Collection Set: 0.4ms
[2024-04-24T06:39:02.071+0000][gc,phases   ] GC(419)   Other: 0.1ms
[2024-04-24T06:39:02.071+0000][gc,heap     ] GC(419) Eden regions: 611->0(611)
[2024-04-24T06:39:02.071+0000][gc,heap     ] GC(419) Survivor regions: 3->3(77)
[2024-04-24T06:39:02.071+0000][gc,heap     ] GC(419) Old regions: 67->67
[2024-04-24T06:39:02.071+0000][gc,heap     ] GC(419) Archive regions: 2->2
[2024-04-24T06:39:02.071+0000][gc,heap     ] GC(419) Humongous regions: 129->129
[2024-04-24T06:39:02.071+0000][gc,metaspace] GC(419) Metaspace: 43459K(44096K)->43459K(44096K) NonClass: 38414K(38784K)->38414K(38784K) Class: 5045K(5312K)->5045K(5312K)
[2024-04-24T06:39:02.071+0000][gc          ] GC(419) Pause Young (Normal) (G1 Evacuation Pause) 809M->198M(1024M) 2.957ms
[2024-04-24T06:39:02.071+0000][gc,cpu      ] GC(419) User=0.01s Sys=0.01s Real=0.00s
[2024-04-24T06:39:03.277+0000][gc,start    ] GC(420) Pause Young (Normal) (G1 Evacuation Pause)
[2024-04-24T06:39:03.277+0000][gc,task     ] GC(420) Using 8 workers of 8 for evacuation
[2024-04-24T06:39:03.280+0000][gc,phases   ] GC(420)   Pre Evacuate Collection Set: 0.1ms
[2024-04-24T06:39:03.280+0000][gc,phases   ] GC(420)   Merge Heap Roots: 0.1ms
[2024-04-24T06:39:03.280+0000][gc,phases   ] GC(420)   Evacuate Collection Set: 2.2ms
[2024-04-24T06:39:03.280+0000][gc,phases   ] GC(420)   Post Evacuate Collection Set: 0.4ms
[2024-04-24T06:39:03.280+0000][gc,phases   ] GC(420)   Other: 0.1ms
[2024-04-24T06:39:03.280+0000][gc,heap     ] GC(420) Eden regions: 611->0(611)
[2024-04-24T06:39:03.280+0000][gc,heap     ] GC(420) Survivor regions: 3->3(77)
[2024-04-24T06:39:03.280+0000][gc,heap     ] GC(420) Old regions: 67->67
[2024-04-24T06:39:03.280+0000][gc,heap     ] GC(420) Archive regions: 2->2
[2024-04-24T06:39:03.280+0000][gc,heap     ] GC(420) Humongous regions: 129->129
[2024-04-24T06:39:03.280+0000][gc,metaspace] GC(420) Metaspace: 43459K(44096K)->43459K(44096K) NonClass: 38414K(38784K)->38414K(38784K) Class: 5045K(5312K)->5045K(5312K)
[2024-04-24T06:39:03.280+0000][gc          ] GC(420) Pause Young (Normal) (G1 Evacuation Pause) 809M->198M(1024M) 3.016ms
[2024-04-24T06:39:03.280+0000][gc,cpu      ] GC(420) User=0.01s Sys=0.01s Real=0.00s
[2024-04-24T06:39:04.311+0000][gc,start    ] GC(421) Pause Young (Normal) (G1 Evacuation Pause)
[2024-04-24T06:39:04.311+0000][gc,task     ] GC(421) Using 8 workers of 8 for evacuation
[2024-04-24T06:39:04.314+0000][gc,phases   ] GC(421)   Pre Evacuate Collection Set: 0.1ms
[2024-04-24T06:39:04.314+0000][gc,phases   ] GC(421)   Merge Heap Roots: 0.1ms
[2024-04-24T06:39:04.314+0000][gc,phases   ] GC(421)   Evacuate Collection Set: 2.1ms
[2024-04-24T06:39:04.314+0000][gc,phases   ] GC(421)   Post Evacuate Collection Set: 0.4ms
[2024-04-24T06:39:04.314+0000][gc,phases   ] GC(421)   Other: 0.1ms
[2024-04-24T06:39:04.314+0000][gc,heap     ] GC(421) Eden regions: 611->0(611)
[2024-04-24T06:39:04.314+0000][gc,heap     ] GC(421) Survivor regions: 3->3(77)
[2024-04-24T06:39:04.314+0000][gc,heap     ] GC(421) Old regions: 67->68
[2024-04-24T06:39:04.314+0000][gc,heap     ] GC(421) Archive regions: 2->2
[2024-04-24T06:39:04.314+0000][gc,heap     ] GC(421) Humongous regions: 129->129
[2024-04-24T06:39:04.314+0000][gc,metaspace] GC(421) Metaspace: 43459K(44096K)->43459K(44096K) NonClass: 38414K(38784K)->38414K(38784K) Class: 5045K(5312K)->5045K(5312K)
[2024-04-24T06:39:04.314+0000][gc          ] GC(421) Pause Young (Normal) (G1 Evacuation Pause) 809M->199M(1024M) 2.905ms
[2024-04-24T06:39:04.314+0000][gc,cpu      ] GC(421) User=0.01s Sys=0.00s Real=0.01s
[2024-04-24T06:39:05.334+0000][gc,start    ] GC(422) Pause Young (Normal) (G1 Evacuation Pause)
[2024-04-24T06:39:05.334+0000][gc,task     ] GC(422) Using 8 workers of 8 for evacuation
[2024-04-24T06:39:05.336+0000][gc,phases   ] GC(422)   Pre Evacuate Collection Set: 0.1ms
[2024-04-24T06:39:05.336+0000][gc,phases   ] GC(422)   Merge Heap Roots: 0.1ms
[2024-04-24T06:39:05.336+0000][gc,phases   ] GC(422)   Evacuate Collection Set: 2.0ms
[2024-04-24T06:39:05.336+0000][gc,phases   ] GC(422)   Post Evacuate Collection Set: 0.4ms
[2024-04-24T06:39:05.336+0000][gc,phases   ] GC(422)   Other: 0.1ms
[2024-04-24T06:39:05.336+0000][gc,heap     ] GC(422) Eden regions: 611->0(611)
[2024-04-24T06:39:05.336+0000][gc,heap     ] GC(422) Survivor regions: 3->3(77)
[2024-04-24T06:39:05.336+0000][gc,heap     ] GC(422) Old regions: 68->68
[2024-04-24T06:39:05.336+0000][gc,heap     ] GC(422) Archive regions: 2->2
[2024-04-24T06:39:05.336+0000][gc,heap     ] GC(422) Humongous regions: 129->129
[2024-04-24T06:39:05.336+0000][gc,metaspace] GC(422) Metaspace: 43459K(44096K)->43459K(44096K) NonClass: 38414K(38784K)->38414K(38784K) Class: 5045K(5312K)->5045K(5312K)
[2024-04-24T06:39:05.336+0000][gc          ] GC(422) Pause Young (Normal) (G1 Evacuation Pause) 810M->199M(1024M) 2.757ms
[2024-04-24T06:39:05.336+0000][gc,cpu      ] GC(422) User=0.02s Sys=0.00s Real=0.00s
[2024-04-24T06:39:06.412+0000][gc,start    ] GC(423) Pause Young (Normal) (G1 Evacuation Pause)
[2024-04-24T06:39:06.412+0000][gc,task     ] GC(423) Using 8 workers of 8 for evacuation
[2024-04-24T06:39:06.415+0000][gc,phases   ] GC(423)   Pre Evacuate Collection Set: 0.1ms
[2024-04-24T06:39:06.415+0000][gc,phases   ] GC(423)   Merge Heap Roots: 0.1ms
[2024-04-24T06:39:06.415+0000][gc,phases   ] GC(423)   Evacuate Collection Set: 2.0ms
[2024-04-24T06:39:06.415+0000][gc,phases   ] GC(423)   Post Evacuate Collection Set: 0.4ms
[2024-04-24T06:39:06.415+0000][gc,phases   ] GC(423)   Other: 0.1ms
[2024-04-24T06:39:06.415+0000][gc,heap     ] GC(423) Eden regions: 611->0(612)
[2024-04-24T06:39:06.415+0000][gc,heap     ] GC(423) Survivor regions: 3->2(77)
[2024-04-24T06:39:06.415+0000][gc,heap     ] GC(423) Old regions: 68->68
[2024-04-24T06:39:06.415+0000][gc,heap     ] GC(423) Archive regions: 2->2
[2024-04-24T06:39:06.415+0000][gc,heap     ] GC(423) Humongous regions: 129->129
[2024-04-24T06:39:06.415+0000][gc,metaspace] GC(423) Metaspace: 43459K(44096K)->43459K(44096K) NonClass: 38414K(38784K)->38414K(38784K) Class: 5045K(5312K)->5045K(5312K)
[2024-04-24T06:39:06.415+0000][gc          ] GC(423) Pause Young (Normal) (G1 Evacuation Pause) 810M->199M(1024M) 2.810ms
[2024-04-24T06:39:06.415+0000][gc,cpu      ] GC(423) User=0.01s Sys=0.00s Real=0.00s
[2024-04-24T06:39:07.571+0000][gc,start    ] GC(424) Pause Young (Normal) (G1 Evacuation Pause)
[2024-04-24T06:39:07.571+0000][gc,task     ] GC(424) Using 8 workers of 8 for evacuation
[2024-04-24T06:39:07.574+0000][gc,phases   ] GC(424)   Pre Evacuate Collection Set: 0.1ms
[2024-04-24T06:39:07.574+0000][gc,phases   ] GC(424)   Merge Heap Roots: 0.1ms
[2024-04-24T06:39:07.574+0000][gc,phases   ] GC(424)   Evacuate Collection Set: 2.1ms
[2024-04-24T06:39:07.574+0000][gc,phases   ] GC(424)   Post Evacuate Collection Set: 0.4ms
[2024-04-24T06:39:07.574+0000][gc,phases   ] GC(424)   Other: 0.1ms
[2024-04-24T06:39:07.574+0000][gc,heap     ] GC(424) Eden regions: 612->0(612)
[2024-04-24T06:39:07.574+0000][gc,heap     ] GC(424) Survivor regions: 2->2(77)
[2024-04-24T06:39:07.574+0000][gc,heap     ] GC(424) Old regions: 68->68
[2024-04-24T06:39:07.574+0000][gc,heap     ] GC(424) Archive regions: 2->2
[2024-04-24T06:39:07.574+0000][gc,heap     ] GC(424) Humongous regions: 129->129
[2024-04-24T06:39:07.574+0000][gc,metaspace] GC(424) Metaspace: 43459K(44096K)->43459K(44096K) NonClass: 38414K(38784K)->38414K(38784K) Class: 5045K(5312K)->5045K(5312K)
[2024-04-24T06:39:07.574+0000][gc          ] GC(424) Pause Young (Normal) (G1 Evacuation Pause) 811M->199M(1024M) 2.841ms
[2024-04-24T06:39:07.574+0000][gc,cpu      ] GC(424) User=0.02s Sys=0.00s Real=0.01s
[2024-04-24T06:39:08.598+0000][gc,start    ] GC(425) Pause Young (Normal) (G1 Evacuation Pause)
[2024-04-24T06:39:08.598+0000][gc,task     ] GC(425) Using 8 workers of 8 for evacuation
[2024-04-24T06:39:08.602+0000][gc,phases   ] GC(425)   Pre Evacuate Collection Set: 0.1ms
[2024-04-24T06:39:08.602+0000][gc,phases   ] GC(425)   Merge Heap Roots: 0.1ms
[2024-04-24T06:39:08.602+0000][gc,phases   ] GC(425)   Evacuate Collection Set: 2.6ms
[2024-04-24T06:39:08.602+0000][gc,phases   ] GC(425)   Post Evacuate Collection Set: 0.5ms
[2024-04-24T06:39:08.602+0000][gc,phases   ] GC(425)   Other: 0.1ms
[2024-04-24T06:39:08.602+0000][gc,heap     ] GC(425) Eden regions: 612->0(612)
[2024-04-24T06:39:08.602+0000][gc,heap     ] GC(425) Survivor regions: 2->2(77)
[2024-04-24T06:39:08.602+0000][gc,heap     ] GC(425) Old regions: 68->68
[2024-04-24T06:39:08.602+0000][gc,heap     ] GC(425) Archive regions: 2->2
[2024-04-24T06:39:08.602+0000][gc,heap     ] GC(425) Humongous regions: 129->129
[2024-04-24T06:39:08.602+0000][gc,metaspace] GC(425) Metaspace: 43461K(44096K)->43461K(44096K) NonClass: 38415K(38784K)->38415K(38784K) Class: 5045K(5312K)->5045K(5312K)
[2024-04-24T06:39:08.602+0000][gc          ] GC(425) Pause Young (Normal) (G1 Evacuation Pause) 811M->199M(1024M) 3.443ms
[2024-04-24T06:39:08.602+0000][gc,cpu      ] GC(425) User=0.01s Sys=0.00s Real=0.00s
[2024-04-24T06:39:09.639+0000][gc,start    ] GC(426) Pause Young (Normal) (G1 Evacuation Pause)
[2024-04-24T06:39:09.639+0000][gc,task     ] GC(426) Using 8 workers of 8 for evacuation
[2024-04-24T06:39:09.642+0000][gc,phases   ] GC(426)   Pre Evacuate Collection Set: 0.1ms
[2024-04-24T06:39:09.642+0000][gc,phases   ] GC(426)   Merge Heap Roots: 0.1ms
[2024-04-24T06:39:09.642+0000][gc,phases   ] GC(426)   Evacuate Collection Set: 2.1ms
[2024-04-24T06:39:09.642+0000][gc,phases   ] GC(426)   Post Evacuate Collection Set: 0.4ms
[2024-04-24T06:39:09.642+0000][gc,phases   ] GC(426)   Other: 0.1ms
[2024-04-24T06:39:09.642+0000][gc,heap     ] GC(426) Eden regions: 612->0(612)
[2024-04-24T06:39:09.642+0000][gc,heap     ] GC(426) Survivor regions: 2->2(77)
[2024-04-24T06:39:09.642+0000][gc,heap     ] GC(426) Old regions: 68->68
[2024-04-24T06:39:09.642+0000][gc,heap     ] GC(426) Archive regions: 2->2
[2024-04-24T06:39:09.642+0000][gc,heap     ] GC(426) Humongous regions: 129->129
[2024-04-24T06:39:09.642+0000][gc,metaspace] GC(426) Metaspace: 43461K(44096K)->43461K(44096K) NonClass: 38415K(38784K)->38415K(38784K) Class: 5045K(5312K)->5045K(5312K)
[2024-04-24T06:39:09.642+0000][gc          ] GC(426) Pause Young (Normal) (G1 Evacuation Pause) 811M->199M(1024M) 2.873ms
[2024-04-24T06:39:09.642+0000][gc,cpu      ] GC(426) User=0.02s Sys=0.00s Real=0.00s
[2024-04-24T06:39:10.660+0000][gc,start    ] GC(427) Pause Young (Normal) (G1 Evacuation Pause)
[2024-04-24T06:39:10.660+0000][gc,task     ] GC(427) Using 8 workers of 8 for evacuation
[2024-04-24T06:39:10.663+0000][gc,phases   ] GC(427)   Pre Evacuate Collection Set: 0.1ms
[2024-04-24T06:39:10.663+0000][gc,phases   ] GC(427)   Merge Heap Roots: 0.1ms
[2024-04-24T06:39:10.663+0000][gc,phases   ] GC(427)   Evacuate Collection Set: 2.0ms
[2024-04-24T06:39:10.663+0000][gc,phases   ] GC(427)   Post Evacuate Collection Set: 0.4ms
[2024-04-24T06:39:10.663+0000][gc,phases   ] GC(427)   Other: 0.1ms
[2024-04-24T06:39:10.663+0000][gc,heap     ] GC(427) Eden regions: 612->0(612)
[2024-04-24T06:39:10.663+0000][gc,heap     ] GC(427) Survivor regions: 2->2(77)
[2024-04-24T06:39:10.663+0000][gc,heap     ] GC(427) Old regions: 68->68
[2024-04-24T06:39:10.663+0000][gc,heap     ] GC(427) Archive regions: 2->2
[2024-04-24T06:39:10.663+0000][gc,heap     ] GC(427) Humongous regions: 129->129
[2024-04-24T06:39:10.663+0000][gc,metaspace] GC(427) Metaspace: 43461K(44096K)->43461K(44096K) NonClass: 38415K(38784K)->38415K(38784K) Class: 5045K(5312K)->5045K(5312K)
[2024-04-24T06:39:10.663+0000][gc          ] GC(427) Pause Young (Normal) (G1 Evacuation Pause) 811M->199M(1024M) 2.780ms
[2024-04-24T06:39:10.663+0000][gc,cpu      ] GC(427) User=0.01s Sys=0.01s Real=0.00s
[2024-04-24T06:39:11.840+0000][gc,start    ] GC(428) Pause Young (Normal) (G1 Evacuation Pause)
[2024-04-24T06:39:11.840+0000][gc,task     ] GC(428) Using 8 workers of 8 for evacuation
[2024-04-24T06:39:11.842+0000][gc,phases   ] GC(428)   Pre Evacuate Collection Set: 0.1ms
[2024-04-24T06:39:11.842+0000][gc,phases   ] GC(428)   Merge Heap Roots: 0.1ms
[2024-04-24T06:39:11.842+0000][gc,phases   ] GC(428)   Evacuate Collection Set: 2.1ms
[2024-04-24T06:39:11.842+0000][gc,phases   ] GC(428)   Post Evacuate Collection Set: 0.5ms
[2024-04-24T06:39:11.842+0000][gc,phases   ] GC(428)   Other: 0.1ms
[2024-04-24T06:39:11.842+0000][gc,heap     ] GC(428) Eden regions: 612->0(612)
[2024-04-24T06:39:11.842+0000][gc,heap     ] GC(428) Survivor regions: 2->2(77)
[2024-04-24T06:39:11.842+0000][gc,heap     ] GC(428) Old regions: 68->69
[2024-04-24T06:39:11.842+0000][gc,heap     ] GC(428) Archive regions: 2->2
[2024-04-24T06:39:11.842+0000][gc,heap     ] GC(428) Humongous regions: 129->129
[2024-04-24T06:39:11.842+0000][gc,metaspace] GC(428) Metaspace: 43461K(44096K)->43461K(44096K) NonClass: 38415K(38784K)->38415K(38784K) Class: 5045K(5312K)->5045K(5312K)
[2024-04-24T06:39:11.842+0000][gc          ] GC(428) Pause Young (Normal) (G1 Evacuation Pause) 811M->199M(1024M) 2.915ms
[2024-04-24T06:39:11.842+0000][gc,cpu      ] GC(428) User=0.01s Sys=0.00s Real=0.00s
[2024-04-24T06:39:12.879+0000][gc,start    ] GC(429) Pause Young (Normal) (G1 Evacuation Pause)
[2024-04-24T06:39:12.879+0000][gc,task     ] GC(429) Using 8 workers of 8 for evacuation
[2024-04-24T06:39:12.881+0000][gc,phases   ] GC(429)   Pre Evacuate Collection Set: 0.1ms
[2024-04-24T06:39:12.882+0000][gc,phases   ] GC(429)   Merge Heap Roots: 0.1ms
[2024-04-24T06:39:12.882+0000][gc,phases   ] GC(429)   Evacuate Collection Set: 1.9ms
[2024-04-24T06:39:12.882+0000][gc,phases   ] GC(429)   Post Evacuate Collection Set: 0.4ms
[2024-04-24T06:39:12.882+0000][gc,phases   ] GC(429)   Other: 0.1ms
[2024-04-24T06:39:12.882+0000][gc,heap     ] GC(429) Eden regions: 612->0(612)
[2024-04-24T06:39:12.882+0000][gc,heap     ] GC(429) Survivor regions: 2->2(77)
[2024-04-24T06:39:12.882+0000][gc,heap     ] GC(429) Old regions: 69->69
[2024-04-24T06:39:12.882+0000][gc,heap     ] GC(429) Archive regions: 2->2
[2024-04-24T06:39:12.882+0000][gc,heap     ] GC(429) Humongous regions: 129->129
[2024-04-24T06:39:12.882+0000][gc,metaspace] GC(429) Metaspace: 43461K(44096K)->43461K(44096K) NonClass: 38415K(38784K)->38415K(38784K) Class: 5045K(5312K)->5045K(5312K)
[2024-04-24T06:39:12.882+0000][gc          ] GC(429) Pause Young (Normal) (G1 Evacuation Pause) 811M->199M(1024M) 2.680ms
[2024-04-24T06:39:12.882+0000][gc,cpu      ] GC(429) User=0.01s Sys=0.00s Real=0.00s
[2024-04-24T06:39:13.923+0000][gc,start    ] GC(430) Pause Young (Normal) (G1 Evacuation Pause)
[2024-04-24T06:39:13.923+0000][gc,task     ] GC(430) Using 8 workers of 8 for evacuation
[2024-04-24T06:39:13.926+0000][gc,phases   ] GC(430)   Pre Evacuate Collection Set: 0.1ms
[2024-04-24T06:39:13.926+0000][gc,phases   ] GC(430)   Merge Heap Roots: 0.1ms
[2024-04-24T06:39:13.926+0000][gc,phases   ] GC(430)   Evacuate Collection Set: 2.1ms
[2024-04-24T06:39:13.926+0000][gc,phases   ] GC(430)   Post Evacuate Collection Set: 0.4ms
[2024-04-24T06:39:13.926+0000][gc,phases   ] GC(430)   Other: 0.1ms
[2024-04-24T06:39:13.926+0000][gc,heap     ] GC(430) Eden regions: 612->0(612)
[2024-04-24T06:39:13.926+0000][gc,heap     ] GC(430) Survivor regions: 2->2(77)
[2024-04-24T06:39:13.926+0000][gc,heap     ] GC(430) Old regions: 69->69
[2024-04-24T06:39:13.926+0000][gc,heap     ] GC(430) Archive regions: 2->2
[2024-04-24T06:39:13.926+0000][gc,heap     ] GC(430) Humongous regions: 129->129
[2024-04-24T06:39:13.926+0000][gc,metaspace] GC(430) Metaspace: 43461K(44096K)->43461K(44096K) NonClass: 38415K(38784K)->38415K(38784K) Class: 5045K(5312K)->5045K(5312K)
[2024-04-24T06:39:13.926+0000][gc          ] GC(430) Pause Young (Normal) (G1 Evacuation Pause) 811M->199M(1024M) 2.917ms
[2024-04-24T06:39:13.926+0000][gc,cpu      ] GC(430) User=0.01s Sys=0.00s Real=0.01s
[2024-04-24T06:39:14.947+0000][gc,start    ] GC(431) Pause Young (Normal) (G1 Evacuation Pause)
[2024-04-24T06:39:14.947+0000][gc,task     ] GC(431) Using 8 workers of 8 for evacuation
[2024-04-24T06:39:14.949+0000][gc,phases   ] GC(431)   Pre Evacuate Collection Set: 0.1ms
[2024-04-24T06:39:14.949+0000][gc,phases   ] GC(431)   Merge Heap Roots: 0.1ms
[2024-04-24T06:39:14.949+0000][gc,phases   ] GC(431)   Evacuate Collection Set: 1.8ms
[2024-04-24T06:39:14.949+0000][gc,phases   ] GC(431)   Post Evacuate Collection Set: 0.4ms
[2024-04-24T06:39:14.949+0000][gc,phases   ] GC(431)   Other: 0.1ms
[2024-04-24T06:39:14.950+0000][gc,heap     ] GC(431) Eden regions: 612->0(612)
[2024-04-24T06:39:14.950+0000][gc,heap     ] GC(431) Survivor regions: 2->2(77)
[2024-04-24T06:39:14.950+0000][gc,heap     ] GC(431) Old regions: 69->69
[2024-04-24T06:39:14.950+0000][gc,heap     ] GC(431) Archive regions: 2->2
[2024-04-24T06:39:14.950+0000][gc,heap     ] GC(431) Humongous regions: 129->129
[2024-04-24T06:39:14.950+0000][gc,metaspace] GC(431) Metaspace: 43461K(44096K)->43461K(44096K) NonClass: 38415K(38784K)->38415K(38784K) Class: 5045K(5312K)->5045K(5312K)
[2024-04-24T06:39:14.950+0000][gc          ] GC(431) Pause Young (Normal) (G1 Evacuation Pause) 811M->200M(1024M) 2.622ms
[2024-04-24T06:39:14.950+0000][gc,cpu      ] GC(431) User=0.01s Sys=0.00s Real=0.00s
[2024-04-24T06:39:16.085+0000][gc,start    ] GC(432) Pause Young (Normal) (G1 Evacuation Pause)
[2024-04-24T06:39:16.085+0000][gc,task     ] GC(432) Using 8 workers of 8 for evacuation
[2024-04-24T06:39:16.087+0000][gc,phases   ] GC(432)   Pre Evacuate Collection Set: 0.1ms
[2024-04-24T06:39:16.087+0000][gc,phases   ] GC(432)   Merge Heap Roots: 0.1ms
[2024-04-24T06:39:16.087+0000][gc,phases   ] GC(432)   Evacuate Collection Set: 1.9ms
[2024-04-24T06:39:16.087+0000][gc,phases   ] GC(432)   Post Evacuate Collection Set: 0.4ms
[2024-04-24T06:39:16.087+0000][gc,phases   ] GC(432)   Other: 0.1ms
[2024-04-24T06:39:16.087+0000][gc,heap     ] GC(432) Eden regions: 612->0(612)
[2024-04-24T06:39:16.087+0000][gc,heap     ] GC(432) Survivor regions: 2->2(77)
[2024-04-24T06:39:16.087+0000][gc,heap     ] GC(432) Old regions: 69->69
[2024-04-24T06:39:16.087+0000][gc,heap     ] GC(432) Archive regions: 2->2
[2024-04-24T06:39:16.087+0000][gc,heap     ] GC(432) Humongous regions: 129->129
[2024-04-24T06:39:16.087+0000][gc,metaspace] GC(432) Metaspace: 43463K(44096K)->43463K(44096K) NonClass: 38417K(38784K)->38417K(38784K) Class: 5045K(5312K)->5045K(5312K)
[2024-04-24T06:39:16.087+0000][gc          ] GC(432) Pause Young (Normal) (G1 Evacuation Pause) 812M->200M(1024M) 2.663ms
[2024-04-24T06:39:16.087+0000][gc,cpu      ] GC(432) User=0.01s Sys=0.00s Real=0.00s
[2024-04-24T06:39:17.143+0000][gc,start    ] GC(433) Pause Young (Normal) (G1 Evacuation Pause)
[2024-04-24T06:39:17.143+0000][gc,task     ] GC(433) Using 8 workers of 8 for evacuation
[2024-04-24T06:39:17.146+0000][gc,phases   ] GC(433)   Pre Evacuate Collection Set: 0.1ms
[2024-04-24T06:39:17.146+0000][gc,phases   ] GC(433)   Merge Heap Roots: 0.1ms
[2024-04-24T06:39:17.146+0000][gc,phases   ] GC(433)   Evacuate Collection Set: 2.3ms
[2024-04-24T06:39:17.146+0000][gc,phases   ] GC(433)   Post Evacuate Collection Set: 0.4ms
[2024-04-24T06:39:17.146+0000][gc,phases   ] GC(433)   Other: 0.1ms
[2024-04-24T06:39:17.146+0000][gc,heap     ] GC(433) Eden regions: 612->0(612)
[2024-04-24T06:39:17.146+0000][gc,heap     ] GC(433) Survivor regions: 2->2(77)
[2024-04-24T06:39:17.146+0000][gc,heap     ] GC(433) Old regions: 69->69
[2024-04-24T06:39:17.146+0000][gc,heap     ] GC(433) Archive regions: 2->2
[2024-04-24T06:39:17.146+0000][gc,heap     ] GC(433) Humongous regions: 129->129
[2024-04-24T06:39:17.146+0000][gc,metaspace] GC(433) Metaspace: 43463K(44096K)->43463K(44096K) NonClass: 38417K(38784K)->38417K(38784K) Class: 5045K(5312K)->5045K(5312K)
[2024-04-24T06:39:17.146+0000][gc          ] GC(433) Pause Young (Normal) (G1 Evacuation Pause) 812M->200M(1024M) 3.090ms
[2024-04-24T06:39:17.146+0000][gc,cpu      ] GC(433) User=0.01s Sys=0.00s Real=0.01s
[2024-04-24T06:39:18.171+0000][gc,start    ] GC(434) Pause Young (Normal) (G1 Evacuation Pause)
[2024-04-24T06:39:18.171+0000][gc,task     ] GC(434) Using 8 workers of 8 for evacuation
[2024-04-24T06:39:18.173+0000][gc,phases   ] GC(434)   Pre Evacuate Collection Set: 0.1ms
[2024-04-24T06:39:18.173+0000][gc,phases   ] GC(434)   Merge Heap Roots: 0.1ms
[2024-04-24T06:39:18.173+0000][gc,phases   ] GC(434)   Evacuate Collection Set: 1.9ms
[2024-04-24T06:39:18.173+0000][gc,phases   ] GC(434)   Post Evacuate Collection Set: 0.4ms
[2024-04-24T06:39:18.173+0000][gc,phases   ] GC(434)   Other: 0.1ms
[2024-04-24T06:39:18.173+0000][gc,heap     ] GC(434) Eden regions: 612->0(612)
[2024-04-24T06:39:18.173+0000][gc,heap     ] GC(434) Survivor regions: 2->2(77)
[2024-04-24T06:39:18.173+0000][gc,heap     ] GC(434) Old regions: 69->69
[2024-04-24T06:39:18.173+0000][gc,heap     ] GC(434) Archive regions: 2->2
[2024-04-24T06:39:18.173+0000][gc,heap     ] GC(434) Humongous regions: 129->129
[2024-04-24T06:39:18.173+0000][gc,metaspace] GC(434) Metaspace: 43463K(44096K)->43463K(44096K) NonClass: 38417K(38784K)->38417K(38784K) Class: 5045K(5312K)->5045K(5312K)
[2024-04-24T06:39:18.173+0000][gc          ] GC(434) Pause Young (Normal) (G1 Evacuation Pause) 812M->200M(1024M) 2.637ms
[2024-04-24T06:39:18.173+0000][gc,cpu      ] GC(434) User=0.01s Sys=0.00s Real=0.01s
[2024-04-24T06:39:19.349+0000][gc,start    ] GC(435) Pause Young (Normal) (G1 Evacuation Pause)
[2024-04-24T06:39:19.349+0000][gc,task     ] GC(435) Using 8 workers of 8 for evacuation
[2024-04-24T06:39:19.352+0000][gc,phases   ] GC(435)   Pre Evacuate Collection Set: 0.1ms
[2024-04-24T06:39:19.352+0000][gc,phases   ] GC(435)   Merge Heap Roots: 0.1ms
[2024-04-24T06:39:19.352+0000][gc,phases   ] GC(435)   Evacuate Collection Set: 2.1ms
[2024-04-24T06:39:19.352+0000][gc,phases   ] GC(435)   Post Evacuate Collection Set: 0.4ms
[2024-04-24T06:39:19.352+0000][gc,phases   ] GC(435)   Other: 0.1ms
[2024-04-24T06:39:19.352+0000][gc,heap     ] GC(435) Eden regions: 612->0(612)
[2024-04-24T06:39:19.352+0000][gc,heap     ] GC(435) Survivor regions: 2->2(77)
[2024-04-24T06:39:19.352+0000][gc,heap     ] GC(435) Old regions: 69->69
[2024-04-24T06:39:19.352+0000][gc,heap     ] GC(435) Archive regions: 2->2
[2024-04-24T06:39:19.352+0000][gc,heap     ] GC(435) Humongous regions: 129->129
[2024-04-24T06:39:19.352+0000][gc,metaspace] GC(435) Metaspace: 43466K(44096K)->43466K(44096K) NonClass: 38420K(38784K)->38420K(38784K) Class: 5045K(5312K)->5045K(5312K)
[2024-04-24T06:39:19.352+0000][gc          ] GC(435) Pause Young (Normal) (G1 Evacuation Pause) 812M->200M(1024M) 2.959ms
[2024-04-24T06:39:19.352+0000][gc,cpu      ] GC(435) User=0.01s Sys=0.01s Real=0.01s
[2024-04-24T06:39:20.392+0000][gc,start    ] GC(436) Pause Young (Normal) (G1 Evacuation Pause)
[2024-04-24T06:39:20.392+0000][gc,task     ] GC(436) Using 8 workers of 8 for evacuation
[2024-04-24T06:39:20.395+0000][gc,phases   ] GC(436)   Pre Evacuate Collection Set: 0.1ms
[2024-04-24T06:39:20.395+0000][gc,phases   ] GC(436)   Merge Heap Roots: 0.1ms
[2024-04-24T06:39:20.395+0000][gc,phases   ] GC(436)   Evacuate Collection Set: 2.0ms
[2024-04-24T06:39:20.395+0000][gc,phases   ] GC(436)   Post Evacuate Collection Set: 0.4ms
[2024-04-24T06:39:20.395+0000][gc,phases   ] GC(436)   Other: 0.1ms
[2024-04-24T06:39:20.395+0000][gc,heap     ] GC(436) Eden regions: 612->0(612)
[2024-04-24T06:39:20.395+0000][gc,heap     ] GC(436) Survivor regions: 2->2(77)
[2024-04-24T06:39:20.395+0000][gc,heap     ] GC(436) Old regions: 69->70
[2024-04-24T06:39:20.395+0000][gc,heap     ] GC(436) Archive regions: 2->2
[2024-04-24T06:39:20.395+0000][gc,heap     ] GC(436) Humongous regions: 129->129
[2024-04-24T06:39:20.395+0000][gc,metaspace] GC(436) Metaspace: 43466K(44096K)->43466K(44096K) NonClass: 38420K(38784K)->38420K(38784K) Class: 5045K(5312K)->5045K(5312K)
[2024-04-24T06:39:20.395+0000][gc          ] GC(436) Pause Young (Normal) (G1 Evacuation Pause) 812M->200M(1024M) 2.795ms
[2024-04-24T06:39:20.395+0000][gc,cpu      ] GC(436) User=0.01s Sys=0.01s Real=0.00s
[2024-04-24T06:39:21.416+0000][gc,start    ] GC(437) Pause Young (Normal) (G1 Evacuation Pause)
[2024-04-24T06:39:21.416+0000][gc,task     ] GC(437) Using 8 workers of 8 for evacuation
[2024-04-24T06:39:21.418+0000][gc,phases   ] GC(437)   Pre Evacuate Collection Set: 0.1ms
[2024-04-24T06:39:21.418+0000][gc,phases   ] GC(437)   Merge Heap Roots: 0.1ms
[2024-04-24T06:39:21.418+0000][gc,phases   ] GC(437)   Evacuate Collection Set: 1.8ms
[2024-04-24T06:39:21.418+0000][gc,phases   ] GC(437)   Post Evacuate Collection Set: 0.4ms
[2024-04-24T06:39:21.418+0000][gc,phases   ] GC(437)   Other: 0.1ms
[2024-04-24T06:39:21.418+0000][gc,heap     ] GC(437) Eden regions: 612->0(612)
[2024-04-24T06:39:21.418+0000][gc,heap     ] GC(437) Survivor regions: 2->2(77)
[2024-04-24T06:39:21.418+0000][gc,heap     ] GC(437) Old regions: 70->70
[2024-04-24T06:39:21.418+0000][gc,heap     ] GC(437) Archive regions: 2->2
[2024-04-24T06:39:21.418+0000][gc,heap     ] GC(437) Humongous regions: 129->129
[2024-04-24T06:39:21.418+0000][gc,metaspace] GC(437) Metaspace: 43466K(44096K)->43466K(44096K) NonClass: 38420K(38784K)->38420K(38784K) Class: 5045K(5312K)->5045K(5312K)
[2024-04-24T06:39:21.418+0000][gc          ] GC(437) Pause Young (Normal) (G1 Evacuation Pause) 812M->200M(1024M) 2.607ms
[2024-04-24T06:39:21.418+0000][gc,cpu      ] GC(437) User=0.01s Sys=0.00s Real=0.00s
[2024-04-24T06:39:22.534+0000][gc,start    ] GC(438) Pause Young (Normal) (G1 Evacuation Pause)
[2024-04-24T06:39:22.534+0000][gc,task     ] GC(438) Using 8 workers of 8 for evacuation
[2024-04-24T06:39:22.537+0000][gc,phases   ] GC(438)   Pre Evacuate Collection Set: 0.1ms
[2024-04-24T06:39:22.537+0000][gc,phases   ] GC(438)   Merge Heap Roots: 0.1ms
[2024-04-24T06:39:22.537+0000][gc,phases   ] GC(438)   Evacuate Collection Set: 1.8ms
[2024-04-24T06:39:22.537+0000][gc,phases   ] GC(438)   Post Evacuate Collection Set: 0.4ms
[2024-04-24T06:39:22.537+0000][gc,phases   ] GC(438)   Other: 0.1ms
[2024-04-24T06:39:22.537+0000][gc,heap     ] GC(438) Eden regions: 612->0(612)
[2024-04-24T06:39:22.537+0000][gc,heap     ] GC(438) Survivor regions: 2->2(77)
[2024-04-24T06:39:22.537+0000][gc,heap     ] GC(438) Old regions: 70->70
[2024-04-24T06:39:22.537+0000][gc,heap     ] GC(438) Archive regions: 2->2
[2024-04-24T06:39:22.537+0000][gc,heap     ] GC(438) Humongous regions: 129->129
[2024-04-24T06:39:22.537+0000][gc,metaspace] GC(438) Metaspace: 43466K(44096K)->43466K(44096K) NonClass: 38420K(38784K)->38420K(38784K) Class: 5045K(5312K)->5045K(5312K)
[2024-04-24T06:39:22.537+0000][gc          ] GC(438) Pause Young (Normal) (G1 Evacuation Pause) 812M->200M(1024M) 2.558ms
[2024-04-24T06:39:22.537+0000][gc,cpu      ] GC(438) User=0.02s Sys=0.00s Real=0.00s
[2024-04-24T06:39:23.551+0000][gc,start    ] GC(439) Pause Young (Normal) (G1 Evacuation Pause)
[2024-04-24T06:39:23.551+0000][gc,task     ] GC(439) Using 8 workers of 8 for evacuation
[2024-04-24T06:39:23.554+0000][gc,phases   ] GC(439)   Pre Evacuate Collection Set: 0.1ms
[2024-04-24T06:39:23.554+0000][gc,phases   ] GC(439)   Merge Heap Roots: 0.1ms
[2024-04-24T06:39:23.554+0000][gc,phases   ] GC(439)   Evacuate Collection Set: 1.8ms
[2024-04-24T06:39:23.554+0000][gc,phases   ] GC(439)   Post Evacuate Collection Set: 0.4ms
[2024-04-24T06:39:23.554+0000][gc,phases   ] GC(439)   Other: 0.1ms
[2024-04-24T06:39:23.554+0000][gc,heap     ] GC(439) Eden regions: 612->0(612)
[2024-04-24T06:39:23.554+0000][gc,heap     ] GC(439) Survivor regions: 2->2(77)
[2024-04-24T06:39:23.554+0000][gc,heap     ] GC(439) Old regions: 70->70
[2024-04-24T06:39:23.554+0000][gc,heap     ] GC(439) Archive regions: 2->2
[2024-04-24T06:39:23.554+0000][gc,heap     ] GC(439) Humongous regions: 129->129
[2024-04-24T06:39:23.554+0000][gc,metaspace] GC(439) Metaspace: 43466K(44096K)->43466K(44096K) NonClass: 38421K(38784K)->38421K(38784K) Class: 5045K(5312K)->5045K(5312K)
[2024-04-24T06:39:23.554+0000][gc          ] GC(439) Pause Young (Normal) (G1 Evacuation Pause) 812M->200M(1024M) 2.534ms
[2024-04-24T06:39:23.554+0000][gc,cpu      ] GC(439) User=0.01s Sys=0.00s Real=0.01s
[2024-04-24T06:39:24.608+0000][gc,start    ] GC(440) Pause Young (Normal) (G1 Evacuation Pause)
[2024-04-24T06:39:24.608+0000][gc,task     ] GC(440) Using 8 workers of 8 for evacuation
[2024-04-24T06:39:24.611+0000][gc,phases   ] GC(440)   Pre Evacuate Collection Set: 0.1ms
[2024-04-24T06:39:24.611+0000][gc,phases   ] GC(440)   Merge Heap Roots: 0.1ms
[2024-04-24T06:39:24.611+0000][gc,phases   ] GC(440)   Evacuate Collection Set: 1.8ms
[2024-04-24T06:39:24.611+0000][gc,phases   ] GC(440)   Post Evacuate Collection Set: 0.4ms
[2024-04-24T06:39:24.611+0000][gc,phases   ] GC(440)   Other: 0.1ms
[2024-04-24T06:39:24.611+0000][gc,heap     ] GC(440) Eden regions: 612->0(612)
[2024-04-24T06:39:24.611+0000][gc,heap     ] GC(440) Survivor regions: 2->2(77)
[2024-04-24T06:39:24.611+0000][gc,heap     ] GC(440) Old regions: 70->70
[2024-04-24T06:39:24.611+0000][gc,heap     ] GC(440) Archive regions: 2->2
[2024-04-24T06:39:24.611+0000][gc,heap     ] GC(440) Humongous regions: 129->129
[2024-04-24T06:39:24.611+0000][gc,metaspace] GC(440) Metaspace: 43466K(44096K)->43466K(44096K) NonClass: 38421K(38784K)->38421K(38784K) Class: 5045K(5312K)->5045K(5312K)
[2024-04-24T06:39:24.611+0000][gc          ] GC(440) Pause Young (Normal) (G1 Evacuation Pause) 812M->200M(1024M) 2.569ms
[2024-04-24T06:39:24.611+0000][gc,cpu      ] GC(440) User=0.01s Sys=0.01s Real=0.00s
[2024-04-24T06:39:25.652+0000][gc,start    ] GC(441) Pause Young (Normal) (G1 Evacuation Pause)
[2024-04-24T06:39:25.652+0000][gc,task     ] GC(441) Using 8 workers of 8 for evacuation
[2024-04-24T06:39:25.655+0000][gc,phases   ] GC(441)   Pre Evacuate Collection Set: 0.1ms
[2024-04-24T06:39:25.655+0000][gc,phases   ] GC(441)   Merge Heap Roots: 0.1ms
[2024-04-24T06:39:25.655+0000][gc,phases   ] GC(441)   Evacuate Collection Set: 2.1ms
[2024-04-24T06:39:25.655+0000][gc,phases   ] GC(441)   Post Evacuate Collection Set: 0.4ms
[2024-04-24T06:39:25.655+0000][gc,phases   ] GC(441)   Other: 0.1ms
[2024-04-24T06:39:25.655+0000][gc,heap     ] GC(441) Eden regions: 612->0(612)
[2024-04-24T06:39:25.655+0000][gc,heap     ] GC(441) Survivor regions: 2->2(77)
[2024-04-24T06:39:25.655+0000][gc,heap     ] GC(441) Old regions: 70->70
[2024-04-24T06:39:25.655+0000][gc,heap     ] GC(441) Archive regions: 2->2
[2024-04-24T06:39:25.655+0000][gc,heap     ] GC(441) Humongous regions: 129->129
[2024-04-24T06:39:25.655+0000][gc,metaspace] GC(441) Metaspace: 43466K(44096K)->43466K(44096K) NonClass: 38421K(38784K)->38421K(38784K) Class: 5045K(5312K)->5045K(5312K)
[2024-04-24T06:39:25.655+0000][gc          ] GC(441) Pause Young (Normal) (G1 Evacuation Pause) 812M->200M(1024M) 2.875ms
[2024-04-24T06:39:25.655+0000][gc,cpu      ] GC(441) User=0.01s Sys=0.01s Real=0.00s
[2024-04-24T06:39:26.734+0000][gc,start    ] GC(442) Pause Young (Normal) (G1 Evacuation Pause)
[2024-04-24T06:39:26.734+0000][gc,task     ] GC(442) Using 8 workers of 8 for evacuation
[2024-04-24T06:39:26.737+0000][gc,phases   ] GC(442)   Pre Evacuate Collection Set: 0.1ms
[2024-04-24T06:39:26.737+0000][gc,phases   ] GC(442)   Merge Heap Roots: 0.1ms
[2024-04-24T06:39:26.737+0000][gc,phases   ] GC(442)   Evacuate Collection Set: 1.8ms
[2024-04-24T06:39:26.737+0000][gc,phases   ] GC(442)   Post Evacuate Collection Set: 0.4ms
[2024-04-24T06:39:26.737+0000][gc,phases   ] GC(442)   Other: 0.1ms
[2024-04-24T06:39:26.737+0000][gc,heap     ] GC(442) Eden regions: 612->0(612)
[2024-04-24T06:39:26.737+0000][gc,heap     ] GC(442) Survivor regions: 2->2(77)
[2024-04-24T06:39:26.737+0000][gc,heap     ] GC(442) Old regions: 70->70
[2024-04-24T06:39:26.737+0000][gc,heap     ] GC(442) Archive regions: 2->2
[2024-04-24T06:39:26.737+0000][gc,heap     ] GC(442) Humongous regions: 129->129
[2024-04-24T06:39:26.737+0000][gc,metaspace] GC(442) Metaspace: 43466K(44096K)->43466K(44096K) NonClass: 38421K(38784K)->38421K(38784K) Class: 5045K(5312K)->5045K(5312K)
[2024-04-24T06:39:26.737+0000][gc          ] GC(442) Pause Young (Normal) (G1 Evacuation Pause) 812M->200M(1024M) 2.508ms
[2024-04-24T06:39:26.737+0000][gc,cpu      ] GC(442) User=0.01s Sys=0.00s Real=0.00s
[2024-04-24T06:39:27.760+0000][gc,start    ] GC(443) Pause Young (Normal) (G1 Evacuation Pause)
[2024-04-24T06:39:27.760+0000][gc,task     ] GC(443) Using 8 workers of 8 for evacuation
[2024-04-24T06:39:27.763+0000][gc,phases   ] GC(443)   Pre Evacuate Collection Set: 0.1ms
[2024-04-24T06:39:27.763+0000][gc,phases   ] GC(443)   Merge Heap Roots: 0.1ms
[2024-04-24T06:39:27.763+0000][gc,phases   ] GC(443)   Evacuate Collection Set: 1.9ms
[2024-04-24T06:39:27.763+0000][gc,phases   ] GC(443)   Post Evacuate Collection Set: 0.4ms
[2024-04-24T06:39:27.763+0000][gc,phases   ] GC(443)   Other: 0.1ms
[2024-04-24T06:39:27.763+0000][gc,heap     ] GC(443) Eden regions: 612->0(612)
[2024-04-24T06:39:27.763+0000][gc,heap     ] GC(443) Survivor regions: 2->2(77)
[2024-04-24T06:39:27.763+0000][gc,heap     ] GC(443) Old regions: 70->70
[2024-04-24T06:39:27.763+0000][gc,heap     ] GC(443) Archive regions: 2->2
[2024-04-24T06:39:27.763+0000][gc,heap     ] GC(443) Humongous regions: 129->129
[2024-04-24T06:39:27.763+0000][gc,metaspace] GC(443) Metaspace: 43466K(44096K)->43466K(44096K) NonClass: 38421K(38784K)->38421K(38784K) Class: 5045K(5312K)->5045K(5312K)
[2024-04-24T06:39:27.763+0000][gc          ] GC(443) Pause Young (Normal) (G1 Evacuation Pause) 812M->201M(1024M) 2.647ms
[2024-04-24T06:39:27.763+0000][gc,cpu      ] GC(443) User=0.01s Sys=0.00s Real=0.00s
[2024-04-24T06:39:28.806+0000][gc,start    ] GC(444) Pause Young (Normal) (G1 Evacuation Pause)
[2024-04-24T06:39:28.806+0000][gc,task     ] GC(444) Using 8 workers of 8 for evacuation
[2024-04-24T06:39:28.808+0000][gc,phases   ] GC(444)   Pre Evacuate Collection Set: 0.1ms
[2024-04-24T06:39:28.808+0000][gc,phases   ] GC(444)   Merge Heap Roots: 0.1ms
[2024-04-24T06:39:28.808+0000][gc,phases   ] GC(444)   Evacuate Collection Set: 1.9ms
[2024-04-24T06:39:28.808+0000][gc,phases   ] GC(444)   Post Evacuate Collection Set: 0.4ms
[2024-04-24T06:39:28.808+0000][gc,phases   ] GC(444)   Other: 0.1ms
[2024-04-24T06:39:28.808+0000][gc,heap     ] GC(444) Eden regions: 612->0(612)
[2024-04-24T06:39:28.808+0000][gc,heap     ] GC(444) Survivor regions: 2->2(77)
[2024-04-24T06:39:28.808+0000][gc,heap     ] GC(444) Old regions: 70->70
[2024-04-24T06:39:28.808+0000][gc,heap     ] GC(444) Archive regions: 2->2
[2024-04-24T06:39:28.808+0000][gc,heap     ] GC(444) Humongous regions: 129->129
[2024-04-24T06:39:28.808+0000][gc,metaspace] GC(444) Metaspace: 43466K(44096K)->43466K(44096K) NonClass: 38421K(38784K)->38421K(38784K) Class: 5045K(5312K)->5045K(5312K)
[2024-04-24T06:39:28.809+0000][gc          ] GC(444) Pause Young (Normal) (G1 Evacuation Pause) 813M->201M(1024M) 2.708ms
[2024-04-24T06:39:28.809+0000][gc,cpu      ] GC(444) User=0.01s Sys=0.01s Real=0.00s
[2024-04-24T06:39:29.837+0000][gc,start    ] GC(445) Pause Young (Normal) (G1 Evacuation Pause)
[2024-04-24T06:39:29.837+0000][gc,task     ] GC(445) Using 8 workers of 8 for evacuation
[2024-04-24T06:39:29.839+0000][gc,phases   ] GC(445)   Pre Evacuate Collection Set: 0.1ms
[2024-04-24T06:39:29.839+0000][gc,phases   ] GC(445)   Merge Heap Roots: 0.1ms
[2024-04-24T06:39:29.839+0000][gc,phases   ] GC(445)   Evacuate Collection Set: 1.9ms
[2024-04-24T06:39:29.839+0000][gc,phases   ] GC(445)   Post Evacuate Collection Set: 0.4ms
[2024-04-24T06:39:29.839+0000][gc,phases   ] GC(445)   Other: 0.1ms
[2024-04-24T06:39:29.839+0000][gc,heap     ] GC(445) Eden regions: 612->0(612)
[2024-04-24T06:39:29.839+0000][gc,heap     ] GC(445) Survivor regions: 2->2(77)
[2024-04-24T06:39:29.839+0000][gc,heap     ] GC(445) Old regions: 70->70
[2024-04-24T06:39:29.839+0000][gc,heap     ] GC(445) Archive regions: 2->2
[2024-04-24T06:39:29.839+0000][gc,heap     ] GC(445) Humongous regions: 129->129
[2024-04-24T06:39:29.839+0000][gc,metaspace] GC(445) Metaspace: 43466K(44096K)->43466K(44096K) NonClass: 38421K(38784K)->38421K(38784K) Class: 5045K(5312K)->5045K(5312K)
[2024-04-24T06:39:29.839+0000][gc          ] GC(445) Pause Young (Normal) (G1 Evacuation Pause) 813M->201M(1024M) 2.645ms
[2024-04-24T06:39:29.839+0000][gc,cpu      ] GC(445) User=0.01s Sys=0.00s Real=0.00s
[2024-04-24T06:39:30.937+0000][gc,start    ] GC(446) Pause Young (Normal) (G1 Evacuation Pause)
[2024-04-24T06:39:30.937+0000][gc,task     ] GC(446) Using 8 workers of 8 for evacuation
[2024-04-24T06:39:30.940+0000][gc,phases   ] GC(446)   Pre Evacuate Collection Set: 0.1ms
[2024-04-24T06:39:30.940+0000][gc,phases   ] GC(446)   Merge Heap Roots: 0.4ms
[2024-04-24T06:39:30.940+0000][gc,phases   ] GC(446)   Evacuate Collection Set: 1.9ms
[2024-04-24T06:39:30.940+0000][gc,phases   ] GC(446)   Post Evacuate Collection Set: 0.4ms
[2024-04-24T06:39:30.940+0000][gc,phases   ] GC(446)   Other: 0.1ms
[2024-04-24T06:39:30.940+0000][gc,heap     ] GC(446) Eden regions: 612->0(612)
[2024-04-24T06:39:30.940+0000][gc,heap     ] GC(446) Survivor regions: 2->2(77)
[2024-04-24T06:39:30.940+0000][gc,heap     ] GC(446) Old regions: 70->71
[2024-04-24T06:39:30.940+0000][gc,heap     ] GC(446) Archive regions: 2->2
[2024-04-24T06:39:30.940+0000][gc,heap     ] GC(446) Humongous regions: 129->129
[2024-04-24T06:39:30.940+0000][gc,metaspace] GC(446) Metaspace: 43466K(44096K)->43466K(44096K) NonClass: 38421K(38784K)->38421K(38784K) Class: 5045K(5312K)->5045K(5312K)
[2024-04-24T06:39:30.940+0000][gc          ] GC(446) Pause Young (Normal) (G1 Evacuation Pause) 813M->201M(1024M) 3.015ms
[2024-04-24T06:39:30.940+0000][gc,cpu      ] GC(446) User=0.02s Sys=0.00s Real=0.00s
[2024-04-24T06:39:32.047+0000][gc,start    ] GC(447) Pause Young (Normal) (G1 Evacuation Pause)
[2024-04-24T06:39:32.047+0000][gc,task     ] GC(447) Using 8 workers of 8 for evacuation
[2024-04-24T06:39:32.050+0000][gc,phases   ] GC(447)   Pre Evacuate Collection Set: 0.1ms
[2024-04-24T06:39:32.050+0000][gc,phases   ] GC(447)   Merge Heap Roots: 0.1ms
[2024-04-24T06:39:32.050+0000][gc,phases   ] GC(447)   Evacuate Collection Set: 1.8ms
[2024-04-24T06:39:32.050+0000][gc,phases   ] GC(447)   Post Evacuate Collection Set: 0.4ms
[2024-04-24T06:39:32.050+0000][gc,phases   ] GC(447)   Other: 0.1ms
[2024-04-24T06:39:32.050+0000][gc,heap     ] GC(447) Eden regions: 612->0(612)
[2024-04-24T06:39:32.050+0000][gc,heap     ] GC(447) Survivor regions: 2->2(77)
[2024-04-24T06:39:32.050+0000][gc,heap     ] GC(447) Old regions: 71->71
[2024-04-24T06:39:32.050+0000][gc,heap     ] GC(447) Archive regions: 2->2
[2024-04-24T06:39:32.050+0000][gc,heap     ] GC(447) Humongous regions: 129->129
[2024-04-24T06:39:32.050+0000][gc,metaspace] GC(447) Metaspace: 43466K(44096K)->43466K(44096K) NonClass: 38421K(38784K)->38421K(38784K) Class: 5045K(5312K)->5045K(5312K)
[2024-04-24T06:39:32.050+0000][gc          ] GC(447) Pause Young (Normal) (G1 Evacuation Pause) 813M->201M(1024M) 2.524ms
[2024-04-24T06:39:32.050+0000][gc,cpu      ] GC(447) User=0.02s Sys=0.00s Real=0.00s
[2024-04-24T06:39:33.252+0000][gc,start    ] GC(448) Pause Young (Normal) (G1 Evacuation Pause)
[2024-04-24T06:39:33.252+0000][gc,task     ] GC(448) Using 8 workers of 8 for evacuation
[2024-04-24T06:39:33.255+0000][gc,phases   ] GC(448)   Pre Evacuate Collection Set: 0.1ms
[2024-04-24T06:39:33.255+0000][gc,phases   ] GC(448)   Merge Heap Roots: 0.1ms
[2024-04-24T06:39:33.255+0000][gc,phases   ] GC(448)   Evacuate Collection Set: 2.5ms
[2024-04-24T06:39:33.255+0000][gc,phases   ] GC(448)   Post Evacuate Collection Set: 0.4ms
[2024-04-24T06:39:33.255+0000][gc,phases   ] GC(448)   Other: 0.1ms
[2024-04-24T06:39:33.255+0000][gc,heap     ] GC(448) Eden regions: 612->0(612)
[2024-04-24T06:39:33.255+0000][gc,heap     ] GC(448) Survivor regions: 2->2(77)
[2024-04-24T06:39:33.255+0000][gc,heap     ] GC(448) Old regions: 71->71
[2024-04-24T06:39:33.255+0000][gc,heap     ] GC(448) Archive regions: 2->2
[2024-04-24T06:39:33.255+0000][gc,heap     ] GC(448) Humongous regions: 129->129
[2024-04-24T06:39:33.255+0000][gc,metaspace] GC(448) Metaspace: 43537K(44160K)->43537K(44160K) NonClass: 38481K(38848K)->38481K(38848K) Class: 5056K(5312K)->5056K(5312K)
[2024-04-24T06:39:33.255+0000][gc          ] GC(448) Pause Young (Normal) (G1 Evacuation Pause) 813M->201M(1024M) 3.360ms
[2024-04-24T06:39:33.255+0000][gc,cpu      ] GC(448) User=0.01s Sys=0.00s Real=0.01s
[2024-04-24T06:39:34.476+0000][gc,start    ] GC(449) Pause Young (Normal) (G1 Evacuation Pause)
[2024-04-24T06:39:34.476+0000][gc,task     ] GC(449) Using 8 workers of 8 for evacuation
[2024-04-24T06:39:34.479+0000][gc,phases   ] GC(449)   Pre Evacuate Collection Set: 0.1ms
[2024-04-24T06:39:34.479+0000][gc,phases   ] GC(449)   Merge Heap Roots: 0.1ms
[2024-04-24T06:39:34.479+0000][gc,phases   ] GC(449)   Evacuate Collection Set: 1.7ms
[2024-04-24T06:39:34.479+0000][gc,phases   ] GC(449)   Post Evacuate Collection Set: 0.4ms
[2024-04-24T06:39:34.479+0000][gc,phases   ] GC(449)   Other: 0.1ms
[2024-04-24T06:39:34.479+0000][gc,heap     ] GC(449) Eden regions: 612->0(612)
[2024-04-24T06:39:34.479+0000][gc,heap     ] GC(449) Survivor regions: 2->2(77)
[2024-04-24T06:39:34.479+0000][gc,heap     ] GC(449) Old regions: 71->71
[2024-04-24T06:39:34.479+0000][gc,heap     ] GC(449) Archive regions: 2->2
[2024-04-24T06:39:34.479+0000][gc,heap     ] GC(449) Humongous regions: 129->129
[2024-04-24T06:39:34.479+0000][gc,metaspace] GC(449) Metaspace: 43537K(44160K)->43537K(44160K) NonClass: 38481K(38848K)->38481K(38848K) Class: 5056K(5312K)->5056K(5312K)
[2024-04-24T06:39:34.479+0000][gc          ] GC(449) Pause Young (Normal) (G1 Evacuation Pause) 813M->201M(1024M) 2.515ms
[2024-04-24T06:39:34.479+0000][gc,cpu      ] GC(449) User=0.01s Sys=0.01s Real=0.00s
[2024-04-24T06:39:35.547+0000][gc,start    ] GC(450) Pause Young (Normal) (G1 Evacuation Pause)
[2024-04-24T06:39:35.547+0000][gc,task     ] GC(450) Using 8 workers of 8 for evacuation
[2024-04-24T06:39:35.549+0000][gc,phases   ] GC(450)   Pre Evacuate Collection Set: 0.1ms
[2024-04-24T06:39:35.549+0000][gc,phases   ] GC(450)   Merge Heap Roots: 0.1ms
[2024-04-24T06:39:35.549+0000][gc,phases   ] GC(450)   Evacuate Collection Set: 1.8ms
[2024-04-24T06:39:35.549+0000][gc,phases   ] GC(450)   Post Evacuate Collection Set: 0.4ms
[2024-04-24T06:39:35.549+0000][gc,phases   ] GC(450)   Other: 0.1ms
[2024-04-24T06:39:35.549+0000][gc,heap     ] GC(450) Eden regions: 612->0(612)
[2024-04-24T06:39:35.549+0000][gc,heap     ] GC(450) Survivor regions: 2->2(77)
[2024-04-24T06:39:35.549+0000][gc,heap     ] GC(450) Old regions: 71->71
[2024-04-24T06:39:35.549+0000][gc,heap     ] GC(450) Archive regions: 2->2
[2024-04-24T06:39:35.549+0000][gc,heap     ] GC(450) Humongous regions: 129->129
[2024-04-24T06:39:35.549+0000][gc,metaspace] GC(450) Metaspace: 43537K(44160K)->43537K(44160K) NonClass: 38481K(38848K)->38481K(38848K) Class: 5056K(5312K)->5056K(5312K)
[2024-04-24T06:39:35.549+0000][gc          ] GC(450) Pause Young (Normal) (G1 Evacuation Pause) 813M->201M(1024M) 2.535ms
[2024-04-24T06:39:35.549+0000][gc,cpu      ] GC(450) User=0.01s Sys=0.00s Real=0.00s
[2024-04-24T06:39:36.720+0000][gc,start    ] GC(451) Pause Young (Normal) (G1 Evacuation Pause)
[2024-04-24T06:39:36.720+0000][gc,task     ] GC(451) Using 8 workers of 8 for evacuation
[2024-04-24T06:39:36.722+0000][gc,phases   ] GC(451)   Pre Evacuate Collection Set: 0.1ms
[2024-04-24T06:39:36.722+0000][gc,phases   ] GC(451)   Merge Heap Roots: 0.1ms
[2024-04-24T06:39:36.722+0000][gc,phases   ] GC(451)   Evacuate Collection Set: 1.7ms
[2024-04-24T06:39:36.722+0000][gc,phases   ] GC(451)   Post Evacuate Collection Set: 0.4ms
[2024-04-24T06:39:36.722+0000][gc,phases   ] GC(451)   Other: 0.1ms
[2024-04-24T06:39:36.722+0000][gc,heap     ] GC(451) Eden regions: 612->0(612)
[2024-04-24T06:39:36.722+0000][gc,heap     ] GC(451) Survivor regions: 2->2(77)
[2024-04-24T06:39:36.722+0000][gc,heap     ] GC(451) Old regions: 71->71
[2024-04-24T06:39:36.722+0000][gc,heap     ] GC(451) Archive regions: 2->2
[2024-04-24T06:39:36.722+0000][gc,heap     ] GC(451) Humongous regions: 129->129
[2024-04-24T06:39:36.722+0000][gc,metaspace] GC(451) Metaspace: 43538K(44160K)->43538K(44160K) NonClass: 38481K(38848K)->38481K(38848K) Class: 5056K(5312K)->5056K(5312K)
[2024-04-24T06:39:36.722+0000][gc          ] GC(451) Pause Young (Normal) (G1 Evacuation Pause) 813M->201M(1024M) 2.531ms
[2024-04-24T06:39:36.722+0000][gc,cpu      ] GC(451) User=0.02s Sys=0.00s Real=0.00s
[2024-04-24T06:39:37.751+0000][gc,start    ] GC(452) Pause Young (Normal) (G1 Evacuation Pause)
[2024-04-24T06:39:37.751+0000][gc,task     ] GC(452) Using 8 workers of 8 for evacuation
[2024-04-24T06:39:37.754+0000][gc,phases   ] GC(452)   Pre Evacuate Collection Set: 0.1ms
[2024-04-24T06:39:37.754+0000][gc,phases   ] GC(452)   Merge Heap Roots: 0.1ms
[2024-04-24T06:39:37.754+0000][gc,phases   ] GC(452)   Evacuate Collection Set: 1.8ms
[2024-04-24T06:39:37.754+0000][gc,phases   ] GC(452)   Post Evacuate Collection Set: 0.4ms
[2024-04-24T06:39:37.754+0000][gc,phases   ] GC(452)   Other: 0.1ms
[2024-04-24T06:39:37.754+0000][gc,heap     ] GC(452) Eden regions: 612->0(612)
[2024-04-24T06:39:37.754+0000][gc,heap     ] GC(452) Survivor regions: 2->2(77)
[2024-04-24T06:39:37.754+0000][gc,heap     ] GC(452) Old regions: 71->71
[2024-04-24T06:39:37.754+0000][gc,heap     ] GC(452) Archive regions: 2->2
[2024-04-24T06:39:37.754+0000][gc,heap     ] GC(452) Humongous regions: 129->129
[2024-04-24T06:39:37.754+0000][gc,metaspace] GC(452) Metaspace: 43538K(44160K)->43538K(44160K) NonClass: 38481K(38848K)->38481K(38848K) Class: 5056K(5312K)->5056K(5312K)
[2024-04-24T06:39:37.754+0000][gc          ] GC(452) Pause Young (Normal) (G1 Evacuation Pause) 813M->201M(1024M) 2.565ms
[2024-04-24T06:39:37.754+0000][gc,cpu      ] GC(452) User=0.02s Sys=0.00s Real=0.01s
[2024-04-24T06:42:05.405+0000][gc,start    ] GC(453) Pause Young (Normal) (G1 Evacuation Pause)
[2024-04-24T06:42:05.405+0000][gc,task     ] GC(453) Using 8 workers of 8 for evacuation
[2024-04-24T06:42:05.409+0000][gc,phases   ] GC(453)   Pre Evacuate Collection Set: 0.1ms
[2024-04-24T06:42:05.409+0000][gc,phases   ] GC(453)   Merge Heap Roots: 0.2ms
[2024-04-24T06:42:05.409+0000][gc,phases   ] GC(453)   Evacuate Collection Set: 3.2ms
[2024-04-24T06:42:05.409+0000][gc,phases   ] GC(453)   Post Evacuate Collection Set: 0.6ms
[2024-04-24T06:42:05.409+0000][gc,phases   ] GC(453)   Other: 0.2ms
[2024-04-24T06:42:05.409+0000][gc,heap     ] GC(453) Eden regions: 612->0(612)
[2024-04-24T06:42:05.409+0000][gc,heap     ] GC(453) Survivor regions: 2->2(77)
[2024-04-24T06:42:05.409+0000][gc,heap     ] GC(453) Old regions: 71->71
[2024-04-24T06:42:05.409+0000][gc,heap     ] GC(453) Archive regions: 2->2
[2024-04-24T06:42:05.409+0000][gc,heap     ] GC(453) Humongous regions: 129->129
[2024-04-24T06:42:05.409+0000][gc,metaspace] GC(453) Metaspace: 43568K(44224K)->43568K(44224K) NonClass: 38511K(38912K)->38511K(38912K) Class: 5056K(5312K)->5056K(5312K)
[2024-04-24T06:42:05.409+0000][gc          ] GC(453) Pause Young (Normal) (G1 Evacuation Pause) 813M->201M(1024M) 4.372ms
[2024-04-24T06:42:05.409+0000][gc,cpu      ] GC(453) User=0.01s Sys=0.00s Real=0.00s
[2024-04-24T06:42:06.820+0000][gc,start    ] GC(454) Pause Young (Normal) (G1 Evacuation Pause)
[2024-04-24T06:42:06.820+0000][gc,task     ] GC(454) Using 8 workers of 8 for evacuation
[2024-04-24T06:42:06.824+0000][gc,phases   ] GC(454)   Pre Evacuate Collection Set: 0.1ms
[2024-04-24T06:42:06.824+0000][gc,phases   ] GC(454)   Merge Heap Roots: 0.1ms
[2024-04-24T06:42:06.824+0000][gc,phases   ] GC(454)   Evacuate Collection Set: 3.2ms
[2024-04-24T06:42:06.824+0000][gc,phases   ] GC(454)   Post Evacuate Collection Set: 0.5ms
[2024-04-24T06:42:06.824+0000][gc,phases   ] GC(454)   Other: 0.1ms
[2024-04-24T06:42:06.824+0000][gc,heap     ] GC(454) Eden regions: 612->0(612)
[2024-04-24T06:42:06.824+0000][gc,heap     ] GC(454) Survivor regions: 2->2(77)
[2024-04-24T06:42:06.824+0000][gc,heap     ] GC(454) Old regions: 71->71
[2024-04-24T06:42:06.824+0000][gc,heap     ] GC(454) Archive regions: 2->2
[2024-04-24T06:42:06.824+0000][gc,heap     ] GC(454) Humongous regions: 129->129
[2024-04-24T06:42:06.824+0000][gc,metaspace] GC(454) Metaspace: 43569K(44224K)->43569K(44224K) NonClass: 38512K(38912K)->38512K(38912K) Class: 5056K(5312K)->5056K(5312K)
[2024-04-24T06:42:06.824+0000][gc          ] GC(454) Pause Young (Normal) (G1 Evacuation Pause) 813M->202M(1024M) 4.142ms
[2024-04-24T06:42:06.824+0000][gc,cpu      ] GC(454) User=0.01s Sys=0.01s Real=0.00s
[2024-04-24T06:42:08.116+0000][gc,start    ] GC(455) Pause Young (Normal) (G1 Evacuation Pause)
[2024-04-24T06:42:08.116+0000][gc,task     ] GC(455) Using 8 workers of 8 for evacuation
[2024-04-24T06:42:08.120+0000][gc,phases   ] GC(455)   Pre Evacuate Collection Set: 0.2ms
[2024-04-24T06:42:08.120+0000][gc,phases   ] GC(455)   Merge Heap Roots: 0.1ms
[2024-04-24T06:42:08.120+0000][gc,phases   ] GC(455)   Evacuate Collection Set: 2.7ms
[2024-04-24T06:42:08.120+0000][gc,phases   ] GC(455)   Post Evacuate Collection Set: 0.5ms
[2024-04-24T06:42:08.120+0000][gc,phases   ] GC(455)   Other: 0.1ms
[2024-04-24T06:42:08.120+0000][gc,heap     ] GC(455) Eden regions: 612->0(612)
[2024-04-24T06:42:08.120+0000][gc,heap     ] GC(455) Survivor regions: 2->2(77)
[2024-04-24T06:42:08.120+0000][gc,heap     ] GC(455) Old regions: 71->71
[2024-04-24T06:42:08.120+0000][gc,heap     ] GC(455) Archive regions: 2->2
[2024-04-24T06:42:08.120+0000][gc,heap     ] GC(455) Humongous regions: 129->129
[2024-04-24T06:42:08.120+0000][gc,metaspace] GC(455) Metaspace: 43569K(44224K)->43569K(44224K) NonClass: 38512K(38912K)->38512K(38912K) Class: 5056K(5312K)->5056K(5312K)
[2024-04-24T06:42:08.120+0000][gc          ] GC(455) Pause Young (Normal) (G1 Evacuation Pause) 814M->202M(1024M) 3.741ms
[2024-04-24T06:42:08.120+0000][gc,cpu      ] GC(455) User=0.01s Sys=0.00s Real=0.00s
[2024-04-24T06:42:09.506+0000][gc,start    ] GC(456) Pause Young (Normal) (G1 Evacuation Pause)
[2024-04-24T06:42:09.506+0000][gc,task     ] GC(456) Using 8 workers of 8 for evacuation
[2024-04-24T06:42:09.510+0000][gc,phases   ] GC(456)   Pre Evacuate Collection Set: 0.1ms
[2024-04-24T06:42:09.510+0000][gc,phases   ] GC(456)   Merge Heap Roots: 0.1ms
[2024-04-24T06:42:09.510+0000][gc,phases   ] GC(456)   Evacuate Collection Set: 3.0ms
[2024-04-24T06:42:09.510+0000][gc,phases   ] GC(456)   Post Evacuate Collection Set: 0.6ms
[2024-04-24T06:42:09.510+0000][gc,phases   ] GC(456)   Other: 0.1ms
[2024-04-24T06:42:09.510+0000][gc,heap     ] GC(456) Eden regions: 612->0(612)
[2024-04-24T06:42:09.510+0000][gc,heap     ] GC(456) Survivor regions: 2->2(77)
[2024-04-24T06:42:09.510+0000][gc,heap     ] GC(456) Old regions: 71->71
[2024-04-24T06:42:09.510+0000][gc,heap     ] GC(456) Archive regions: 2->2
[2024-04-24T06:42:09.510+0000][gc,heap     ] GC(456) Humongous regions: 129->129
[2024-04-24T06:42:09.510+0000][gc,metaspace] GC(456) Metaspace: 43569K(44224K)->43569K(44224K) NonClass: 38512K(38912K)->38512K(38912K) Class: 5056K(5312K)->5056K(5312K)
[2024-04-24T06:42:09.510+0000][gc          ] GC(456) Pause Young (Normal) (G1 Evacuation Pause) 814M->202M(1024M) 4.067ms
[2024-04-24T06:42:09.510+0000][gc,cpu      ] GC(456) User=0.02s Sys=0.00s Real=0.00s
[2024-04-24T06:42:10.796+0000][gc,start    ] GC(457) Pause Young (Normal) (G1 Evacuation Pause)
[2024-04-24T06:42:10.796+0000][gc,task     ] GC(457) Using 8 workers of 8 for evacuation
[2024-04-24T06:42:10.800+0000][gc,phases   ] GC(457)   Pre Evacuate Collection Set: 0.1ms
[2024-04-24T06:42:10.800+0000][gc,phases   ] GC(457)   Merge Heap Roots: 0.1ms
[2024-04-24T06:42:10.800+0000][gc,phases   ] GC(457)   Evacuate Collection Set: 2.9ms
[2024-04-24T06:42:10.800+0000][gc,phases   ] GC(457)   Post Evacuate Collection Set: 0.5ms
[2024-04-24T06:42:10.800+0000][gc,phases   ] GC(457)   Other: 0.1ms
[2024-04-24T06:42:10.800+0000][gc,heap     ] GC(457) Eden regions: 612->0(611)
[2024-04-24T06:42:10.800+0000][gc,heap     ] GC(457) Survivor regions: 2->3(77)
[2024-04-24T06:42:10.800+0000][gc,heap     ] GC(457) Old regions: 71->72
[2024-04-24T06:42:10.800+0000][gc,heap     ] GC(457) Archive regions: 2->2
[2024-04-24T06:42:10.800+0000][gc,heap     ] GC(457) Humongous regions: 129->129
[2024-04-24T06:42:10.800+0000][gc,metaspace] GC(457) Metaspace: 43570K(44224K)->43570K(44224K) NonClass: 38513K(38912K)->38513K(38912K) Class: 5056K(5312K)->5056K(5312K)
[2024-04-24T06:42:10.800+0000][gc          ] GC(457) Pause Young (Normal) (G1 Evacuation Pause) 814M->203M(1024M) 3.853ms
[2024-04-24T06:42:10.800+0000][gc,cpu      ] GC(457) User=0.02s Sys=0.01s Real=0.00s
[2024-04-24T06:42:11.998+0000][gc,start    ] GC(458) Pause Young (Normal) (G1 Evacuation Pause)
[2024-04-24T06:42:11.998+0000][gc,task     ] GC(458) Using 8 workers of 8 for evacuation
[2024-04-24T06:42:12.001+0000][gc,phases   ] GC(458)   Pre Evacuate Collection Set: 0.1ms
[2024-04-24T06:42:12.001+0000][gc,phases   ] GC(458)   Merge Heap Roots: 0.1ms
[2024-04-24T06:42:12.001+0000][gc,phases   ] GC(458)   Evacuate Collection Set: 2.8ms
[2024-04-24T06:42:12.001+0000][gc,phases   ] GC(458)   Post Evacuate Collection Set: 0.5ms
[2024-04-24T06:42:12.001+0000][gc,phases   ] GC(458)   Other: 0.1ms
[2024-04-24T06:42:12.001+0000][gc,heap     ] GC(458) Eden regions: 611->0(611)
[2024-04-24T06:42:12.001+0000][gc,heap     ] GC(458) Survivor regions: 3->3(77)
[2024-04-24T06:42:12.001+0000][gc,heap     ] GC(458) Old regions: 72->72
[2024-04-24T06:42:12.001+0000][gc,heap     ] GC(458) Archive regions: 2->2
[2024-04-24T06:42:12.001+0000][gc,heap     ] GC(458) Humongous regions: 129->129
[2024-04-24T06:42:12.001+0000][gc,metaspace] GC(458) Metaspace: 43570K(44224K)->43570K(44224K) NonClass: 38513K(38912K)->38513K(38912K) Class: 5056K(5312K)->5056K(5312K)
[2024-04-24T06:42:12.001+0000][gc          ] GC(458) Pause Young (Normal) (G1 Evacuation Pause) 814M->203M(1024M) 3.737ms
[2024-04-24T06:42:12.001+0000][gc,cpu      ] GC(458) User=0.02s Sys=0.00s Real=0.00s
[2024-04-24T06:42:13.050+0000][gc,start    ] GC(459) Pause Young (Normal) (G1 Evacuation Pause)
[2024-04-24T06:42:13.050+0000][gc,task     ] GC(459) Using 8 workers of 8 for evacuation
[2024-04-24T06:42:13.053+0000][gc,phases   ] GC(459)   Pre Evacuate Collection Set: 0.1ms
[2024-04-24T06:42:13.053+0000][gc,phases   ] GC(459)   Merge Heap Roots: 0.1ms
[2024-04-24T06:42:13.053+0000][gc,phases   ] GC(459)   Evacuate Collection Set: 2.3ms
[2024-04-24T06:42:13.053+0000][gc,phases   ] GC(459)   Post Evacuate Collection Set: 0.4ms
[2024-04-24T06:42:13.053+0000][gc,phases   ] GC(459)   Other: 0.1ms
[2024-04-24T06:42:13.053+0000][gc,heap     ] GC(459) Eden regions: 611->0(611)
[2024-04-24T06:42:13.053+0000][gc,heap     ] GC(459) Survivor regions: 3->3(77)
[2024-04-24T06:42:13.053+0000][gc,heap     ] GC(459) Old regions: 72->72
[2024-04-24T06:42:13.053+0000][gc,heap     ] GC(459) Archive regions: 2->2
[2024-04-24T06:42:13.053+0000][gc,heap     ] GC(459) Humongous regions: 129->129
[2024-04-24T06:42:13.053+0000][gc,metaspace] GC(459) Metaspace: 43570K(44224K)->43570K(44224K) NonClass: 38513K(38912K)->38513K(38912K) Class: 5056K(5312K)->5056K(5312K)
[2024-04-24T06:42:13.054+0000][gc          ] GC(459) Pause Young (Normal) (G1 Evacuation Pause) 814M->203M(1024M) 3.103ms
[2024-04-24T06:42:13.054+0000][gc,cpu      ] GC(459) User=0.02s Sys=0.00s Real=0.01s
[2024-04-24T06:42:14.142+0000][gc,start    ] GC(460) Pause Young (Normal) (G1 Evacuation Pause)
[2024-04-24T06:42:14.142+0000][gc,task     ] GC(460) Using 8 workers of 8 for evacuation
[2024-04-24T06:42:14.145+0000][gc,phases   ] GC(460)   Pre Evacuate Collection Set: 0.1ms
[2024-04-24T06:42:14.145+0000][gc,phases   ] GC(460)   Merge Heap Roots: 0.1ms
[2024-04-24T06:42:14.145+0000][gc,phases   ] GC(460)   Evacuate Collection Set: 2.7ms
[2024-04-24T06:42:14.145+0000][gc,phases   ] GC(460)   Post Evacuate Collection Set: 0.4ms
[2024-04-24T06:42:14.145+0000][gc,phases   ] GC(460)   Other: 0.1ms
[2024-04-24T06:42:14.145+0000][gc,heap     ] GC(460) Eden regions: 611->0(611)
[2024-04-24T06:42:14.145+0000][gc,heap     ] GC(460) Survivor regions: 3->3(77)
[2024-04-24T06:42:14.145+0000][gc,heap     ] GC(460) Old regions: 72->72
[2024-04-24T06:42:14.145+0000][gc,heap     ] GC(460) Archive regions: 2->2
[2024-04-24T06:42:14.145+0000][gc,heap     ] GC(460) Humongous regions: 129->129
[2024-04-24T06:42:14.145+0000][gc,metaspace] GC(460) Metaspace: 43570K(44224K)->43570K(44224K) NonClass: 38513K(38912K)->38513K(38912K) Class: 5056K(5312K)->5056K(5312K)
[2024-04-24T06:42:14.145+0000][gc          ] GC(460) Pause Young (Normal) (G1 Evacuation Pause) 814M->204M(1024M) 3.545ms
[2024-04-24T06:42:14.145+0000][gc,cpu      ] GC(460) User=0.02s Sys=0.00s Real=0.01s
[2024-04-24T06:42:15.190+0000][gc,start    ] GC(461) Pause Young (Normal) (G1 Evacuation Pause)
[2024-04-24T06:42:15.190+0000][gc,task     ] GC(461) Using 8 workers of 8 for evacuation
[2024-04-24T06:42:15.193+0000][gc,phases   ] GC(461)   Pre Evacuate Collection Set: 0.1ms
[2024-04-24T06:42:15.193+0000][gc,phases   ] GC(461)   Merge Heap Roots: 0.1ms
[2024-04-24T06:42:15.193+0000][gc,phases   ] GC(461)   Evacuate Collection Set: 2.4ms
[2024-04-24T06:42:15.193+0000][gc,phases   ] GC(461)   Post Evacuate Collection Set: 0.4ms
[2024-04-24T06:42:15.193+0000][gc,phases   ] GC(461)   Other: 0.1ms
[2024-04-24T06:42:15.193+0000][gc,heap     ] GC(461) Eden regions: 611->0(610)
[2024-04-24T06:42:15.193+0000][gc,heap     ] GC(461) Survivor regions: 3->4(77)
[2024-04-24T06:42:15.193+0000][gc,heap     ] GC(461) Old regions: 72->72
[2024-04-24T06:42:15.193+0000][gc,heap     ] GC(461) Archive regions: 2->2
[2024-04-24T06:42:15.193+0000][gc,heap     ] GC(461) Humongous regions: 129->129
[2024-04-24T06:42:15.193+0000][gc,metaspace] GC(461) Metaspace: 43570K(44224K)->43570K(44224K) NonClass: 38513K(38912K)->38513K(38912K) Class: 5056K(5312K)->5056K(5312K)
[2024-04-24T06:42:15.193+0000][gc          ] GC(461) Pause Young (Normal) (G1 Evacuation Pause) 815M->204M(1024M) 3.258ms
[2024-04-24T06:42:15.193+0000][gc,cpu      ] GC(461) User=0.02s Sys=0.00s Real=0.01s
[2024-04-24T06:42:16.266+0000][gc,start    ] GC(462) Pause Young (Normal) (G1 Evacuation Pause)
[2024-04-24T06:42:16.266+0000][gc,task     ] GC(462) Using 8 workers of 8 for evacuation
[2024-04-24T06:42:16.270+0000][gc,phases   ] GC(462)   Pre Evacuate Collection Set: 0.1ms
[2024-04-24T06:42:16.270+0000][gc,phases   ] GC(462)   Merge Heap Roots: 0.1ms
[2024-04-24T06:42:16.270+0000][gc,phases   ] GC(462)   Evacuate Collection Set: 2.5ms
[2024-04-24T06:42:16.270+0000][gc,phases   ] GC(462)   Post Evacuate Collection Set: 0.4ms
[2024-04-24T06:42:16.270+0000][gc,phases   ] GC(462)   Other: 0.1ms
[2024-04-24T06:42:16.270+0000][gc,heap     ] GC(462) Eden regions: 610->0(610)
[2024-04-24T06:42:16.270+0000][gc,heap     ] GC(462) Survivor regions: 4->4(77)
[2024-04-24T06:42:16.270+0000][gc,heap     ] GC(462) Old regions: 72->72
[2024-04-24T06:42:16.270+0000][gc,heap     ] GC(462) Archive regions: 2->2
[2024-04-24T06:42:16.270+0000][gc,heap     ] GC(462) Humongous regions: 129->129
[2024-04-24T06:42:16.270+0000][gc,metaspace] GC(462) Metaspace: 43570K(44224K)->43570K(44224K) NonClass: 38513K(38912K)->38513K(38912K) Class: 5056K(5312K)->5056K(5312K)
[2024-04-24T06:42:16.270+0000][gc          ] GC(462) Pause Young (Normal) (G1 Evacuation Pause) 814M->204M(1024M) 3.288ms
[2024-04-24T06:42:16.270+0000][gc,cpu      ] GC(462) User=0.02s Sys=0.00s Real=0.00s
[2024-04-24T06:42:17.564+0000][gc,start    ] GC(463) Pause Young (Normal) (G1 Evacuation Pause)
[2024-04-24T06:42:17.564+0000][gc,task     ] GC(463) Using 8 workers of 8 for evacuation
[2024-04-24T06:42:17.568+0000][gc,phases   ] GC(463)   Pre Evacuate Collection Set: 0.1ms
[2024-04-24T06:42:17.568+0000][gc,phases   ] GC(463)   Merge Heap Roots: 0.1ms
[2024-04-24T06:42:17.568+0000][gc,phases   ] GC(463)   Evacuate Collection Set: 2.7ms
[2024-04-24T06:42:17.568+0000][gc,phases   ] GC(463)   Post Evacuate Collection Set: 0.4ms
[2024-04-24T06:42:17.568+0000][gc,phases   ] GC(463)   Other: 0.1ms
[2024-04-24T06:42:17.568+0000][gc,heap     ] GC(463) Eden regions: 610->0(610)
[2024-04-24T06:42:17.568+0000][gc,heap     ] GC(463) Survivor regions: 4->4(77)
[2024-04-24T06:42:17.568+0000][gc,heap     ] GC(463) Old regions: 72->72
[2024-04-24T06:42:17.568+0000][gc,heap     ] GC(463) Archive regions: 2->2
[2024-04-24T06:42:17.568+0000][gc,heap     ] GC(463) Humongous regions: 129->129
[2024-04-24T06:42:17.568+0000][gc,metaspace] GC(463) Metaspace: 43570K(44224K)->43570K(44224K) NonClass: 38513K(38912K)->38513K(38912K) Class: 5056K(5312K)->5056K(5312K)
[2024-04-24T06:42:17.568+0000][gc          ] GC(463) Pause Young (Normal) (G1 Evacuation Pause) 814M->204M(1024M) 3.439ms
[2024-04-24T06:42:17.568+0000][gc,cpu      ] GC(463) User=0.01s Sys=0.01s Real=0.00s
[2024-04-24T06:42:18.594+0000][gc,start    ] GC(464) Pause Young (Normal) (G1 Evacuation Pause)
[2024-04-24T06:42:18.594+0000][gc,task     ] GC(464) Using 8 workers of 8 for evacuation
[2024-04-24T06:42:18.598+0000][gc,phases   ] GC(464)   Pre Evacuate Collection Set: 0.1ms
[2024-04-24T06:42:18.598+0000][gc,phases   ] GC(464)   Merge Heap Roots: 0.1ms
[2024-04-24T06:42:18.598+0000][gc,phases   ] GC(464)   Evacuate Collection Set: 2.9ms
[2024-04-24T06:42:18.598+0000][gc,phases   ] GC(464)   Post Evacuate Collection Set: 0.4ms
[2024-04-24T06:42:18.598+0000][gc,phases   ] GC(464)   Other: 0.1ms
[2024-04-24T06:42:18.598+0000][gc,heap     ] GC(464) Eden regions: 610->0(610)
[2024-04-24T06:42:18.598+0000][gc,heap     ] GC(464) Survivor regions: 4->4(77)
[2024-04-24T06:42:18.598+0000][gc,heap     ] GC(464) Old regions: 72->72
[2024-04-24T06:42:18.598+0000][gc,heap     ] GC(464) Archive regions: 2->2
[2024-04-24T06:42:18.598+0000][gc,heap     ] GC(464) Humongous regions: 129->129
[2024-04-24T06:42:18.598+0000][gc,metaspace] GC(464) Metaspace: 43570K(44224K)->43570K(44224K) NonClass: 38513K(38912K)->38513K(38912K) Class: 5056K(5312K)->5056K(5312K)
[2024-04-24T06:42:18.598+0000][gc          ] GC(464) Pause Young (Normal) (G1 Evacuation Pause) 814M->205M(1024M) 3.756ms
[2024-04-24T06:42:18.598+0000][gc,cpu      ] GC(464) User=0.03s Sys=0.00s Real=0.00s
[2024-04-24T06:42:19.635+0000][gc,start    ] GC(465) Pause Young (Normal) (G1 Evacuation Pause)
[2024-04-24T06:42:19.635+0000][gc,task     ] GC(465) Using 8 workers of 8 for evacuation
[2024-04-24T06:42:19.638+0000][gc,phases   ] GC(465)   Pre Evacuate Collection Set: 0.1ms
[2024-04-24T06:42:19.638+0000][gc,phases   ] GC(465)   Merge Heap Roots: 0.1ms
[2024-04-24T06:42:19.638+0000][gc,phases   ] GC(465)   Evacuate Collection Set: 2.7ms
[2024-04-24T06:42:19.638+0000][gc,phases   ] GC(465)   Post Evacuate Collection Set: 0.4ms
[2024-04-24T06:42:19.638+0000][gc,phases   ] GC(465)   Other: 0.1ms
[2024-04-24T06:42:19.638+0000][gc,heap     ] GC(465) Eden regions: 610->0(610)
[2024-04-24T06:42:19.638+0000][gc,heap     ] GC(465) Survivor regions: 4->4(77)
[2024-04-24T06:42:19.638+0000][gc,heap     ] GC(465) Old regions: 72->72
[2024-04-24T06:42:19.638+0000][gc,heap     ] GC(465) Archive regions: 2->2
[2024-04-24T06:42:19.638+0000][gc,heap     ] GC(465) Humongous regions: 129->129
[2024-04-24T06:42:19.639+0000][gc,metaspace] GC(465) Metaspace: 43570K(44224K)->43570K(44224K) NonClass: 38513K(38912K)->38513K(38912K) Class: 5056K(5312K)->5056K(5312K)
[2024-04-24T06:42:19.639+0000][gc          ] GC(465) Pause Young (Normal) (G1 Evacuation Pause) 815M->205M(1024M) 3.480ms
[2024-04-24T06:42:19.639+0000][gc,cpu      ] GC(465) User=0.03s Sys=0.00s Real=0.00s
[2024-04-24T06:42:20.660+0000][gc,start    ] GC(466) Pause Young (Normal) (G1 Evacuation Pause)
[2024-04-24T06:42:20.660+0000][gc,task     ] GC(466) Using 8 workers of 8 for evacuation
[2024-04-24T06:42:20.664+0000][gc,phases   ] GC(466)   Pre Evacuate Collection Set: 0.1ms
[2024-04-24T06:42:20.664+0000][gc,phases   ] GC(466)   Merge Heap Roots: 0.1ms
[2024-04-24T06:42:20.664+0000][gc,phases   ] GC(466)   Evacuate Collection Set: 3.0ms
[2024-04-24T06:42:20.664+0000][gc,phases   ] GC(466)   Post Evacuate Collection Set: 0.4ms
[2024-04-24T06:42:20.664+0000][gc,phases   ] GC(466)   Other: 0.1ms
[2024-04-24T06:42:20.664+0000][gc,heap     ] GC(466) Eden regions: 610->0(610)
[2024-04-24T06:42:20.664+0000][gc,heap     ] GC(466) Survivor regions: 4->4(77)
[2024-04-24T06:42:20.664+0000][gc,heap     ] GC(466) Old regions: 72->72
[2024-04-24T06:42:20.664+0000][gc,heap     ] GC(466) Archive regions: 2->2
[2024-04-24T06:42:20.664+0000][gc,heap     ] GC(466) Humongous regions: 129->129
[2024-04-24T06:42:20.664+0000][gc,metaspace] GC(466) Metaspace: 43570K(44224K)->43570K(44224K) NonClass: 38513K(38912K)->38513K(38912K) Class: 5056K(5312K)->5056K(5312K)
[2024-04-24T06:42:20.664+0000][gc          ] GC(466) Pause Young (Normal) (G1 Evacuation Pause) 815M->205M(1024M) 3.772ms
[2024-04-24T06:42:20.664+0000][gc,cpu      ] GC(466) User=0.02s Sys=0.00s Real=0.01s
[2024-04-24T06:42:21.744+0000][gc,start    ] GC(467) Pause Young (Normal) (G1 Evacuation Pause)
[2024-04-24T06:42:21.744+0000][gc,task     ] GC(467) Using 8 workers of 8 for evacuation
[2024-04-24T06:42:21.747+0000][gc,phases   ] GC(467)   Pre Evacuate Collection Set: 0.1ms
[2024-04-24T06:42:21.747+0000][gc,phases   ] GC(467)   Merge Heap Roots: 0.1ms
[2024-04-24T06:42:21.747+0000][gc,phases   ] GC(467)   Evacuate Collection Set: 2.9ms
[2024-04-24T06:42:21.747+0000][gc,phases   ] GC(467)   Post Evacuate Collection Set: 0.4ms
[2024-04-24T06:42:21.747+0000][gc,phases   ] GC(467)   Other: 0.1ms
[2024-04-24T06:42:21.747+0000][gc,heap     ] GC(467) Eden regions: 610->0(610)
[2024-04-24T06:42:21.747+0000][gc,heap     ] GC(467) Survivor regions: 4->4(77)
[2024-04-24T06:42:21.747+0000][gc,heap     ] GC(467) Old regions: 72->72
[2024-04-24T06:42:21.747+0000][gc,heap     ] GC(467) Archive regions: 2->2
[2024-04-24T06:42:21.747+0000][gc,heap     ] GC(467) Humongous regions: 129->129
[2024-04-24T06:42:21.747+0000][gc,metaspace] GC(467) Metaspace: 43570K(44224K)->43570K(44224K) NonClass: 38513K(38912K)->38513K(38912K) Class: 5056K(5312K)->5056K(5312K)
[2024-04-24T06:42:21.747+0000][gc          ] GC(467) Pause Young (Normal) (G1 Evacuation Pause) 815M->205M(1024M) 3.710ms
[2024-04-24T06:42:21.747+0000][gc,cpu      ] GC(467) User=0.02s Sys=0.00s Real=0.01s
[2024-04-24T06:42:22.744+0000][gc,start    ] GC(468) Pause Young (Normal) (G1 Evacuation Pause)
[2024-04-24T06:42:22.744+0000][gc,task     ] GC(468) Using 8 workers of 8 for evacuation
[2024-04-24T06:42:22.748+0000][gc,phases   ] GC(468)   Pre Evacuate Collection Set: 0.1ms
[2024-04-24T06:42:22.748+0000][gc,phases   ] GC(468)   Merge Heap Roots: 0.1ms
[2024-04-24T06:42:22.748+0000][gc,phases   ] GC(468)   Evacuate Collection Set: 3.0ms
[2024-04-24T06:42:22.748+0000][gc,phases   ] GC(468)   Post Evacuate Collection Set: 0.4ms
[2024-04-24T06:42:22.748+0000][gc,phases   ] GC(468)   Other: 0.1ms
[2024-04-24T06:42:22.748+0000][gc,heap     ] GC(468) Eden regions: 610->0(610)
[2024-04-24T06:42:22.748+0000][gc,heap     ] GC(468) Survivor regions: 4->4(77)
[2024-04-24T06:42:22.748+0000][gc,heap     ] GC(468) Old regions: 72->72
[2024-04-24T06:42:22.748+0000][gc,heap     ] GC(468) Archive regions: 2->2
[2024-04-24T06:42:22.748+0000][gc,heap     ] GC(468) Humongous regions: 129->129
[2024-04-24T06:42:22.748+0000][gc,metaspace] GC(468) Metaspace: 43570K(44224K)->43570K(44224K) NonClass: 38513K(38912K)->38513K(38912K) Class: 5056K(5312K)->5056K(5312K)
[2024-04-24T06:42:22.748+0000][gc          ] GC(468) Pause Young (Normal) (G1 Evacuation Pause) 815M->205M(1024M) 3.734ms
[2024-04-24T06:42:22.748+0000][gc,cpu      ] GC(468) User=0.01s Sys=0.01s Real=0.00s
[2024-04-24T06:42:23.784+0000][gc,start    ] GC(469) Pause Young (Normal) (G1 Evacuation Pause)
[2024-04-24T06:42:23.784+0000][gc,task     ] GC(469) Using 8 workers of 8 for evacuation
[2024-04-24T06:42:23.788+0000][gc,phases   ] GC(469)   Pre Evacuate Collection Set: 0.1ms
[2024-04-24T06:42:23.788+0000][gc,phases   ] GC(469)   Merge Heap Roots: 0.1ms
[2024-04-24T06:42:23.788+0000][gc,phases   ] GC(469)   Evacuate Collection Set: 3.5ms
[2024-04-24T06:42:23.788+0000][gc,phases   ] GC(469)   Post Evacuate Collection Set: 0.5ms
[2024-04-24T06:42:23.788+0000][gc,phases   ] GC(469)   Other: 0.1ms
[2024-04-24T06:42:23.788+0000][gc,heap     ] GC(469) Eden regions: 610->0(610)
[2024-04-24T06:42:23.788+0000][gc,heap     ] GC(469) Survivor regions: 4->4(77)
[2024-04-24T06:42:23.788+0000][gc,heap     ] GC(469) Old regions: 72->73
[2024-04-24T06:42:23.788+0000][gc,heap     ] GC(469) Archive regions: 2->2
[2024-04-24T06:42:23.788+0000][gc,heap     ] GC(469) Humongous regions: 129->129
[2024-04-24T06:42:23.788+0000][gc,metaspace] GC(469) Metaspace: 43570K(44224K)->43570K(44224K) NonClass: 38513K(38912K)->38513K(38912K) Class: 5056K(5312K)->5056K(5312K)
[2024-04-24T06:42:23.788+0000][gc          ] GC(469) Pause Young (Normal) (G1 Evacuation Pause) 815M->205M(1024M) 4.361ms
[2024-04-24T06:42:23.788+0000][gc,cpu      ] GC(469) User=0.02s Sys=0.01s Real=0.01s
[2024-04-24T06:42:24.798+0000][gc,start    ] GC(470) Pause Young (Normal) (G1 Evacuation Pause)
[2024-04-24T06:42:24.798+0000][gc,task     ] GC(470) Using 8 workers of 8 for evacuation
[2024-04-24T06:42:24.802+0000][gc,phases   ] GC(470)   Pre Evacuate Collection Set: 0.1ms
[2024-04-24T06:42:24.802+0000][gc,phases   ] GC(470)   Merge Heap Roots: 0.1ms
[2024-04-24T06:42:24.802+0000][gc,phases   ] GC(470)   Evacuate Collection Set: 2.7ms
[2024-04-24T06:42:24.802+0000][gc,phases   ] GC(470)   Post Evacuate Collection Set: 0.4ms
[2024-04-24T06:42:24.802+0000][gc,phases   ] GC(470)   Other: 0.1ms
[2024-04-24T06:42:24.802+0000][gc,heap     ] GC(470) Eden regions: 610->0(610)
[2024-04-24T06:42:24.802+0000][gc,heap     ] GC(470) Survivor regions: 4->4(77)
[2024-04-24T06:42:24.802+0000][gc,heap     ] GC(470) Old regions: 73->73
[2024-04-24T06:42:24.802+0000][gc,heap     ] GC(470) Archive regions: 2->2
[2024-04-24T06:42:24.802+0000][gc,heap     ] GC(470) Humongous regions: 129->129
[2024-04-24T06:42:24.802+0000][gc,metaspace] GC(470) Metaspace: 43570K(44224K)->43570K(44224K) NonClass: 38513K(38912K)->38513K(38912K) Class: 5056K(5312K)->5056K(5312K)
[2024-04-24T06:42:24.802+0000][gc          ] GC(470) Pause Young (Normal) (G1 Evacuation Pause) 815M->206M(1024M) 3.458ms
[2024-04-24T06:42:24.802+0000][gc,cpu      ] GC(470) User=0.03s Sys=0.00s Real=0.00s
[2024-04-24T06:42:25.826+0000][gc,start    ] GC(471) Pause Young (Normal) (G1 Evacuation Pause)
[2024-04-24T06:42:25.826+0000][gc,task     ] GC(471) Using 8 workers of 8 for evacuation
[2024-04-24T06:42:25.830+0000][gc,phases   ] GC(471)   Pre Evacuate Collection Set: 0.1ms
[2024-04-24T06:42:25.830+0000][gc,phases   ] GC(471)   Merge Heap Roots: 0.1ms
[2024-04-24T06:42:25.830+0000][gc,phases   ] GC(471)   Evacuate Collection Set: 2.6ms
[2024-04-24T06:42:25.830+0000][gc,phases   ] GC(471)   Post Evacuate Collection Set: 0.4ms
[2024-04-24T06:42:25.830+0000][gc,phases   ] GC(471)   Other: 0.1ms
[2024-04-24T06:42:25.830+0000][gc,heap     ] GC(471) Eden regions: 610->0(610)
[2024-04-24T06:42:25.830+0000][gc,heap     ] GC(471) Survivor regions: 4->4(77)
[2024-04-24T06:42:25.830+0000][gc,heap     ] GC(471) Old regions: 73->73
[2024-04-24T06:42:25.830+0000][gc,heap     ] GC(471) Archive regions: 2->2
[2024-04-24T06:42:25.830+0000][gc,heap     ] GC(471) Humongous regions: 129->129
[2024-04-24T06:42:25.830+0000][gc,metaspace] GC(471) Metaspace: 43571K(44224K)->43571K(44224K) NonClass: 38514K(38912K)->38514K(38912K) Class: 5056K(5312K)->5056K(5312K)
[2024-04-24T06:42:25.830+0000][gc          ] GC(471) Pause Young (Normal) (G1 Evacuation Pause) 816M->206M(1024M) 3.465ms
[2024-04-24T06:42:25.830+0000][gc,cpu      ] GC(471) User=0.02s Sys=0.00s Real=0.00s
[2024-04-24T06:42:27.104+0000][gc,start    ] GC(472) Pause Young (Normal) (G1 Evacuation Pause)
[2024-04-24T06:42:27.104+0000][gc,task     ] GC(472) Using 8 workers of 8 for evacuation
[2024-04-24T06:42:27.107+0000][gc,phases   ] GC(472)   Pre Evacuate Collection Set: 0.1ms
[2024-04-24T06:42:27.107+0000][gc,phases   ] GC(472)   Merge Heap Roots: 0.1ms
[2024-04-24T06:42:27.107+0000][gc,phases   ] GC(472)   Evacuate Collection Set: 2.8ms
[2024-04-24T06:42:27.107+0000][gc,phases   ] GC(472)   Post Evacuate Collection Set: 0.5ms
[2024-04-24T06:42:27.107+0000][gc,phases   ] GC(472)   Other: 0.1ms
[2024-04-24T06:42:27.107+0000][gc,heap     ] GC(472) Eden regions: 610->0(610)
[2024-04-24T06:42:27.107+0000][gc,heap     ] GC(472) Survivor regions: 4->4(77)
[2024-04-24T06:42:27.107+0000][gc,heap     ] GC(472) Old regions: 73->74
[2024-04-24T06:42:27.107+0000][gc,heap     ] GC(472) Archive regions: 2->2
[2024-04-24T06:42:27.107+0000][gc,heap     ] GC(472) Humongous regions: 129->129
[2024-04-24T06:42:27.107+0000][gc,metaspace] GC(472) Metaspace: 43571K(44224K)->43571K(44224K) NonClass: 38514K(38912K)->38514K(38912K) Class: 5056K(5312K)->5056K(5312K)
[2024-04-24T06:42:27.107+0000][gc          ] GC(472) Pause Young (Normal) (G1 Evacuation Pause) 816M->206M(1024M) 3.699ms
[2024-04-24T06:42:27.107+0000][gc,cpu      ] GC(472) User=0.02s Sys=0.00s Real=0.01s
[2024-04-24T06:42:28.125+0000][gc,start    ] GC(473) Pause Young (Normal) (G1 Evacuation Pause)
[2024-04-24T06:42:28.125+0000][gc,task     ] GC(473) Using 8 workers of 8 for evacuation
[2024-04-24T06:42:28.128+0000][gc,phases   ] GC(473)   Pre Evacuate Collection Set: 0.1ms
[2024-04-24T06:42:28.128+0000][gc,phases   ] GC(473)   Merge Heap Roots: 0.1ms
[2024-04-24T06:42:28.128+0000][gc,phases   ] GC(473)   Evacuate Collection Set: 2.7ms
[2024-04-24T06:42:28.128+0000][gc,phases   ] GC(473)   Post Evacuate Collection Set: 0.4ms
[2024-04-24T06:42:28.128+0000][gc,phases   ] GC(473)   Other: 0.1ms
[2024-04-24T06:42:28.128+0000][gc,heap     ] GC(473) Eden regions: 610->0(610)
[2024-04-24T06:42:28.128+0000][gc,heap     ] GC(473) Survivor regions: 4->4(77)
[2024-04-24T06:42:28.128+0000][gc,heap     ] GC(473) Old regions: 74->74
[2024-04-24T06:42:28.128+0000][gc,heap     ] GC(473) Archive regions: 2->2
[2024-04-24T06:42:28.128+0000][gc,heap     ] GC(473) Humongous regions: 129->129
[2024-04-24T06:42:28.128+0000][gc,metaspace] GC(473) Metaspace: 43571K(44224K)->43571K(44224K) NonClass: 38514K(38912K)->38514K(38912K) Class: 5056K(5312K)->5056K(5312K)
[2024-04-24T06:42:28.128+0000][gc          ] GC(473) Pause Young (Normal) (G1 Evacuation Pause) 816M->206M(1024M) 3.605ms
[2024-04-24T06:42:28.128+0000][gc,cpu      ] GC(473) User=0.02s Sys=0.01s Real=0.00s
[2024-04-24T06:42:29.161+0000][gc,start    ] GC(474) Pause Young (Normal) (G1 Evacuation Pause)
[2024-04-24T06:42:29.161+0000][gc,task     ] GC(474) Using 8 workers of 8 for evacuation
[2024-04-24T06:42:29.164+0000][gc,phases   ] GC(474)   Pre Evacuate Collection Set: 0.1ms
[2024-04-24T06:42:29.164+0000][gc,phases   ] GC(474)   Merge Heap Roots: 0.1ms
[2024-04-24T06:42:29.164+0000][gc,phases   ] GC(474)   Evacuate Collection Set: 2.5ms
[2024-04-24T06:42:29.164+0000][gc,phases   ] GC(474)   Post Evacuate Collection Set: 0.4ms
[2024-04-24T06:42:29.164+0000][gc,phases   ] GC(474)   Other: 0.1ms
[2024-04-24T06:42:29.164+0000][gc,heap     ] GC(474) Eden regions: 610->0(611)
[2024-04-24T06:42:29.164+0000][gc,heap     ] GC(474) Survivor regions: 4->3(77)
[2024-04-24T06:42:29.164+0000][gc,heap     ] GC(474) Old regions: 74->74
[2024-04-24T06:42:29.164+0000][gc,heap     ] GC(474) Archive regions: 2->2
[2024-04-24T06:42:29.164+0000][gc,heap     ] GC(474) Humongous regions: 129->129
[2024-04-24T06:42:29.164+0000][gc,metaspace] GC(474) Metaspace: 43571K(44224K)->43571K(44224K) NonClass: 38514K(38912K)->38514K(38912K) Class: 5056K(5312K)->5056K(5312K)
[2024-04-24T06:42:29.164+0000][gc          ] GC(474) Pause Young (Normal) (G1 Evacuation Pause) 816M->206M(1024M) 3.330ms
[2024-04-24T06:42:29.165+0000][gc,cpu      ] GC(474) User=0.02s Sys=0.00s Real=0.01s
[2024-04-24T06:42:30.189+0000][gc,start    ] GC(475) Pause Young (Normal) (G1 Evacuation Pause)
[2024-04-24T06:42:30.189+0000][gc,task     ] GC(475) Using 8 workers of 8 for evacuation
[2024-04-24T06:42:30.192+0000][gc,phases   ] GC(475)   Pre Evacuate Collection Set: 0.1ms
[2024-04-24T06:42:30.192+0000][gc,phases   ] GC(475)   Merge Heap Roots: 0.1ms
[2024-04-24T06:42:30.192+0000][gc,phases   ] GC(475)   Evacuate Collection Set: 3.1ms
[2024-04-24T06:42:30.192+0000][gc,phases   ] GC(475)   Post Evacuate Collection Set: 0.4ms
[2024-04-24T06:42:30.192+0000][gc,phases   ] GC(475)   Other: 0.1ms
[2024-04-24T06:42:30.192+0000][gc,heap     ] GC(475) Eden regions: 611->0(611)
[2024-04-24T06:42:30.192+0000][gc,heap     ] GC(475) Survivor regions: 3->3(77)
[2024-04-24T06:42:30.192+0000][gc,heap     ] GC(475) Old regions: 74->75
[2024-04-24T06:42:30.192+0000][gc,heap     ] GC(475) Archive regions: 2->2
[2024-04-24T06:42:30.192+0000][gc,heap     ] GC(475) Humongous regions: 129->129
[2024-04-24T06:42:30.192+0000][gc,metaspace] GC(475) Metaspace: 43572K(44224K)->43572K(44224K) NonClass: 38515K(38912K)->38515K(38912K) Class: 5056K(5312K)->5056K(5312K)
[2024-04-24T06:42:30.192+0000][gc          ] GC(475) Pause Young (Normal) (G1 Evacuation Pause) 817M->206M(1024M) 3.930ms
[2024-04-24T06:42:30.192+0000][gc,cpu      ] GC(475) User=0.02s Sys=0.01s Real=0.01s
[2024-04-24T06:42:31.289+0000][gc,start    ] GC(476) Pause Young (Normal) (G1 Evacuation Pause)
[2024-04-24T06:42:31.289+0000][gc,task     ] GC(476) Using 8 workers of 8 for evacuation
[2024-04-24T06:42:31.292+0000][gc,phases   ] GC(476)   Pre Evacuate Collection Set: 0.1ms
[2024-04-24T06:42:31.292+0000][gc,phases   ] GC(476)   Merge Heap Roots: 0.1ms
[2024-04-24T06:42:31.292+0000][gc,phases   ] GC(476)   Evacuate Collection Set: 2.4ms
[2024-04-24T06:42:31.292+0000][gc,phases   ] GC(476)   Post Evacuate Collection Set: 0.4ms
[2024-04-24T06:42:31.293+0000][gc,phases   ] GC(476)   Other: 0.1ms
[2024-04-24T06:42:31.293+0000][gc,heap     ] GC(476) Eden regions: 611->0(611)
[2024-04-24T06:42:31.293+0000][gc,heap     ] GC(476) Survivor regions: 3->3(77)
[2024-04-24T06:42:31.293+0000][gc,heap     ] GC(476) Old regions: 75->75
[2024-04-24T06:42:31.293+0000][gc,heap     ] GC(476) Archive regions: 2->2
[2024-04-24T06:42:31.293+0000][gc,heap     ] GC(476) Humongous regions: 129->129
[2024-04-24T06:42:31.293+0000][gc,metaspace] GC(476) Metaspace: 43572K(44224K)->43572K(44224K) NonClass: 38515K(38912K)->38515K(38912K) Class: 5056K(5312K)->5056K(5312K)
[2024-04-24T06:42:31.293+0000][gc          ] GC(476) Pause Young (Normal) (G1 Evacuation Pause) 817M->206M(1024M) 3.192ms
[2024-04-24T06:42:31.293+0000][gc,cpu      ] GC(476) User=0.02s Sys=0.00s Real=0.01s
[2024-04-24T06:42:32.367+0000][gc,start    ] GC(477) Pause Young (Normal) (G1 Evacuation Pause)
[2024-04-24T06:42:32.367+0000][gc,task     ] GC(477) Using 8 workers of 8 for evacuation
[2024-04-24T06:42:32.370+0000][gc,phases   ] GC(477)   Pre Evacuate Collection Set: 0.1ms
[2024-04-24T06:42:32.370+0000][gc,phases   ] GC(477)   Merge Heap Roots: 0.1ms
[2024-04-24T06:42:32.370+0000][gc,phases   ] GC(477)   Evacuate Collection Set: 2.2ms
[2024-04-24T06:42:32.370+0000][gc,phases   ] GC(477)   Post Evacuate Collection Set: 0.4ms
[2024-04-24T06:42:32.370+0000][gc,phases   ] GC(477)   Other: 0.1ms
[2024-04-24T06:42:32.370+0000][gc,heap     ] GC(477) Eden regions: 611->0(611)
[2024-04-24T06:42:32.370+0000][gc,heap     ] GC(477) Survivor regions: 3->3(77)
[2024-04-24T06:42:32.370+0000][gc,heap     ] GC(477) Old regions: 75->75
[2024-04-24T06:42:32.370+0000][gc,heap     ] GC(477) Archive regions: 2->2
[2024-04-24T06:42:32.370+0000][gc,heap     ] GC(477) Humongous regions: 129->129
[2024-04-24T06:42:32.370+0000][gc,metaspace] GC(477) Metaspace: 43572K(44224K)->43572K(44224K) NonClass: 38515K(38912K)->38515K(38912K) Class: 5056K(5312K)->5056K(5312K)
[2024-04-24T06:42:32.370+0000][gc          ] GC(477) Pause Young (Normal) (G1 Evacuation Pause) 817M->207M(1024M) 2.986ms
[2024-04-24T06:42:32.370+0000][gc,cpu      ] GC(477) User=0.02s Sys=0.00s Real=0.00s
[2024-04-24T06:42:33.386+0000][gc,start    ] GC(478) Pause Young (Normal) (G1 Evacuation Pause)
[2024-04-24T06:42:33.386+0000][gc,task     ] GC(478) Using 8 workers of 8 for evacuation
[2024-04-24T06:42:33.389+0000][gc,phases   ] GC(478)   Pre Evacuate Collection Set: 0.1ms
[2024-04-24T06:42:33.389+0000][gc,phases   ] GC(478)   Merge Heap Roots: 0.1ms
[2024-04-24T06:42:33.389+0000][gc,phases   ] GC(478)   Evacuate Collection Set: 2.3ms
[2024-04-24T06:42:33.389+0000][gc,phases   ] GC(478)   Post Evacuate Collection Set: 0.4ms
[2024-04-24T06:42:33.389+0000][gc,phases   ] GC(478)   Other: 0.1ms
[2024-04-24T06:42:33.389+0000][gc,heap     ] GC(478) Eden regions: 611->0(611)
[2024-04-24T06:42:33.389+0000][gc,heap     ] GC(478) Survivor regions: 3->3(77)
[2024-04-24T06:42:33.389+0000][gc,heap     ] GC(478) Old regions: 75->75
[2024-04-24T06:42:33.389+0000][gc,heap     ] GC(478) Archive regions: 2->2
[2024-04-24T06:42:33.389+0000][gc,heap     ] GC(478) Humongous regions: 129->129
[2024-04-24T06:42:33.389+0000][gc,metaspace] GC(478) Metaspace: 43572K(44224K)->43572K(44224K) NonClass: 38515K(38912K)->38515K(38912K) Class: 5056K(5312K)->5056K(5312K)
[2024-04-24T06:42:33.389+0000][gc          ] GC(478) Pause Young (Normal) (G1 Evacuation Pause) 818M->207M(1024M) 3.027ms
[2024-04-24T06:42:33.389+0000][gc,cpu      ] GC(478) User=0.02s Sys=0.00s Real=0.00s
[2024-04-24T06:42:34.427+0000][gc,start    ] GC(479) Pause Young (Normal) (G1 Evacuation Pause)
[2024-04-24T06:42:34.427+0000][gc,task     ] GC(479) Using 8 workers of 8 for evacuation
[2024-04-24T06:42:34.430+0000][gc,phases   ] GC(479)   Pre Evacuate Collection Set: 0.1ms
[2024-04-24T06:42:34.430+0000][gc,phases   ] GC(479)   Merge Heap Roots: 0.1ms
[2024-04-24T06:42:34.430+0000][gc,phases   ] GC(479)   Evacuate Collection Set: 2.2ms
[2024-04-24T06:42:34.430+0000][gc,phases   ] GC(479)   Post Evacuate Collection Set: 0.4ms
[2024-04-24T06:42:34.430+0000][gc,phases   ] GC(479)   Other: 0.1ms
[2024-04-24T06:42:34.430+0000][gc,heap     ] GC(479) Eden regions: 611->0(611)
[2024-04-24T06:42:34.430+0000][gc,heap     ] GC(479) Survivor regions: 3->3(77)
[2024-04-24T06:42:34.430+0000][gc,heap     ] GC(479) Old regions: 75->76
[2024-04-24T06:42:34.430+0000][gc,heap     ] GC(479) Archive regions: 2->2
[2024-04-24T06:42:34.430+0000][gc,heap     ] GC(479) Humongous regions: 129->129
[2024-04-24T06:42:34.431+0000][gc,metaspace] GC(479) Metaspace: 43572K(44224K)->43572K(44224K) NonClass: 38515K(38912K)->38515K(38912K) Class: 5056K(5312K)->5056K(5312K)
[2024-04-24T06:42:34.431+0000][gc          ] GC(479) Pause Young (Normal) (G1 Evacuation Pause) 818M->207M(1024M) 3.049ms
[2024-04-24T06:42:34.431+0000][gc,cpu      ] GC(479) User=0.02s Sys=0.00s Real=0.00s
[2024-04-24T06:42:35.450+0000][gc,start    ] GC(480) Pause Young (Normal) (G1 Evacuation Pause)
[2024-04-24T06:42:35.450+0000][gc,task     ] GC(480) Using 8 workers of 8 for evacuation
[2024-04-24T06:42:35.453+0000][gc,phases   ] GC(480)   Pre Evacuate Collection Set: 0.1ms
[2024-04-24T06:42:35.453+0000][gc,phases   ] GC(480)   Merge Heap Roots: 0.1ms
[2024-04-24T06:42:35.453+0000][gc,phases   ] GC(480)   Evacuate Collection Set: 2.3ms
[2024-04-24T06:42:35.453+0000][gc,phases   ] GC(480)   Post Evacuate Collection Set: 0.4ms
[2024-04-24T06:42:35.453+0000][gc,phases   ] GC(480)   Other: 0.1ms
[2024-04-24T06:42:35.453+0000][gc,heap     ] GC(480) Eden regions: 611->0(611)
[2024-04-24T06:42:35.453+0000][gc,heap     ] GC(480) Survivor regions: 3->3(77)
[2024-04-24T06:42:35.453+0000][gc,heap     ] GC(480) Old regions: 76->76
[2024-04-24T06:42:35.453+0000][gc,heap     ] GC(480) Archive regions: 2->2
[2024-04-24T06:42:35.453+0000][gc,heap     ] GC(480) Humongous regions: 129->129
[2024-04-24T06:42:35.453+0000][gc,metaspace] GC(480) Metaspace: 43572K(44224K)->43572K(44224K) NonClass: 38515K(38912K)->38515K(38912K) Class: 5056K(5312K)->5056K(5312K)
[2024-04-24T06:42:35.453+0000][gc          ] GC(480) Pause Young (Normal) (G1 Evacuation Pause) 818M->207M(1024M) 3.066ms
[2024-04-24T06:42:35.453+0000][gc,cpu      ] GC(480) User=0.02s Sys=0.00s Real=0.01s
[2024-04-24T06:42:36.448+0000][gc,start    ] GC(481) Pause Young (Normal) (G1 Evacuation Pause)
[2024-04-24T06:42:36.448+0000][gc,task     ] GC(481) Using 8 workers of 8 for evacuation
[2024-04-24T06:42:36.451+0000][gc,phases   ] GC(481)   Pre Evacuate Collection Set: 0.1ms
[2024-04-24T06:42:36.451+0000][gc,phases   ] GC(481)   Merge Heap Roots: 0.1ms
[2024-04-24T06:42:36.451+0000][gc,phases   ] GC(481)   Evacuate Collection Set: 2.2ms
[2024-04-24T06:42:36.451+0000][gc,phases   ] GC(481)   Post Evacuate Collection Set: 0.5ms
[2024-04-24T06:42:36.451+0000][gc,phases   ] GC(481)   Other: 0.1ms
[2024-04-24T06:42:36.451+0000][gc,heap     ] GC(481) Eden regions: 611->0(612)
[2024-04-24T06:42:36.451+0000][gc,heap     ] GC(481) Survivor regions: 3->2(77)
[2024-04-24T06:42:36.451+0000][gc,heap     ] GC(481) Old regions: 76->76
[2024-04-24T06:42:36.451+0000][gc,heap     ] GC(481) Archive regions: 2->2
[2024-04-24T06:42:36.451+0000][gc,heap     ] GC(481) Humongous regions: 129->129
[2024-04-24T06:42:36.451+0000][gc,metaspace] GC(481) Metaspace: 43572K(44224K)->43572K(44224K) NonClass: 38515K(38912K)->38515K(38912K) Class: 5056K(5312K)->5056K(5312K)
[2024-04-24T06:42:36.451+0000][gc          ] GC(481) Pause Young (Normal) (G1 Evacuation Pause) 818M->207M(1024M) 3.005ms
[2024-04-24T06:42:36.451+0000][gc,cpu      ] GC(481) User=0.01s Sys=0.00s Real=0.00s
[2024-04-24T06:42:37.553+0000][gc,start    ] GC(482) Pause Young (Normal) (G1 Evacuation Pause)
[2024-04-24T06:42:37.553+0000][gc,task     ] GC(482) Using 8 workers of 8 for evacuation
[2024-04-24T06:42:37.556+0000][gc,phases   ] GC(482)   Pre Evacuate Collection Set: 0.1ms
[2024-04-24T06:42:37.556+0000][gc,phases   ] GC(482)   Merge Heap Roots: 0.1ms
[2024-04-24T06:42:37.556+0000][gc,phases   ] GC(482)   Evacuate Collection Set: 2.2ms
[2024-04-24T06:42:37.556+0000][gc,phases   ] GC(482)   Post Evacuate Collection Set: 0.4ms
[2024-04-24T06:42:37.556+0000][gc,phases   ] GC(482)   Other: 0.1ms
[2024-04-24T06:42:37.556+0000][gc,heap     ] GC(482) Eden regions: 612->0(612)
[2024-04-24T06:42:37.556+0000][gc,heap     ] GC(482) Survivor regions: 2->2(77)
[2024-04-24T06:42:37.556+0000][gc,heap     ] GC(482) Old regions: 76->76
[2024-04-24T06:42:37.556+0000][gc,heap     ] GC(482) Archive regions: 2->2
[2024-04-24T06:42:37.556+0000][gc,heap     ] GC(482) Humongous regions: 129->129
[2024-04-24T06:42:37.556+0000][gc,metaspace] GC(482) Metaspace: 43572K(44224K)->43572K(44224K) NonClass: 38515K(38912K)->38515K(38912K) Class: 5056K(5312K)->5056K(5312K)
[2024-04-24T06:42:37.556+0000][gc          ] GC(482) Pause Young (Normal) (G1 Evacuation Pause) 819M->207M(1024M) 3.024ms
[2024-04-24T06:42:37.556+0000][gc,cpu      ] GC(482) User=0.02s Sys=0.00s Real=0.00s
[2024-04-24T06:42:38.574+0000][gc,start    ] GC(483) Pause Young (Normal) (G1 Evacuation Pause)
[2024-04-24T06:42:38.574+0000][gc,task     ] GC(483) Using 8 workers of 8 for evacuation
[2024-04-24T06:42:38.577+0000][gc,phases   ] GC(483)   Pre Evacuate Collection Set: 0.1ms
[2024-04-24T06:42:38.577+0000][gc,phases   ] GC(483)   Merge Heap Roots: 0.1ms
[2024-04-24T06:42:38.577+0000][gc,phases   ] GC(483)   Evacuate Collection Set: 2.3ms
[2024-04-24T06:42:38.577+0000][gc,phases   ] GC(483)   Post Evacuate Collection Set: 0.4ms
[2024-04-24T06:42:38.577+0000][gc,phases   ] GC(483)   Other: 0.1ms
[2024-04-24T06:42:38.577+0000][gc,heap     ] GC(483) Eden regions: 612->0(612)
[2024-04-24T06:42:38.577+0000][gc,heap     ] GC(483) Survivor regions: 2->2(77)
[2024-04-24T06:42:38.577+0000][gc,heap     ] GC(483) Old regions: 76->76
[2024-04-24T06:42:38.577+0000][gc,heap     ] GC(483) Archive regions: 2->2
[2024-04-24T06:42:38.577+0000][gc,heap     ] GC(483) Humongous regions: 129->129
[2024-04-24T06:42:38.577+0000][gc,metaspace] GC(483) Metaspace: 43572K(44224K)->43572K(44224K) NonClass: 38515K(38912K)->38515K(38912K) Class: 5056K(5312K)->5056K(5312K)
[2024-04-24T06:42:38.577+0000][gc          ] GC(483) Pause Young (Normal) (G1 Evacuation Pause) 819M->207M(1024M) 3.069ms
[2024-04-24T06:42:38.577+0000][gc,cpu      ] GC(483) User=0.01s Sys=0.00s Real=0.00s
[2024-04-24T06:42:39.596+0000][gc,start    ] GC(484) Pause Young (Normal) (G1 Evacuation Pause)
[2024-04-24T06:42:39.596+0000][gc,task     ] GC(484) Using 8 workers of 8 for evacuation
[2024-04-24T06:42:39.599+0000][gc,phases   ] GC(484)   Pre Evacuate Collection Set: 0.1ms
[2024-04-24T06:42:39.599+0000][gc,phases   ] GC(484)   Merge Heap Roots: 0.1ms
[2024-04-24T06:42:39.599+0000][gc,phases   ] GC(484)   Evacuate Collection Set: 2.0ms
[2024-04-24T06:42:39.599+0000][gc,phases   ] GC(484)   Post Evacuate Collection Set: 0.4ms
[2024-04-24T06:42:39.599+0000][gc,phases   ] GC(484)   Other: 0.1ms
[2024-04-24T06:42:39.599+0000][gc,heap     ] GC(484) Eden regions: 612->0(612)
[2024-04-24T06:42:39.599+0000][gc,heap     ] GC(484) Survivor regions: 2->2(77)
[2024-04-24T06:42:39.599+0000][gc,heap     ] GC(484) Old regions: 76->76
[2024-04-24T06:42:39.599+0000][gc,heap     ] GC(484) Archive regions: 2->2
[2024-04-24T06:42:39.599+0000][gc,heap     ] GC(484) Humongous regions: 129->129
[2024-04-24T06:42:39.599+0000][gc,metaspace] GC(484) Metaspace: 43582K(44224K)->43582K(44224K) NonClass: 38526K(38912K)->38526K(38912K) Class: 5056K(5312K)->5056K(5312K)
[2024-04-24T06:42:39.599+0000][gc          ] GC(484) Pause Young (Normal) (G1 Evacuation Pause) 819M->207M(1024M) 2.805ms
[2024-04-24T06:42:39.599+0000][gc,cpu      ] GC(484) User=0.01s Sys=0.01s Real=0.00s
[2024-04-24T06:42:40.630+0000][gc,start    ] GC(485) Pause Young (Normal) (G1 Evacuation Pause)
[2024-04-24T06:42:40.630+0000][gc,task     ] GC(485) Using 8 workers of 8 for evacuation
[2024-04-24T06:42:40.633+0000][gc,phases   ] GC(485)   Pre Evacuate Collection Set: 0.1ms
[2024-04-24T06:42:40.633+0000][gc,phases   ] GC(485)   Merge Heap Roots: 0.1ms
[2024-04-24T06:42:40.633+0000][gc,phases   ] GC(485)   Evacuate Collection Set: 2.1ms
[2024-04-24T06:42:40.633+0000][gc,phases   ] GC(485)   Post Evacuate Collection Set: 0.4ms
[2024-04-24T06:42:40.633+0000][gc,phases   ] GC(485)   Other: 0.1ms
[2024-04-24T06:42:40.633+0000][gc,heap     ] GC(485) Eden regions: 612->0(612)
[2024-04-24T06:42:40.633+0000][gc,heap     ] GC(485) Survivor regions: 2->2(77)
[2024-04-24T06:42:40.633+0000][gc,heap     ] GC(485) Old regions: 76->77
[2024-04-24T06:42:40.633+0000][gc,heap     ] GC(485) Archive regions: 2->2
[2024-04-24T06:42:40.633+0000][gc,heap     ] GC(485) Humongous regions: 129->129
[2024-04-24T06:42:40.633+0000][gc,metaspace] GC(485) Metaspace: 43583K(44224K)->43583K(44224K) NonClass: 38526K(38912K)->38526K(38912K) Class: 5056K(5312K)->5056K(5312K)
[2024-04-24T06:42:40.633+0000][gc          ] GC(485) Pause Young (Normal) (G1 Evacuation Pause) 819M->207M(1024M) 2.857ms
[2024-04-24T06:42:40.633+0000][gc,cpu      ] GC(485) User=0.02s Sys=0.00s Real=0.01s
[2024-04-24T06:42:41.662+0000][gc,start    ] GC(486) Pause Young (Normal) (G1 Evacuation Pause)
[2024-04-24T06:42:41.662+0000][gc,task     ] GC(486) Using 8 workers of 8 for evacuation
[2024-04-24T06:42:41.665+0000][gc,phases   ] GC(486)   Pre Evacuate Collection Set: 0.1ms
[2024-04-24T06:42:41.665+0000][gc,phases   ] GC(486)   Merge Heap Roots: 0.1ms
[2024-04-24T06:42:41.665+0000][gc,phases   ] GC(486)   Evacuate Collection Set: 1.9ms
[2024-04-24T06:42:41.665+0000][gc,phases   ] GC(486)   Post Evacuate Collection Set: 0.4ms
[2024-04-24T06:42:41.665+0000][gc,phases   ] GC(486)   Other: 0.1ms
[2024-04-24T06:42:41.665+0000][gc,heap     ] GC(486) Eden regions: 612->0(612)
[2024-04-24T06:42:41.665+0000][gc,heap     ] GC(486) Survivor regions: 2->2(77)
[2024-04-24T06:42:41.665+0000][gc,heap     ] GC(486) Old regions: 77->77
[2024-04-24T06:42:41.665+0000][gc,heap     ] GC(486) Archive regions: 2->2
[2024-04-24T06:42:41.665+0000][gc,heap     ] GC(486) Humongous regions: 129->129
[2024-04-24T06:42:41.665+0000][gc,metaspace] GC(486) Metaspace: 43583K(44224K)->43583K(44224K) NonClass: 38526K(38912K)->38526K(38912K) Class: 5056K(5312K)->5056K(5312K)
[2024-04-24T06:42:41.665+0000][gc          ] GC(486) Pause Young (Normal) (G1 Evacuation Pause) 819M->207M(1024M) 2.697ms
[2024-04-24T06:42:41.665+0000][gc,cpu      ] GC(486) User=0.02s Sys=0.00s Real=0.01s
[2024-04-24T06:42:42.674+0000][gc,start    ] GC(487) Pause Young (Normal) (G1 Evacuation Pause)
[2024-04-24T06:42:42.674+0000][gc,task     ] GC(487) Using 8 workers of 8 for evacuation
[2024-04-24T06:42:42.676+0000][gc,phases   ] GC(487)   Pre Evacuate Collection Set: 0.1ms
[2024-04-24T06:42:42.676+0000][gc,phases   ] GC(487)   Merge Heap Roots: 0.1ms
[2024-04-24T06:42:42.676+0000][gc,phases   ] GC(487)   Evacuate Collection Set: 1.8ms
[2024-04-24T06:42:42.676+0000][gc,phases   ] GC(487)   Post Evacuate Collection Set: 0.4ms
[2024-04-24T06:42:42.676+0000][gc,phases   ] GC(487)   Other: 0.1ms
[2024-04-24T06:42:42.676+0000][gc,heap     ] GC(487) Eden regions: 612->0(612)
[2024-04-24T06:42:42.676+0000][gc,heap     ] GC(487) Survivor regions: 2->2(77)
[2024-04-24T06:42:42.676+0000][gc,heap     ] GC(487) Old regions: 77->77
[2024-04-24T06:42:42.676+0000][gc,heap     ] GC(487) Archive regions: 2->2
[2024-04-24T06:42:42.676+0000][gc,heap     ] GC(487) Humongous regions: 129->129
[2024-04-24T06:42:42.676+0000][gc,metaspace] GC(487) Metaspace: 43583K(44224K)->43583K(44224K) NonClass: 38526K(38912K)->38526K(38912K) Class: 5056K(5312K)->5056K(5312K)
[2024-04-24T06:42:42.676+0000][gc          ] GC(487) Pause Young (Normal) (G1 Evacuation Pause) 819M->208M(1024M) 2.554ms
[2024-04-24T06:42:42.676+0000][gc,cpu      ] GC(487) User=0.02s Sys=0.00s Real=0.00s
[2024-04-24T06:42:43.691+0000][gc,start    ] GC(488) Pause Young (Normal) (G1 Evacuation Pause)
[2024-04-24T06:42:43.691+0000][gc,task     ] GC(488) Using 8 workers of 8 for evacuation
[2024-04-24T06:42:43.693+0000][gc,phases   ] GC(488)   Pre Evacuate Collection Set: 0.1ms
[2024-04-24T06:42:43.693+0000][gc,phases   ] GC(488)   Merge Heap Roots: 0.1ms
[2024-04-24T06:42:43.693+0000][gc,phases   ] GC(488)   Evacuate Collection Set: 2.0ms
[2024-04-24T06:42:43.693+0000][gc,phases   ] GC(488)   Post Evacuate Collection Set: 0.4ms
[2024-04-24T06:42:43.693+0000][gc,phases   ] GC(488)   Other: 0.1ms
[2024-04-24T06:42:43.693+0000][gc,heap     ] GC(488) Eden regions: 612->0(612)
[2024-04-24T06:42:43.693+0000][gc,heap     ] GC(488) Survivor regions: 2->2(77)
[2024-04-24T06:42:43.693+0000][gc,heap     ] GC(488) Old regions: 77->77
[2024-04-24T06:42:43.693+0000][gc,heap     ] GC(488) Archive regions: 2->2
[2024-04-24T06:42:43.693+0000][gc,heap     ] GC(488) Humongous regions: 129->129
[2024-04-24T06:42:43.693+0000][gc,metaspace] GC(488) Metaspace: 43583K(44224K)->43583K(44224K) NonClass: 38526K(38912K)->38526K(38912K) Class: 5056K(5312K)->5056K(5312K)
[2024-04-24T06:42:43.693+0000][gc          ] GC(488) Pause Young (Normal) (G1 Evacuation Pause) 820M->208M(1024M) 2.761ms
[2024-04-24T06:42:43.693+0000][gc,cpu      ] GC(488) User=0.01s Sys=0.00s Real=0.01s
[2024-04-24T06:42:44.708+0000][gc,start    ] GC(489) Pause Young (Normal) (G1 Evacuation Pause)
[2024-04-24T06:42:44.708+0000][gc,task     ] GC(489) Using 8 workers of 8 for evacuation
[2024-04-24T06:42:44.710+0000][gc,phases   ] GC(489)   Pre Evacuate Collection Set: 0.1ms
[2024-04-24T06:42:44.710+0000][gc,phases   ] GC(489)   Merge Heap Roots: 0.1ms
[2024-04-24T06:42:44.710+0000][gc,phases   ] GC(489)   Evacuate Collection Set: 1.9ms
[2024-04-24T06:42:44.710+0000][gc,phases   ] GC(489)   Post Evacuate Collection Set: 0.4ms
[2024-04-24T06:42:44.710+0000][gc,phases   ] GC(489)   Other: 0.1ms
[2024-04-24T06:42:44.710+0000][gc,heap     ] GC(489) Eden regions: 612->0(612)
[2024-04-24T06:42:44.710+0000][gc,heap     ] GC(489) Survivor regions: 2->2(77)
[2024-04-24T06:42:44.710+0000][gc,heap     ] GC(489) Old regions: 77->77
[2024-04-24T06:42:44.710+0000][gc,heap     ] GC(489) Archive regions: 2->2
[2024-04-24T06:42:44.710+0000][gc,heap     ] GC(489) Humongous regions: 129->129
[2024-04-24T06:42:44.710+0000][gc,metaspace] GC(489) Metaspace: 43583K(44224K)->43583K(44224K) NonClass: 38526K(38912K)->38526K(38912K) Class: 5056K(5312K)->5056K(5312K)
[2024-04-24T06:42:44.710+0000][gc          ] GC(489) Pause Young (Normal) (G1 Evacuation Pause) 820M->208M(1024M) 2.665ms
[2024-04-24T06:42:44.710+0000][gc,cpu      ] GC(489) User=0.02s Sys=0.00s Real=0.00s
[2024-04-24T06:42:45.713+0000][gc,start    ] GC(490) Pause Young (Normal) (G1 Evacuation Pause)
[2024-04-24T06:42:45.713+0000][gc,task     ] GC(490) Using 8 workers of 8 for evacuation
[2024-04-24T06:42:45.715+0000][gc,phases   ] GC(490)   Pre Evacuate Collection Set: 0.1ms
[2024-04-24T06:42:45.715+0000][gc,phases   ] GC(490)   Merge Heap Roots: 0.1ms
[2024-04-24T06:42:45.715+0000][gc,phases   ] GC(490)   Evacuate Collection Set: 1.9ms
[2024-04-24T06:42:45.715+0000][gc,phases   ] GC(490)   Post Evacuate Collection Set: 0.4ms
[2024-04-24T06:42:45.715+0000][gc,phases   ] GC(490)   Other: 0.1ms
[2024-04-24T06:42:45.715+0000][gc,heap     ] GC(490) Eden regions: 612->0(612)
[2024-04-24T06:42:45.715+0000][gc,heap     ] GC(490) Survivor regions: 2->2(77)
[2024-04-24T06:42:45.715+0000][gc,heap     ] GC(490) Old regions: 77->77
[2024-04-24T06:42:45.715+0000][gc,heap     ] GC(490) Archive regions: 2->2
[2024-04-24T06:42:45.715+0000][gc,heap     ] GC(490) Humongous regions: 129->129
[2024-04-24T06:42:45.715+0000][gc,metaspace] GC(490) Metaspace: 43584K(44224K)->43584K(44224K) NonClass: 38527K(38912K)->38527K(38912K) Class: 5056K(5312K)->5056K(5312K)
[2024-04-24T06:42:45.715+0000][gc          ] GC(490) Pause Young (Normal) (G1 Evacuation Pause) 820M->208M(1024M) 2.672ms
[2024-04-24T06:42:45.715+0000][gc,cpu      ] GC(490) User=0.01s Sys=0.00s Real=0.00s
[2024-04-24T06:42:46.735+0000][gc,start    ] GC(491) Pause Young (Normal) (G1 Evacuation Pause)
[2024-04-24T06:42:46.735+0000][gc,task     ] GC(491) Using 8 workers of 8 for evacuation
[2024-04-24T06:42:46.738+0000][gc,phases   ] GC(491)   Pre Evacuate Collection Set: 0.1ms
[2024-04-24T06:42:46.738+0000][gc,phases   ] GC(491)   Merge Heap Roots: 0.1ms
[2024-04-24T06:42:46.738+0000][gc,phases   ] GC(491)   Evacuate Collection Set: 1.8ms
[2024-04-24T06:42:46.738+0000][gc,phases   ] GC(491)   Post Evacuate Collection Set: 0.4ms
[2024-04-24T06:42:46.738+0000][gc,phases   ] GC(491)   Other: 0.1ms
[2024-04-24T06:42:46.738+0000][gc,heap     ] GC(491) Eden regions: 612->0(612)
[2024-04-24T06:42:46.738+0000][gc,heap     ] GC(491) Survivor regions: 2->2(77)
[2024-04-24T06:42:46.738+0000][gc,heap     ] GC(491) Old regions: 77->77
[2024-04-24T06:42:46.738+0000][gc,heap     ] GC(491) Archive regions: 2->2
[2024-04-24T06:42:46.738+0000][gc,heap     ] GC(491) Humongous regions: 129->129
[2024-04-24T06:42:46.738+0000][gc,metaspace] GC(491) Metaspace: 43585K(44224K)->43585K(44224K) NonClass: 38528K(38912K)->38528K(38912K) Class: 5056K(5312K)->5056K(5312K)
[2024-04-24T06:42:46.738+0000][gc          ] GC(491) Pause Young (Normal) (G1 Evacuation Pause) 820M->208M(1024M) 2.550ms
[2024-04-24T06:42:46.738+0000][gc,cpu      ] GC(491) User=0.01s Sys=0.00s Real=0.00s
[2024-04-24T06:42:47.802+0000][gc,start    ] GC(492) Pause Young (Normal) (G1 Evacuation Pause)
[2024-04-24T06:42:47.802+0000][gc,task     ] GC(492) Using 8 workers of 8 for evacuation
[2024-04-24T06:42:47.805+0000][gc,phases   ] GC(492)   Pre Evacuate Collection Set: 0.1ms
[2024-04-24T06:42:47.805+0000][gc,phases   ] GC(492)   Merge Heap Roots: 0.1ms
[2024-04-24T06:42:47.805+0000][gc,phases   ] GC(492)   Evacuate Collection Set: 1.8ms
[2024-04-24T06:42:47.805+0000][gc,phases   ] GC(492)   Post Evacuate Collection Set: 0.4ms
[2024-04-24T06:42:47.805+0000][gc,phases   ] GC(492)   Other: 0.1ms
[2024-04-24T06:42:47.805+0000][gc,heap     ] GC(492) Eden regions: 612->0(612)
[2024-04-24T06:42:47.805+0000][gc,heap     ] GC(492) Survivor regions: 2->2(77)
[2024-04-24T06:42:47.805+0000][gc,heap     ] GC(492) Old regions: 77->78
[2024-04-24T06:42:47.805+0000][gc,heap     ] GC(492) Archive regions: 2->2
[2024-04-24T06:42:47.805+0000][gc,heap     ] GC(492) Humongous regions: 129->129
[2024-04-24T06:42:47.805+0000][gc,metaspace] GC(492) Metaspace: 43585K(44224K)->43585K(44224K) NonClass: 38528K(38912K)->38528K(38912K) Class: 5056K(5312K)->5056K(5312K)
[2024-04-24T06:42:47.805+0000][gc          ] GC(492) Pause Young (Normal) (G1 Evacuation Pause) 820M->208M(1024M) 2.523ms
[2024-04-24T06:42:47.805+0000][gc,cpu      ] GC(492) User=0.01s Sys=0.00s Real=0.01s
[2024-04-24T06:42:48.832+0000][gc,start    ] GC(493) Pause Young (Normal) (G1 Evacuation Pause)
[2024-04-24T06:42:48.832+0000][gc,task     ] GC(493) Using 8 workers of 8 for evacuation
[2024-04-24T06:42:48.835+0000][gc,phases   ] GC(493)   Pre Evacuate Collection Set: 0.1ms
[2024-04-24T06:42:48.835+0000][gc,phases   ] GC(493)   Merge Heap Roots: 0.1ms
[2024-04-24T06:42:48.835+0000][gc,phases   ] GC(493)   Evacuate Collection Set: 1.9ms
[2024-04-24T06:42:48.835+0000][gc,phases   ] GC(493)   Post Evacuate Collection Set: 0.5ms
[2024-04-24T06:42:48.835+0000][gc,phases   ] GC(493)   Other: 0.1ms
[2024-04-24T06:42:48.835+0000][gc,heap     ] GC(493) Eden regions: 612->0(612)
[2024-04-24T06:42:48.835+0000][gc,heap     ] GC(493) Survivor regions: 2->2(77)
[2024-04-24T06:42:48.835+0000][gc,heap     ] GC(493) Old regions: 78->78
[2024-04-24T06:42:48.835+0000][gc,heap     ] GC(493) Archive regions: 2->2
[2024-04-24T06:42:48.835+0000][gc,heap     ] GC(493) Humongous regions: 129->129
[2024-04-24T06:42:48.835+0000][gc,metaspace] GC(493) Metaspace: 43585K(44224K)->43585K(44224K) NonClass: 38528K(38912K)->38528K(38912K) Class: 5056K(5312K)->5056K(5312K)
[2024-04-24T06:42:48.835+0000][gc          ] GC(493) Pause Young (Normal) (G1 Evacuation Pause) 820M->208M(1024M) 2.807ms
[2024-04-24T06:42:48.835+0000][gc,cpu      ] GC(493) User=0.00s Sys=0.00s Real=0.00s
[2024-04-24T06:42:49.843+0000][gc,start    ] GC(494) Pause Young (Normal) (G1 Evacuation Pause)
[2024-04-24T06:42:49.843+0000][gc,task     ] GC(494) Using 8 workers of 8 for evacuation
[2024-04-24T06:42:49.845+0000][gc,phases   ] GC(494)   Pre Evacuate Collection Set: 0.1ms
[2024-04-24T06:42:49.845+0000][gc,phases   ] GC(494)   Merge Heap Roots: 0.1ms
[2024-04-24T06:42:49.845+0000][gc,phases   ] GC(494)   Evacuate Collection Set: 1.7ms
[2024-04-24T06:42:49.845+0000][gc,phases   ] GC(494)   Post Evacuate Collection Set: 0.4ms
[2024-04-24T06:42:49.845+0000][gc,phases   ] GC(494)   Other: 0.1ms
[2024-04-24T06:42:49.845+0000][gc,heap     ] GC(494) Eden regions: 612->0(612)
[2024-04-24T06:42:49.845+0000][gc,heap     ] GC(494) Survivor regions: 2->2(77)
[2024-04-24T06:42:49.845+0000][gc,heap     ] GC(494) Old regions: 78->78
[2024-04-24T06:42:49.845+0000][gc,heap     ] GC(494) Archive regions: 2->2
[2024-04-24T06:42:49.845+0000][gc,heap     ] GC(494) Humongous regions: 129->129
[2024-04-24T06:42:49.845+0000][gc,metaspace] GC(494) Metaspace: 43585K(44224K)->43585K(44224K) NonClass: 38528K(38912K)->38528K(38912K) Class: 5056K(5312K)->5056K(5312K)
[2024-04-24T06:42:49.845+0000][gc          ] GC(494) Pause Young (Normal) (G1 Evacuation Pause) 820M->208M(1024M) 2.559ms
[2024-04-24T06:42:49.845+0000][gc,cpu      ] GC(494) User=0.01s Sys=0.00s Real=0.01s
[2024-04-24T06:42:50.842+0000][gc,start    ] GC(495) Pause Young (Normal) (G1 Evacuation Pause)
[2024-04-24T06:42:50.842+0000][gc,task     ] GC(495) Using 8 workers of 8 for evacuation
[2024-04-24T06:42:50.845+0000][gc,phases   ] GC(495)   Pre Evacuate Collection Set: 0.1ms
[2024-04-24T06:42:50.845+0000][gc,phases   ] GC(495)   Merge Heap Roots: 0.1ms
[2024-04-24T06:42:50.845+0000][gc,phases   ] GC(495)   Evacuate Collection Set: 1.6ms
[2024-04-24T06:42:50.845+0000][gc,phases   ] GC(495)   Post Evacuate Collection Set: 0.4ms
[2024-04-24T06:42:50.845+0000][gc,phases   ] GC(495)   Other: 0.1ms
[2024-04-24T06:42:50.845+0000][gc,heap     ] GC(495) Eden regions: 612->0(612)
[2024-04-24T06:42:50.845+0000][gc,heap     ] GC(495) Survivor regions: 2->2(77)
[2024-04-24T06:42:50.845+0000][gc,heap     ] GC(495) Old regions: 78->78
[2024-04-24T06:42:50.845+0000][gc,heap     ] GC(495) Archive regions: 2->2
[2024-04-24T06:42:50.845+0000][gc,heap     ] GC(495) Humongous regions: 129->129
[2024-04-24T06:42:50.845+0000][gc,metaspace] GC(495) Metaspace: 43585K(44224K)->43585K(44224K) NonClass: 38528K(38912K)->38528K(38912K) Class: 5056K(5312K)->5056K(5312K)
[2024-04-24T06:42:50.845+0000][gc          ] GC(495) Pause Young (Normal) (G1 Evacuation Pause) 820M->208M(1024M) 2.389ms
[2024-04-24T06:42:50.845+0000][gc,cpu      ] GC(495) User=0.01s Sys=0.00s Real=0.01s
[2024-04-24T06:42:51.958+0000][gc,start    ] GC(496) Pause Young (Normal) (G1 Evacuation Pause)
[2024-04-24T06:42:51.958+0000][gc,task     ] GC(496) Using 8 workers of 8 for evacuation
[2024-04-24T06:42:51.961+0000][gc,phases   ] GC(496)   Pre Evacuate Collection Set: 0.1ms
[2024-04-24T06:42:51.961+0000][gc,phases   ] GC(496)   Merge Heap Roots: 0.1ms
[2024-04-24T06:42:51.961+0000][gc,phases   ] GC(496)   Evacuate Collection Set: 2.0ms
[2024-04-24T06:42:51.961+0000][gc,phases   ] GC(496)   Post Evacuate Collection Set: 0.4ms
[2024-04-24T06:42:51.961+0000][gc,phases   ] GC(496)   Other: 0.1ms
[2024-04-24T06:42:51.961+0000][gc,heap     ] GC(496) Eden regions: 612->0(612)
[2024-04-24T06:42:51.961+0000][gc,heap     ] GC(496) Survivor regions: 2->2(77)
[2024-04-24T06:42:51.961+0000][gc,heap     ] GC(496) Old regions: 78->78
[2024-04-24T06:42:51.961+0000][gc,heap     ] GC(496) Archive regions: 2->2
[2024-04-24T06:42:51.961+0000][gc,heap     ] GC(496) Humongous regions: 129->129
[2024-04-24T06:42:51.961+0000][gc,metaspace] GC(496) Metaspace: 43585K(44224K)->43585K(44224K) NonClass: 38528K(38912K)->38528K(38912K) Class: 5056K(5312K)->5056K(5312K)
[2024-04-24T06:42:51.961+0000][gc          ] GC(496) Pause Young (Normal) (G1 Evacuation Pause) 820M->208M(1024M) 2.807ms
[2024-04-24T06:42:51.961+0000][gc,cpu      ] GC(496) User=0.02s Sys=0.00s Real=0.00s
[2024-04-24T06:42:52.965+0000][gc,start    ] GC(497) Pause Young (Normal) (G1 Evacuation Pause)
[2024-04-24T06:42:52.965+0000][gc,task     ] GC(497) Using 8 workers of 8 for evacuation
[2024-04-24T06:42:52.968+0000][gc,phases   ] GC(497)   Pre Evacuate Collection Set: 0.1ms
[2024-04-24T06:42:52.968+0000][gc,phases   ] GC(497)   Merge Heap Roots: 0.1ms
[2024-04-24T06:42:52.968+0000][gc,phases   ] GC(497)   Evacuate Collection Set: 1.7ms
[2024-04-24T06:42:52.968+0000][gc,phases   ] GC(497)   Post Evacuate Collection Set: 0.4ms
[2024-04-24T06:42:52.968+0000][gc,phases   ] GC(497)   Other: 0.1ms
[2024-04-24T06:42:52.968+0000][gc,heap     ] GC(497) Eden regions: 612->0(612)
[2024-04-24T06:42:52.968+0000][gc,heap     ] GC(497) Survivor regions: 2->2(77)
[2024-04-24T06:42:52.968+0000][gc,heap     ] GC(497) Old regions: 78->78
[2024-04-24T06:42:52.968+0000][gc,heap     ] GC(497) Archive regions: 2->2
[2024-04-24T06:42:52.968+0000][gc,heap     ] GC(497) Humongous regions: 129->129
[2024-04-24T06:42:52.968+0000][gc,metaspace] GC(497) Metaspace: 43585K(44224K)->43585K(44224K) NonClass: 38528K(38912K)->38528K(38912K) Class: 5056K(5312K)->5056K(5312K)
[2024-04-24T06:42:52.968+0000][gc          ] GC(497) Pause Young (Normal) (G1 Evacuation Pause) 820M->208M(1024M) 2.521ms
[2024-04-24T06:42:52.968+0000][gc,cpu      ] GC(497) User=0.01s Sys=0.00s Real=0.00s
[2024-04-24T06:42:54.008+0000][gc,start    ] GC(498) Pause Young (Normal) (G1 Evacuation Pause)
[2024-04-24T06:42:54.008+0000][gc,task     ] GC(498) Using 8 workers of 8 for evacuation
[2024-04-24T06:42:54.010+0000][gc,phases   ] GC(498)   Pre Evacuate Collection Set: 0.1ms
[2024-04-24T06:42:54.010+0000][gc,phases   ] GC(498)   Merge Heap Roots: 0.1ms
[2024-04-24T06:42:54.010+0000][gc,phases   ] GC(498)   Evacuate Collection Set: 1.7ms
[2024-04-24T06:42:54.010+0000][gc,phases   ] GC(498)   Post Evacuate Collection Set: 0.4ms
[2024-04-24T06:42:54.010+0000][gc,phases   ] GC(498)   Other: 0.1ms
[2024-04-24T06:42:54.010+0000][gc,heap     ] GC(498) Eden regions: 612->0(612)
[2024-04-24T06:42:54.010+0000][gc,heap     ] GC(498) Survivor regions: 2->2(77)
[2024-04-24T06:42:54.010+0000][gc,heap     ] GC(498) Old regions: 78->78
[2024-04-24T06:42:54.010+0000][gc,heap     ] GC(498) Archive regions: 2->2
[2024-04-24T06:42:54.010+0000][gc,heap     ] GC(498) Humongous regions: 129->129
[2024-04-24T06:42:54.010+0000][gc,metaspace] GC(498) Metaspace: 43585K(44224K)->43585K(44224K) NonClass: 38528K(38912K)->38528K(38912K) Class: 5056K(5312K)->5056K(5312K)
[2024-04-24T06:42:54.011+0000][gc          ] GC(498) Pause Young (Normal) (G1 Evacuation Pause) 820M->208M(1024M) 2.439ms
[2024-04-24T06:42:54.011+0000][gc,cpu      ] GC(498) User=0.01s Sys=0.00s Real=0.00s
[2024-04-24T06:42:55.022+0000][gc,start    ] GC(499) Pause Young (Normal) (G1 Evacuation Pause)
[2024-04-24T06:42:55.022+0000][gc,task     ] GC(499) Using 8 workers of 8 for evacuation
[2024-04-24T06:42:55.024+0000][gc,phases   ] GC(499)   Pre Evacuate Collection Set: 0.1ms
[2024-04-24T06:42:55.024+0000][gc,phases   ] GC(499)   Merge Heap Roots: 0.1ms
[2024-04-24T06:42:55.024+0000][gc,phases   ] GC(499)   Evacuate Collection Set: 1.7ms
[2024-04-24T06:42:55.024+0000][gc,phases   ] GC(499)   Post Evacuate Collection Set: 0.4ms
[2024-04-24T06:42:55.024+0000][gc,phases   ] GC(499)   Other: 0.1ms
[2024-04-24T06:42:55.024+0000][gc,heap     ] GC(499) Eden regions: 612->0(612)
[2024-04-24T06:42:55.024+0000][gc,heap     ] GC(499) Survivor regions: 2->2(77)
[2024-04-24T06:42:55.024+0000][gc,heap     ] GC(499) Old regions: 78->78
[2024-04-24T06:42:55.024+0000][gc,heap     ] GC(499) Archive regions: 2->2
[2024-04-24T06:42:55.024+0000][gc,heap     ] GC(499) Humongous regions: 129->129
[2024-04-24T06:42:55.024+0000][gc,metaspace] GC(499) Metaspace: 43588K(44224K)->43588K(44224K) NonClass: 38531K(38912K)->38531K(38912K) Class: 5056K(5312K)->5056K(5312K)
[2024-04-24T06:42:55.024+0000][gc          ] GC(499) Pause Young (Normal) (G1 Evacuation Pause) 820M->209M(1024M) 2.503ms
[2024-04-24T06:42:55.024+0000][gc,cpu      ] GC(499) User=0.02s Sys=0.00s Real=0.01s
[2024-04-24T06:42:56.010+0000][gc,start    ] GC(500) Pause Young (Normal) (G1 Evacuation Pause)
[2024-04-24T06:42:56.010+0000][gc,task     ] GC(500) Using 8 workers of 8 for evacuation
[2024-04-24T06:42:56.012+0000][gc,phases   ] GC(500)   Pre Evacuate Collection Set: 0.1ms
[2024-04-24T06:42:56.012+0000][gc,phases   ] GC(500)   Merge Heap Roots: 0.1ms
[2024-04-24T06:42:56.012+0000][gc,phases   ] GC(500)   Evacuate Collection Set: 1.7ms
[2024-04-24T06:42:56.012+0000][gc,phases   ] GC(500)   Post Evacuate Collection Set: 0.6ms
[2024-04-24T06:42:56.012+0000][gc,phases   ] GC(500)   Other: 0.1ms
[2024-04-24T06:42:56.012+0000][gc,heap     ] GC(500) Eden regions: 612->0(612)
[2024-04-24T06:42:56.012+0000][gc,heap     ] GC(500) Survivor regions: 2->2(77)
[2024-04-24T06:42:56.012+0000][gc,heap     ] GC(500) Old regions: 78->78
[2024-04-24T06:42:56.012+0000][gc,heap     ] GC(500) Archive regions: 2->2
[2024-04-24T06:42:56.012+0000][gc,heap     ] GC(500) Humongous regions: 129->129
[2024-04-24T06:42:56.012+0000][gc,metaspace] GC(500) Metaspace: 43588K(44224K)->43588K(44224K) NonClass: 38531K(38912K)->38531K(38912K) Class: 5056K(5312K)->5056K(5312K)
[2024-04-24T06:42:56.012+0000][gc          ] GC(500) Pause Young (Normal) (G1 Evacuation Pause) 821M->209M(1024M) 2.637ms
[2024-04-24T06:42:56.012+0000][gc,cpu      ] GC(500) User=0.01s Sys=0.00s Real=0.01s
[2024-04-24T06:42:57.106+0000][gc,start    ] GC(501) Pause Young (Normal) (G1 Evacuation Pause)
[2024-04-24T06:42:57.106+0000][gc,task     ] GC(501) Using 8 workers of 8 for evacuation
[2024-04-24T06:42:57.108+0000][gc,phases   ] GC(501)   Pre Evacuate Collection Set: 0.1ms
[2024-04-24T06:42:57.108+0000][gc,phases   ] GC(501)   Merge Heap Roots: 0.1ms
[2024-04-24T06:42:57.108+0000][gc,phases   ] GC(501)   Evacuate Collection Set: 1.7ms
[2024-04-24T06:42:57.108+0000][gc,phases   ] GC(501)   Post Evacuate Collection Set: 0.4ms
[2024-04-24T06:42:57.108+0000][gc,phases   ] GC(501)   Other: 0.1ms
[2024-04-24T06:42:57.108+0000][gc,heap     ] GC(501) Eden regions: 612->0(612)
[2024-04-24T06:42:57.108+0000][gc,heap     ] GC(501) Survivor regions: 2->2(77)
[2024-04-24T06:42:57.108+0000][gc,heap     ] GC(501) Old regions: 78->78
[2024-04-24T06:42:57.108+0000][gc,heap     ] GC(501) Archive regions: 2->2
[2024-04-24T06:42:57.108+0000][gc,heap     ] GC(501) Humongous regions: 129->129
[2024-04-24T06:42:57.108+0000][gc,metaspace] GC(501) Metaspace: 43588K(44224K)->43588K(44224K) NonClass: 38531K(38912K)->38531K(38912K) Class: 5056K(5312K)->5056K(5312K)
[2024-04-24T06:42:57.108+0000][gc          ] GC(501) Pause Young (Normal) (G1 Evacuation Pause) 821M->209M(1024M) 2.476ms
[2024-04-24T06:42:57.108+0000][gc,cpu      ] GC(501) User=0.01s Sys=0.00s Real=0.00s
[2024-04-24T06:42:58.113+0000][gc,start    ] GC(502) Pause Young (Normal) (G1 Evacuation Pause)
[2024-04-24T06:42:58.113+0000][gc,task     ] GC(502) Using 8 workers of 8 for evacuation
[2024-04-24T06:42:58.115+0000][gc,phases   ] GC(502)   Pre Evacuate Collection Set: 0.1ms
[2024-04-24T06:42:58.115+0000][gc,phases   ] GC(502)   Merge Heap Roots: 0.1ms
[2024-04-24T06:42:58.115+0000][gc,phases   ] GC(502)   Evacuate Collection Set: 1.8ms
[2024-04-24T06:42:58.115+0000][gc,phases   ] GC(502)   Post Evacuate Collection Set: 0.4ms
[2024-04-24T06:42:58.115+0000][gc,phases   ] GC(502)   Other: 0.1ms
[2024-04-24T06:42:58.115+0000][gc,heap     ] GC(502) Eden regions: 612->0(612)
[2024-04-24T06:42:58.115+0000][gc,heap     ] GC(502) Survivor regions: 2->2(77)
[2024-04-24T06:42:58.115+0000][gc,heap     ] GC(502) Old regions: 78->79
[2024-04-24T06:42:58.115+0000][gc,heap     ] GC(502) Archive regions: 2->2
[2024-04-24T06:42:58.115+0000][gc,heap     ] GC(502) Humongous regions: 129->129
[2024-04-24T06:42:58.115+0000][gc,metaspace] GC(502) Metaspace: 43588K(44224K)->43588K(44224K) NonClass: 38531K(38912K)->38531K(38912K) Class: 5056K(5312K)->5056K(5312K)
[2024-04-24T06:42:58.115+0000][gc          ] GC(502) Pause Young (Normal) (G1 Evacuation Pause) 821M->209M(1024M) 2.562ms
[2024-04-24T06:42:58.115+0000][gc,cpu      ] GC(502) User=0.01s Sys=0.01s Real=0.00s
[2024-04-24T06:42:59.141+0000][gc,start    ] GC(503) Pause Young (Normal) (G1 Evacuation Pause)
[2024-04-24T06:42:59.141+0000][gc,task     ] GC(503) Using 8 workers of 8 for evacuation
[2024-04-24T06:42:59.143+0000][gc,phases   ] GC(503)   Pre Evacuate Collection Set: 0.1ms
[2024-04-24T06:42:59.143+0000][gc,phases   ] GC(503)   Merge Heap Roots: 0.1ms
[2024-04-24T06:42:59.143+0000][gc,phases   ] GC(503)   Evacuate Collection Set: 1.6ms
[2024-04-24T06:42:59.143+0000][gc,phases   ] GC(503)   Post Evacuate Collection Set: 0.4ms
[2024-04-24T06:42:59.143+0000][gc,phases   ] GC(503)   Other: 0.1ms
[2024-04-24T06:42:59.143+0000][gc,heap     ] GC(503) Eden regions: 612->0(612)
[2024-04-24T06:42:59.143+0000][gc,heap     ] GC(503) Survivor regions: 2->2(77)
[2024-04-24T06:42:59.143+0000][gc,heap     ] GC(503) Old regions: 79->79
[2024-04-24T06:42:59.143+0000][gc,heap     ] GC(503) Archive regions: 2->2
[2024-04-24T06:42:59.143+0000][gc,heap     ] GC(503) Humongous regions: 129->129
[2024-04-24T06:42:59.143+0000][gc,metaspace] GC(503) Metaspace: 43588K(44224K)->43588K(44224K) NonClass: 38531K(38912K)->38531K(38912K) Class: 5056K(5312K)->5056K(5312K)
[2024-04-24T06:42:59.143+0000][gc          ] GC(503) Pause Young (Normal) (G1 Evacuation Pause) 821M->209M(1024M) 2.392ms
[2024-04-24T06:42:59.143+0000][gc,cpu      ] GC(503) User=0.01s Sys=0.00s Real=0.00s
[2024-04-24T06:43:00.150+0000][gc,start    ] GC(504) Pause Young (Normal) (G1 Evacuation Pause)
[2024-04-24T06:43:00.150+0000][gc,task     ] GC(504) Using 8 workers of 8 for evacuation
[2024-04-24T06:43:00.152+0000][gc,phases   ] GC(504)   Pre Evacuate Collection Set: 0.1ms
[2024-04-24T06:43:00.152+0000][gc,phases   ] GC(504)   Merge Heap Roots: 0.1ms
[2024-04-24T06:43:00.152+0000][gc,phases   ] GC(504)   Evacuate Collection Set: 1.7ms
[2024-04-24T06:43:00.153+0000][gc,phases   ] GC(504)   Post Evacuate Collection Set: 0.5ms
[2024-04-24T06:43:00.153+0000][gc,phases   ] GC(504)   Other: 0.1ms
[2024-04-24T06:43:00.153+0000][gc,heap     ] GC(504) Eden regions: 612->0(612)
[2024-04-24T06:43:00.153+0000][gc,heap     ] GC(504) Survivor regions: 2->2(77)
[2024-04-24T06:43:00.153+0000][gc,heap     ] GC(504) Old regions: 79->79
[2024-04-24T06:43:00.153+0000][gc,heap     ] GC(504) Archive regions: 2->2
[2024-04-24T06:43:00.153+0000][gc,heap     ] GC(504) Humongous regions: 129->129
[2024-04-24T06:43:00.153+0000][gc,metaspace] GC(504) Metaspace: 43588K(44224K)->43588K(44224K) NonClass: 38531K(38912K)->38531K(38912K) Class: 5056K(5312K)->5056K(5312K)
[2024-04-24T06:43:00.153+0000][gc          ] GC(504) Pause Young (Normal) (G1 Evacuation Pause) 821M->209M(1024M) 2.519ms
[2024-04-24T06:43:00.153+0000][gc,cpu      ] GC(504) User=0.01s Sys=0.00s Real=0.01s
[2024-04-24T06:43:01.212+0000][gc,start    ] GC(505) Pause Young (Normal) (G1 Evacuation Pause)
[2024-04-24T06:43:01.212+0000][gc,task     ] GC(505) Using 8 workers of 8 for evacuation
[2024-04-24T06:43:01.215+0000][gc,phases   ] GC(505)   Pre Evacuate Collection Set: 0.1ms
[2024-04-24T06:43:01.215+0000][gc,phases   ] GC(505)   Merge Heap Roots: 0.1ms
[2024-04-24T06:43:01.215+0000][gc,phases   ] GC(505)   Evacuate Collection Set: 1.9ms
[2024-04-24T06:43:01.215+0000][gc,phases   ] GC(505)   Post Evacuate Collection Set: 0.4ms
[2024-04-24T06:43:01.215+0000][gc,phases   ] GC(505)   Other: 0.1ms
[2024-04-24T06:43:01.215+0000][gc,heap     ] GC(505) Eden regions: 612->0(612)
[2024-04-24T06:43:01.215+0000][gc,heap     ] GC(505) Survivor regions: 2->2(77)
[2024-04-24T06:43:01.215+0000][gc,heap     ] GC(505) Old regions: 79->79
[2024-04-24T06:43:01.215+0000][gc,heap     ] GC(505) Archive regions: 2->2
[2024-04-24T06:43:01.215+0000][gc,heap     ] GC(505) Humongous regions: 129->129
[2024-04-24T06:43:01.215+0000][gc,metaspace] GC(505) Metaspace: 43588K(44224K)->43588K(44224K) NonClass: 38531K(38912K)->38531K(38912K) Class: 5056K(5312K)->5056K(5312K)
[2024-04-24T06:43:01.215+0000][gc          ] GC(505) Pause Young (Normal) (G1 Evacuation Pause) 821M->209M(1024M) 2.669ms
[2024-04-24T06:43:01.215+0000][gc,cpu      ] GC(505) User=0.01s Sys=0.01s Real=0.00s
[2024-04-24T06:43:02.294+0000][gc,start    ] GC(506) Pause Young (Normal) (G1 Evacuation Pause)
[2024-04-24T06:43:02.294+0000][gc,task     ] GC(506) Using 8 workers of 8 for evacuation
[2024-04-24T06:43:02.296+0000][gc,phases   ] GC(506)   Pre Evacuate Collection Set: 0.1ms
[2024-04-24T06:43:02.296+0000][gc,phases   ] GC(506)   Merge Heap Roots: 0.1ms
[2024-04-24T06:43:02.296+0000][gc,phases   ] GC(506)   Evacuate Collection Set: 1.7ms
[2024-04-24T06:43:02.296+0000][gc,phases   ] GC(506)   Post Evacuate Collection Set: 0.4ms
[2024-04-24T06:43:02.296+0000][gc,phases   ] GC(506)   Other: 0.1ms
[2024-04-24T06:43:02.296+0000][gc,heap     ] GC(506) Eden regions: 612->0(612)
[2024-04-24T06:43:02.296+0000][gc,heap     ] GC(506) Survivor regions: 2->2(77)
[2024-04-24T06:43:02.296+0000][gc,heap     ] GC(506) Old regions: 79->79
[2024-04-24T06:43:02.296+0000][gc,heap     ] GC(506) Archive regions: 2->2
[2024-04-24T06:43:02.296+0000][gc,heap     ] GC(506) Humongous regions: 129->129
[2024-04-24T06:43:02.296+0000][gc,metaspace] GC(506) Metaspace: 43588K(44224K)->43588K(44224K) NonClass: 38531K(38912K)->38531K(38912K) Class: 5056K(5312K)->5056K(5312K)
[2024-04-24T06:43:02.296+0000][gc          ] GC(506) Pause Young (Normal) (G1 Evacuation Pause) 821M->209M(1024M) 2.423ms
[2024-04-24T06:43:02.296+0000][gc,cpu      ] GC(506) User=0.00s Sys=0.00s Real=0.00s
[2024-04-24T06:43:03.299+0000][gc,start    ] GC(507) Pause Young (Normal) (G1 Evacuation Pause)
[2024-04-24T06:43:03.299+0000][gc,task     ] GC(507) Using 8 workers of 8 for evacuation
[2024-04-24T06:43:03.301+0000][gc,phases   ] GC(507)   Pre Evacuate Collection Set: 0.1ms
[2024-04-24T06:43:03.302+0000][gc,phases   ] GC(507)   Merge Heap Roots: 0.1ms
[2024-04-24T06:43:03.302+0000][gc,phases   ] GC(507)   Evacuate Collection Set: 1.8ms
[2024-04-24T06:43:03.302+0000][gc,phases   ] GC(507)   Post Evacuate Collection Set: 0.4ms
[2024-04-24T06:43:03.302+0000][gc,phases   ] GC(507)   Other: 0.1ms
[2024-04-24T06:43:03.302+0000][gc,heap     ] GC(507) Eden regions: 612->0(612)
[2024-04-24T06:43:03.302+0000][gc,heap     ] GC(507) Survivor regions: 2->2(77)
[2024-04-24T06:43:03.302+0000][gc,heap     ] GC(507) Old regions: 79->79
[2024-04-24T06:43:03.302+0000][gc,heap     ] GC(507) Archive regions: 2->2
[2024-04-24T06:43:03.302+0000][gc,heap     ] GC(507) Humongous regions: 129->129
[2024-04-24T06:43:03.302+0000][gc,metaspace] GC(507) Metaspace: 43588K(44224K)->43588K(44224K) NonClass: 38531K(38912K)->38531K(38912K) Class: 5056K(5312K)->5056K(5312K)
[2024-04-24T06:43:03.302+0000][gc          ] GC(507) Pause Young (Normal) (G1 Evacuation Pause) 821M->209M(1024M) 2.517ms
[2024-04-24T06:43:03.302+0000][gc,cpu      ] GC(507) User=0.01s Sys=0.00s Real=0.00s
[2024-04-24T06:43:04.337+0000][gc,start    ] GC(508) Pause Young (Normal) (G1 Evacuation Pause)
[2024-04-24T06:43:04.337+0000][gc,task     ] GC(508) Using 8 workers of 8 for evacuation
[2024-04-24T06:43:04.339+0000][gc,phases   ] GC(508)   Pre Evacuate Collection Set: 0.1ms
[2024-04-24T06:43:04.339+0000][gc,phases   ] GC(508)   Merge Heap Roots: 0.1ms
[2024-04-24T06:43:04.339+0000][gc,phases   ] GC(508)   Evacuate Collection Set: 1.6ms
[2024-04-24T06:43:04.339+0000][gc,phases   ] GC(508)   Post Evacuate Collection Set: 0.4ms
[2024-04-24T06:43:04.339+0000][gc,phases   ] GC(508)   Other: 0.1ms
[2024-04-24T06:43:04.339+0000][gc,heap     ] GC(508) Eden regions: 612->0(612)
[2024-04-24T06:43:04.339+0000][gc,heap     ] GC(508) Survivor regions: 2->2(77)
[2024-04-24T06:43:04.339+0000][gc,heap     ] GC(508) Old regions: 79->79
[2024-04-24T06:43:04.339+0000][gc,heap     ] GC(508) Archive regions: 2->2
[2024-04-24T06:43:04.339+0000][gc,heap     ] GC(508) Humongous regions: 129->129
[2024-04-24T06:43:04.339+0000][gc,metaspace] GC(508) Metaspace: 43588K(44224K)->43588K(44224K) NonClass: 38531K(38912K)->38531K(38912K) Class: 5056K(5312K)->5056K(5312K)
[2024-04-24T06:43:04.339+0000][gc          ] GC(508) Pause Young (Normal) (G1 Evacuation Pause) 821M->209M(1024M) 2.382ms
[2024-04-24T06:43:04.339+0000][gc,cpu      ] GC(508) User=0.01s Sys=0.00s Real=0.00s
[2024-04-24T06:43:05.411+0000][gc,start    ] GC(509) Pause Young (Normal) (G1 Evacuation Pause)
[2024-04-24T06:43:05.412+0000][gc,task     ] GC(509) Using 8 workers of 8 for evacuation
[2024-04-24T06:43:05.414+0000][gc,phases   ] GC(509)   Pre Evacuate Collection Set: 0.1ms
[2024-04-24T06:43:05.414+0000][gc,phases   ] GC(509)   Merge Heap Roots: 0.1ms
[2024-04-24T06:43:05.414+0000][gc,phases   ] GC(509)   Evacuate Collection Set: 1.6ms
[2024-04-24T06:43:05.414+0000][gc,phases   ] GC(509)   Post Evacuate Collection Set: 0.5ms
[2024-04-24T06:43:05.414+0000][gc,phases   ] GC(509)   Other: 0.1ms
[2024-04-24T06:43:05.414+0000][gc,heap     ] GC(509) Eden regions: 612->0(612)
[2024-04-24T06:43:05.414+0000][gc,heap     ] GC(509) Survivor regions: 2->2(77)
[2024-04-24T06:43:05.414+0000][gc,heap     ] GC(509) Old regions: 79->79
[2024-04-24T06:43:05.414+0000][gc,heap     ] GC(509) Archive regions: 2->2
[2024-04-24T06:43:05.414+0000][gc,heap     ] GC(509) Humongous regions: 129->129
[2024-04-24T06:43:05.414+0000][gc,metaspace] GC(509) Metaspace: 43590K(44224K)->43590K(44224K) NonClass: 38533K(38912K)->38533K(38912K) Class: 5056K(5312K)->5056K(5312K)
[2024-04-24T06:43:05.414+0000][gc          ] GC(509) Pause Young (Normal) (G1 Evacuation Pause) 821M->209M(1024M) 2.466ms
[2024-04-24T06:43:05.414+0000][gc,cpu      ] GC(509) User=0.01s Sys=0.00s Real=0.01s
[2024-04-24T06:44:26.486+0000][gc,heap,exit] Heap
[2024-04-24T06:44:26.486+0000][gc,heap,exit]  garbage-first heap   total 1048576K, used 737859K [0x00000000c0000000, 0x0000000100000000)
[2024-04-24T06:44:26.486+0000][gc,heap,exit]   region size 1024K, 513 young (525312K), 2 survivors (2048K)
[2024-04-24T06:44:26.486+0000][gc,heap,exit]  Metaspace       used 44453K, committed 45120K, reserved 1114112K
[2024-04-24T06:44:26.486+0000][gc,heap,exit]   class space    used 5236K, committed 5504K, reserved 1048576K
