[2024-04-22T08:41:43.313+0000][gc] Using G1
[2024-04-22T08:41:43.319+0000][gc,init] Version: 17.0.10+7-Ubuntu-120.04.1 (release)
[2024-04-22T08:41:43.320+0000][gc,init] CPUs: 8 total, 8 available
[2024-04-22T08:41:43.320+0000][gc,init] Memory: 32059M
[2024-04-22T08:41:43.320+0000][gc,init] Large Page Support: Disabled
[2024-04-22T08:41:43.320+0000][gc,init] NUMA Support: Disabled
[2024-04-22T08:41:43.320+0000][gc,init] Compressed Oops: Enabled (32-bit)
[2024-04-22T08:41:43.320+0000][gc,init] Heap Region Size: 1M
[2024-04-22T08:41:43.320+0000][gc,init] Heap Min Capacity: 1G
[2024-04-22T08:41:43.320+0000][gc,init] Heap Initial Capacity: 1G
[2024-04-22T08:41:43.320+0000][gc,init] Heap Max Capacity: 1G
[2024-04-22T08:41:43.320+0000][gc,init] Pre-touch: Disabled
[2024-04-22T08:41:43.320+0000][gc,init] Parallel Workers: 8
[2024-04-22T08:41:43.320+0000][gc,init] Concurrent Workers: 2
[2024-04-22T08:41:43.320+0000][gc,init] Concurrent Refinement Workers: 8
[2024-04-22T08:41:43.320+0000][gc,init] Periodic GC: Disabled
[2024-04-22T08:41:43.327+0000][gc,metaspace] CDS archive(s) mapped at: [0x00007f2363000000-0x00007f2363bc7000-0x00007f2363bc7000), size 12349440, SharedBaseAddress: 0x00007f2363000000, ArchiveRelocationMode: 1.
[2024-04-22T08:41:43.327+0000][gc,metaspace] Compressed class space mapped at: 0x00007f2364000000-0x00007f23a4000000, reserved size: 1073741824
[2024-04-22T08:41:43.327+0000][gc,metaspace] Narrow klass base: 0x00007f2363000000, Narrow klass shift: 0, Narrow klass range: 0x100000000
[2024-04-22T08:41:44.197+0000][gc,start    ] GC(0) Pause Young (Normal) (G1 Evacuation Pause)
[2024-04-22T08:41:44.198+0000][gc,task     ] GC(0) Using 8 workers of 8 for evacuation
[2024-04-22T08:41:44.202+0000][gc,phases   ] GC(0)   Pre Evacuate Collection Set: 0.1ms
[2024-04-22T08:41:44.202+0000][gc,phases   ] GC(0)   Merge Heap Roots: 0.1ms
[2024-04-22T08:41:44.202+0000][gc,phases   ] GC(0)   Evacuate Collection Set: 3.4ms
[2024-04-22T08:41:44.202+0000][gc,phases   ] GC(0)   Post Evacuate Collection Set: 0.4ms
[2024-04-22T08:41:44.202+0000][gc,phases   ] GC(0)   Other: 0.8ms
[2024-04-22T08:41:44.202+0000][gc,heap     ] GC(0) Eden regions: 51->0(44)
[2024-04-22T08:41:44.202+0000][gc,heap     ] GC(0) Survivor regions: 0->7(7)
[2024-04-22T08:41:44.202+0000][gc,heap     ] GC(0) Old regions: 0->6
[2024-04-22T08:41:44.202+0000][gc,heap     ] GC(0) Archive regions: 2->2
[2024-04-22T08:41:44.202+0000][gc,heap     ] GC(0) Humongous regions: 0->0
[2024-04-22T08:41:44.202+0000][gc,metaspace] GC(0) Metaspace: 15714K(15936K)->15714K(15936K) NonClass: 13814K(13888K)->13814K(13888K) Class: 1900K(2048K)->1900K(2048K)
[2024-04-22T08:41:44.202+0000][gc          ] GC(0) Pause Young (Normal) (G1 Evacuation Pause) 51M->13M(1024M) 4.783ms
[2024-04-22T08:41:44.202+0000][gc,cpu      ] GC(0) User=0.01s Sys=0.02s Real=0.00s
[2024-04-22T08:41:44.427+0000][gc,start    ] GC(1) Pause Young (Concurrent Start) (Metadata GC Threshold)
[2024-04-22T08:41:44.427+0000][gc,task     ] GC(1) Using 8 workers of 8 for evacuation
[2024-04-22T08:41:44.430+0000][gc,phases   ] GC(1)   Pre Evacuate Collection Set: 0.1ms
[2024-04-22T08:41:44.430+0000][gc,phases   ] GC(1)   Merge Heap Roots: 0.1ms
[2024-04-22T08:41:44.430+0000][gc,phases   ] GC(1)   Evacuate Collection Set: 2.9ms
[2024-04-22T08:41:44.430+0000][gc,phases   ] GC(1)   Post Evacuate Collection Set: 0.5ms
[2024-04-22T08:41:44.430+0000][gc,phases   ] GC(1)   Other: 0.2ms
[2024-04-22T08:41:44.430+0000][gc,heap     ] GC(1) Eden regions: 21->0(49)
[2024-04-22T08:41:44.430+0000][gc,heap     ] GC(1) Survivor regions: 7->2(7)
[2024-04-22T08:41:44.430+0000][gc,heap     ] GC(1) Old regions: 6->13
[2024-04-22T08:41:44.430+0000][gc,heap     ] GC(1) Archive regions: 2->2
[2024-04-22T08:41:44.430+0000][gc,heap     ] GC(1) Humongous regions: 0->0
[2024-04-22T08:41:44.430+0000][gc,metaspace] GC(1) Metaspace: 21297K(21504K)->21297K(21504K) NonClass: 18732K(18880K)->18732K(18880K) Class: 2564K(2624K)->2564K(2624K)
[2024-04-22T08:41:44.430+0000][gc          ] GC(1) Pause Young (Concurrent Start) (Metadata GC Threshold) 33M->14M(1024M) 3.854ms
[2024-04-22T08:41:44.430+0000][gc,cpu      ] GC(1) User=0.01s Sys=0.02s Real=0.00s
[2024-04-22T08:41:44.430+0000][gc          ] GC(2) Concurrent Mark Cycle
[2024-04-22T08:41:44.430+0000][gc,marking  ] GC(2) Concurrent Clear Claimed Marks
[2024-04-22T08:41:44.430+0000][gc,marking  ] GC(2) Concurrent Clear Claimed Marks 0.016ms
[2024-04-22T08:41:44.430+0000][gc,marking  ] GC(2) Concurrent Scan Root Regions
[2024-04-22T08:41:44.432+0000][gc,marking  ] GC(2) Concurrent Scan Root Regions 1.539ms
[2024-04-22T08:41:44.432+0000][gc,marking  ] GC(2) Concurrent Mark
[2024-04-22T08:41:44.432+0000][gc,marking  ] GC(2) Concurrent Mark From Roots
[2024-04-22T08:41:44.432+0000][gc,task     ] GC(2) Using 2 workers of 2 for marking
[2024-04-22T08:41:44.434+0000][gc,marking  ] GC(2) Concurrent Mark From Roots 2.051ms
[2024-04-22T08:41:44.434+0000][gc,marking  ] GC(2) Concurrent Preclean
[2024-04-22T08:41:44.434+0000][gc,marking  ] GC(2) Concurrent Preclean 0.077ms
[2024-04-22T08:41:44.434+0000][gc,start    ] GC(2) Pause Remark
[2024-04-22T08:41:44.436+0000][gc          ] GC(2) Pause Remark 15M->15M(1024M) 1.249ms
[2024-04-22T08:41:44.436+0000][gc,cpu      ] GC(2) User=0.00s Sys=0.00s Real=0.00s
[2024-04-22T08:41:44.436+0000][gc,marking  ] GC(2) Concurrent Mark 3.537ms
[2024-04-22T08:41:44.436+0000][gc,marking  ] GC(2) Concurrent Rebuild Remembered Sets
[2024-04-22T08:41:44.437+0000][gc,marking  ] GC(2) Concurrent Rebuild Remembered Sets 1.719ms
[2024-04-22T08:41:44.437+0000][gc,start    ] GC(2) Pause Cleanup
[2024-04-22T08:41:44.438+0000][gc          ] GC(2) Pause Cleanup 15M->15M(1024M) 0.114ms
[2024-04-22T08:41:44.438+0000][gc,cpu      ] GC(2) User=0.00s Sys=0.00s Real=0.00s
[2024-04-22T08:41:44.438+0000][gc,marking  ] GC(2) Concurrent Cleanup for Next Mark
[2024-04-22T08:41:44.441+0000][gc,marking  ] GC(2) Concurrent Cleanup for Next Mark 3.163ms
[2024-04-22T08:41:44.441+0000][gc          ] GC(2) Concurrent Mark Cycle 10.359ms
[2024-04-22T08:41:45.049+0000][gc,start    ] GC(3) Pause Young (Normal) (G1 Evacuation Pause)
[2024-04-22T08:41:45.049+0000][gc,task     ] GC(3) Using 8 workers of 8 for evacuation
[2024-04-22T08:41:45.052+0000][gc,phases   ] GC(3)   Pre Evacuate Collection Set: 0.1ms
[2024-04-22T08:41:45.052+0000][gc,phases   ] GC(3)   Merge Heap Roots: 0.0ms
[2024-04-22T08:41:45.052+0000][gc,phases   ] GC(3)   Evacuate Collection Set: 2.9ms
[2024-04-22T08:41:45.052+0000][gc,phases   ] GC(3)   Post Evacuate Collection Set: 0.5ms
[2024-04-22T08:41:45.052+0000][gc,phases   ] GC(3)   Other: 0.1ms
[2024-04-22T08:41:45.052+0000][gc,heap     ] GC(3) Eden regions: 49->0(46)
[2024-04-22T08:41:45.052+0000][gc,heap     ] GC(3) Survivor regions: 2->5(7)
[2024-04-22T08:41:45.052+0000][gc,heap     ] GC(3) Old regions: 13->13
[2024-04-22T08:41:45.052+0000][gc,heap     ] GC(3) Archive regions: 2->2
[2024-04-22T08:41:45.052+0000][gc,heap     ] GC(3) Humongous regions: 129->129
[2024-04-22T08:41:45.052+0000][gc,metaspace] GC(3) Metaspace: 29368K(29696K)->29368K(29696K) NonClass: 26047K(26240K)->26047K(26240K) Class: 3320K(3456K)->3320K(3456K)
[2024-04-22T08:41:45.052+0000][gc          ] GC(3) Pause Young (Normal) (G1 Evacuation Pause) 192M->147M(1024M) 3.666ms
[2024-04-22T08:41:45.052+0000][gc,cpu      ] GC(3) User=0.02s Sys=0.00s Real=0.01s
[2024-04-22T08:41:45.334+0000][gc,start    ] GC(4) Pause Young (Concurrent Start) (Metadata GC Threshold)
[2024-04-22T08:41:45.334+0000][gc,task     ] GC(4) Using 8 workers of 8 for evacuation
[2024-04-22T08:41:45.339+0000][gc,phases   ] GC(4)   Pre Evacuate Collection Set: 0.1ms
[2024-04-22T08:41:45.339+0000][gc,phases   ] GC(4)   Merge Heap Roots: 0.0ms
[2024-04-22T08:41:45.339+0000][gc,phases   ] GC(4)   Evacuate Collection Set: 4.2ms
[2024-04-22T08:41:45.339+0000][gc,phases   ] GC(4)   Post Evacuate Collection Set: 0.3ms
[2024-04-22T08:41:45.339+0000][gc,phases   ] GC(4)   Other: 0.2ms
[2024-04-22T08:41:45.339+0000][gc,heap     ] GC(4) Eden regions: 31->0(48)
[2024-04-22T08:41:45.339+0000][gc,heap     ] GC(4) Survivor regions: 5->3(7)
[2024-04-22T08:41:45.339+0000][gc,heap     ] GC(4) Old regions: 13->18
[2024-04-22T08:41:45.339+0000][gc,heap     ] GC(4) Archive regions: 2->2
[2024-04-22T08:41:45.339+0000][gc,heap     ] GC(4) Humongous regions: 129->129
[2024-04-22T08:41:45.339+0000][gc,metaspace] GC(4) Metaspace: 35805K(36096K)->35805K(36096K) NonClass: 31854K(32000K)->31854K(32000K) Class: 3950K(4096K)->3950K(4096K)
[2024-04-22T08:41:45.339+0000][gc          ] GC(4) Pause Young (Concurrent Start) (Metadata GC Threshold) 178M->150M(1024M) 4.865ms
[2024-04-22T08:41:45.339+0000][gc,cpu      ] GC(4) User=0.03s Sys=0.00s Real=0.00s
[2024-04-22T08:41:45.339+0000][gc          ] GC(5) Concurrent Mark Cycle
[2024-04-22T08:41:45.339+0000][gc,marking  ] GC(5) Concurrent Clear Claimed Marks
[2024-04-22T08:41:45.339+0000][gc,marking  ] GC(5) Concurrent Clear Claimed Marks 0.022ms
[2024-04-22T08:41:45.339+0000][gc,marking  ] GC(5) Concurrent Scan Root Regions
[2024-04-22T08:41:45.342+0000][gc,marking  ] GC(5) Concurrent Scan Root Regions 2.667ms
[2024-04-22T08:41:45.342+0000][gc,marking  ] GC(5) Concurrent Mark
[2024-04-22T08:41:45.342+0000][gc,marking  ] GC(5) Concurrent Mark From Roots
[2024-04-22T08:41:45.342+0000][gc,task     ] GC(5) Using 2 workers of 2 for marking
[2024-04-22T08:41:45.352+0000][gc,marking  ] GC(5) Concurrent Mark From Roots 10.746ms
[2024-04-22T08:41:45.352+0000][gc,marking  ] GC(5) Concurrent Preclean
[2024-04-22T08:41:45.353+0000][gc,marking  ] GC(5) Concurrent Preclean 0.187ms
[2024-04-22T08:41:45.353+0000][gc,start    ] GC(5) Pause Remark
[2024-04-22T08:41:45.354+0000][gc          ] GC(5) Pause Remark 152M->152M(1024M) 1.539ms
[2024-04-22T08:41:45.354+0000][gc,cpu      ] GC(5) User=0.01s Sys=0.00s Real=0.00s
[2024-04-22T08:41:45.354+0000][gc,marking  ] GC(5) Concurrent Mark 12.653ms
[2024-04-22T08:41:45.354+0000][gc,marking  ] GC(5) Concurrent Rebuild Remembered Sets
[2024-04-22T08:41:45.359+0000][gc,marking  ] GC(5) Concurrent Rebuild Remembered Sets 4.332ms
[2024-04-22T08:41:45.359+0000][gc,start    ] GC(5) Pause Cleanup
[2024-04-22T08:41:45.359+0000][gc          ] GC(5) Pause Cleanup 152M->152M(1024M) 0.138ms
[2024-04-22T08:41:45.359+0000][gc,cpu      ] GC(5) User=0.00s Sys=0.00s Real=0.00s
[2024-04-22T08:41:45.359+0000][gc,marking  ] GC(5) Concurrent Cleanup for Next Mark
[2024-04-22T08:41:45.363+0000][gc,marking  ] GC(5) Concurrent Cleanup for Next Mark 3.880ms
[2024-04-22T08:41:45.363+0000][gc          ] GC(5) Concurrent Mark Cycle 23.999ms
[2024-04-22T08:47:09.352+0000][gc,start    ] GC(6) Pause Young (Normal) (G1 Evacuation Pause)
[2024-04-22T08:47:09.352+0000][gc,task     ] GC(6) Using 8 workers of 8 for evacuation
[2024-04-22T08:47:09.363+0000][gc,phases   ] GC(6)   Pre Evacuate Collection Set: 0.2ms
[2024-04-22T08:47:09.363+0000][gc,phases   ] GC(6)   Merge Heap Roots: 0.1ms
[2024-04-22T08:47:09.363+0000][gc,phases   ] GC(6)   Evacuate Collection Set: 9.6ms
[2024-04-22T08:47:09.363+0000][gc,phases   ] GC(6)   Post Evacuate Collection Set: 0.9ms
[2024-04-22T08:47:09.363+0000][gc,phases   ] GC(6)   Other: 0.1ms
[2024-04-22T08:47:09.363+0000][gc,heap     ] GC(6) Eden regions: 48->0(46)
[2024-04-22T08:47:09.363+0000][gc,heap     ] GC(6) Survivor regions: 3->5(7)
[2024-04-22T08:47:09.363+0000][gc,heap     ] GC(6) Old regions: 18->18
[2024-04-22T08:47:09.363+0000][gc,heap     ] GC(6) Archive regions: 2->2
[2024-04-22T08:47:09.363+0000][gc,heap     ] GC(6) Humongous regions: 159->129
[2024-04-22T08:47:09.363+0000][gc,metaspace] GC(6) Metaspace: 40470K(40960K)->40470K(40960K) NonClass: 35757K(36032K)->35757K(36032K) Class: 4713K(4928K)->4713K(4928K)
[2024-04-22T08:47:09.363+0000][gc          ] GC(6) Pause Young (Normal) (G1 Evacuation Pause) 228M->152M(1024M) 10.897ms
[2024-04-22T08:47:09.363+0000][gc,cpu      ] GC(6) User=0.02s Sys=0.00s Real=0.00s
[2024-04-22T08:47:09.953+0000][gc,start    ] GC(7) Pause Young (Normal) (G1 Evacuation Pause)
[2024-04-22T08:47:09.953+0000][gc,task     ] GC(7) Using 8 workers of 8 for evacuation
[2024-04-22T08:47:09.957+0000][gc,phases   ] GC(7)   Pre Evacuate Collection Set: 0.1ms
[2024-04-22T08:47:09.957+0000][gc,phases   ] GC(7)   Merge Heap Roots: 0.0ms
[2024-04-22T08:47:09.957+0000][gc,phases   ] GC(7)   Evacuate Collection Set: 3.3ms
[2024-04-22T08:47:09.957+0000][gc,phases   ] GC(7)   Post Evacuate Collection Set: 0.5ms
[2024-04-22T08:47:09.957+0000][gc,phases   ] GC(7)   Other: 0.1ms
[2024-04-22T08:47:09.957+0000][gc,heap     ] GC(7) Eden regions: 46->0(47)
[2024-04-22T08:47:09.957+0000][gc,heap     ] GC(7) Survivor regions: 5->4(7)
[2024-04-22T08:47:09.957+0000][gc,heap     ] GC(7) Old regions: 18->21
[2024-04-22T08:47:09.957+0000][gc,heap     ] GC(7) Archive regions: 2->2
[2024-04-22T08:47:09.957+0000][gc,heap     ] GC(7) Humongous regions: 129->129
[2024-04-22T08:47:09.957+0000][gc,metaspace] GC(7) Metaspace: 42286K(42880K)->42286K(42880K) NonClass: 37342K(37696K)->37342K(37696K) Class: 4944K(5184K)->4944K(5184K)
[2024-04-22T08:47:09.957+0000][gc          ] GC(7) Pause Young (Normal) (G1 Evacuation Pause) 198M->153M(1024M) 4.129ms
[2024-04-22T08:47:09.957+0000][gc,cpu      ] GC(7) User=0.03s Sys=0.00s Real=0.00s
[2024-04-22T08:47:10.358+0000][gc,start    ] GC(8) Pause Young (Normal) (G1 Evacuation Pause)
[2024-04-22T08:47:10.358+0000][gc,task     ] GC(8) Using 8 workers of 8 for evacuation
[2024-04-22T08:47:10.362+0000][gc,phases   ] GC(8)   Pre Evacuate Collection Set: 0.1ms
[2024-04-22T08:47:10.362+0000][gc,phases   ] GC(8)   Merge Heap Roots: 0.1ms
[2024-04-22T08:47:10.362+0000][gc,phases   ] GC(8)   Evacuate Collection Set: 2.7ms
[2024-04-22T08:47:10.362+0000][gc,phases   ] GC(8)   Post Evacuate Collection Set: 0.4ms
[2024-04-22T08:47:10.362+0000][gc,phases   ] GC(8)   Other: 0.1ms
[2024-04-22T08:47:10.362+0000][gc,heap     ] GC(8) Eden regions: 47->0(47)
[2024-04-22T08:47:10.362+0000][gc,heap     ] GC(8) Survivor regions: 4->4(7)
[2024-04-22T08:47:10.362+0000][gc,heap     ] GC(8) Old regions: 21->21
[2024-04-22T08:47:10.362+0000][gc,heap     ] GC(8) Archive regions: 2->2
[2024-04-22T08:47:10.362+0000][gc,heap     ] GC(8) Humongous regions: 129->129
[2024-04-22T08:47:10.362+0000][gc,metaspace] GC(8) Metaspace: 42367K(42944K)->42367K(42944K) NonClass: 37421K(37760K)->37421K(37760K) Class: 4945K(5184K)->4945K(5184K)
[2024-04-22T08:47:10.362+0000][gc          ] GC(8) Pause Young (Normal) (G1 Evacuation Pause) 200M->153M(1024M) 3.394ms
[2024-04-22T08:47:10.362+0000][gc,cpu      ] GC(8) User=0.03s Sys=0.00s Real=0.00s
[2024-04-22T08:47:10.712+0000][gc,start    ] GC(9) Pause Young (Normal) (G1 Evacuation Pause)
[2024-04-22T08:47:10.712+0000][gc,task     ] GC(9) Using 8 workers of 8 for evacuation
[2024-04-22T08:47:10.716+0000][gc,phases   ] GC(9)   Pre Evacuate Collection Set: 0.1ms
[2024-04-22T08:47:10.716+0000][gc,phases   ] GC(9)   Merge Heap Roots: 0.1ms
[2024-04-22T08:47:10.716+0000][gc,phases   ] GC(9)   Evacuate Collection Set: 3.0ms
[2024-04-22T08:47:10.716+0000][gc,phases   ] GC(9)   Post Evacuate Collection Set: 0.5ms
[2024-04-22T08:47:10.716+0000][gc,phases   ] GC(9)   Other: 0.1ms
[2024-04-22T08:47:10.716+0000][gc,heap     ] GC(9) Eden regions: 47->0(65)
[2024-04-22T08:47:10.716+0000][gc,heap     ] GC(9) Survivor regions: 4->4(7)
[2024-04-22T08:47:10.716+0000][gc,heap     ] GC(9) Old regions: 21->21
[2024-04-22T08:47:10.716+0000][gc,heap     ] GC(9) Archive regions: 2->2
[2024-04-22T08:47:10.716+0000][gc,heap     ] GC(9) Humongous regions: 129->129
[2024-04-22T08:47:10.716+0000][gc,metaspace] GC(9) Metaspace: 42482K(43072K)->42482K(43072K) NonClass: 37536K(37888K)->37536K(37888K) Class: 4945K(5184K)->4945K(5184K)
[2024-04-22T08:47:10.716+0000][gc          ] GC(9) Pause Young (Normal) (G1 Evacuation Pause) 200M->153M(1024M) 3.884ms
[2024-04-22T08:47:10.716+0000][gc,cpu      ] GC(9) User=0.02s Sys=0.00s Real=0.01s
[2024-04-22T08:47:11.180+0000][gc,start    ] GC(10) Pause Young (Normal) (G1 Evacuation Pause)
[2024-04-22T08:47:11.180+0000][gc,task     ] GC(10) Using 8 workers of 8 for evacuation
[2024-04-22T08:47:11.183+0000][gc,phases   ] GC(10)   Pre Evacuate Collection Set: 0.1ms
[2024-04-22T08:47:11.183+0000][gc,phases   ] GC(10)   Merge Heap Roots: 0.0ms
[2024-04-22T08:47:11.183+0000][gc,phases   ] GC(10)   Evacuate Collection Set: 2.8ms
[2024-04-22T08:47:11.183+0000][gc,phases   ] GC(10)   Post Evacuate Collection Set: 0.3ms
[2024-04-22T08:47:11.183+0000][gc,phases   ] GC(10)   Other: 0.1ms
[2024-04-22T08:47:11.183+0000][gc,heap     ] GC(10) Eden regions: 65->0(198)
[2024-04-22T08:47:11.183+0000][gc,heap     ] GC(10) Survivor regions: 4->5(9)
[2024-04-22T08:47:11.183+0000][gc,heap     ] GC(10) Old regions: 21->21
[2024-04-22T08:47:11.183+0000][gc,heap     ] GC(10) Archive regions: 2->2
[2024-04-22T08:47:11.183+0000][gc,heap     ] GC(10) Humongous regions: 129->129
[2024-04-22T08:47:11.183+0000][gc,metaspace] GC(10) Metaspace: 42627K(43200K)->42627K(43200K) NonClass: 37682K(38016K)->37682K(38016K) Class: 4945K(5184K)->4945K(5184K)
[2024-04-22T08:47:11.183+0000][gc          ] GC(10) Pause Young (Normal) (G1 Evacuation Pause) 218M->154M(1024M) 3.481ms
[2024-04-22T08:47:11.183+0000][gc,cpu      ] GC(10) User=0.03s Sys=0.00s Real=0.00s
[2024-04-22T08:47:12.326+0000][gc,start    ] GC(11) Pause Young (Normal) (G1 Evacuation Pause)
[2024-04-22T08:47:12.326+0000][gc,task     ] GC(11) Using 8 workers of 8 for evacuation
[2024-04-22T08:47:12.330+0000][gc,phases   ] GC(11)   Pre Evacuate Collection Set: 0.1ms
[2024-04-22T08:47:12.330+0000][gc,phases   ] GC(11)   Merge Heap Roots: 0.1ms
[2024-04-22T08:47:12.330+0000][gc,phases   ] GC(11)   Evacuate Collection Set: 3.3ms
[2024-04-22T08:47:12.330+0000][gc,phases   ] GC(11)   Post Evacuate Collection Set: 0.4ms
[2024-04-22T08:47:12.330+0000][gc,phases   ] GC(11)   Other: 0.1ms
[2024-04-22T08:47:12.330+0000][gc,heap     ] GC(11) Eden regions: 198->0(311)
[2024-04-22T08:47:12.330+0000][gc,heap     ] GC(11) Survivor regions: 5->5(26)
[2024-04-22T08:47:12.330+0000][gc,heap     ] GC(11) Old regions: 21->21
[2024-04-22T08:47:12.330+0000][gc,heap     ] GC(11) Archive regions: 2->2
[2024-04-22T08:47:12.330+0000][gc,heap     ] GC(11) Humongous regions: 129->129
[2024-04-22T08:47:12.330+0000][gc,metaspace] GC(11) Metaspace: 42647K(43200K)->42647K(43200K) NonClass: 37702K(38016K)->37702K(38016K) Class: 4945K(5184K)->4945K(5184K)
[2024-04-22T08:47:12.330+0000][gc          ] GC(11) Pause Young (Normal) (G1 Evacuation Pause) 352M->154M(1024M) 3.937ms
[2024-04-22T08:47:12.330+0000][gc,cpu      ] GC(11) User=0.02s Sys=0.00s Real=0.00s
[2024-04-22T08:47:13.746+0000][gc,start    ] GC(12) Pause Young (Normal) (G1 Evacuation Pause)
[2024-04-22T08:47:13.746+0000][gc,task     ] GC(12) Using 8 workers of 8 for evacuation
[2024-04-22T08:47:13.750+0000][gc,phases   ] GC(12)   Pre Evacuate Collection Set: 0.1ms
[2024-04-22T08:47:13.750+0000][gc,phases   ] GC(12)   Merge Heap Roots: 0.1ms
[2024-04-22T08:47:13.750+0000][gc,phases   ] GC(12)   Evacuate Collection Set: 3.2ms
[2024-04-22T08:47:13.750+0000][gc,phases   ] GC(12)   Post Evacuate Collection Set: 0.6ms
[2024-04-22T08:47:13.750+0000][gc,phases   ] GC(12)   Other: 0.2ms
[2024-04-22T08:47:13.750+0000][gc,heap     ] GC(12) Eden regions: 311->0(483)
[2024-04-22T08:47:13.750+0000][gc,heap     ] GC(12) Survivor regions: 5->5(40)
[2024-04-22T08:47:13.750+0000][gc,heap     ] GC(12) Old regions: 21->21
[2024-04-22T08:47:13.750+0000][gc,heap     ] GC(12) Archive regions: 2->2
[2024-04-22T08:47:13.750+0000][gc,heap     ] GC(12) Humongous regions: 129->129
[2024-04-22T08:47:13.750+0000][gc,metaspace] GC(12) Metaspace: 42666K(43200K)->42666K(43200K) NonClass: 37716K(38016K)->37716K(38016K) Class: 4949K(5184K)->4949K(5184K)
[2024-04-22T08:47:13.750+0000][gc          ] GC(12) Pause Young (Normal) (G1 Evacuation Pause) 465M->154M(1024M) 4.178ms
[2024-04-22T08:47:13.750+0000][gc,cpu      ] GC(12) User=0.02s Sys=0.00s Real=0.00s
[2024-04-22T08:47:15.251+0000][gc,start    ] GC(13) Pause Young (Normal) (G1 Evacuation Pause)
[2024-04-22T08:47:15.251+0000][gc,task     ] GC(13) Using 8 workers of 8 for evacuation
[2024-04-22T08:47:15.255+0000][gc,phases   ] GC(13)   Pre Evacuate Collection Set: 0.1ms
[2024-04-22T08:47:15.255+0000][gc,phases   ] GC(13)   Merge Heap Roots: 0.1ms
[2024-04-22T08:47:15.255+0000][gc,phases   ] GC(13)   Evacuate Collection Set: 3.3ms
[2024-04-22T08:47:15.255+0000][gc,phases   ] GC(13)   Post Evacuate Collection Set: 0.6ms
[2024-04-22T08:47:15.255+0000][gc,phases   ] GC(13)   Other: 0.1ms
[2024-04-22T08:47:15.255+0000][gc,heap     ] GC(13) Eden regions: 483->0(609)
[2024-04-22T08:47:15.255+0000][gc,heap     ] GC(13) Survivor regions: 5->5(61)
[2024-04-22T08:47:15.255+0000][gc,heap     ] GC(13) Old regions: 21->21
[2024-04-22T08:47:15.255+0000][gc,heap     ] GC(13) Archive regions: 2->2
[2024-04-22T08:47:15.255+0000][gc,heap     ] GC(13) Humongous regions: 129->129
[2024-04-22T08:47:15.255+0000][gc,metaspace] GC(13) Metaspace: 42827K(43456K)->42827K(43456K) NonClass: 37837K(38208K)->37837K(38208K) Class: 4989K(5248K)->4989K(5248K)
[2024-04-22T08:47:15.255+0000][gc          ] GC(13) Pause Young (Normal) (G1 Evacuation Pause) 637M->154M(1024M) 4.256ms
[2024-04-22T08:47:15.255+0000][gc,cpu      ] GC(13) User=0.03s Sys=0.00s Real=0.01s
[2024-04-22T08:47:17.026+0000][gc,start    ] GC(14) Pause Young (Normal) (G1 Evacuation Pause)
[2024-04-22T08:47:17.026+0000][gc,task     ] GC(14) Using 8 workers of 8 for evacuation
[2024-04-22T08:47:17.031+0000][gc,phases   ] GC(14)   Pre Evacuate Collection Set: 0.1ms
[2024-04-22T08:47:17.031+0000][gc,phases   ] GC(14)   Merge Heap Roots: 0.1ms
[2024-04-22T08:47:17.031+0000][gc,phases   ] GC(14)   Evacuate Collection Set: 3.7ms
[2024-04-22T08:47:17.031+0000][gc,phases   ] GC(14)   Post Evacuate Collection Set: 0.9ms
[2024-04-22T08:47:17.031+0000][gc,phases   ] GC(14)   Other: 0.2ms
[2024-04-22T08:47:17.031+0000][gc,heap     ] GC(14) Eden regions: 609->0(609)
[2024-04-22T08:47:17.031+0000][gc,heap     ] GC(14) Survivor regions: 5->5(77)
[2024-04-22T08:47:17.031+0000][gc,heap     ] GC(14) Old regions: 21->21
[2024-04-22T08:47:17.031+0000][gc,heap     ] GC(14) Archive regions: 2->2
[2024-04-22T08:47:17.031+0000][gc,heap     ] GC(14) Humongous regions: 129->129
[2024-04-22T08:47:17.031+0000][gc,metaspace] GC(14) Metaspace: 42827K(43456K)->42827K(43456K) NonClass: 37837K(38208K)->37837K(38208K) Class: 4989K(5248K)->4989K(5248K)
[2024-04-22T08:47:17.031+0000][gc          ] GC(14) Pause Young (Normal) (G1 Evacuation Pause) 763M->154M(1024M) 5.086ms
[2024-04-22T08:47:17.031+0000][gc,cpu      ] GC(14) User=0.02s Sys=0.00s Real=0.00s
[2024-04-22T08:47:18.646+0000][gc,start    ] GC(15) Pause Young (Normal) (G1 Evacuation Pause)
[2024-04-22T08:47:18.646+0000][gc,task     ] GC(15) Using 8 workers of 8 for evacuation
[2024-04-22T08:47:18.649+0000][gc,phases   ] GC(15)   Pre Evacuate Collection Set: 0.1ms
[2024-04-22T08:47:18.649+0000][gc,phases   ] GC(15)   Merge Heap Roots: 0.1ms
[2024-04-22T08:47:18.649+0000][gc,phases   ] GC(15)   Evacuate Collection Set: 2.5ms
[2024-04-22T08:47:18.649+0000][gc,phases   ] GC(15)   Post Evacuate Collection Set: 0.6ms
[2024-04-22T08:47:18.649+0000][gc,phases   ] GC(15)   Other: 0.1ms
[2024-04-22T08:47:18.649+0000][gc,heap     ] GC(15) Eden regions: 609->0(609)
[2024-04-22T08:47:18.649+0000][gc,heap     ] GC(15) Survivor regions: 5->5(77)
[2024-04-22T08:47:18.649+0000][gc,heap     ] GC(15) Old regions: 21->21
[2024-04-22T08:47:18.650+0000][gc,heap     ] GC(15) Archive regions: 2->2
[2024-04-22T08:47:18.650+0000][gc,heap     ] GC(15) Humongous regions: 129->129
[2024-04-22T08:47:18.650+0000][gc,metaspace] GC(15) Metaspace: 42827K(43456K)->42827K(43456K) NonClass: 37837K(38208K)->37837K(38208K) Class: 4989K(5248K)->4989K(5248K)
[2024-04-22T08:47:18.650+0000][gc          ] GC(15) Pause Young (Normal) (G1 Evacuation Pause) 763M->154M(1024M) 3.494ms
[2024-04-22T08:47:18.650+0000][gc,cpu      ] GC(15) User=0.02s Sys=0.00s Real=0.00s
[2024-04-22T08:47:19.953+0000][gc,start    ] GC(16) Pause Young (Normal) (G1 Evacuation Pause)
[2024-04-22T08:47:19.953+0000][gc,task     ] GC(16) Using 8 workers of 8 for evacuation
[2024-04-22T08:47:19.957+0000][gc,phases   ] GC(16)   Pre Evacuate Collection Set: 0.1ms
[2024-04-22T08:47:19.957+0000][gc,phases   ] GC(16)   Merge Heap Roots: 0.1ms
[2024-04-22T08:47:19.957+0000][gc,phases   ] GC(16)   Evacuate Collection Set: 3.1ms
[2024-04-22T08:47:19.957+0000][gc,phases   ] GC(16)   Post Evacuate Collection Set: 0.6ms
[2024-04-22T08:47:19.957+0000][gc,phases   ] GC(16)   Other: 0.1ms
[2024-04-22T08:47:19.957+0000][gc,heap     ] GC(16) Eden regions: 609->0(609)
[2024-04-22T08:47:19.957+0000][gc,heap     ] GC(16) Survivor regions: 5->5(77)
[2024-04-22T08:47:19.957+0000][gc,heap     ] GC(16) Old regions: 21->21
[2024-04-22T08:47:19.957+0000][gc,heap     ] GC(16) Archive regions: 2->2
[2024-04-22T08:47:19.957+0000][gc,heap     ] GC(16) Humongous regions: 129->129
[2024-04-22T08:47:19.957+0000][gc,metaspace] GC(16) Metaspace: 42827K(43456K)->42827K(43456K) NonClass: 37838K(38208K)->37838K(38208K) Class: 4989K(5248K)->4989K(5248K)
[2024-04-22T08:47:19.957+0000][gc          ] GC(16) Pause Young (Normal) (G1 Evacuation Pause) 763M->154M(1024M) 4.000ms
[2024-04-22T08:47:19.957+0000][gc,cpu      ] GC(16) User=0.02s Sys=0.00s Real=0.00s
[2024-04-22T08:47:21.185+0000][gc,start    ] GC(17) Pause Young (Normal) (G1 Evacuation Pause)
[2024-04-22T08:47:21.185+0000][gc,task     ] GC(17) Using 8 workers of 8 for evacuation
[2024-04-22T08:47:21.188+0000][gc,phases   ] GC(17)   Pre Evacuate Collection Set: 0.1ms
[2024-04-22T08:47:21.188+0000][gc,phases   ] GC(17)   Merge Heap Roots: 0.1ms
[2024-04-22T08:47:21.188+0000][gc,phases   ] GC(17)   Evacuate Collection Set: 2.3ms
[2024-04-22T08:47:21.188+0000][gc,phases   ] GC(17)   Post Evacuate Collection Set: 0.5ms
[2024-04-22T08:47:21.188+0000][gc,phases   ] GC(17)   Other: 0.1ms
[2024-04-22T08:47:21.188+0000][gc,heap     ] GC(17) Eden regions: 609->0(609)
[2024-04-22T08:47:21.188+0000][gc,heap     ] GC(17) Survivor regions: 5->5(77)
[2024-04-22T08:47:21.188+0000][gc,heap     ] GC(17) Old regions: 21->21
[2024-04-22T08:47:21.188+0000][gc,heap     ] GC(17) Archive regions: 2->2
[2024-04-22T08:47:21.188+0000][gc,heap     ] GC(17) Humongous regions: 129->129
[2024-04-22T08:47:21.188+0000][gc,metaspace] GC(17) Metaspace: 42827K(43456K)->42827K(43456K) NonClass: 37838K(38208K)->37838K(38208K) Class: 4989K(5248K)->4989K(5248K)
[2024-04-22T08:47:21.188+0000][gc          ] GC(17) Pause Young (Normal) (G1 Evacuation Pause) 763M->154M(1024M) 3.194ms
[2024-04-22T08:47:21.188+0000][gc,cpu      ] GC(17) User=0.01s Sys=0.01s Real=0.00s
[2024-04-22T08:47:22.313+0000][gc,start    ] GC(18) Pause Young (Normal) (G1 Evacuation Pause)
[2024-04-22T08:47:22.313+0000][gc,task     ] GC(18) Using 8 workers of 8 for evacuation
[2024-04-22T08:47:22.318+0000][gc,phases   ] GC(18)   Pre Evacuate Collection Set: 0.1ms
[2024-04-22T08:47:22.318+0000][gc,phases   ] GC(18)   Merge Heap Roots: 0.1ms
[2024-04-22T08:47:22.318+0000][gc,phases   ] GC(18)   Evacuate Collection Set: 3.5ms
[2024-04-22T08:47:22.318+0000][gc,phases   ] GC(18)   Post Evacuate Collection Set: 0.7ms
[2024-04-22T08:47:22.318+0000][gc,phases   ] GC(18)   Other: 0.1ms
[2024-04-22T08:47:22.318+0000][gc,heap     ] GC(18) Eden regions: 609->0(609)
[2024-04-22T08:47:22.318+0000][gc,heap     ] GC(18) Survivor regions: 5->5(77)
[2024-04-22T08:47:22.318+0000][gc,heap     ] GC(18) Old regions: 21->21
[2024-04-22T08:47:22.318+0000][gc,heap     ] GC(18) Archive regions: 2->2
[2024-04-22T08:47:22.318+0000][gc,heap     ] GC(18) Humongous regions: 129->129
[2024-04-22T08:47:22.318+0000][gc,metaspace] GC(18) Metaspace: 42828K(43456K)->42828K(43456K) NonClass: 37839K(38208K)->37839K(38208K) Class: 4989K(5248K)->4989K(5248K)
[2024-04-22T08:47:22.318+0000][gc          ] GC(18) Pause Young (Normal) (G1 Evacuation Pause) 763M->154M(1024M) 4.523ms
[2024-04-22T08:47:22.318+0000][gc,cpu      ] GC(18) User=0.01s Sys=0.00s Real=0.00s
[2024-04-22T08:47:23.478+0000][gc,start    ] GC(19) Pause Young (Normal) (G1 Evacuation Pause)
[2024-04-22T08:47:23.478+0000][gc,task     ] GC(19) Using 8 workers of 8 for evacuation
[2024-04-22T08:47:23.481+0000][gc,phases   ] GC(19)   Pre Evacuate Collection Set: 0.1ms
[2024-04-22T08:47:23.481+0000][gc,phases   ] GC(19)   Merge Heap Roots: 0.1ms
[2024-04-22T08:47:23.481+0000][gc,phases   ] GC(19)   Evacuate Collection Set: 2.0ms
[2024-04-22T08:47:23.481+0000][gc,phases   ] GC(19)   Post Evacuate Collection Set: 0.5ms
[2024-04-22T08:47:23.481+0000][gc,phases   ] GC(19)   Other: 0.1ms
[2024-04-22T08:47:23.481+0000][gc,heap     ] GC(19) Eden regions: 609->0(609)
[2024-04-22T08:47:23.481+0000][gc,heap     ] GC(19) Survivor regions: 5->5(77)
[2024-04-22T08:47:23.481+0000][gc,heap     ] GC(19) Old regions: 21->21
[2024-04-22T08:47:23.481+0000][gc,heap     ] GC(19) Archive regions: 2->2
[2024-04-22T08:47:23.481+0000][gc,heap     ] GC(19) Humongous regions: 129->129
[2024-04-22T08:47:23.481+0000][gc,metaspace] GC(19) Metaspace: 42828K(43456K)->42828K(43456K) NonClass: 37839K(38208K)->37839K(38208K) Class: 4989K(5248K)->4989K(5248K)
[2024-04-22T08:47:23.481+0000][gc          ] GC(19) Pause Young (Normal) (G1 Evacuation Pause) 763M->154M(1024M) 2.780ms
[2024-04-22T08:47:23.481+0000][gc,cpu      ] GC(19) User=0.01s Sys=0.00s Real=0.00s
[2024-04-22T08:47:24.607+0000][gc,start    ] GC(20) Pause Young (Normal) (G1 Evacuation Pause)
[2024-04-22T08:47:24.607+0000][gc,task     ] GC(20) Using 8 workers of 8 for evacuation
[2024-04-22T08:47:24.611+0000][gc,phases   ] GC(20)   Pre Evacuate Collection Set: 0.1ms
[2024-04-22T08:47:24.611+0000][gc,phases   ] GC(20)   Merge Heap Roots: 0.1ms
[2024-04-22T08:47:24.611+0000][gc,phases   ] GC(20)   Evacuate Collection Set: 2.3ms
[2024-04-22T08:47:24.611+0000][gc,phases   ] GC(20)   Post Evacuate Collection Set: 0.6ms
[2024-04-22T08:47:24.611+0000][gc,phases   ] GC(20)   Other: 0.1ms
[2024-04-22T08:47:24.611+0000][gc,heap     ] GC(20) Eden regions: 609->0(609)
[2024-04-22T08:47:24.611+0000][gc,heap     ] GC(20) Survivor regions: 5->5(77)
[2024-04-22T08:47:24.611+0000][gc,heap     ] GC(20) Old regions: 21->21
[2024-04-22T08:47:24.611+0000][gc,heap     ] GC(20) Archive regions: 2->2
[2024-04-22T08:47:24.611+0000][gc,heap     ] GC(20) Humongous regions: 129->129
[2024-04-22T08:47:24.611+0000][gc,metaspace] GC(20) Metaspace: 42860K(43520K)->42860K(43520K) NonClass: 37864K(38272K)->37864K(38272K) Class: 4996K(5248K)->4996K(5248K)
[2024-04-22T08:47:24.611+0000][gc          ] GC(20) Pause Young (Normal) (G1 Evacuation Pause) 763M->154M(1024M) 3.257ms
[2024-04-22T08:47:24.611+0000][gc,cpu      ] GC(20) User=0.02s Sys=0.00s Real=0.00s
[2024-04-22T08:47:25.667+0000][gc,start    ] GC(21) Pause Young (Normal) (G1 Evacuation Pause)
[2024-04-22T08:47:25.667+0000][gc,task     ] GC(21) Using 8 workers of 8 for evacuation
[2024-04-22T08:47:25.670+0000][gc,phases   ] GC(21)   Pre Evacuate Collection Set: 0.1ms
[2024-04-22T08:47:25.670+0000][gc,phases   ] GC(21)   Merge Heap Roots: 0.1ms
[2024-04-22T08:47:25.670+0000][gc,phases   ] GC(21)   Evacuate Collection Set: 2.1ms
[2024-04-22T08:47:25.670+0000][gc,phases   ] GC(21)   Post Evacuate Collection Set: 0.4ms
[2024-04-22T08:47:25.670+0000][gc,phases   ] GC(21)   Other: 0.1ms
[2024-04-22T08:47:25.670+0000][gc,heap     ] GC(21) Eden regions: 609->0(611)
[2024-04-22T08:47:25.670+0000][gc,heap     ] GC(21) Survivor regions: 5->3(77)
[2024-04-22T08:47:25.670+0000][gc,heap     ] GC(21) Old regions: 21->22
[2024-04-22T08:47:25.670+0000][gc,heap     ] GC(21) Archive regions: 2->2
[2024-04-22T08:47:25.670+0000][gc,heap     ] GC(21) Humongous regions: 129->129
[2024-04-22T08:47:25.670+0000][gc,metaspace] GC(21) Metaspace: 42860K(43520K)->42860K(43520K) NonClass: 37864K(38272K)->37864K(38272K) Class: 4996K(5248K)->4996K(5248K)
[2024-04-22T08:47:25.670+0000][gc          ] GC(21) Pause Young (Normal) (G1 Evacuation Pause) 763M->154M(1024M) 2.872ms
[2024-04-22T08:47:25.670+0000][gc,cpu      ] GC(21) User=0.02s Sys=0.00s Real=0.00s
[2024-04-22T08:47:26.684+0000][gc,start    ] GC(22) Pause Young (Normal) (G1 Evacuation Pause)
[2024-04-22T08:47:26.684+0000][gc,task     ] GC(22) Using 8 workers of 8 for evacuation
[2024-04-22T08:47:26.686+0000][gc,phases   ] GC(22)   Pre Evacuate Collection Set: 0.1ms
[2024-04-22T08:47:26.686+0000][gc,phases   ] GC(22)   Merge Heap Roots: 0.1ms
[2024-04-22T08:47:26.686+0000][gc,phases   ] GC(22)   Evacuate Collection Set: 1.3ms
[2024-04-22T08:47:26.686+0000][gc,phases   ] GC(22)   Post Evacuate Collection Set: 0.4ms
[2024-04-22T08:47:26.686+0000][gc,phases   ] GC(22)   Other: 0.1ms
[2024-04-22T08:47:26.686+0000][gc,heap     ] GC(22) Eden regions: 611->0(611)
[2024-04-22T08:47:26.686+0000][gc,heap     ] GC(22) Survivor regions: 3->3(77)
[2024-04-22T08:47:26.686+0000][gc,heap     ] GC(22) Old regions: 22->23
[2024-04-22T08:47:26.686+0000][gc,heap     ] GC(22) Archive regions: 2->2
[2024-04-22T08:47:26.686+0000][gc,heap     ] GC(22) Humongous regions: 129->129
[2024-04-22T08:47:26.686+0000][gc,metaspace] GC(22) Metaspace: 42866K(43520K)->42866K(43520K) NonClass: 37870K(38272K)->37870K(38272K) Class: 4996K(5248K)->4996K(5248K)
[2024-04-22T08:47:26.686+0000][gc          ] GC(22) Pause Young (Normal) (G1 Evacuation Pause) 765M->154M(1024M) 2.026ms
[2024-04-22T08:47:26.686+0000][gc,cpu      ] GC(22) User=0.01s Sys=0.00s Real=0.01s
[2024-04-22T08:47:27.781+0000][gc,start    ] GC(23) Pause Young (Normal) (G1 Evacuation Pause)
[2024-04-22T08:47:27.781+0000][gc,task     ] GC(23) Using 8 workers of 8 for evacuation
[2024-04-22T08:47:27.783+0000][gc,phases   ] GC(23)   Pre Evacuate Collection Set: 0.1ms
[2024-04-22T08:47:27.783+0000][gc,phases   ] GC(23)   Merge Heap Roots: 0.1ms
[2024-04-22T08:47:27.783+0000][gc,phases   ] GC(23)   Evacuate Collection Set: 1.1ms
[2024-04-22T08:47:27.783+0000][gc,phases   ] GC(23)   Post Evacuate Collection Set: 0.4ms
[2024-04-22T08:47:27.783+0000][gc,phases   ] GC(23)   Other: 0.1ms
[2024-04-22T08:47:27.783+0000][gc,heap     ] GC(23) Eden regions: 611->0(611)
[2024-04-22T08:47:27.783+0000][gc,heap     ] GC(23) Survivor regions: 3->3(77)
[2024-04-22T08:47:27.783+0000][gc,heap     ] GC(23) Old regions: 23->23
[2024-04-22T08:47:27.783+0000][gc,heap     ] GC(23) Archive regions: 2->2
[2024-04-22T08:47:27.783+0000][gc,heap     ] GC(23) Humongous regions: 129->129
[2024-04-22T08:47:27.783+0000][gc,metaspace] GC(23) Metaspace: 42870K(43520K)->42870K(43520K) NonClass: 37872K(38272K)->37872K(38272K) Class: 4997K(5248K)->4997K(5248K)
[2024-04-22T08:47:27.783+0000][gc          ] GC(23) Pause Young (Normal) (G1 Evacuation Pause) 765M->154M(1024M) 1.782ms
[2024-04-22T08:47:27.783+0000][gc,cpu      ] GC(23) User=0.01s Sys=0.00s Real=0.00s
[2024-04-22T08:47:28.875+0000][gc,start    ] GC(24) Pause Young (Normal) (G1 Evacuation Pause)
[2024-04-22T08:47:28.875+0000][gc,task     ] GC(24) Using 8 workers of 8 for evacuation
[2024-04-22T08:47:28.877+0000][gc,phases   ] GC(24)   Pre Evacuate Collection Set: 0.1ms
[2024-04-22T08:47:28.877+0000][gc,phases   ] GC(24)   Merge Heap Roots: 0.1ms
[2024-04-22T08:47:28.877+0000][gc,phases   ] GC(24)   Evacuate Collection Set: 1.1ms
[2024-04-22T08:47:28.877+0000][gc,phases   ] GC(24)   Post Evacuate Collection Set: 0.4ms
[2024-04-22T08:47:28.877+0000][gc,phases   ] GC(24)   Other: 0.1ms
[2024-04-22T08:47:28.877+0000][gc,heap     ] GC(24) Eden regions: 611->0(611)
[2024-04-22T08:47:28.877+0000][gc,heap     ] GC(24) Survivor regions: 3->3(77)
[2024-04-22T08:47:28.877+0000][gc,heap     ] GC(24) Old regions: 23->23
[2024-04-22T08:47:28.877+0000][gc,heap     ] GC(24) Archive regions: 2->2
[2024-04-22T08:47:28.877+0000][gc,heap     ] GC(24) Humongous regions: 129->129
[2024-04-22T08:47:28.877+0000][gc,metaspace] GC(24) Metaspace: 42870K(43520K)->42870K(43520K) NonClass: 37873K(38272K)->37873K(38272K) Class: 4997K(5248K)->4997K(5248K)
[2024-04-22T08:47:28.877+0000][gc          ] GC(24) Pause Young (Normal) (G1 Evacuation Pause) 765M->154M(1024M) 1.747ms
[2024-04-22T08:47:28.877+0000][gc,cpu      ] GC(24) User=0.01s Sys=0.00s Real=0.00s
[2024-04-22T08:47:29.964+0000][gc,start    ] GC(25) Pause Young (Normal) (G1 Evacuation Pause)
[2024-04-22T08:47:29.964+0000][gc,task     ] GC(25) Using 8 workers of 8 for evacuation
[2024-04-22T08:47:29.966+0000][gc,phases   ] GC(25)   Pre Evacuate Collection Set: 0.1ms
[2024-04-22T08:47:29.966+0000][gc,phases   ] GC(25)   Merge Heap Roots: 0.1ms
[2024-04-22T08:47:29.966+0000][gc,phases   ] GC(25)   Evacuate Collection Set: 1.4ms
[2024-04-22T08:47:29.966+0000][gc,phases   ] GC(25)   Post Evacuate Collection Set: 0.4ms
[2024-04-22T08:47:29.966+0000][gc,phases   ] GC(25)   Other: 0.1ms
[2024-04-22T08:47:29.966+0000][gc,heap     ] GC(25) Eden regions: 611->0(611)
[2024-04-22T08:47:29.966+0000][gc,heap     ] GC(25) Survivor regions: 3->3(77)
[2024-04-22T08:47:29.966+0000][gc,heap     ] GC(25) Old regions: 23->23
[2024-04-22T08:47:29.966+0000][gc,heap     ] GC(25) Archive regions: 2->2
[2024-04-22T08:47:29.966+0000][gc,heap     ] GC(25) Humongous regions: 129->129
[2024-04-22T08:47:29.966+0000][gc,metaspace] GC(25) Metaspace: 42871K(43520K)->42871K(43520K) NonClass: 37873K(38272K)->37873K(38272K) Class: 4997K(5248K)->4997K(5248K)
[2024-04-22T08:47:29.966+0000][gc          ] GC(25) Pause Young (Normal) (G1 Evacuation Pause) 765M->154M(1024M) 2.118ms
[2024-04-22T08:47:29.966+0000][gc,cpu      ] GC(25) User=0.01s Sys=0.01s Real=0.01s
[2024-04-22T08:47:31.054+0000][gc,start    ] GC(26) Pause Young (Normal) (G1 Evacuation Pause)
[2024-04-22T08:47:31.054+0000][gc,task     ] GC(26) Using 8 workers of 8 for evacuation
[2024-04-22T08:47:31.055+0000][gc,phases   ] GC(26)   Pre Evacuate Collection Set: 0.1ms
[2024-04-22T08:47:31.055+0000][gc,phases   ] GC(26)   Merge Heap Roots: 0.1ms
[2024-04-22T08:47:31.055+0000][gc,phases   ] GC(26)   Evacuate Collection Set: 1.2ms
[2024-04-22T08:47:31.055+0000][gc,phases   ] GC(26)   Post Evacuate Collection Set: 0.4ms
[2024-04-22T08:47:31.055+0000][gc,phases   ] GC(26)   Other: 0.1ms
[2024-04-22T08:47:31.055+0000][gc,heap     ] GC(26) Eden regions: 611->0(611)
[2024-04-22T08:47:31.055+0000][gc,heap     ] GC(26) Survivor regions: 3->3(77)
[2024-04-22T08:47:31.055+0000][gc,heap     ] GC(26) Old regions: 23->23
[2024-04-22T08:47:31.056+0000][gc,heap     ] GC(26) Archive regions: 2->2
[2024-04-22T08:47:31.056+0000][gc,heap     ] GC(26) Humongous regions: 129->129
[2024-04-22T08:47:31.056+0000][gc,metaspace] GC(26) Metaspace: 42872K(43520K)->42872K(43520K) NonClass: 37874K(38272K)->37874K(38272K) Class: 4997K(5248K)->4997K(5248K)
[2024-04-22T08:47:31.056+0000][gc          ] GC(26) Pause Young (Normal) (G1 Evacuation Pause) 765M->155M(1024M) 1.884ms
[2024-04-22T08:47:31.056+0000][gc,cpu      ] GC(26) User=0.01s Sys=0.00s Real=0.00s
[2024-04-22T08:47:32.152+0000][gc,start    ] GC(27) Pause Young (Normal) (G1 Evacuation Pause)
[2024-04-22T08:47:32.152+0000][gc,task     ] GC(27) Using 8 workers of 8 for evacuation
[2024-04-22T08:47:32.154+0000][gc,phases   ] GC(27)   Pre Evacuate Collection Set: 0.1ms
[2024-04-22T08:47:32.154+0000][gc,phases   ] GC(27)   Merge Heap Roots: 0.1ms
[2024-04-22T08:47:32.154+0000][gc,phases   ] GC(27)   Evacuate Collection Set: 1.3ms
[2024-04-22T08:47:32.154+0000][gc,phases   ] GC(27)   Post Evacuate Collection Set: 0.4ms
[2024-04-22T08:47:32.154+0000][gc,phases   ] GC(27)   Other: 0.1ms
[2024-04-22T08:47:32.154+0000][gc,heap     ] GC(27) Eden regions: 611->0(611)
[2024-04-22T08:47:32.154+0000][gc,heap     ] GC(27) Survivor regions: 3->3(77)
[2024-04-22T08:47:32.154+0000][gc,heap     ] GC(27) Old regions: 23->23
[2024-04-22T08:47:32.154+0000][gc,heap     ] GC(27) Archive regions: 2->2
[2024-04-22T08:47:32.154+0000][gc,heap     ] GC(27) Humongous regions: 129->129
[2024-04-22T08:47:32.154+0000][gc,metaspace] GC(27) Metaspace: 42872K(43520K)->42872K(43520K) NonClass: 37874K(38272K)->37874K(38272K) Class: 4997K(5248K)->4997K(5248K)
[2024-04-22T08:47:32.154+0000][gc          ] GC(27) Pause Young (Normal) (G1 Evacuation Pause) 766M->155M(1024M) 1.925ms
[2024-04-22T08:47:32.154+0000][gc,cpu      ] GC(27) User=0.01s Sys=0.00s Real=0.00s
[2024-04-22T08:47:33.246+0000][gc,start    ] GC(28) Pause Young (Normal) (G1 Evacuation Pause)
[2024-04-22T08:47:33.246+0000][gc,task     ] GC(28) Using 8 workers of 8 for evacuation
[2024-04-22T08:47:33.247+0000][gc,phases   ] GC(28)   Pre Evacuate Collection Set: 0.1ms
[2024-04-22T08:47:33.248+0000][gc,phases   ] GC(28)   Merge Heap Roots: 0.1ms
[2024-04-22T08:47:33.248+0000][gc,phases   ] GC(28)   Evacuate Collection Set: 1.2ms
[2024-04-22T08:47:33.248+0000][gc,phases   ] GC(28)   Post Evacuate Collection Set: 0.4ms
[2024-04-22T08:47:33.248+0000][gc,phases   ] GC(28)   Other: 0.1ms
[2024-04-22T08:47:33.248+0000][gc,heap     ] GC(28) Eden regions: 611->0(611)
[2024-04-22T08:47:33.248+0000][gc,heap     ] GC(28) Survivor regions: 3->3(77)
[2024-04-22T08:47:33.248+0000][gc,heap     ] GC(28) Old regions: 23->23
[2024-04-22T08:47:33.248+0000][gc,heap     ] GC(28) Archive regions: 2->2
[2024-04-22T08:47:33.248+0000][gc,heap     ] GC(28) Humongous regions: 129->129
[2024-04-22T08:47:33.248+0000][gc,metaspace] GC(28) Metaspace: 42872K(43520K)->42872K(43520K) NonClass: 37874K(38272K)->37874K(38272K) Class: 4997K(5248K)->4997K(5248K)
[2024-04-22T08:47:33.248+0000][gc          ] GC(28) Pause Young (Normal) (G1 Evacuation Pause) 766M->155M(1024M) 1.884ms
[2024-04-22T08:47:33.248+0000][gc,cpu      ] GC(28) User=0.01s Sys=0.00s Real=0.00s
[2024-04-22T08:47:34.335+0000][gc,start    ] GC(29) Pause Young (Normal) (G1 Evacuation Pause)
[2024-04-22T08:47:34.335+0000][gc,task     ] GC(29) Using 8 workers of 8 for evacuation
[2024-04-22T08:47:34.337+0000][gc,phases   ] GC(29)   Pre Evacuate Collection Set: 0.1ms
[2024-04-22T08:47:34.337+0000][gc,phases   ] GC(29)   Merge Heap Roots: 0.1ms
[2024-04-22T08:47:34.337+0000][gc,phases   ] GC(29)   Evacuate Collection Set: 1.2ms
[2024-04-22T08:47:34.337+0000][gc,phases   ] GC(29)   Post Evacuate Collection Set: 0.4ms
[2024-04-22T08:47:34.337+0000][gc,phases   ] GC(29)   Other: 0.1ms
[2024-04-22T08:47:34.337+0000][gc,heap     ] GC(29) Eden regions: 611->0(611)
[2024-04-22T08:47:34.337+0000][gc,heap     ] GC(29) Survivor regions: 3->3(77)
[2024-04-22T08:47:34.337+0000][gc,heap     ] GC(29) Old regions: 23->24
[2024-04-22T08:47:34.337+0000][gc,heap     ] GC(29) Archive regions: 2->2
[2024-04-22T08:47:34.337+0000][gc,heap     ] GC(29) Humongous regions: 129->129
[2024-04-22T08:47:34.337+0000][gc,metaspace] GC(29) Metaspace: 42874K(43520K)->42874K(43520K) NonClass: 37876K(38272K)->37876K(38272K) Class: 4997K(5248K)->4997K(5248K)
[2024-04-22T08:47:34.337+0000][gc          ] GC(29) Pause Young (Normal) (G1 Evacuation Pause) 766M->155M(1024M) 1.923ms
[2024-04-22T08:47:34.337+0000][gc,cpu      ] GC(29) User=0.02s Sys=0.00s Real=0.00s
[2024-04-22T08:47:35.428+0000][gc,start    ] GC(30) Pause Young (Normal) (G1 Evacuation Pause)
[2024-04-22T08:47:35.428+0000][gc,task     ] GC(30) Using 8 workers of 8 for evacuation
[2024-04-22T08:47:35.430+0000][gc,phases   ] GC(30)   Pre Evacuate Collection Set: 0.1ms
[2024-04-22T08:47:35.430+0000][gc,phases   ] GC(30)   Merge Heap Roots: 0.1ms
[2024-04-22T08:47:35.430+0000][gc,phases   ] GC(30)   Evacuate Collection Set: 1.3ms
[2024-04-22T08:47:35.430+0000][gc,phases   ] GC(30)   Post Evacuate Collection Set: 0.4ms
[2024-04-22T08:47:35.430+0000][gc,phases   ] GC(30)   Other: 0.1ms
[2024-04-22T08:47:35.430+0000][gc,heap     ] GC(30) Eden regions: 611->0(611)
[2024-04-22T08:47:35.430+0000][gc,heap     ] GC(30) Survivor regions: 3->3(77)
[2024-04-22T08:47:35.430+0000][gc,heap     ] GC(30) Old regions: 24->24
[2024-04-22T08:47:35.430+0000][gc,heap     ] GC(30) Archive regions: 2->2
[2024-04-22T08:47:35.430+0000][gc,heap     ] GC(30) Humongous regions: 129->129
[2024-04-22T08:47:35.430+0000][gc,metaspace] GC(30) Metaspace: 42874K(43520K)->42874K(43520K) NonClass: 37876K(38272K)->37876K(38272K) Class: 4997K(5248K)->4997K(5248K)
[2024-04-22T08:47:35.430+0000][gc          ] GC(30) Pause Young (Normal) (G1 Evacuation Pause) 766M->156M(1024M) 1.974ms
[2024-04-22T08:47:35.430+0000][gc,cpu      ] GC(30) User=0.01s Sys=0.00s Real=0.00s
[2024-04-22T08:47:36.522+0000][gc,start    ] GC(31) Pause Young (Normal) (G1 Evacuation Pause)
[2024-04-22T08:47:36.522+0000][gc,task     ] GC(31) Using 8 workers of 8 for evacuation
[2024-04-22T08:47:36.524+0000][gc,phases   ] GC(31)   Pre Evacuate Collection Set: 0.1ms
[2024-04-22T08:47:36.524+0000][gc,phases   ] GC(31)   Merge Heap Roots: 0.1ms
[2024-04-22T08:47:36.524+0000][gc,phases   ] GC(31)   Evacuate Collection Set: 1.4ms
[2024-04-22T08:47:36.524+0000][gc,phases   ] GC(31)   Post Evacuate Collection Set: 0.4ms
[2024-04-22T08:47:36.524+0000][gc,phases   ] GC(31)   Other: 0.1ms
[2024-04-22T08:47:36.524+0000][gc,heap     ] GC(31) Eden regions: 611->0(611)
[2024-04-22T08:47:36.524+0000][gc,heap     ] GC(31) Survivor regions: 3->3(77)
[2024-04-22T08:47:36.524+0000][gc,heap     ] GC(31) Old regions: 24->24
[2024-04-22T08:47:36.524+0000][gc,heap     ] GC(31) Archive regions: 2->2
[2024-04-22T08:47:36.524+0000][gc,heap     ] GC(31) Humongous regions: 129->129
[2024-04-22T08:47:36.524+0000][gc,metaspace] GC(31) Metaspace: 42874K(43520K)->42874K(43520K) NonClass: 37876K(38272K)->37876K(38272K) Class: 4997K(5248K)->4997K(5248K)
[2024-04-22T08:47:36.524+0000][gc          ] GC(31) Pause Young (Normal) (G1 Evacuation Pause) 767M->156M(1024M) 2.109ms
[2024-04-22T08:47:36.524+0000][gc,cpu      ] GC(31) User=0.00s Sys=0.00s Real=0.00s
[2024-04-22T08:47:37.615+0000][gc,start    ] GC(32) Pause Young (Normal) (G1 Evacuation Pause)
[2024-04-22T08:47:37.615+0000][gc,task     ] GC(32) Using 8 workers of 8 for evacuation
[2024-04-22T08:47:37.617+0000][gc,phases   ] GC(32)   Pre Evacuate Collection Set: 0.1ms
[2024-04-22T08:47:37.617+0000][gc,phases   ] GC(32)   Merge Heap Roots: 0.1ms
[2024-04-22T08:47:37.617+0000][gc,phases   ] GC(32)   Evacuate Collection Set: 1.5ms
[2024-04-22T08:47:37.617+0000][gc,phases   ] GC(32)   Post Evacuate Collection Set: 0.4ms
[2024-04-22T08:47:37.617+0000][gc,phases   ] GC(32)   Other: 0.1ms
[2024-04-22T08:47:37.617+0000][gc,heap     ] GC(32) Eden regions: 611->0(611)
[2024-04-22T08:47:37.617+0000][gc,heap     ] GC(32) Survivor regions: 3->3(77)
[2024-04-22T08:47:37.617+0000][gc,heap     ] GC(32) Old regions: 24->24
[2024-04-22T08:47:37.617+0000][gc,heap     ] GC(32) Archive regions: 2->2
[2024-04-22T08:47:37.617+0000][gc,heap     ] GC(32) Humongous regions: 129->129
[2024-04-22T08:47:37.617+0000][gc,metaspace] GC(32) Metaspace: 42874K(43520K)->42874K(43520K) NonClass: 37876K(38272K)->37876K(38272K) Class: 4997K(5248K)->4997K(5248K)
[2024-04-22T08:47:37.617+0000][gc          ] GC(32) Pause Young (Normal) (G1 Evacuation Pause) 767M->156M(1024M) 2.162ms
[2024-04-22T08:47:37.617+0000][gc,cpu      ] GC(32) User=0.01s Sys=0.00s Real=0.00s
[2024-04-22T08:47:38.709+0000][gc,start    ] GC(33) Pause Young (Normal) (G1 Evacuation Pause)
[2024-04-22T08:47:38.709+0000][gc,task     ] GC(33) Using 8 workers of 8 for evacuation
[2024-04-22T08:47:38.711+0000][gc,phases   ] GC(33)   Pre Evacuate Collection Set: 0.1ms
[2024-04-22T08:47:38.711+0000][gc,phases   ] GC(33)   Merge Heap Roots: 0.1ms
[2024-04-22T08:47:38.711+0000][gc,phases   ] GC(33)   Evacuate Collection Set: 1.5ms
[2024-04-22T08:47:38.711+0000][gc,phases   ] GC(33)   Post Evacuate Collection Set: 0.4ms
[2024-04-22T08:47:38.711+0000][gc,phases   ] GC(33)   Other: 0.1ms
[2024-04-22T08:47:38.711+0000][gc,heap     ] GC(33) Eden regions: 611->0(611)
[2024-04-22T08:47:38.711+0000][gc,heap     ] GC(33) Survivor regions: 3->3(77)
[2024-04-22T08:47:38.711+0000][gc,heap     ] GC(33) Old regions: 24->24
[2024-04-22T08:47:38.711+0000][gc,heap     ] GC(33) Archive regions: 2->2
[2024-04-22T08:47:38.711+0000][gc,heap     ] GC(33) Humongous regions: 129->129
[2024-04-22T08:47:38.711+0000][gc,metaspace] GC(33) Metaspace: 42874K(43520K)->42874K(43520K) NonClass: 37876K(38272K)->37876K(38272K) Class: 4997K(5248K)->4997K(5248K)
[2024-04-22T08:47:38.711+0000][gc          ] GC(33) Pause Young (Normal) (G1 Evacuation Pause) 767M->156M(1024M) 2.203ms
[2024-04-22T08:47:38.711+0000][gc,cpu      ] GC(33) User=0.01s Sys=0.00s Real=0.00s
[2024-04-22T08:47:39.793+0000][gc,start    ] GC(34) Pause Young (Normal) (G1 Evacuation Pause)
[2024-04-22T08:47:39.793+0000][gc,task     ] GC(34) Using 8 workers of 8 for evacuation
[2024-04-22T08:47:39.795+0000][gc,phases   ] GC(34)   Pre Evacuate Collection Set: 0.1ms
[2024-04-22T08:47:39.795+0000][gc,phases   ] GC(34)   Merge Heap Roots: 0.1ms
[2024-04-22T08:47:39.795+0000][gc,phases   ] GC(34)   Evacuate Collection Set: 1.6ms
[2024-04-22T08:47:39.795+0000][gc,phases   ] GC(34)   Post Evacuate Collection Set: 0.4ms
[2024-04-22T08:47:39.795+0000][gc,phases   ] GC(34)   Other: 0.1ms
[2024-04-22T08:47:39.795+0000][gc,heap     ] GC(34) Eden regions: 611->0(611)
[2024-04-22T08:47:39.795+0000][gc,heap     ] GC(34) Survivor regions: 3->3(77)
[2024-04-22T08:47:39.795+0000][gc,heap     ] GC(34) Old regions: 24->24
[2024-04-22T08:47:39.795+0000][gc,heap     ] GC(34) Archive regions: 2->2
[2024-04-22T08:47:39.795+0000][gc,heap     ] GC(34) Humongous regions: 129->129
[2024-04-22T08:47:39.795+0000][gc,metaspace] GC(34) Metaspace: 42880K(43520K)->42880K(43520K) NonClass: 37883K(38272K)->37883K(38272K) Class: 4997K(5248K)->4997K(5248K)
[2024-04-22T08:47:39.795+0000][gc          ] GC(34) Pause Young (Normal) (G1 Evacuation Pause) 767M->156M(1024M) 2.311ms
[2024-04-22T08:47:39.795+0000][gc,cpu      ] GC(34) User=0.01s Sys=0.00s Real=0.00s
[2024-04-22T08:47:40.852+0000][gc,start    ] GC(35) Pause Young (Normal) (G1 Evacuation Pause)
[2024-04-22T08:47:40.852+0000][gc,task     ] GC(35) Using 8 workers of 8 for evacuation
[2024-04-22T08:47:40.854+0000][gc,phases   ] GC(35)   Pre Evacuate Collection Set: 0.1ms
[2024-04-22T08:47:40.854+0000][gc,phases   ] GC(35)   Merge Heap Roots: 0.1ms
[2024-04-22T08:47:40.854+0000][gc,phases   ] GC(35)   Evacuate Collection Set: 1.6ms
[2024-04-22T08:47:40.854+0000][gc,phases   ] GC(35)   Post Evacuate Collection Set: 0.4ms
[2024-04-22T08:47:40.854+0000][gc,phases   ] GC(35)   Other: 0.1ms
[2024-04-22T08:47:40.854+0000][gc,heap     ] GC(35) Eden regions: 611->0(611)
[2024-04-22T08:47:40.854+0000][gc,heap     ] GC(35) Survivor regions: 3->3(77)
[2024-04-22T08:47:40.854+0000][gc,heap     ] GC(35) Old regions: 24->25
[2024-04-22T08:47:40.854+0000][gc,heap     ] GC(35) Archive regions: 2->2
[2024-04-22T08:47:40.854+0000][gc,heap     ] GC(35) Humongous regions: 129->129
[2024-04-22T08:47:40.854+0000][gc,metaspace] GC(35) Metaspace: 42880K(43520K)->42880K(43520K) NonClass: 37883K(38272K)->37883K(38272K) Class: 4997K(5248K)->4997K(5248K)
[2024-04-22T08:47:40.854+0000][gc          ] GC(35) Pause Young (Normal) (G1 Evacuation Pause) 767M->156M(1024M) 2.310ms
[2024-04-22T08:47:40.854+0000][gc,cpu      ] GC(35) User=0.01s Sys=0.00s Real=0.00s
[2024-04-22T08:47:41.945+0000][gc,start    ] GC(36) Pause Young (Normal) (G1 Evacuation Pause)
[2024-04-22T08:47:41.945+0000][gc,task     ] GC(36) Using 8 workers of 8 for evacuation
[2024-04-22T08:47:41.947+0000][gc,phases   ] GC(36)   Pre Evacuate Collection Set: 0.1ms
[2024-04-22T08:47:41.947+0000][gc,phases   ] GC(36)   Merge Heap Roots: 0.1ms
[2024-04-22T08:47:41.947+0000][gc,phases   ] GC(36)   Evacuate Collection Set: 1.6ms
[2024-04-22T08:47:41.947+0000][gc,phases   ] GC(36)   Post Evacuate Collection Set: 0.4ms
[2024-04-22T08:47:41.947+0000][gc,phases   ] GC(36)   Other: 0.1ms
[2024-04-22T08:47:41.947+0000][gc,heap     ] GC(36) Eden regions: 611->0(611)
[2024-04-22T08:47:41.947+0000][gc,heap     ] GC(36) Survivor regions: 3->3(77)
[2024-04-22T08:47:41.947+0000][gc,heap     ] GC(36) Old regions: 25->25
[2024-04-22T08:47:41.947+0000][gc,heap     ] GC(36) Archive regions: 2->2
[2024-04-22T08:47:41.947+0000][gc,heap     ] GC(36) Humongous regions: 129->129
[2024-04-22T08:47:41.947+0000][gc,metaspace] GC(36) Metaspace: 42880K(43520K)->42880K(43520K) NonClass: 37883K(38272K)->37883K(38272K) Class: 4997K(5248K)->4997K(5248K)
[2024-04-22T08:47:41.947+0000][gc          ] GC(36) Pause Young (Normal) (G1 Evacuation Pause) 767M->156M(1024M) 2.346ms
[2024-04-22T08:47:41.947+0000][gc,cpu      ] GC(36) User=0.01s Sys=0.00s Real=0.00s
[2024-04-22T08:47:43.040+0000][gc,start    ] GC(37) Pause Young (Normal) (G1 Evacuation Pause)
[2024-04-22T08:47:43.040+0000][gc,task     ] GC(37) Using 8 workers of 8 for evacuation
[2024-04-22T08:47:43.042+0000][gc,phases   ] GC(37)   Pre Evacuate Collection Set: 0.1ms
[2024-04-22T08:47:43.042+0000][gc,phases   ] GC(37)   Merge Heap Roots: 0.1ms
[2024-04-22T08:47:43.042+0000][gc,phases   ] GC(37)   Evacuate Collection Set: 1.6ms
[2024-04-22T08:47:43.042+0000][gc,phases   ] GC(37)   Post Evacuate Collection Set: 0.4ms
[2024-04-22T08:47:43.042+0000][gc,phases   ] GC(37)   Other: 0.1ms
[2024-04-22T08:47:43.042+0000][gc,heap     ] GC(37) Eden regions: 611->0(611)
[2024-04-22T08:47:43.042+0000][gc,heap     ] GC(37) Survivor regions: 3->3(77)
[2024-04-22T08:47:43.042+0000][gc,heap     ] GC(37) Old regions: 25->25
[2024-04-22T08:47:43.042+0000][gc,heap     ] GC(37) Archive regions: 2->2
[2024-04-22T08:47:43.042+0000][gc,heap     ] GC(37) Humongous regions: 129->129
[2024-04-22T08:47:43.042+0000][gc,metaspace] GC(37) Metaspace: 42882K(43520K)->42882K(43520K) NonClass: 37884K(38272K)->37884K(38272K) Class: 4997K(5248K)->4997K(5248K)
[2024-04-22T08:47:43.042+0000][gc          ] GC(37) Pause Young (Normal) (G1 Evacuation Pause) 767M->157M(1024M) 2.311ms
[2024-04-22T08:47:43.042+0000][gc,cpu      ] GC(37) User=0.01s Sys=0.01s Real=0.00s
[2024-04-22T08:47:44.130+0000][gc,start    ] GC(38) Pause Young (Normal) (G1 Evacuation Pause)
[2024-04-22T08:47:44.130+0000][gc,task     ] GC(38) Using 8 workers of 8 for evacuation
[2024-04-22T08:47:44.132+0000][gc,phases   ] GC(38)   Pre Evacuate Collection Set: 0.1ms
[2024-04-22T08:47:44.132+0000][gc,phases   ] GC(38)   Merge Heap Roots: 0.1ms
[2024-04-22T08:47:44.132+0000][gc,phases   ] GC(38)   Evacuate Collection Set: 1.5ms
[2024-04-22T08:47:44.132+0000][gc,phases   ] GC(38)   Post Evacuate Collection Set: 0.4ms
[2024-04-22T08:47:44.132+0000][gc,phases   ] GC(38)   Other: 0.1ms
[2024-04-22T08:47:44.132+0000][gc,heap     ] GC(38) Eden regions: 611->0(611)
[2024-04-22T08:47:44.132+0000][gc,heap     ] GC(38) Survivor regions: 3->3(77)
[2024-04-22T08:47:44.132+0000][gc,heap     ] GC(38) Old regions: 25->25
[2024-04-22T08:47:44.132+0000][gc,heap     ] GC(38) Archive regions: 2->2
[2024-04-22T08:47:44.132+0000][gc,heap     ] GC(38) Humongous regions: 129->129
[2024-04-22T08:47:44.132+0000][gc,metaspace] GC(38) Metaspace: 42882K(43520K)->42882K(43520K) NonClass: 37884K(38272K)->37884K(38272K) Class: 4997K(5248K)->4997K(5248K)
[2024-04-22T08:47:44.132+0000][gc          ] GC(38) Pause Young (Normal) (G1 Evacuation Pause) 768M->157M(1024M) 2.181ms
[2024-04-22T08:47:44.132+0000][gc,cpu      ] GC(38) User=0.01s Sys=0.00s Real=0.00s
[2024-04-22T08:47:45.230+0000][gc,start    ] GC(39) Pause Young (Normal) (G1 Evacuation Pause)
[2024-04-22T08:47:45.230+0000][gc,task     ] GC(39) Using 8 workers of 8 for evacuation
[2024-04-22T08:47:45.232+0000][gc,phases   ] GC(39)   Pre Evacuate Collection Set: 0.1ms
[2024-04-22T08:47:45.232+0000][gc,phases   ] GC(39)   Merge Heap Roots: 0.1ms
[2024-04-22T08:47:45.232+0000][gc,phases   ] GC(39)   Evacuate Collection Set: 1.7ms
[2024-04-22T08:47:45.232+0000][gc,phases   ] GC(39)   Post Evacuate Collection Set: 0.4ms
[2024-04-22T08:47:45.232+0000][gc,phases   ] GC(39)   Other: 0.1ms
[2024-04-22T08:47:45.232+0000][gc,heap     ] GC(39) Eden regions: 611->0(611)
[2024-04-22T08:47:45.232+0000][gc,heap     ] GC(39) Survivor regions: 3->3(77)
[2024-04-22T08:47:45.232+0000][gc,heap     ] GC(39) Old regions: 25->25
[2024-04-22T08:47:45.232+0000][gc,heap     ] GC(39) Archive regions: 2->2
[2024-04-22T08:47:45.232+0000][gc,heap     ] GC(39) Humongous regions: 129->129
[2024-04-22T08:47:45.232+0000][gc,metaspace] GC(39) Metaspace: 42882K(43520K)->42882K(43520K) NonClass: 37885K(38272K)->37885K(38272K) Class: 4997K(5248K)->4997K(5248K)
[2024-04-22T08:47:45.232+0000][gc          ] GC(39) Pause Young (Normal) (G1 Evacuation Pause) 768M->157M(1024M) 2.375ms
[2024-04-22T08:47:45.232+0000][gc,cpu      ] GC(39) User=0.01s Sys=0.01s Real=0.01s
[2024-04-22T08:47:46.322+0000][gc,start    ] GC(40) Pause Young (Normal) (G1 Evacuation Pause)
[2024-04-22T08:47:46.322+0000][gc,task     ] GC(40) Using 8 workers of 8 for evacuation
[2024-04-22T08:47:46.324+0000][gc,phases   ] GC(40)   Pre Evacuate Collection Set: 0.1ms
[2024-04-22T08:47:46.324+0000][gc,phases   ] GC(40)   Merge Heap Roots: 0.1ms
[2024-04-22T08:47:46.324+0000][gc,phases   ] GC(40)   Evacuate Collection Set: 1.5ms
[2024-04-22T08:47:46.324+0000][gc,phases   ] GC(40)   Post Evacuate Collection Set: 0.4ms
[2024-04-22T08:47:46.324+0000][gc,phases   ] GC(40)   Other: 0.1ms
[2024-04-22T08:47:46.324+0000][gc,heap     ] GC(40) Eden regions: 611->0(611)
[2024-04-22T08:47:46.324+0000][gc,heap     ] GC(40) Survivor regions: 3->3(77)
[2024-04-22T08:47:46.324+0000][gc,heap     ] GC(40) Old regions: 25->25
[2024-04-22T08:47:46.324+0000][gc,heap     ] GC(40) Archive regions: 2->2
[2024-04-22T08:47:46.324+0000][gc,heap     ] GC(40) Humongous regions: 129->129
[2024-04-22T08:47:46.324+0000][gc,metaspace] GC(40) Metaspace: 42891K(43520K)->42891K(43520K) NonClass: 37893K(38272K)->37893K(38272K) Class: 4997K(5248K)->4997K(5248K)
[2024-04-22T08:47:46.324+0000][gc          ] GC(40) Pause Young (Normal) (G1 Evacuation Pause) 768M->157M(1024M) 2.218ms
[2024-04-22T08:47:46.324+0000][gc,cpu      ] GC(40) User=0.01s Sys=0.00s Real=0.01s
[2024-04-22T08:47:47.410+0000][gc,start    ] GC(41) Pause Young (Normal) (G1 Evacuation Pause)
[2024-04-22T08:47:47.410+0000][gc,task     ] GC(41) Using 8 workers of 8 for evacuation
[2024-04-22T08:47:47.412+0000][gc,phases   ] GC(41)   Pre Evacuate Collection Set: 0.1ms
[2024-04-22T08:47:47.412+0000][gc,phases   ] GC(41)   Merge Heap Roots: 0.1ms
[2024-04-22T08:47:47.412+0000][gc,phases   ] GC(41)   Evacuate Collection Set: 1.5ms
[2024-04-22T08:47:47.412+0000][gc,phases   ] GC(41)   Post Evacuate Collection Set: 0.4ms
[2024-04-22T08:47:47.412+0000][gc,phases   ] GC(41)   Other: 0.1ms
[2024-04-22T08:47:47.412+0000][gc,heap     ] GC(41) Eden regions: 611->0(611)
[2024-04-22T08:47:47.412+0000][gc,heap     ] GC(41) Survivor regions: 3->3(77)
[2024-04-22T08:47:47.412+0000][gc,heap     ] GC(41) Old regions: 25->26
[2024-04-22T08:47:47.412+0000][gc,heap     ] GC(41) Archive regions: 2->2
[2024-04-22T08:47:47.412+0000][gc,heap     ] GC(41) Humongous regions: 129->129
[2024-04-22T08:47:47.412+0000][gc,metaspace] GC(41) Metaspace: 42891K(43520K)->42891K(43520K) NonClass: 37893K(38272K)->37893K(38272K) Class: 4997K(5248K)->4997K(5248K)
[2024-04-22T08:47:47.412+0000][gc          ] GC(41) Pause Young (Normal) (G1 Evacuation Pause) 768M->157M(1024M) 2.176ms
[2024-04-22T08:47:47.412+0000][gc,cpu      ] GC(41) User=0.01s Sys=0.00s Real=0.01s
[2024-04-22T08:47:48.507+0000][gc,start    ] GC(42) Pause Young (Normal) (G1 Evacuation Pause)
[2024-04-22T08:47:48.507+0000][gc,task     ] GC(42) Using 8 workers of 8 for evacuation
[2024-04-22T08:47:48.510+0000][gc,phases   ] GC(42)   Pre Evacuate Collection Set: 0.1ms
[2024-04-22T08:47:48.510+0000][gc,phases   ] GC(42)   Merge Heap Roots: 0.1ms
[2024-04-22T08:47:48.510+0000][gc,phases   ] GC(42)   Evacuate Collection Set: 1.6ms
[2024-04-22T08:47:48.510+0000][gc,phases   ] GC(42)   Post Evacuate Collection Set: 0.4ms
[2024-04-22T08:47:48.510+0000][gc,phases   ] GC(42)   Other: 0.1ms
[2024-04-22T08:47:48.510+0000][gc,heap     ] GC(42) Eden regions: 611->0(611)
[2024-04-22T08:47:48.510+0000][gc,heap     ] GC(42) Survivor regions: 3->3(77)
[2024-04-22T08:47:48.510+0000][gc,heap     ] GC(42) Old regions: 26->26
[2024-04-22T08:47:48.510+0000][gc,heap     ] GC(42) Archive regions: 2->2
[2024-04-22T08:47:48.510+0000][gc,heap     ] GC(42) Humongous regions: 129->129
[2024-04-22T08:47:48.510+0000][gc,metaspace] GC(42) Metaspace: 42891K(43520K)->42891K(43520K) NonClass: 37894K(38272K)->37894K(38272K) Class: 4997K(5248K)->4997K(5248K)
[2024-04-22T08:47:48.510+0000][gc          ] GC(42) Pause Young (Normal) (G1 Evacuation Pause) 768M->157M(1024M) 2.304ms
[2024-04-22T08:47:48.510+0000][gc,cpu      ] GC(42) User=0.01s Sys=0.00s Real=0.00s
[2024-04-22T08:47:49.605+0000][gc,start    ] GC(43) Pause Young (Normal) (G1 Evacuation Pause)
[2024-04-22T08:47:49.605+0000][gc,task     ] GC(43) Using 8 workers of 8 for evacuation
[2024-04-22T08:47:49.607+0000][gc,phases   ] GC(43)   Pre Evacuate Collection Set: 0.1ms
[2024-04-22T08:47:49.607+0000][gc,phases   ] GC(43)   Merge Heap Roots: 0.1ms
[2024-04-22T08:47:49.607+0000][gc,phases   ] GC(43)   Evacuate Collection Set: 1.6ms
[2024-04-22T08:47:49.607+0000][gc,phases   ] GC(43)   Post Evacuate Collection Set: 0.4ms
[2024-04-22T08:47:49.607+0000][gc,phases   ] GC(43)   Other: 0.1ms
[2024-04-22T08:47:49.607+0000][gc,heap     ] GC(43) Eden regions: 611->0(611)
[2024-04-22T08:47:49.607+0000][gc,heap     ] GC(43) Survivor regions: 3->3(77)
[2024-04-22T08:47:49.607+0000][gc,heap     ] GC(43) Old regions: 26->26
[2024-04-22T08:47:49.607+0000][gc,heap     ] GC(43) Archive regions: 2->2
[2024-04-22T08:47:49.607+0000][gc,heap     ] GC(43) Humongous regions: 129->129
[2024-04-22T08:47:49.607+0000][gc,metaspace] GC(43) Metaspace: 42891K(43520K)->42891K(43520K) NonClass: 37894K(38272K)->37894K(38272K) Class: 4997K(5248K)->4997K(5248K)
[2024-04-22T08:47:49.607+0000][gc          ] GC(43) Pause Young (Normal) (G1 Evacuation Pause) 768M->157M(1024M) 2.252ms
[2024-04-22T08:47:49.607+0000][gc,cpu      ] GC(43) User=0.01s Sys=0.00s Real=0.00s
[2024-04-22T08:47:50.699+0000][gc,start    ] GC(44) Pause Young (Normal) (G1 Evacuation Pause)
[2024-04-22T08:47:50.699+0000][gc,task     ] GC(44) Using 8 workers of 8 for evacuation
[2024-04-22T08:47:50.701+0000][gc,phases   ] GC(44)   Pre Evacuate Collection Set: 0.1ms
[2024-04-22T08:47:50.701+0000][gc,phases   ] GC(44)   Merge Heap Roots: 0.1ms
[2024-04-22T08:47:50.701+0000][gc,phases   ] GC(44)   Evacuate Collection Set: 1.5ms
[2024-04-22T08:47:50.701+0000][gc,phases   ] GC(44)   Post Evacuate Collection Set: 0.4ms
[2024-04-22T08:47:50.701+0000][gc,phases   ] GC(44)   Other: 0.1ms
[2024-04-22T08:47:50.701+0000][gc,heap     ] GC(44) Eden regions: 611->0(611)
[2024-04-22T08:47:50.701+0000][gc,heap     ] GC(44) Survivor regions: 3->3(77)
[2024-04-22T08:47:50.701+0000][gc,heap     ] GC(44) Old regions: 26->26
[2024-04-22T08:47:50.701+0000][gc,heap     ] GC(44) Archive regions: 2->2
[2024-04-22T08:47:50.701+0000][gc,heap     ] GC(44) Humongous regions: 129->129
[2024-04-22T08:47:50.701+0000][gc,metaspace] GC(44) Metaspace: 42892K(43520K)->42892K(43520K) NonClass: 37894K(38272K)->37894K(38272K) Class: 4997K(5248K)->4997K(5248K)
[2024-04-22T08:47:50.701+0000][gc          ] GC(44) Pause Young (Normal) (G1 Evacuation Pause) 768M->158M(1024M) 2.210ms
[2024-04-22T08:47:50.701+0000][gc,cpu      ] GC(44) User=0.01s Sys=0.00s Real=0.00s
[2024-04-22T08:47:51.779+0000][gc,start    ] GC(45) Pause Young (Normal) (G1 Evacuation Pause)
[2024-04-22T08:47:51.779+0000][gc,task     ] GC(45) Using 8 workers of 8 for evacuation
[2024-04-22T08:47:51.781+0000][gc,phases   ] GC(45)   Pre Evacuate Collection Set: 0.1ms
[2024-04-22T08:47:51.781+0000][gc,phases   ] GC(45)   Merge Heap Roots: 0.1ms
[2024-04-22T08:47:51.781+0000][gc,phases   ] GC(45)   Evacuate Collection Set: 1.4ms
[2024-04-22T08:47:51.781+0000][gc,phases   ] GC(45)   Post Evacuate Collection Set: 0.4ms
[2024-04-22T08:47:51.781+0000][gc,phases   ] GC(45)   Other: 0.1ms
[2024-04-22T08:47:51.781+0000][gc,heap     ] GC(45) Eden regions: 611->0(612)
[2024-04-22T08:47:51.781+0000][gc,heap     ] GC(45) Survivor regions: 3->2(77)
[2024-04-22T08:47:51.781+0000][gc,heap     ] GC(45) Old regions: 26->27
[2024-04-22T08:47:51.781+0000][gc,heap     ] GC(45) Archive regions: 2->2
[2024-04-22T08:47:51.781+0000][gc,heap     ] GC(45) Humongous regions: 129->129
[2024-04-22T08:47:51.781+0000][gc,metaspace] GC(45) Metaspace: 42892K(43520K)->42892K(43520K) NonClass: 37894K(38272K)->37894K(38272K) Class: 4997K(5248K)->4997K(5248K)
[2024-04-22T08:47:51.781+0000][gc          ] GC(45) Pause Young (Normal) (G1 Evacuation Pause) 769M->157M(1024M) 2.131ms
[2024-04-22T08:47:51.781+0000][gc,cpu      ] GC(45) User=0.02s Sys=0.00s Real=0.00s
[2024-04-22T08:47:52.812+0000][gc,start    ] GC(46) Pause Young (Normal) (G1 Evacuation Pause)
[2024-04-22T08:47:52.812+0000][gc,task     ] GC(46) Using 8 workers of 8 for evacuation
[2024-04-22T08:47:52.814+0000][gc,phases   ] GC(46)   Pre Evacuate Collection Set: 0.1ms
[2024-04-22T08:47:52.814+0000][gc,phases   ] GC(46)   Merge Heap Roots: 0.1ms
[2024-04-22T08:47:52.814+0000][gc,phases   ] GC(46)   Evacuate Collection Set: 1.4ms
[2024-04-22T08:47:52.814+0000][gc,phases   ] GC(46)   Post Evacuate Collection Set: 0.4ms
[2024-04-22T08:47:52.814+0000][gc,phases   ] GC(46)   Other: 0.1ms
[2024-04-22T08:47:52.814+0000][gc,heap     ] GC(46) Eden regions: 612->0(612)
[2024-04-22T08:47:52.814+0000][gc,heap     ] GC(46) Survivor regions: 2->2(77)
[2024-04-22T08:47:52.814+0000][gc,heap     ] GC(46) Old regions: 27->27
[2024-04-22T08:47:52.814+0000][gc,heap     ] GC(46) Archive regions: 2->2
[2024-04-22T08:47:52.814+0000][gc,heap     ] GC(46) Humongous regions: 129->129
[2024-04-22T08:47:52.814+0000][gc,metaspace] GC(46) Metaspace: 42892K(43520K)->42892K(43520K) NonClass: 37894K(38272K)->37894K(38272K) Class: 4997K(5248K)->4997K(5248K)
[2024-04-22T08:47:52.814+0000][gc          ] GC(46) Pause Young (Normal) (G1 Evacuation Pause) 769M->158M(1024M) 2.072ms
[2024-04-22T08:47:52.814+0000][gc,cpu      ] GC(46) User=0.01s Sys=0.00s Real=0.00s
[2024-04-22T08:47:53.893+0000][gc,start    ] GC(47) Pause Young (Normal) (G1 Evacuation Pause)
[2024-04-22T08:47:53.893+0000][gc,task     ] GC(47) Using 8 workers of 8 for evacuation
[2024-04-22T08:47:53.895+0000][gc,phases   ] GC(47)   Pre Evacuate Collection Set: 0.1ms
[2024-04-22T08:47:53.895+0000][gc,phases   ] GC(47)   Merge Heap Roots: 0.1ms
[2024-04-22T08:47:53.895+0000][gc,phases   ] GC(47)   Evacuate Collection Set: 1.4ms
[2024-04-22T08:47:53.895+0000][gc,phases   ] GC(47)   Post Evacuate Collection Set: 0.4ms
[2024-04-22T08:47:53.895+0000][gc,phases   ] GC(47)   Other: 0.1ms
[2024-04-22T08:47:53.895+0000][gc,heap     ] GC(47) Eden regions: 612->0(612)
[2024-04-22T08:47:53.895+0000][gc,heap     ] GC(47) Survivor regions: 2->2(77)
[2024-04-22T08:47:53.895+0000][gc,heap     ] GC(47) Old regions: 27->27
[2024-04-22T08:47:53.895+0000][gc,heap     ] GC(47) Archive regions: 2->2
[2024-04-22T08:47:53.895+0000][gc,heap     ] GC(47) Humongous regions: 129->129
[2024-04-22T08:47:53.895+0000][gc,metaspace] GC(47) Metaspace: 42895K(43520K)->42895K(43520K) NonClass: 37897K(38272K)->37897K(38272K) Class: 4997K(5248K)->4997K(5248K)
[2024-04-22T08:47:53.895+0000][gc          ] GC(47) Pause Young (Normal) (G1 Evacuation Pause) 770M->158M(1024M) 2.136ms
[2024-04-22T08:47:53.895+0000][gc,cpu      ] GC(47) User=0.01s Sys=0.00s Real=0.00s
[2024-04-22T08:47:55.014+0000][gc,start    ] GC(48) Pause Young (Normal) (G1 Evacuation Pause)
[2024-04-22T08:47:55.014+0000][gc,task     ] GC(48) Using 8 workers of 8 for evacuation
[2024-04-22T08:47:55.016+0000][gc,phases   ] GC(48)   Pre Evacuate Collection Set: 0.1ms
[2024-04-22T08:47:55.016+0000][gc,phases   ] GC(48)   Merge Heap Roots: 0.1ms
[2024-04-22T08:47:55.016+0000][gc,phases   ] GC(48)   Evacuate Collection Set: 1.3ms
[2024-04-22T08:47:55.016+0000][gc,phases   ] GC(48)   Post Evacuate Collection Set: 0.4ms
[2024-04-22T08:47:55.016+0000][gc,phases   ] GC(48)   Other: 0.1ms
[2024-04-22T08:47:55.016+0000][gc,heap     ] GC(48) Eden regions: 612->0(612)
[2024-04-22T08:47:55.016+0000][gc,heap     ] GC(48) Survivor regions: 2->2(77)
[2024-04-22T08:47:55.016+0000][gc,heap     ] GC(48) Old regions: 27->27
[2024-04-22T08:47:55.016+0000][gc,heap     ] GC(48) Archive regions: 2->2
[2024-04-22T08:47:55.016+0000][gc,heap     ] GC(48) Humongous regions: 129->129
[2024-04-22T08:47:55.016+0000][gc,metaspace] GC(48) Metaspace: 42898K(43520K)->42898K(43520K) NonClass: 37901K(38272K)->37901K(38272K) Class: 4997K(5248K)->4997K(5248K)
[2024-04-22T08:47:55.016+0000][gc          ] GC(48) Pause Young (Normal) (G1 Evacuation Pause) 770M->158M(1024M) 2.085ms
[2024-04-22T08:47:55.016+0000][gc,cpu      ] GC(48) User=0.01s Sys=0.00s Real=0.00s
[2024-04-22T08:47:56.050+0000][gc,start    ] GC(49) Pause Young (Normal) (G1 Evacuation Pause)
[2024-04-22T08:47:56.050+0000][gc,task     ] GC(49) Using 8 workers of 8 for evacuation
[2024-04-22T08:47:56.052+0000][gc,phases   ] GC(49)   Pre Evacuate Collection Set: 0.1ms
[2024-04-22T08:47:56.052+0000][gc,phases   ] GC(49)   Merge Heap Roots: 0.1ms
[2024-04-22T08:47:56.052+0000][gc,phases   ] GC(49)   Evacuate Collection Set: 1.5ms
[2024-04-22T08:47:56.052+0000][gc,phases   ] GC(49)   Post Evacuate Collection Set: 0.4ms
[2024-04-22T08:47:56.052+0000][gc,phases   ] GC(49)   Other: 0.1ms
[2024-04-22T08:47:56.052+0000][gc,heap     ] GC(49) Eden regions: 612->0(612)
[2024-04-22T08:47:56.052+0000][gc,heap     ] GC(49) Survivor regions: 2->2(77)
[2024-04-22T08:47:56.052+0000][gc,heap     ] GC(49) Old regions: 27->27
[2024-04-22T08:47:56.052+0000][gc,heap     ] GC(49) Archive regions: 2->2
[2024-04-22T08:47:56.052+0000][gc,heap     ] GC(49) Humongous regions: 129->129
[2024-04-22T08:47:56.052+0000][gc,metaspace] GC(49) Metaspace: 42898K(43520K)->42898K(43520K) NonClass: 37901K(38272K)->37901K(38272K) Class: 4997K(5248K)->4997K(5248K)
[2024-04-22T08:47:56.052+0000][gc          ] GC(49) Pause Young (Normal) (G1 Evacuation Pause) 770M->158M(1024M) 2.233ms
[2024-04-22T08:47:56.052+0000][gc,cpu      ] GC(49) User=0.01s Sys=0.01s Real=0.01s
[2024-04-22T08:47:57.102+0000][gc,start    ] GC(50) Pause Young (Normal) (G1 Evacuation Pause)
[2024-04-22T08:47:57.102+0000][gc,task     ] GC(50) Using 8 workers of 8 for evacuation
[2024-04-22T08:47:57.104+0000][gc,phases   ] GC(50)   Pre Evacuate Collection Set: 0.1ms
[2024-04-22T08:47:57.104+0000][gc,phases   ] GC(50)   Merge Heap Roots: 0.1ms
[2024-04-22T08:47:57.104+0000][gc,phases   ] GC(50)   Evacuate Collection Set: 1.4ms
[2024-04-22T08:47:57.104+0000][gc,phases   ] GC(50)   Post Evacuate Collection Set: 0.4ms
[2024-04-22T08:47:57.104+0000][gc,phases   ] GC(50)   Other: 0.1ms
[2024-04-22T08:47:57.104+0000][gc,heap     ] GC(50) Eden regions: 612->0(612)
[2024-04-22T08:47:57.104+0000][gc,heap     ] GC(50) Survivor regions: 2->2(77)
[2024-04-22T08:47:57.104+0000][gc,heap     ] GC(50) Old regions: 27->27
[2024-04-22T08:47:57.104+0000][gc,heap     ] GC(50) Archive regions: 2->2
[2024-04-22T08:47:57.104+0000][gc,heap     ] GC(50) Humongous regions: 129->129
[2024-04-22T08:47:57.104+0000][gc,metaspace] GC(50) Metaspace: 42900K(43520K)->42900K(43520K) NonClass: 37902K(38272K)->37902K(38272K) Class: 4997K(5248K)->4997K(5248K)
[2024-04-22T08:47:57.104+0000][gc          ] GC(50) Pause Young (Normal) (G1 Evacuation Pause) 770M->158M(1024M) 2.067ms
[2024-04-22T08:47:57.104+0000][gc,cpu      ] GC(50) User=0.02s Sys=0.00s Real=0.01s
[2024-04-22T08:47:58.173+0000][gc,start    ] GC(51) Pause Young (Normal) (G1 Evacuation Pause)
[2024-04-22T08:47:58.173+0000][gc,task     ] GC(51) Using 8 workers of 8 for evacuation
[2024-04-22T08:47:58.175+0000][gc,phases   ] GC(51)   Pre Evacuate Collection Set: 0.1ms
[2024-04-22T08:47:58.175+0000][gc,phases   ] GC(51)   Merge Heap Roots: 0.1ms
[2024-04-22T08:47:58.175+0000][gc,phases   ] GC(51)   Evacuate Collection Set: 1.3ms
[2024-04-22T08:47:58.175+0000][gc,phases   ] GC(51)   Post Evacuate Collection Set: 0.4ms
[2024-04-22T08:47:58.175+0000][gc,phases   ] GC(51)   Other: 0.1ms
[2024-04-22T08:47:58.175+0000][gc,heap     ] GC(51) Eden regions: 612->0(612)
[2024-04-22T08:47:58.175+0000][gc,heap     ] GC(51) Survivor regions: 2->2(77)
[2024-04-22T08:47:58.175+0000][gc,heap     ] GC(51) Old regions: 27->27
[2024-04-22T08:47:58.175+0000][gc,heap     ] GC(51) Archive regions: 2->2
[2024-04-22T08:47:58.175+0000][gc,heap     ] GC(51) Humongous regions: 129->129
[2024-04-22T08:47:58.175+0000][gc,metaspace] GC(51) Metaspace: 42900K(43520K)->42900K(43520K) NonClass: 37902K(38272K)->37902K(38272K) Class: 4997K(5248K)->4997K(5248K)
[2024-04-22T08:47:58.175+0000][gc          ] GC(51) Pause Young (Normal) (G1 Evacuation Pause) 770M->158M(1024M) 1.969ms
[2024-04-22T08:47:58.175+0000][gc,cpu      ] GC(51) User=0.01s Sys=0.01s Real=0.00s
[2024-04-22T08:47:59.279+0000][gc,start    ] GC(52) Pause Young (Normal) (G1 Evacuation Pause)
[2024-04-22T08:47:59.279+0000][gc,task     ] GC(52) Using 8 workers of 8 for evacuation
[2024-04-22T08:47:59.281+0000][gc,phases   ] GC(52)   Pre Evacuate Collection Set: 0.1ms
[2024-04-22T08:47:59.281+0000][gc,phases   ] GC(52)   Merge Heap Roots: 0.1ms
[2024-04-22T08:47:59.281+0000][gc,phases   ] GC(52)   Evacuate Collection Set: 1.3ms
[2024-04-22T08:47:59.281+0000][gc,phases   ] GC(52)   Post Evacuate Collection Set: 0.4ms
[2024-04-22T08:47:59.281+0000][gc,phases   ] GC(52)   Other: 0.1ms
[2024-04-22T08:47:59.281+0000][gc,heap     ] GC(52) Eden regions: 612->0(612)
[2024-04-22T08:47:59.281+0000][gc,heap     ] GC(52) Survivor regions: 2->2(77)
[2024-04-22T08:47:59.281+0000][gc,heap     ] GC(52) Old regions: 27->28
[2024-04-22T08:47:59.281+0000][gc,heap     ] GC(52) Archive regions: 2->2
[2024-04-22T08:47:59.281+0000][gc,heap     ] GC(52) Humongous regions: 129->129
[2024-04-22T08:47:59.281+0000][gc,metaspace] GC(52) Metaspace: 42900K(43520K)->42900K(43520K) NonClass: 37902K(38272K)->37902K(38272K) Class: 4997K(5248K)->4997K(5248K)
[2024-04-22T08:47:59.281+0000][gc          ] GC(52) Pause Young (Normal) (G1 Evacuation Pause) 770M->158M(1024M) 2.015ms
[2024-04-22T08:47:59.281+0000][gc,cpu      ] GC(52) User=0.01s Sys=0.00s Real=0.00s
[2024-04-22T08:48:00.380+0000][gc,start    ] GC(53) Pause Young (Normal) (G1 Evacuation Pause)
[2024-04-22T08:48:00.380+0000][gc,task     ] GC(53) Using 8 workers of 8 for evacuation
[2024-04-22T08:48:00.382+0000][gc,phases   ] GC(53)   Pre Evacuate Collection Set: 0.1ms
[2024-04-22T08:48:00.382+0000][gc,phases   ] GC(53)   Merge Heap Roots: 0.1ms
[2024-04-22T08:48:00.382+0000][gc,phases   ] GC(53)   Evacuate Collection Set: 1.4ms
[2024-04-22T08:48:00.382+0000][gc,phases   ] GC(53)   Post Evacuate Collection Set: 0.4ms
[2024-04-22T08:48:00.382+0000][gc,phases   ] GC(53)   Other: 0.1ms
[2024-04-22T08:48:00.382+0000][gc,heap     ] GC(53) Eden regions: 612->0(612)
[2024-04-22T08:48:00.382+0000][gc,heap     ] GC(53) Survivor regions: 2->2(77)
[2024-04-22T08:48:00.382+0000][gc,heap     ] GC(53) Old regions: 28->28
[2024-04-22T08:48:00.382+0000][gc,heap     ] GC(53) Archive regions: 2->2
[2024-04-22T08:48:00.382+0000][gc,heap     ] GC(53) Humongous regions: 129->129
[2024-04-22T08:48:00.382+0000][gc,metaspace] GC(53) Metaspace: 42900K(43520K)->42900K(43520K) NonClass: 37902K(38272K)->37902K(38272K) Class: 4997K(5248K)->4997K(5248K)
[2024-04-22T08:48:00.382+0000][gc          ] GC(53) Pause Young (Normal) (G1 Evacuation Pause) 770M->158M(1024M) 2.184ms
[2024-04-22T08:48:00.382+0000][gc,cpu      ] GC(53) User=0.01s Sys=0.00s Real=0.00s
[2024-04-22T08:48:01.476+0000][gc,start    ] GC(54) Pause Young (Normal) (G1 Evacuation Pause)
[2024-04-22T08:48:01.476+0000][gc,task     ] GC(54) Using 8 workers of 8 for evacuation
[2024-04-22T08:48:01.478+0000][gc,phases   ] GC(54)   Pre Evacuate Collection Set: 0.1ms
[2024-04-22T08:48:01.478+0000][gc,phases   ] GC(54)   Merge Heap Roots: 0.1ms
[2024-04-22T08:48:01.478+0000][gc,phases   ] GC(54)   Evacuate Collection Set: 1.3ms
[2024-04-22T08:48:01.478+0000][gc,phases   ] GC(54)   Post Evacuate Collection Set: 0.4ms
[2024-04-22T08:48:01.478+0000][gc,phases   ] GC(54)   Other: 0.1ms
[2024-04-22T08:48:01.478+0000][gc,heap     ] GC(54) Eden regions: 612->0(612)
[2024-04-22T08:48:01.478+0000][gc,heap     ] GC(54) Survivor regions: 2->2(77)
[2024-04-22T08:48:01.478+0000][gc,heap     ] GC(54) Old regions: 28->28
[2024-04-22T08:48:01.478+0000][gc,heap     ] GC(54) Archive regions: 2->2
[2024-04-22T08:48:01.478+0000][gc,heap     ] GC(54) Humongous regions: 129->129
[2024-04-22T08:48:01.478+0000][gc,metaspace] GC(54) Metaspace: 42900K(43520K)->42900K(43520K) NonClass: 37902K(38272K)->37902K(38272K) Class: 4997K(5248K)->4997K(5248K)
[2024-04-22T08:48:01.478+0000][gc          ] GC(54) Pause Young (Normal) (G1 Evacuation Pause) 770M->158M(1024M) 2.004ms
[2024-04-22T08:48:01.478+0000][gc,cpu      ] GC(54) User=0.02s Sys=0.00s Real=0.00s
[2024-04-22T08:48:02.572+0000][gc,start    ] GC(55) Pause Young (Normal) (G1 Evacuation Pause)
[2024-04-22T08:48:02.572+0000][gc,task     ] GC(55) Using 8 workers of 8 for evacuation
[2024-04-22T08:48:02.574+0000][gc,phases   ] GC(55)   Pre Evacuate Collection Set: 0.1ms
[2024-04-22T08:48:02.574+0000][gc,phases   ] GC(55)   Merge Heap Roots: 0.1ms
[2024-04-22T08:48:02.574+0000][gc,phases   ] GC(55)   Evacuate Collection Set: 1.4ms
[2024-04-22T08:48:02.574+0000][gc,phases   ] GC(55)   Post Evacuate Collection Set: 0.4ms
[2024-04-22T08:48:02.574+0000][gc,phases   ] GC(55)   Other: 0.1ms
[2024-04-22T08:48:02.574+0000][gc,heap     ] GC(55) Eden regions: 612->0(612)
[2024-04-22T08:48:02.574+0000][gc,heap     ] GC(55) Survivor regions: 2->2(77)
[2024-04-22T08:48:02.574+0000][gc,heap     ] GC(55) Old regions: 28->28
[2024-04-22T08:48:02.574+0000][gc,heap     ] GC(55) Archive regions: 2->2
[2024-04-22T08:48:02.574+0000][gc,heap     ] GC(55) Humongous regions: 129->129
[2024-04-22T08:48:02.574+0000][gc,metaspace] GC(55) Metaspace: 42900K(43520K)->42900K(43520K) NonClass: 37902K(38272K)->37902K(38272K) Class: 4997K(5248K)->4997K(5248K)
[2024-04-22T08:48:02.574+0000][gc          ] GC(55) Pause Young (Normal) (G1 Evacuation Pause) 770M->158M(1024M) 2.112ms
[2024-04-22T08:48:02.574+0000][gc,cpu      ] GC(55) User=0.01s Sys=0.00s Real=0.01s
[2024-04-22T08:48:03.665+0000][gc,start    ] GC(56) Pause Young (Normal) (G1 Evacuation Pause)
[2024-04-22T08:48:03.665+0000][gc,task     ] GC(56) Using 8 workers of 8 for evacuation
[2024-04-22T08:48:03.667+0000][gc,phases   ] GC(56)   Pre Evacuate Collection Set: 0.1ms
[2024-04-22T08:48:03.667+0000][gc,phases   ] GC(56)   Merge Heap Roots: 0.1ms
[2024-04-22T08:48:03.667+0000][gc,phases   ] GC(56)   Evacuate Collection Set: 1.4ms
[2024-04-22T08:48:03.667+0000][gc,phases   ] GC(56)   Post Evacuate Collection Set: 0.4ms
[2024-04-22T08:48:03.667+0000][gc,phases   ] GC(56)   Other: 0.1ms
[2024-04-22T08:48:03.667+0000][gc,heap     ] GC(56) Eden regions: 612->0(612)
[2024-04-22T08:48:03.667+0000][gc,heap     ] GC(56) Survivor regions: 2->2(77)
[2024-04-22T08:48:03.667+0000][gc,heap     ] GC(56) Old regions: 28->28
[2024-04-22T08:48:03.667+0000][gc,heap     ] GC(56) Archive regions: 2->2
[2024-04-22T08:48:03.667+0000][gc,heap     ] GC(56) Humongous regions: 129->129
[2024-04-22T08:48:03.667+0000][gc,metaspace] GC(56) Metaspace: 42902K(43520K)->42902K(43520K) NonClass: 37904K(38272K)->37904K(38272K) Class: 4997K(5248K)->4997K(5248K)
[2024-04-22T08:48:03.667+0000][gc          ] GC(56) Pause Young (Normal) (G1 Evacuation Pause) 770M->158M(1024M) 2.108ms
[2024-04-22T08:48:03.667+0000][gc,cpu      ] GC(56) User=0.01s Sys=0.01s Real=0.00s
[2024-04-22T08:48:04.759+0000][gc,start    ] GC(57) Pause Young (Normal) (G1 Evacuation Pause)
[2024-04-22T08:48:04.759+0000][gc,task     ] GC(57) Using 8 workers of 8 for evacuation
[2024-04-22T08:48:04.761+0000][gc,phases   ] GC(57)   Pre Evacuate Collection Set: 0.1ms
[2024-04-22T08:48:04.761+0000][gc,phases   ] GC(57)   Merge Heap Roots: 0.1ms
[2024-04-22T08:48:04.761+0000][gc,phases   ] GC(57)   Evacuate Collection Set: 1.3ms
[2024-04-22T08:48:04.761+0000][gc,phases   ] GC(57)   Post Evacuate Collection Set: 0.4ms
[2024-04-22T08:48:04.761+0000][gc,phases   ] GC(57)   Other: 0.1ms
[2024-04-22T08:48:04.761+0000][gc,heap     ] GC(57) Eden regions: 612->0(612)
[2024-04-22T08:48:04.761+0000][gc,heap     ] GC(57) Survivor regions: 2->2(77)
[2024-04-22T08:48:04.761+0000][gc,heap     ] GC(57) Old regions: 28->28
[2024-04-22T08:48:04.761+0000][gc,heap     ] GC(57) Archive regions: 2->2
[2024-04-22T08:48:04.761+0000][gc,heap     ] GC(57) Humongous regions: 129->129
[2024-04-22T08:48:04.761+0000][gc,metaspace] GC(57) Metaspace: 42902K(43520K)->42902K(43520K) NonClass: 37905K(38272K)->37905K(38272K) Class: 4997K(5248K)->4997K(5248K)
[2024-04-22T08:48:04.761+0000][gc          ] GC(57) Pause Young (Normal) (G1 Evacuation Pause) 770M->158M(1024M) 2.014ms
[2024-04-22T08:48:04.761+0000][gc,cpu      ] GC(57) User=0.01s Sys=0.00s Real=0.00s
[2024-04-22T08:48:05.855+0000][gc,start    ] GC(58) Pause Young (Normal) (G1 Evacuation Pause)
[2024-04-22T08:48:05.855+0000][gc,task     ] GC(58) Using 8 workers of 8 for evacuation
[2024-04-22T08:48:05.857+0000][gc,phases   ] GC(58)   Pre Evacuate Collection Set: 0.1ms
[2024-04-22T08:48:05.857+0000][gc,phases   ] GC(58)   Merge Heap Roots: 0.1ms
[2024-04-22T08:48:05.857+0000][gc,phases   ] GC(58)   Evacuate Collection Set: 1.4ms
[2024-04-22T08:48:05.857+0000][gc,phases   ] GC(58)   Post Evacuate Collection Set: 0.4ms
[2024-04-22T08:48:05.857+0000][gc,phases   ] GC(58)   Other: 0.1ms
[2024-04-22T08:48:05.857+0000][gc,heap     ] GC(58) Eden regions: 612->0(612)
[2024-04-22T08:48:05.857+0000][gc,heap     ] GC(58) Survivor regions: 2->2(77)
[2024-04-22T08:48:05.857+0000][gc,heap     ] GC(58) Old regions: 28->28
[2024-04-22T08:48:05.857+0000][gc,heap     ] GC(58) Archive regions: 2->2
[2024-04-22T08:48:05.857+0000][gc,heap     ] GC(58) Humongous regions: 129->129
[2024-04-22T08:48:05.857+0000][gc,metaspace] GC(58) Metaspace: 42902K(43520K)->42902K(43520K) NonClass: 37905K(38272K)->37905K(38272K) Class: 4997K(5248K)->4997K(5248K)
[2024-04-22T08:48:05.857+0000][gc          ] GC(58) Pause Young (Normal) (G1 Evacuation Pause) 770M->159M(1024M) 2.045ms
[2024-04-22T08:48:05.857+0000][gc,cpu      ] GC(58) User=0.02s Sys=0.00s Real=0.00s
[2024-04-22T08:48:06.948+0000][gc,start    ] GC(59) Pause Young (Normal) (G1 Evacuation Pause)
[2024-04-22T08:48:06.948+0000][gc,task     ] GC(59) Using 8 workers of 8 for evacuation
[2024-04-22T08:48:06.950+0000][gc,phases   ] GC(59)   Pre Evacuate Collection Set: 0.1ms
[2024-04-22T08:48:06.950+0000][gc,phases   ] GC(59)   Merge Heap Roots: 0.1ms
[2024-04-22T08:48:06.950+0000][gc,phases   ] GC(59)   Evacuate Collection Set: 1.6ms
[2024-04-22T08:48:06.950+0000][gc,phases   ] GC(59)   Post Evacuate Collection Set: 0.4ms
[2024-04-22T08:48:06.950+0000][gc,phases   ] GC(59)   Other: 0.1ms
[2024-04-22T08:48:06.950+0000][gc,heap     ] GC(59) Eden regions: 612->0(612)
[2024-04-22T08:48:06.950+0000][gc,heap     ] GC(59) Survivor regions: 2->2(77)
[2024-04-22T08:48:06.950+0000][gc,heap     ] GC(59) Old regions: 28->28
[2024-04-22T08:48:06.950+0000][gc,heap     ] GC(59) Archive regions: 2->2
[2024-04-22T08:48:06.950+0000][gc,heap     ] GC(59) Humongous regions: 129->129
[2024-04-22T08:48:06.950+0000][gc,metaspace] GC(59) Metaspace: 42904K(43520K)->42904K(43520K) NonClass: 37906K(38272K)->37906K(38272K) Class: 4997K(5248K)->4997K(5248K)
[2024-04-22T08:48:06.950+0000][gc          ] GC(59) Pause Young (Normal) (G1 Evacuation Pause) 771M->159M(1024M) 2.334ms
[2024-04-22T08:48:06.950+0000][gc,cpu      ] GC(59) User=0.01s Sys=0.01s Real=0.00s
[2024-04-22T08:48:08.043+0000][gc,start    ] GC(60) Pause Young (Normal) (G1 Evacuation Pause)
[2024-04-22T08:48:08.043+0000][gc,task     ] GC(60) Using 8 workers of 8 for evacuation
[2024-04-22T08:48:08.045+0000][gc,phases   ] GC(60)   Pre Evacuate Collection Set: 0.1ms
[2024-04-22T08:48:08.045+0000][gc,phases   ] GC(60)   Merge Heap Roots: 0.1ms
[2024-04-22T08:48:08.045+0000][gc,phases   ] GC(60)   Evacuate Collection Set: 1.3ms
[2024-04-22T08:48:08.045+0000][gc,phases   ] GC(60)   Post Evacuate Collection Set: 0.4ms
[2024-04-22T08:48:08.045+0000][gc,phases   ] GC(60)   Other: 0.1ms
[2024-04-22T08:48:08.045+0000][gc,heap     ] GC(60) Eden regions: 612->0(612)
[2024-04-22T08:48:08.045+0000][gc,heap     ] GC(60) Survivor regions: 2->2(77)
[2024-04-22T08:48:08.045+0000][gc,heap     ] GC(60) Old regions: 28->29
[2024-04-22T08:48:08.045+0000][gc,heap     ] GC(60) Archive regions: 2->2
[2024-04-22T08:48:08.045+0000][gc,heap     ] GC(60) Humongous regions: 129->129
[2024-04-22T08:48:08.045+0000][gc,metaspace] GC(60) Metaspace: 42904K(43520K)->42904K(43520K) NonClass: 37906K(38272K)->37906K(38272K) Class: 4997K(5248K)->4997K(5248K)
[2024-04-22T08:48:08.045+0000][gc          ] GC(60) Pause Young (Normal) (G1 Evacuation Pause) 771M->159M(1024M) 2.029ms
[2024-04-22T08:48:08.045+0000][gc,cpu      ] GC(60) User=0.02s Sys=0.00s Real=0.01s
[2024-04-22T08:50:51.551+0000][gc,start    ] GC(61) Pause Young (Normal) (G1 Evacuation Pause)
[2024-04-22T08:50:51.551+0000][gc,task     ] GC(61) Using 8 workers of 8 for evacuation
[2024-04-22T08:50:51.556+0000][gc,phases   ] GC(61)   Pre Evacuate Collection Set: 0.1ms
[2024-04-22T08:50:51.556+0000][gc,phases   ] GC(61)   Merge Heap Roots: 0.1ms
[2024-04-22T08:50:51.556+0000][gc,phases   ] GC(61)   Evacuate Collection Set: 3.3ms
[2024-04-22T08:50:51.556+0000][gc,phases   ] GC(61)   Post Evacuate Collection Set: 0.6ms
[2024-04-22T08:50:51.556+0000][gc,phases   ] GC(61)   Other: 0.2ms
[2024-04-22T08:50:51.556+0000][gc,heap     ] GC(61) Eden regions: 612->0(612)
[2024-04-22T08:50:51.556+0000][gc,heap     ] GC(61) Survivor regions: 2->2(77)
[2024-04-22T08:50:51.556+0000][gc,heap     ] GC(61) Old regions: 29->29
[2024-04-22T08:50:51.556+0000][gc,heap     ] GC(61) Archive regions: 2->2
[2024-04-22T08:50:51.556+0000][gc,heap     ] GC(61) Humongous regions: 129->129
[2024-04-22T08:50:51.556+0000][gc,metaspace] GC(61) Metaspace: 43102K(43776K)->43102K(43776K) NonClass: 38072K(38464K)->38072K(38464K) Class: 5030K(5312K)->5030K(5312K)
[2024-04-22T08:50:51.556+0000][gc          ] GC(61) Pause Young (Normal) (G1 Evacuation Pause) 771M->159M(1024M) 4.442ms
[2024-04-22T08:50:51.556+0000][gc,cpu      ] GC(61) User=0.02s Sys=0.00s Real=0.01s
[2024-04-22T08:51:01.391+0000][gc,start    ] GC(62) Pause Young (Normal) (G1 Evacuation Pause)
[2024-04-22T08:51:01.391+0000][gc,task     ] GC(62) Using 8 workers of 8 for evacuation
[2024-04-22T08:51:01.399+0000][gc,phases   ] GC(62)   Pre Evacuate Collection Set: 0.1ms
[2024-04-22T08:51:01.399+0000][gc,phases   ] GC(62)   Merge Heap Roots: 0.2ms
[2024-04-22T08:51:01.399+0000][gc,phases   ] GC(62)   Evacuate Collection Set: 7.4ms
[2024-04-22T08:51:01.399+0000][gc,phases   ] GC(62)   Post Evacuate Collection Set: 0.6ms
[2024-04-22T08:51:01.399+0000][gc,phases   ] GC(62)   Other: 0.1ms
[2024-04-22T08:51:01.399+0000][gc,heap     ] GC(62) Eden regions: 612->0(610)
[2024-04-22T08:51:01.399+0000][gc,heap     ] GC(62) Survivor regions: 2->4(77)
[2024-04-22T08:51:01.399+0000][gc,heap     ] GC(62) Old regions: 29->29
[2024-04-22T08:51:01.399+0000][gc,heap     ] GC(62) Archive regions: 2->2
[2024-04-22T08:51:01.399+0000][gc,heap     ] GC(62) Humongous regions: 129->129
[2024-04-22T08:51:01.399+0000][gc,metaspace] GC(62) Metaspace: 43108K(43776K)->43108K(43776K) NonClass: 38077K(38464K)->38077K(38464K) Class: 5030K(5312K)->5030K(5312K)
[2024-04-22T08:51:01.399+0000][gc          ] GC(62) Pause Young (Normal) (G1 Evacuation Pause) 771M->161M(1024M) 8.455ms
[2024-04-22T08:51:01.399+0000][gc,cpu      ] GC(62) User=0.02s Sys=0.00s Real=0.01s
[2024-04-22T08:51:09.260+0000][gc,start    ] GC(63) Pause Young (Normal) (G1 Evacuation Pause)
[2024-04-22T08:51:09.260+0000][gc,task     ] GC(63) Using 8 workers of 8 for evacuation
[2024-04-22T08:51:09.267+0000][gc,phases   ] GC(63)   Pre Evacuate Collection Set: 0.1ms
[2024-04-22T08:51:09.267+0000][gc,phases   ] GC(63)   Merge Heap Roots: 0.1ms
[2024-04-22T08:51:09.267+0000][gc,phases   ] GC(63)   Evacuate Collection Set: 5.7ms
[2024-04-22T08:51:09.267+0000][gc,phases   ] GC(63)   Post Evacuate Collection Set: 0.7ms
[2024-04-22T08:51:09.267+0000][gc,phases   ] GC(63)   Other: 0.2ms
[2024-04-22T08:51:09.267+0000][gc,heap     ] GC(63) Eden regions: 610->0(609)
[2024-04-22T08:51:09.267+0000][gc,heap     ] GC(63) Survivor regions: 4->5(77)
[2024-04-22T08:51:09.267+0000][gc,heap     ] GC(63) Old regions: 29->29
[2024-04-22T08:51:09.267+0000][gc,heap     ] GC(63) Archive regions: 2->2
[2024-04-22T08:51:09.267+0000][gc,heap     ] GC(63) Humongous regions: 129->129
[2024-04-22T08:51:09.267+0000][gc,metaspace] GC(63) Metaspace: 43109K(43776K)->43109K(43776K) NonClass: 38078K(38464K)->38078K(38464K) Class: 5030K(5312K)->5030K(5312K)
[2024-04-22T08:51:09.267+0000][gc          ] GC(63) Pause Young (Normal) (G1 Evacuation Pause) 771M->162M(1024M) 6.919ms
[2024-04-22T08:51:09.267+0000][gc,cpu      ] GC(63) User=0.02s Sys=0.00s Real=0.01s
[2024-04-22T08:51:17.730+0000][gc,start    ] GC(64) Pause Young (Normal) (G1 Evacuation Pause)
[2024-04-22T08:51:17.730+0000][gc,task     ] GC(64) Using 8 workers of 8 for evacuation
[2024-04-22T08:51:17.734+0000][gc,phases   ] GC(64)   Pre Evacuate Collection Set: 0.1ms
[2024-04-22T08:51:17.734+0000][gc,phases   ] GC(64)   Merge Heap Roots: 0.1ms
[2024-04-22T08:51:17.734+0000][gc,phases   ] GC(64)   Evacuate Collection Set: 3.2ms
[2024-04-22T08:51:17.734+0000][gc,phases   ] GC(64)   Post Evacuate Collection Set: 0.4ms
[2024-04-22T08:51:17.734+0000][gc,phases   ] GC(64)   Other: 0.1ms
[2024-04-22T08:51:17.734+0000][gc,heap     ] GC(64) Eden regions: 609->0(608)
[2024-04-22T08:51:17.734+0000][gc,heap     ] GC(64) Survivor regions: 5->6(77)
[2024-04-22T08:51:17.734+0000][gc,heap     ] GC(64) Old regions: 29->29
[2024-04-22T08:51:17.734+0000][gc,heap     ] GC(64) Archive regions: 2->2
[2024-04-22T08:51:17.734+0000][gc,heap     ] GC(64) Humongous regions: 129->129
[2024-04-22T08:51:17.734+0000][gc,metaspace] GC(64) Metaspace: 43109K(43776K)->43109K(43776K) NonClass: 38078K(38464K)->38078K(38464K) Class: 5030K(5312K)->5030K(5312K)
[2024-04-22T08:51:17.734+0000][gc          ] GC(64) Pause Young (Normal) (G1 Evacuation Pause) 771M->163M(1024M) 3.961ms
[2024-04-22T08:51:17.734+0000][gc,cpu      ] GC(64) User=0.03s Sys=0.00s Real=0.01s
[2024-04-22T08:51:26.042+0000][gc,start    ] GC(65) Pause Young (Normal) (G1 Evacuation Pause)
[2024-04-22T08:51:26.042+0000][gc,task     ] GC(65) Using 8 workers of 8 for evacuation
[2024-04-22T08:51:26.049+0000][gc,phases   ] GC(65)   Pre Evacuate Collection Set: 0.1ms
[2024-04-22T08:51:26.049+0000][gc,phases   ] GC(65)   Merge Heap Roots: 0.1ms
[2024-04-22T08:51:26.049+0000][gc,phases   ] GC(65)   Evacuate Collection Set: 6.7ms
[2024-04-22T08:51:26.049+0000][gc,phases   ] GC(65)   Post Evacuate Collection Set: 0.5ms
[2024-04-22T08:51:26.049+0000][gc,phases   ] GC(65)   Other: 0.1ms
[2024-04-22T08:51:26.049+0000][gc,heap     ] GC(65) Eden regions: 608->0(608)
[2024-04-22T08:51:26.049+0000][gc,heap     ] GC(65) Survivor regions: 6->6(77)
[2024-04-22T08:51:26.049+0000][gc,heap     ] GC(65) Old regions: 29->29
[2024-04-22T08:51:26.049+0000][gc,heap     ] GC(65) Archive regions: 2->2
[2024-04-22T08:51:26.049+0000][gc,heap     ] GC(65) Humongous regions: 129->129
[2024-04-22T08:51:26.049+0000][gc,metaspace] GC(65) Metaspace: 43109K(43776K)->43109K(43776K) NonClass: 38078K(38464K)->38078K(38464K) Class: 5030K(5312K)->5030K(5312K)
[2024-04-22T08:51:26.050+0000][gc          ] GC(65) Pause Young (Normal) (G1 Evacuation Pause) 771M->163M(1024M) 7.680ms
[2024-04-22T08:51:26.050+0000][gc,cpu      ] GC(65) User=0.02s Sys=0.00s Real=0.01s
[2024-04-22T08:51:32.655+0000][gc,start    ] GC(66) Pause Young (Normal) (G1 Evacuation Pause)
[2024-04-22T08:51:32.655+0000][gc,task     ] GC(66) Using 8 workers of 8 for evacuation
[2024-04-22T08:51:32.660+0000][gc,phases   ] GC(66)   Pre Evacuate Collection Set: 0.1ms
[2024-04-22T08:51:32.660+0000][gc,phases   ] GC(66)   Merge Heap Roots: 0.1ms
[2024-04-22T08:51:32.660+0000][gc,phases   ] GC(66)   Evacuate Collection Set: 4.0ms
[2024-04-22T08:51:32.660+0000][gc,phases   ] GC(66)   Post Evacuate Collection Set: 0.5ms
[2024-04-22T08:51:32.660+0000][gc,phases   ] GC(66)   Other: 0.1ms
[2024-04-22T08:51:32.660+0000][gc,heap     ] GC(66) Eden regions: 608->0(608)
[2024-04-22T08:51:32.660+0000][gc,heap     ] GC(66) Survivor regions: 6->6(77)
[2024-04-22T08:51:32.660+0000][gc,heap     ] GC(66) Old regions: 29->29
[2024-04-22T08:51:32.660+0000][gc,heap     ] GC(66) Archive regions: 2->2
[2024-04-22T08:51:32.660+0000][gc,heap     ] GC(66) Humongous regions: 129->129
[2024-04-22T08:51:32.660+0000][gc,metaspace] GC(66) Metaspace: 43110K(43776K)->43110K(43776K) NonClass: 38080K(38464K)->38080K(38464K) Class: 5030K(5312K)->5030K(5312K)
[2024-04-22T08:51:32.660+0000][gc          ] GC(66) Pause Young (Normal) (G1 Evacuation Pause) 771M->164M(1024M) 4.878ms
[2024-04-22T08:51:32.660+0000][gc,cpu      ] GC(66) User=0.02s Sys=0.00s Real=0.00s
[2024-04-22T08:51:37.904+0000][gc,start    ] GC(67) Pause Young (Normal) (G1 Evacuation Pause)
[2024-04-22T08:51:37.904+0000][gc,task     ] GC(67) Using 8 workers of 8 for evacuation
[2024-04-22T08:51:37.909+0000][gc,phases   ] GC(67)   Pre Evacuate Collection Set: 0.1ms
[2024-04-22T08:51:37.909+0000][gc,phases   ] GC(67)   Merge Heap Roots: 0.1ms
[2024-04-22T08:51:37.909+0000][gc,phases   ] GC(67)   Evacuate Collection Set: 4.1ms
[2024-04-22T08:51:37.909+0000][gc,phases   ] GC(67)   Post Evacuate Collection Set: 0.4ms
[2024-04-22T08:51:37.909+0000][gc,phases   ] GC(67)   Other: 0.1ms
[2024-04-22T08:51:37.909+0000][gc,heap     ] GC(67) Eden regions: 608->0(607)
[2024-04-22T08:51:37.909+0000][gc,heap     ] GC(67) Survivor regions: 6->7(77)
[2024-04-22T08:51:37.909+0000][gc,heap     ] GC(67) Old regions: 29->29
[2024-04-22T08:51:37.909+0000][gc,heap     ] GC(67) Archive regions: 2->2
[2024-04-22T08:51:37.909+0000][gc,heap     ] GC(67) Humongous regions: 129->129
[2024-04-22T08:51:37.909+0000][gc,metaspace] GC(67) Metaspace: 43112K(43776K)->43112K(43776K) NonClass: 38081K(38464K)->38081K(38464K) Class: 5030K(5312K)->5030K(5312K)
[2024-04-22T08:51:37.909+0000][gc          ] GC(67) Pause Young (Normal) (G1 Evacuation Pause) 772M->164M(1024M) 4.888ms
[2024-04-22T08:51:37.909+0000][gc,cpu      ] GC(67) User=0.02s Sys=0.00s Real=0.00s
[2024-04-22T08:51:42.524+0000][gc,start    ] GC(68) Pause Young (Normal) (G1 Evacuation Pause)
[2024-04-22T08:51:42.524+0000][gc,task     ] GC(68) Using 8 workers of 8 for evacuation
[2024-04-22T08:51:42.528+0000][gc,phases   ] GC(68)   Pre Evacuate Collection Set: 0.1ms
[2024-04-22T08:51:42.528+0000][gc,phases   ] GC(68)   Merge Heap Roots: 0.1ms
[2024-04-22T08:51:42.528+0000][gc,phases   ] GC(68)   Evacuate Collection Set: 3.5ms
[2024-04-22T08:51:42.528+0000][gc,phases   ] GC(68)   Post Evacuate Collection Set: 0.5ms
[2024-04-22T08:51:42.528+0000][gc,phases   ] GC(68)   Other: 0.1ms
[2024-04-22T08:51:42.528+0000][gc,heap     ] GC(68) Eden regions: 607->0(607)
[2024-04-22T08:51:42.528+0000][gc,heap     ] GC(68) Survivor regions: 7->7(77)
[2024-04-22T08:51:42.528+0000][gc,heap     ] GC(68) Old regions: 29->29
[2024-04-22T08:51:42.528+0000][gc,heap     ] GC(68) Archive regions: 2->2
[2024-04-22T08:51:42.528+0000][gc,heap     ] GC(68) Humongous regions: 129->129
[2024-04-22T08:51:42.528+0000][gc,metaspace] GC(68) Metaspace: 43114K(43776K)->43114K(43776K) NonClass: 38083K(38464K)->38083K(38464K) Class: 5030K(5312K)->5030K(5312K)
[2024-04-22T08:51:42.528+0000][gc          ] GC(68) Pause Young (Normal) (G1 Evacuation Pause) 771M->165M(1024M) 4.395ms
[2024-04-22T08:51:42.528+0000][gc,cpu      ] GC(68) User=0.02s Sys=0.01s Real=0.01s
[2024-04-22T08:51:47.064+0000][gc,start    ] GC(69) Pause Young (Normal) (G1 Evacuation Pause)
[2024-04-22T08:51:47.064+0000][gc,task     ] GC(69) Using 8 workers of 8 for evacuation
[2024-04-22T08:51:47.071+0000][gc,phases   ] GC(69)   Pre Evacuate Collection Set: 0.1ms
[2024-04-22T08:51:47.071+0000][gc,phases   ] GC(69)   Merge Heap Roots: 0.1ms
[2024-04-22T08:51:47.071+0000][gc,phases   ] GC(69)   Evacuate Collection Set: 6.2ms
[2024-04-22T08:51:47.071+0000][gc,phases   ] GC(69)   Post Evacuate Collection Set: 0.6ms
[2024-04-22T08:51:47.071+0000][gc,phases   ] GC(69)   Other: 0.1ms
[2024-04-22T08:51:47.071+0000][gc,heap     ] GC(69) Eden regions: 607->0(607)
[2024-04-22T08:51:47.071+0000][gc,heap     ] GC(69) Survivor regions: 7->7(77)
[2024-04-22T08:51:47.071+0000][gc,heap     ] GC(69) Old regions: 29->29
[2024-04-22T08:51:47.071+0000][gc,heap     ] GC(69) Archive regions: 2->2
[2024-04-22T08:51:47.071+0000][gc,heap     ] GC(69) Humongous regions: 129->129
[2024-04-22T08:51:47.071+0000][gc,metaspace] GC(69) Metaspace: 43195K(43840K)->43195K(43840K) NonClass: 38141K(38528K)->38141K(38528K) Class: 5053K(5312K)->5053K(5312K)
[2024-04-22T08:51:47.071+0000][gc          ] GC(69) Pause Young (Normal) (G1 Evacuation Pause) 772M->165M(1024M) 7.369ms
[2024-04-22T08:51:47.071+0000][gc,cpu      ] GC(69) User=0.02s Sys=0.01s Real=0.01s
[2024-04-22T08:55:15.183+0000][gc,start    ] GC(70) Pause Young (Normal) (G1 Evacuation Pause)
[2024-04-22T08:55:15.183+0000][gc,task     ] GC(70) Using 8 workers of 8 for evacuation
[2024-04-22T08:55:15.192+0000][gc,phases   ] GC(70)   Pre Evacuate Collection Set: 0.2ms
[2024-04-22T08:55:15.192+0000][gc,phases   ] GC(70)   Merge Heap Roots: 0.1ms
[2024-04-22T08:55:15.192+0000][gc,phases   ] GC(70)   Evacuate Collection Set: 7.4ms
[2024-04-22T08:55:15.192+0000][gc,phases   ] GC(70)   Post Evacuate Collection Set: 0.8ms
[2024-04-22T08:55:15.192+0000][gc,phases   ] GC(70)   Other: 0.2ms
[2024-04-22T08:55:15.192+0000][gc,heap     ] GC(70) Eden regions: 607->0(605)
[2024-04-22T08:55:15.192+0000][gc,heap     ] GC(70) Survivor regions: 7->9(77)
[2024-04-22T08:55:15.192+0000][gc,heap     ] GC(70) Old regions: 29->29
[2024-04-22T08:55:15.192+0000][gc,heap     ] GC(70) Archive regions: 2->2
[2024-04-22T08:55:15.192+0000][gc,heap     ] GC(70) Humongous regions: 129->129
[2024-04-22T08:55:15.192+0000][gc,metaspace] GC(70) Metaspace: 43224K(43840K)->43224K(43840K) NonClass: 38170K(38528K)->38170K(38528K) Class: 5053K(5312K)->5053K(5312K)
[2024-04-22T08:55:15.192+0000][gc          ] GC(70) Pause Young (Normal) (G1 Evacuation Pause) 772M->167M(1024M) 8.741ms
[2024-04-22T08:55:15.192+0000][gc,cpu      ] GC(70) User=0.04s Sys=0.00s Real=0.01s
[2024-04-22T08:55:28.448+0000][gc,start    ] GC(71) Pause Young (Normal) (G1 Evacuation Pause)
[2024-04-22T08:55:28.448+0000][gc,task     ] GC(71) Using 8 workers of 8 for evacuation
[2024-04-22T08:55:28.461+0000][gc,phases   ] GC(71)   Pre Evacuate Collection Set: 0.1ms
[2024-04-22T08:55:28.461+0000][gc,phases   ] GC(71)   Merge Heap Roots: 0.1ms
[2024-04-22T08:55:28.461+0000][gc,phases   ] GC(71)   Evacuate Collection Set: 12.1ms
[2024-04-22T08:55:28.461+0000][gc,phases   ] GC(71)   Post Evacuate Collection Set: 0.8ms
[2024-04-22T08:55:28.461+0000][gc,phases   ] GC(71)   Other: 0.1ms
[2024-04-22T08:55:28.461+0000][gc,heap     ] GC(71) Eden regions: 605->0(604)
[2024-04-22T08:55:28.461+0000][gc,heap     ] GC(71) Survivor regions: 9->10(77)
[2024-04-22T08:55:28.461+0000][gc,heap     ] GC(71) Old regions: 29->29
[2024-04-22T08:55:28.461+0000][gc,heap     ] GC(71) Archive regions: 2->2
[2024-04-22T08:55:28.461+0000][gc,heap     ] GC(71) Humongous regions: 129->129
[2024-04-22T08:55:28.461+0000][gc,metaspace] GC(71) Metaspace: 43224K(43840K)->43224K(43840K) NonClass: 38170K(38528K)->38170K(38528K) Class: 5053K(5312K)->5053K(5312K)
[2024-04-22T08:55:28.461+0000][gc          ] GC(71) Pause Young (Normal) (G1 Evacuation Pause) 772M->168M(1024M) 13.393ms
[2024-04-22T08:55:28.461+0000][gc,cpu      ] GC(71) User=0.04s Sys=0.01s Real=0.01s
[2024-04-22T08:55:42.912+0000][gc,start    ] GC(72) Pause Young (Normal) (G1 Evacuation Pause)
[2024-04-22T08:55:42.912+0000][gc,task     ] GC(72) Using 8 workers of 8 for evacuation
[2024-04-22T08:55:42.931+0000][gc,phases   ] GC(72)   Pre Evacuate Collection Set: 0.1ms
[2024-04-22T08:55:42.931+0000][gc,phases   ] GC(72)   Merge Heap Roots: 0.1ms
[2024-04-22T08:55:42.931+0000][gc,phases   ] GC(72)   Evacuate Collection Set: 18.0ms
[2024-04-22T08:55:42.931+0000][gc,phases   ] GC(72)   Post Evacuate Collection Set: 0.7ms
[2024-04-22T08:55:42.931+0000][gc,phases   ] GC(72)   Other: 0.1ms
[2024-04-22T08:55:42.931+0000][gc,heap     ] GC(72) Eden regions: 604->0(603)
[2024-04-22T08:55:42.931+0000][gc,heap     ] GC(72) Survivor regions: 10->11(77)
[2024-04-22T08:55:42.931+0000][gc,heap     ] GC(72) Old regions: 29->29
[2024-04-22T08:55:42.931+0000][gc,heap     ] GC(72) Archive regions: 2->2
[2024-04-22T08:55:42.931+0000][gc,heap     ] GC(72) Humongous regions: 129->129
[2024-04-22T08:55:42.931+0000][gc,metaspace] GC(72) Metaspace: 43224K(43840K)->43224K(43840K) NonClass: 38171K(38528K)->38171K(38528K) Class: 5053K(5312K)->5053K(5312K)
[2024-04-22T08:55:42.931+0000][gc          ] GC(72) Pause Young (Normal) (G1 Evacuation Pause) 772M->169M(1024M) 19.222ms
[2024-04-22T08:55:42.931+0000][gc,cpu      ] GC(72) User=0.04s Sys=0.00s Real=0.01s
[2024-04-22T08:56:04.708+0000][gc,start    ] GC(73) Pause Young (Normal) (G1 Evacuation Pause)
[2024-04-22T08:56:04.708+0000][gc,task     ] GC(73) Using 8 workers of 8 for evacuation
[2024-04-22T08:56:04.725+0000][gc,phases   ] GC(73)   Pre Evacuate Collection Set: 0.2ms
[2024-04-22T08:56:04.725+0000][gc,phases   ] GC(73)   Merge Heap Roots: 0.2ms
[2024-04-22T08:56:04.725+0000][gc,phases   ] GC(73)   Evacuate Collection Set: 15.2ms
[2024-04-22T08:56:04.725+0000][gc,phases   ] GC(73)   Post Evacuate Collection Set: 0.6ms
[2024-04-22T08:56:04.725+0000][gc,phases   ] GC(73)   Other: 0.1ms
[2024-04-22T08:56:04.725+0000][gc,heap     ] GC(73) Eden regions: 603->0(600)
[2024-04-22T08:56:04.725+0000][gc,heap     ] GC(73) Survivor regions: 11->14(77)
[2024-04-22T08:56:04.725+0000][gc,heap     ] GC(73) Old regions: 29->30
[2024-04-22T08:56:04.725+0000][gc,heap     ] GC(73) Archive regions: 2->2
[2024-04-22T08:56:04.725+0000][gc,heap     ] GC(73) Humongous regions: 129->129
[2024-04-22T08:56:04.725+0000][gc,metaspace] GC(73) Metaspace: 43274K(43904K)->43274K(43904K) NonClass: 38220K(38592K)->38220K(38592K) Class: 5053K(5312K)->5053K(5312K)
[2024-04-22T08:56:04.725+0000][gc          ] GC(73) Pause Young (Normal) (G1 Evacuation Pause) 772M->172M(1024M) 16.377ms
[2024-04-22T08:56:04.725+0000][gc,cpu      ] GC(73) User=0.05s Sys=0.00s Real=0.02s
[2024-04-22T08:56:06.539+0000][gc,start    ] GC(74) Pause Young (Normal) (G1 Evacuation Pause)
[2024-04-22T08:56:06.539+0000][gc,task     ] GC(74) Using 8 workers of 8 for evacuation
[2024-04-22T08:56:06.553+0000][gc,phases   ] GC(74)   Pre Evacuate Collection Set: 0.2ms
[2024-04-22T08:56:06.553+0000][gc,phases   ] GC(74)   Merge Heap Roots: 0.1ms
[2024-04-22T08:56:06.553+0000][gc,phases   ] GC(74)   Evacuate Collection Set: 12.8ms
[2024-04-22T08:56:06.553+0000][gc,phases   ] GC(74)   Post Evacuate Collection Set: 0.8ms
[2024-04-22T08:56:06.553+0000][gc,phases   ] GC(74)   Other: 9.5ms
[2024-04-22T08:56:06.553+0000][gc,heap     ] GC(74) Eden regions: 600->0(600)
[2024-04-22T08:56:06.553+0000][gc,heap     ] GC(74) Survivor regions: 14->14(77)
[2024-04-22T08:56:06.553+0000][gc,heap     ] GC(74) Old regions: 30->30
[2024-04-22T08:56:06.553+0000][gc,heap     ] GC(74) Archive regions: 2->2
[2024-04-22T08:56:06.553+0000][gc,heap     ] GC(74) Humongous regions: 129->129
[2024-04-22T08:56:06.553+0000][gc,metaspace] GC(74) Metaspace: 43274K(43904K)->43274K(43904K) NonClass: 38220K(38592K)->38220K(38592K) Class: 5053K(5312K)->5053K(5312K)
[2024-04-22T08:56:06.553+0000][gc          ] GC(74) Pause Young (Normal) (G1 Evacuation Pause) 772M->173M(1024M) 23.446ms
[2024-04-22T08:56:06.553+0000][gc,cpu      ] GC(74) User=0.05s Sys=0.00s Real=0.03s
[2024-04-22T08:56:08.442+0000][gc,start    ] GC(75) Pause Young (Normal) (G1 Evacuation Pause)
[2024-04-22T08:56:08.442+0000][gc,task     ] GC(75) Using 8 workers of 8 for evacuation
[2024-04-22T08:56:08.456+0000][gc,phases   ] GC(75)   Pre Evacuate Collection Set: 0.1ms
[2024-04-22T08:56:08.456+0000][gc,phases   ] GC(75)   Merge Heap Roots: 0.1ms
[2024-04-22T08:56:08.456+0000][gc,phases   ] GC(75)   Evacuate Collection Set: 13.0ms
[2024-04-22T08:56:08.456+0000][gc,phases   ] GC(75)   Post Evacuate Collection Set: 0.6ms
[2024-04-22T08:56:08.456+0000][gc,phases   ] GC(75)   Other: 0.1ms
[2024-04-22T08:56:08.456+0000][gc,heap     ] GC(75) Eden regions: 600->0(599)
[2024-04-22T08:56:08.456+0000][gc,heap     ] GC(75) Survivor regions: 14->15(77)
[2024-04-22T08:56:08.456+0000][gc,heap     ] GC(75) Old regions: 30->30
[2024-04-22T08:56:08.456+0000][gc,heap     ] GC(75) Archive regions: 2->2
[2024-04-22T08:56:08.456+0000][gc,heap     ] GC(75) Humongous regions: 129->129
[2024-04-22T08:56:08.456+0000][gc,metaspace] GC(75) Metaspace: 43274K(43904K)->43274K(43904K) NonClass: 38220K(38592K)->38220K(38592K) Class: 5053K(5312K)->5053K(5312K)
[2024-04-22T08:56:08.456+0000][gc          ] GC(75) Pause Young (Normal) (G1 Evacuation Pause) 773M->174M(1024M) 14.061ms
[2024-04-22T08:56:08.456+0000][gc,cpu      ] GC(75) User=0.05s Sys=0.00s Real=0.02s
[2024-04-22T08:56:10.193+0000][gc,start    ] GC(76) Pause Young (Normal) (G1 Evacuation Pause)
[2024-04-22T08:56:10.193+0000][gc,task     ] GC(76) Using 8 workers of 8 for evacuation
[2024-04-22T08:56:10.204+0000][gc,phases   ] GC(76)   Pre Evacuate Collection Set: 0.1ms
[2024-04-22T08:56:10.204+0000][gc,phases   ] GC(76)   Merge Heap Roots: 0.1ms
[2024-04-22T08:56:10.204+0000][gc,phases   ] GC(76)   Evacuate Collection Set: 9.9ms
[2024-04-22T08:56:10.204+0000][gc,phases   ] GC(76)   Post Evacuate Collection Set: 0.6ms
[2024-04-22T08:56:10.204+0000][gc,phases   ] GC(76)   Other: 0.2ms
[2024-04-22T08:56:10.204+0000][gc,heap     ] GC(76) Eden regions: 599->0(599)
[2024-04-22T08:56:10.204+0000][gc,heap     ] GC(76) Survivor regions: 15->15(77)
[2024-04-22T08:56:10.204+0000][gc,heap     ] GC(76) Old regions: 30->30
[2024-04-22T08:56:10.204+0000][gc,heap     ] GC(76) Archive regions: 2->2
[2024-04-22T08:56:10.204+0000][gc,heap     ] GC(76) Humongous regions: 129->129
[2024-04-22T08:56:10.204+0000][gc,metaspace] GC(76) Metaspace: 43275K(43904K)->43275K(43904K) NonClass: 38222K(38592K)->38222K(38592K) Class: 5053K(5312K)->5053K(5312K)
[2024-04-22T08:56:10.204+0000][gc          ] GC(76) Pause Young (Normal) (G1 Evacuation Pause) 773M->174M(1024M) 11.032ms
[2024-04-22T08:56:10.204+0000][gc,cpu      ] GC(76) User=0.05s Sys=0.00s Real=0.01s
[2024-04-22T08:56:11.627+0000][gc,start    ] GC(77) Pause Young (Normal) (G1 Evacuation Pause)
[2024-04-22T08:56:11.627+0000][gc,task     ] GC(77) Using 8 workers of 8 for evacuation
[2024-04-22T08:56:11.635+0000][gc,phases   ] GC(77)   Pre Evacuate Collection Set: 0.1ms
[2024-04-22T08:56:11.635+0000][gc,phases   ] GC(77)   Merge Heap Roots: 0.1ms
[2024-04-22T08:56:11.635+0000][gc,phases   ] GC(77)   Evacuate Collection Set: 7.1ms
[2024-04-22T08:56:11.635+0000][gc,phases   ] GC(77)   Post Evacuate Collection Set: 0.5ms
[2024-04-22T08:56:11.635+0000][gc,phases   ] GC(77)   Other: 0.1ms
[2024-04-22T08:56:11.635+0000][gc,heap     ] GC(77) Eden regions: 599->0(600)
[2024-04-22T08:56:11.635+0000][gc,heap     ] GC(77) Survivor regions: 15->14(77)
[2024-04-22T08:56:11.635+0000][gc,heap     ] GC(77) Old regions: 30->32
[2024-04-22T08:56:11.635+0000][gc,heap     ] GC(77) Archive regions: 2->2
[2024-04-22T08:56:11.635+0000][gc,heap     ] GC(77) Humongous regions: 129->129
[2024-04-22T08:56:11.635+0000][gc,metaspace] GC(77) Metaspace: 43275K(43904K)->43275K(43904K) NonClass: 38222K(38592K)->38222K(38592K) Class: 5053K(5312K)->5053K(5312K)
[2024-04-22T08:56:11.635+0000][gc          ] GC(77) Pause Young (Normal) (G1 Evacuation Pause) 773M->175M(1024M) 7.969ms
[2024-04-22T08:56:11.635+0000][gc,cpu      ] GC(77) User=0.04s Sys=0.00s Real=0.01s
[2024-04-22T08:56:12.726+0000][gc,start    ] GC(78) Pause Young (Normal) (G1 Evacuation Pause)
[2024-04-22T08:56:12.726+0000][gc,task     ] GC(78) Using 8 workers of 8 for evacuation
[2024-04-22T08:56:12.732+0000][gc,phases   ] GC(78)   Pre Evacuate Collection Set: 0.1ms
[2024-04-22T08:56:12.732+0000][gc,phases   ] GC(78)   Merge Heap Roots: 0.1ms
[2024-04-22T08:56:12.732+0000][gc,phases   ] GC(78)   Evacuate Collection Set: 5.3ms
[2024-04-22T08:56:12.732+0000][gc,phases   ] GC(78)   Post Evacuate Collection Set: 0.4ms
[2024-04-22T08:56:12.732+0000][gc,phases   ] GC(78)   Other: 0.1ms
[2024-04-22T08:56:12.732+0000][gc,heap     ] GC(78) Eden regions: 600->0(601)
[2024-04-22T08:56:12.732+0000][gc,heap     ] GC(78) Survivor regions: 14->13(77)
[2024-04-22T08:56:12.732+0000][gc,heap     ] GC(78) Old regions: 32->33
[2024-04-22T08:56:12.732+0000][gc,heap     ] GC(78) Archive regions: 2->2
[2024-04-22T08:56:12.732+0000][gc,heap     ] GC(78) Humongous regions: 129->129
[2024-04-22T08:56:12.732+0000][gc,metaspace] GC(78) Metaspace: 43275K(43904K)->43275K(43904K) NonClass: 38222K(38592K)->38222K(38592K) Class: 5053K(5312K)->5053K(5312K)
[2024-04-22T08:56:12.732+0000][gc          ] GC(78) Pause Young (Normal) (G1 Evacuation Pause) 775M->175M(1024M) 6.118ms
[2024-04-22T08:56:12.732+0000][gc,cpu      ] GC(78) User=0.04s Sys=0.00s Real=0.01s
[2024-04-22T08:56:13.821+0000][gc,start    ] GC(79) Pause Young (Normal) (G1 Evacuation Pause)
[2024-04-22T08:56:13.821+0000][gc,task     ] GC(79) Using 8 workers of 8 for evacuation
[2024-04-22T08:56:13.827+0000][gc,phases   ] GC(79)   Pre Evacuate Collection Set: 0.1ms
[2024-04-22T08:56:13.827+0000][gc,phases   ] GC(79)   Merge Heap Roots: 0.1ms
[2024-04-22T08:56:13.827+0000][gc,phases   ] GC(79)   Evacuate Collection Set: 5.1ms
[2024-04-22T08:56:13.827+0000][gc,phases   ] GC(79)   Post Evacuate Collection Set: 0.4ms
[2024-04-22T08:56:13.827+0000][gc,phases   ] GC(79)   Other: 0.1ms
[2024-04-22T08:56:13.827+0000][gc,heap     ] GC(79) Eden regions: 601->0(602)
[2024-04-22T08:56:13.827+0000][gc,heap     ] GC(79) Survivor regions: 13->12(77)
[2024-04-22T08:56:13.827+0000][gc,heap     ] GC(79) Old regions: 33->34
[2024-04-22T08:56:13.827+0000][gc,heap     ] GC(79) Archive regions: 2->2
[2024-04-22T08:56:13.827+0000][gc,heap     ] GC(79) Humongous regions: 129->129
[2024-04-22T08:56:13.827+0000][gc,metaspace] GC(79) Metaspace: 43277K(43904K)->43277K(43904K) NonClass: 38224K(38592K)->38224K(38592K) Class: 5053K(5312K)->5053K(5312K)
[2024-04-22T08:56:13.827+0000][gc          ] GC(79) Pause Young (Normal) (G1 Evacuation Pause) 776M->175M(1024M) 5.934ms
[2024-04-22T08:56:13.827+0000][gc,cpu      ] GC(79) User=0.04s Sys=0.00s Real=0.01s
[2024-04-22T08:56:15.504+0000][gc,start    ] GC(80) Pause Young (Normal) (G1 Evacuation Pause)
[2024-04-22T08:56:15.504+0000][gc,task     ] GC(80) Using 8 workers of 8 for evacuation
[2024-04-22T08:56:15.517+0000][gc,phases   ] GC(80)   Pre Evacuate Collection Set: 0.1ms
[2024-04-22T08:56:15.517+0000][gc,phases   ] GC(80)   Merge Heap Roots: 0.2ms
[2024-04-22T08:56:15.517+0000][gc,phases   ] GC(80)   Evacuate Collection Set: 11.8ms
[2024-04-22T08:56:15.517+0000][gc,phases   ] GC(80)   Post Evacuate Collection Set: 1.2ms
[2024-04-22T08:56:15.517+0000][gc,phases   ] GC(80)   Other: 0.2ms
[2024-04-22T08:56:15.517+0000][gc,heap     ] GC(80) Eden regions: 602->0(602)
[2024-04-22T08:56:15.517+0000][gc,heap     ] GC(80) Survivor regions: 12->12(77)
[2024-04-22T08:56:15.517+0000][gc,heap     ] GC(80) Old regions: 34->34
[2024-04-22T08:56:15.517+0000][gc,heap     ] GC(80) Archive regions: 2->2
[2024-04-22T08:56:15.517+0000][gc,heap     ] GC(80) Humongous regions: 129->129
[2024-04-22T08:56:15.517+0000][gc,metaspace] GC(80) Metaspace: 43278K(43904K)->43278K(43904K) NonClass: 38225K(38592K)->38225K(38592K) Class: 5053K(5312K)->5053K(5312K)
[2024-04-22T08:56:15.517+0000][gc          ] GC(80) Pause Young (Normal) (G1 Evacuation Pause) 777M->175M(1024M) 13.598ms
[2024-04-22T08:56:15.517+0000][gc,cpu      ] GC(80) User=0.04s Sys=0.00s Real=0.02s
[2024-04-22T08:56:17.522+0000][gc,start    ] GC(81) Pause Young (Normal) (G1 Evacuation Pause)
[2024-04-22T08:56:17.522+0000][gc,task     ] GC(81) Using 8 workers of 8 for evacuation
[2024-04-22T08:56:17.533+0000][gc,phases   ] GC(81)   Pre Evacuate Collection Set: 0.2ms
[2024-04-22T08:56:17.533+0000][gc,phases   ] GC(81)   Merge Heap Roots: 0.2ms
[2024-04-22T08:56:17.533+0000][gc,phases   ] GC(81)   Evacuate Collection Set: 9.9ms
[2024-04-22T08:56:17.533+0000][gc,phases   ] GC(81)   Post Evacuate Collection Set: 1.1ms
[2024-04-22T08:56:17.533+0000][gc,phases   ] GC(81)   Other: 0.1ms
[2024-04-22T08:56:17.533+0000][gc,heap     ] GC(81) Eden regions: 602->0(603)
[2024-04-22T08:56:17.533+0000][gc,heap     ] GC(81) Survivor regions: 12->11(77)
[2024-04-22T08:56:17.533+0000][gc,heap     ] GC(81) Old regions: 34->35
[2024-04-22T08:56:17.533+0000][gc,heap     ] GC(81) Archive regions: 2->2
[2024-04-22T08:56:17.533+0000][gc,heap     ] GC(81) Humongous regions: 129->129
[2024-04-22T08:56:17.533+0000][gc,metaspace] GC(81) Metaspace: 43296K(43904K)->43296K(43904K) NonClass: 38242K(38592K)->38242K(38592K) Class: 5053K(5312K)->5053K(5312K)
[2024-04-22T08:56:17.533+0000][gc          ] GC(81) Pause Young (Normal) (G1 Evacuation Pause) 777M->175M(1024M) 11.590ms
[2024-04-22T08:56:17.533+0000][gc,cpu      ] GC(81) User=0.03s Sys=0.00s Real=0.02s
[2024-04-22T08:56:19.312+0000][gc,start    ] GC(82) Pause Young (Normal) (G1 Evacuation Pause)
[2024-04-22T08:56:19.312+0000][gc,task     ] GC(82) Using 8 workers of 8 for evacuation
[2024-04-22T08:56:19.341+0000][gc,mmu      ] GC(82) MMU target violated: 21.0ms (20.0ms/21.0ms)
[2024-04-22T08:56:19.341+0000][gc,phases   ] GC(82)   Pre Evacuate Collection Set: 0.1ms
[2024-04-22T08:56:19.341+0000][gc,phases   ] GC(82)   Merge Heap Roots: 0.2ms
[2024-04-22T08:56:19.341+0000][gc,phases   ] GC(82)   Evacuate Collection Set: 27.7ms
[2024-04-22T08:56:19.341+0000][gc,phases   ] GC(82)   Post Evacuate Collection Set: 1.3ms
[2024-04-22T08:56:19.341+0000][gc,phases   ] GC(82)   Other: 0.2ms
[2024-04-22T08:56:19.341+0000][gc,heap     ] GC(82) Eden regions: 603->0(602)
[2024-04-22T08:56:19.341+0000][gc,heap     ] GC(82) Survivor regions: 11->12(77)
[2024-04-22T08:56:19.341+0000][gc,heap     ] GC(82) Old regions: 35->35
[2024-04-22T08:56:19.341+0000][gc,heap     ] GC(82) Archive regions: 2->2
[2024-04-22T08:56:19.341+0000][gc,heap     ] GC(82) Humongous regions: 129->129
[2024-04-22T08:56:19.341+0000][gc,metaspace] GC(82) Metaspace: 43296K(43904K)->43296K(43904K) NonClass: 38242K(38592K)->38242K(38592K) Class: 5053K(5312K)->5053K(5312K)
[2024-04-22T08:56:19.341+0000][gc          ] GC(82) Pause Young (Normal) (G1 Evacuation Pause) 778M->175M(1024M) 29.505ms
[2024-04-22T08:56:19.341+0000][gc,cpu      ] GC(82) User=0.04s Sys=0.00s Real=0.03s
[2024-04-22T08:56:21.605+0000][gc,start    ] GC(83) Pause Young (Normal) (G1 Evacuation Pause)
[2024-04-22T08:56:21.605+0000][gc,task     ] GC(83) Using 8 workers of 8 for evacuation
[2024-04-22T08:56:21.620+0000][gc,phases   ] GC(83)   Pre Evacuate Collection Set: 0.2ms
[2024-04-22T08:56:21.620+0000][gc,phases   ] GC(83)   Merge Heap Roots: 0.2ms
[2024-04-22T08:56:21.620+0000][gc,phases   ] GC(83)   Evacuate Collection Set: 14.0ms
[2024-04-22T08:56:21.620+0000][gc,phases   ] GC(83)   Post Evacuate Collection Set: 0.7ms
[2024-04-22T08:56:21.620+0000][gc,phases   ] GC(83)   Other: 0.2ms
[2024-04-22T08:56:21.620+0000][gc,heap     ] GC(83) Eden regions: 602->0(603)
[2024-04-22T08:56:21.620+0000][gc,heap     ] GC(83) Survivor regions: 12->11(77)
[2024-04-22T08:56:21.620+0000][gc,heap     ] GC(83) Old regions: 35->36
[2024-04-22T08:56:21.620+0000][gc,heap     ] GC(83) Archive regions: 2->2
[2024-04-22T08:56:21.620+0000][gc,heap     ] GC(83) Humongous regions: 129->129
[2024-04-22T08:56:21.620+0000][gc,metaspace] GC(83) Metaspace: 43297K(43904K)->43297K(43904K) NonClass: 38244K(38592K)->38244K(38592K) Class: 5053K(5312K)->5053K(5312K)
[2024-04-22T08:56:21.620+0000][gc          ] GC(83) Pause Young (Normal) (G1 Evacuation Pause) 777M->175M(1024M) 15.363ms
[2024-04-22T08:56:21.620+0000][gc,cpu      ] GC(83) User=0.04s Sys=0.00s Real=0.01s
[2024-04-22T08:56:23.439+0000][gc,start    ] GC(84) Pause Young (Normal) (G1 Evacuation Pause)
[2024-04-22T08:56:23.439+0000][gc,task     ] GC(84) Using 8 workers of 8 for evacuation
[2024-04-22T08:56:23.447+0000][gc,phases   ] GC(84)   Pre Evacuate Collection Set: 0.1ms
[2024-04-22T08:56:23.447+0000][gc,phases   ] GC(84)   Merge Heap Roots: 0.1ms
[2024-04-22T08:56:23.447+0000][gc,phases   ] GC(84)   Evacuate Collection Set: 7.3ms
[2024-04-22T08:56:23.447+0000][gc,phases   ] GC(84)   Post Evacuate Collection Set: 0.5ms
[2024-04-22T08:56:23.447+0000][gc,phases   ] GC(84)   Other: 0.2ms
[2024-04-22T08:56:23.447+0000][gc,heap     ] GC(84) Eden regions: 603->0(603)
[2024-04-22T08:56:23.447+0000][gc,heap     ] GC(84) Survivor regions: 11->11(77)
[2024-04-22T08:56:23.447+0000][gc,heap     ] GC(84) Old regions: 36->36
[2024-04-22T08:56:23.447+0000][gc,heap     ] GC(84) Archive regions: 2->2
[2024-04-22T08:56:23.447+0000][gc,heap     ] GC(84) Humongous regions: 129->129
[2024-04-22T08:56:23.447+0000][gc,metaspace] GC(84) Metaspace: 43301K(43904K)->43301K(43904K) NonClass: 38247K(38592K)->38247K(38592K) Class: 5053K(5312K)->5053K(5312K)
[2024-04-22T08:56:23.447+0000][gc          ] GC(84) Pause Young (Normal) (G1 Evacuation Pause) 778M->176M(1024M) 8.199ms
[2024-04-22T08:56:23.447+0000][gc,cpu      ] GC(84) User=0.04s Sys=0.00s Real=0.01s
[2024-04-22T08:56:25.429+0000][gc,start    ] GC(85) Pause Young (Normal) (G1 Evacuation Pause)
[2024-04-22T08:56:25.429+0000][gc,task     ] GC(85) Using 8 workers of 8 for evacuation
[2024-04-22T08:56:25.436+0000][gc,phases   ] GC(85)   Pre Evacuate Collection Set: 0.1ms
[2024-04-22T08:56:25.436+0000][gc,phases   ] GC(85)   Merge Heap Roots: 0.1ms
[2024-04-22T08:56:25.436+0000][gc,phases   ] GC(85)   Evacuate Collection Set: 6.1ms
[2024-04-22T08:56:25.436+0000][gc,phases   ] GC(85)   Post Evacuate Collection Set: 0.4ms
[2024-04-22T08:56:25.436+0000][gc,phases   ] GC(85)   Other: 0.1ms
[2024-04-22T08:56:25.436+0000][gc,heap     ] GC(85) Eden regions: 603->0(605)
[2024-04-22T08:56:25.436+0000][gc,heap     ] GC(85) Survivor regions: 11->9(77)
[2024-04-22T08:56:25.436+0000][gc,heap     ] GC(85) Old regions: 36->38
[2024-04-22T08:56:25.436+0000][gc,heap     ] GC(85) Archive regions: 2->2
[2024-04-22T08:56:25.436+0000][gc,heap     ] GC(85) Humongous regions: 129->129
[2024-04-22T08:56:25.436+0000][gc,metaspace] GC(85) Metaspace: 43301K(43904K)->43301K(43904K) NonClass: 38247K(38592K)->38247K(38592K) Class: 5053K(5312K)->5053K(5312K)
[2024-04-22T08:56:25.436+0000][gc          ] GC(85) Pause Young (Normal) (G1 Evacuation Pause) 779M->176M(1024M) 6.970ms
[2024-04-22T08:56:25.436+0000][gc,cpu      ] GC(85) User=0.03s Sys=0.01s Real=0.01s
[2024-04-22T08:56:27.097+0000][gc,start    ] GC(86) Pause Young (Normal) (G1 Evacuation Pause)
[2024-04-22T08:56:27.097+0000][gc,task     ] GC(86) Using 8 workers of 8 for evacuation
[2024-04-22T08:56:27.107+0000][gc,phases   ] GC(86)   Pre Evacuate Collection Set: 0.1ms
[2024-04-22T08:56:27.107+0000][gc,phases   ] GC(86)   Merge Heap Roots: 0.1ms
[2024-04-22T08:56:27.107+0000][gc,phases   ] GC(86)   Evacuate Collection Set: 9.2ms
[2024-04-22T08:56:27.107+0000][gc,phases   ] GC(86)   Post Evacuate Collection Set: 0.5ms
[2024-04-22T08:56:27.107+0000][gc,phases   ] GC(86)   Other: 0.1ms
[2024-04-22T08:56:27.107+0000][gc,heap     ] GC(86) Eden regions: 605->0(606)
[2024-04-22T08:56:27.107+0000][gc,heap     ] GC(86) Survivor regions: 9->8(77)
[2024-04-22T08:56:27.107+0000][gc,heap     ] GC(86) Old regions: 38->39
[2024-04-22T08:56:27.107+0000][gc,heap     ] GC(86) Archive regions: 2->2
[2024-04-22T08:56:27.107+0000][gc,heap     ] GC(86) Humongous regions: 129->129
[2024-04-22T08:56:27.107+0000][gc,metaspace] GC(86) Metaspace: 43302K(43904K)->43302K(43904K) NonClass: 38248K(38592K)->38248K(38592K) Class: 5053K(5312K)->5053K(5312K)
[2024-04-22T08:56:27.107+0000][gc          ] GC(86) Pause Young (Normal) (G1 Evacuation Pause) 781M->176M(1024M) 10.186ms
[2024-04-22T08:56:27.107+0000][gc,cpu      ] GC(86) User=0.03s Sys=0.00s Real=0.01s
[2024-04-22T08:56:28.914+0000][gc,start    ] GC(87) Pause Young (Normal) (G1 Evacuation Pause)
[2024-04-22T08:56:28.914+0000][gc,task     ] GC(87) Using 8 workers of 8 for evacuation
[2024-04-22T08:56:28.922+0000][gc,phases   ] GC(87)   Pre Evacuate Collection Set: 0.1ms
[2024-04-22T08:56:28.922+0000][gc,phases   ] GC(87)   Merge Heap Roots: 0.1ms
[2024-04-22T08:56:28.922+0000][gc,phases   ] GC(87)   Evacuate Collection Set: 6.3ms
[2024-04-22T08:56:28.922+0000][gc,phases   ] GC(87)   Post Evacuate Collection Set: 0.7ms
[2024-04-22T08:56:28.922+0000][gc,phases   ] GC(87)   Other: 0.2ms
[2024-04-22T08:56:28.922+0000][gc,heap     ] GC(87) Eden regions: 606->0(607)
[2024-04-22T08:56:28.922+0000][gc,heap     ] GC(87) Survivor regions: 8->7(77)
[2024-04-22T08:56:28.922+0000][gc,heap     ] GC(87) Old regions: 39->40
[2024-04-22T08:56:28.922+0000][gc,heap     ] GC(87) Archive regions: 2->2
[2024-04-22T08:56:28.922+0000][gc,heap     ] GC(87) Humongous regions: 129->129
[2024-04-22T08:56:28.922+0000][gc,metaspace] GC(87) Metaspace: 43314K(43904K)->43314K(43904K) NonClass: 38260K(38592K)->38260K(38592K) Class: 5053K(5312K)->5053K(5312K)
[2024-04-22T08:56:28.922+0000][gc          ] GC(87) Pause Young (Normal) (G1 Evacuation Pause) 782M->176M(1024M) 7.576ms
[2024-04-22T08:56:28.922+0000][gc,cpu      ] GC(87) User=0.03s Sys=0.00s Real=0.00s
[2024-04-22T08:56:30.796+0000][gc,start    ] GC(88) Pause Young (Normal) (G1 Evacuation Pause)
[2024-04-22T08:56:30.796+0000][gc,task     ] GC(88) Using 8 workers of 8 for evacuation
[2024-04-22T08:56:30.800+0000][gc,phases   ] GC(88)   Pre Evacuate Collection Set: 0.2ms
[2024-04-22T08:56:30.800+0000][gc,phases   ] GC(88)   Merge Heap Roots: 0.1ms
[2024-04-22T08:56:30.800+0000][gc,phases   ] GC(88)   Evacuate Collection Set: 3.5ms
[2024-04-22T08:56:30.800+0000][gc,phases   ] GC(88)   Post Evacuate Collection Set: 0.4ms
[2024-04-22T08:56:30.800+0000][gc,phases   ] GC(88)   Other: 0.1ms
[2024-04-22T08:56:30.800+0000][gc,heap     ] GC(88) Eden regions: 607->0(610)
[2024-04-22T08:56:30.800+0000][gc,heap     ] GC(88) Survivor regions: 7->4(77)
[2024-04-22T08:56:30.800+0000][gc,heap     ] GC(88) Old regions: 40->43
[2024-04-22T08:56:30.800+0000][gc,heap     ] GC(88) Archive regions: 2->2
[2024-04-22T08:56:30.800+0000][gc,heap     ] GC(88) Humongous regions: 129->129
[2024-04-22T08:56:30.800+0000][gc,metaspace] GC(88) Metaspace: 43314K(43904K)->43314K(43904K) NonClass: 38261K(38592K)->38261K(38592K) Class: 5053K(5312K)->5053K(5312K)
[2024-04-22T08:56:30.800+0000][gc          ] GC(88) Pause Young (Normal) (G1 Evacuation Pause) 783M->176M(1024M) 4.345ms
[2024-04-22T08:56:30.800+0000][gc,cpu      ] GC(88) User=0.02s Sys=0.00s Real=0.00s
[2024-04-22T08:56:32.119+0000][gc,start    ] GC(89) Pause Young (Normal) (G1 Evacuation Pause)
[2024-04-22T08:56:32.119+0000][gc,task     ] GC(89) Using 8 workers of 8 for evacuation
[2024-04-22T08:56:32.124+0000][gc,phases   ] GC(89)   Pre Evacuate Collection Set: 0.1ms
[2024-04-22T08:56:32.124+0000][gc,phases   ] GC(89)   Merge Heap Roots: 0.1ms
[2024-04-22T08:56:32.124+0000][gc,phases   ] GC(89)   Evacuate Collection Set: 3.6ms
[2024-04-22T08:56:32.124+0000][gc,phases   ] GC(89)   Post Evacuate Collection Set: 0.7ms
[2024-04-22T08:56:32.124+0000][gc,phases   ] GC(89)   Other: 0.1ms
[2024-04-22T08:56:32.124+0000][gc,heap     ] GC(89) Eden regions: 610->0(611)
[2024-04-22T08:56:32.124+0000][gc,heap     ] GC(89) Survivor regions: 4->3(77)
[2024-04-22T08:56:32.124+0000][gc,heap     ] GC(89) Old regions: 43->44
[2024-04-22T08:56:32.124+0000][gc,heap     ] GC(89) Archive regions: 2->2
[2024-04-22T08:56:32.124+0000][gc,heap     ] GC(89) Humongous regions: 129->129
[2024-04-22T08:56:32.124+0000][gc,metaspace] GC(89) Metaspace: 43314K(43904K)->43314K(43904K) NonClass: 38261K(38592K)->38261K(38592K) Class: 5053K(5312K)->5053K(5312K)
[2024-04-22T08:56:32.124+0000][gc          ] GC(89) Pause Young (Normal) (G1 Evacuation Pause) 786M->176M(1024M) 4.700ms
[2024-04-22T08:56:32.124+0000][gc,cpu      ] GC(89) User=0.01s Sys=0.00s Real=0.01s
[2024-04-22T08:56:33.372+0000][gc,start    ] GC(90) Pause Young (Normal) (G1 Evacuation Pause)
[2024-04-22T08:56:33.372+0000][gc,task     ] GC(90) Using 8 workers of 8 for evacuation
[2024-04-22T08:56:33.375+0000][gc,phases   ] GC(90)   Pre Evacuate Collection Set: 0.1ms
[2024-04-22T08:56:33.375+0000][gc,phases   ] GC(90)   Merge Heap Roots: 0.1ms
[2024-04-22T08:56:33.375+0000][gc,phases   ] GC(90)   Evacuate Collection Set: 1.8ms
[2024-04-22T08:56:33.375+0000][gc,phases   ] GC(90)   Post Evacuate Collection Set: 0.4ms
[2024-04-22T08:56:33.375+0000][gc,phases   ] GC(90)   Other: 0.1ms
[2024-04-22T08:56:33.375+0000][gc,heap     ] GC(90) Eden regions: 611->0(611)
[2024-04-22T08:56:33.375+0000][gc,heap     ] GC(90) Survivor regions: 3->3(77)
[2024-04-22T08:56:33.375+0000][gc,heap     ] GC(90) Old regions: 44->45
[2024-04-22T08:56:33.375+0000][gc,heap     ] GC(90) Archive regions: 2->2
[2024-04-22T08:56:33.375+0000][gc,heap     ] GC(90) Humongous regions: 129->129
[2024-04-22T08:56:33.375+0000][gc,metaspace] GC(90) Metaspace: 43314K(43904K)->43314K(43904K) NonClass: 38261K(38592K)->38261K(38592K) Class: 5053K(5312K)->5053K(5312K)
[2024-04-22T08:56:33.375+0000][gc          ] GC(90) Pause Young (Normal) (G1 Evacuation Pause) 787M->176M(1024M) 2.612ms
[2024-04-22T08:56:33.375+0000][gc,cpu      ] GC(90) User=0.01s Sys=0.00s Real=0.00s
[2024-04-22T08:56:34.521+0000][gc,start    ] GC(91) Pause Young (Normal) (G1 Evacuation Pause)
[2024-04-22T08:56:34.521+0000][gc,task     ] GC(91) Using 8 workers of 8 for evacuation
[2024-04-22T08:56:34.523+0000][gc,phases   ] GC(91)   Pre Evacuate Collection Set: 0.1ms
[2024-04-22T08:56:34.523+0000][gc,phases   ] GC(91)   Merge Heap Roots: 0.1ms
[2024-04-22T08:56:34.523+0000][gc,phases   ] GC(91)   Evacuate Collection Set: 1.6ms
[2024-04-22T08:56:34.523+0000][gc,phases   ] GC(91)   Post Evacuate Collection Set: 0.5ms
[2024-04-22T08:56:34.523+0000][gc,phases   ] GC(91)   Other: 0.1ms
[2024-04-22T08:56:34.523+0000][gc,heap     ] GC(91) Eden regions: 611->0(611)
[2024-04-22T08:56:34.523+0000][gc,heap     ] GC(91) Survivor regions: 3->3(77)
[2024-04-22T08:56:34.523+0000][gc,heap     ] GC(91) Old regions: 45->45
[2024-04-22T08:56:34.523+0000][gc,heap     ] GC(91) Archive regions: 2->2
[2024-04-22T08:56:34.523+0000][gc,heap     ] GC(91) Humongous regions: 129->129
[2024-04-22T08:56:34.523+0000][gc,metaspace] GC(91) Metaspace: 43314K(43904K)->43314K(43904K) NonClass: 38261K(38592K)->38261K(38592K) Class: 5053K(5312K)->5053K(5312K)
[2024-04-22T08:56:34.523+0000][gc          ] GC(91) Pause Young (Normal) (G1 Evacuation Pause) 787M->176M(1024M) 2.406ms
[2024-04-22T08:56:34.523+0000][gc,cpu      ] GC(91) User=0.01s Sys=0.01s Real=0.00s
[2024-04-22T08:56:35.707+0000][gc,start    ] GC(92) Pause Young (Normal) (G1 Evacuation Pause)
[2024-04-22T08:56:35.707+0000][gc,task     ] GC(92) Using 8 workers of 8 for evacuation
[2024-04-22T08:56:35.710+0000][gc,phases   ] GC(92)   Pre Evacuate Collection Set: 0.1ms
[2024-04-22T08:56:35.711+0000][gc,phases   ] GC(92)   Merge Heap Roots: 0.1ms
[2024-04-22T08:56:35.711+0000][gc,phases   ] GC(92)   Evacuate Collection Set: 2.2ms
[2024-04-22T08:56:35.711+0000][gc,phases   ] GC(92)   Post Evacuate Collection Set: 0.5ms
[2024-04-22T08:56:35.711+0000][gc,phases   ] GC(92)   Other: 0.1ms
[2024-04-22T08:56:35.711+0000][gc,heap     ] GC(92) Eden regions: 611->0(611)
[2024-04-22T08:56:35.711+0000][gc,heap     ] GC(92) Survivor regions: 3->3(77)
[2024-04-22T08:56:35.711+0000][gc,heap     ] GC(92) Old regions: 45->45
[2024-04-22T08:56:35.711+0000][gc,heap     ] GC(92) Archive regions: 2->2
[2024-04-22T08:56:35.711+0000][gc,heap     ] GC(92) Humongous regions: 129->129
[2024-04-22T08:56:35.711+0000][gc,metaspace] GC(92) Metaspace: 43316K(43904K)->43316K(43904K) NonClass: 38262K(38592K)->38262K(38592K) Class: 5053K(5312K)->5053K(5312K)
[2024-04-22T08:56:35.711+0000][gc          ] GC(92) Pause Young (Normal) (G1 Evacuation Pause) 787M->176M(1024M) 3.117ms
[2024-04-22T08:56:35.711+0000][gc,cpu      ] GC(92) User=0.02s Sys=0.00s Real=0.00s
[2024-04-22T08:56:37.038+0000][gc,start    ] GC(93) Pause Young (Normal) (G1 Evacuation Pause)
[2024-04-22T08:56:37.038+0000][gc,task     ] GC(93) Using 8 workers of 8 for evacuation
[2024-04-22T08:56:37.041+0000][gc,phases   ] GC(93)   Pre Evacuate Collection Set: 0.1ms
[2024-04-22T08:56:37.041+0000][gc,phases   ] GC(93)   Merge Heap Roots: 0.1ms
[2024-04-22T08:56:37.041+0000][gc,phases   ] GC(93)   Evacuate Collection Set: 2.2ms
[2024-04-22T08:56:37.041+0000][gc,phases   ] GC(93)   Post Evacuate Collection Set: 0.5ms
[2024-04-22T08:56:37.041+0000][gc,phases   ] GC(93)   Other: 0.1ms
[2024-04-22T08:56:37.041+0000][gc,heap     ] GC(93) Eden regions: 611->0(612)
[2024-04-22T08:56:37.041+0000][gc,heap     ] GC(93) Survivor regions: 3->2(77)
[2024-04-22T08:56:37.041+0000][gc,heap     ] GC(93) Old regions: 45->46
[2024-04-22T08:56:37.041+0000][gc,heap     ] GC(93) Archive regions: 2->2
[2024-04-22T08:56:37.041+0000][gc,heap     ] GC(93) Humongous regions: 129->129
[2024-04-22T08:56:37.041+0000][gc,metaspace] GC(93) Metaspace: 43316K(43904K)->43316K(43904K) NonClass: 38262K(38592K)->38262K(38592K) Class: 5053K(5312K)->5053K(5312K)
[2024-04-22T08:56:37.041+0000][gc          ] GC(93) Pause Young (Normal) (G1 Evacuation Pause) 787M->176M(1024M) 3.049ms
[2024-04-22T08:56:37.041+0000][gc,cpu      ] GC(93) User=0.02s Sys=0.00s Real=0.00s
[2024-04-22T08:56:38.529+0000][gc,start    ] GC(94) Pause Young (Normal) (G1 Evacuation Pause)
[2024-04-22T08:56:38.529+0000][gc,task     ] GC(94) Using 8 workers of 8 for evacuation
[2024-04-22T08:56:38.532+0000][gc,phases   ] GC(94)   Pre Evacuate Collection Set: 0.1ms
[2024-04-22T08:56:38.532+0000][gc,phases   ] GC(94)   Merge Heap Roots: 0.1ms
[2024-04-22T08:56:38.532+0000][gc,phases   ] GC(94)   Evacuate Collection Set: 1.8ms
[2024-04-22T08:56:38.532+0000][gc,phases   ] GC(94)   Post Evacuate Collection Set: 0.4ms
[2024-04-22T08:56:38.532+0000][gc,phases   ] GC(94)   Other: 0.1ms
[2024-04-22T08:56:38.532+0000][gc,heap     ] GC(94) Eden regions: 612->0(612)
[2024-04-22T08:56:38.532+0000][gc,heap     ] GC(94) Survivor regions: 2->2(77)
[2024-04-22T08:56:38.532+0000][gc,heap     ] GC(94) Old regions: 46->46
[2024-04-22T08:56:38.532+0000][gc,heap     ] GC(94) Archive regions: 2->2
[2024-04-22T08:56:38.532+0000][gc,heap     ] GC(94) Humongous regions: 129->129
[2024-04-22T08:56:38.532+0000][gc,metaspace] GC(94) Metaspace: 43321K(43904K)->43321K(43904K) NonClass: 38267K(38592K)->38267K(38592K) Class: 5053K(5312K)->5053K(5312K)
[2024-04-22T08:56:38.532+0000][gc          ] GC(94) Pause Young (Normal) (G1 Evacuation Pause) 788M->177M(1024M) 2.553ms
[2024-04-22T08:56:38.532+0000][gc,cpu      ] GC(94) User=0.01s Sys=0.00s Real=0.01s
[2024-04-22T08:56:39.887+0000][gc,start    ] GC(95) Pause Young (Normal) (G1 Evacuation Pause)
[2024-04-22T08:56:39.887+0000][gc,task     ] GC(95) Using 8 workers of 8 for evacuation
[2024-04-22T08:56:39.891+0000][gc,phases   ] GC(95)   Pre Evacuate Collection Set: 0.1ms
[2024-04-22T08:56:39.891+0000][gc,phases   ] GC(95)   Merge Heap Roots: 0.1ms
[2024-04-22T08:56:39.891+0000][gc,phases   ] GC(95)   Evacuate Collection Set: 3.0ms
[2024-04-22T08:56:39.891+0000][gc,phases   ] GC(95)   Post Evacuate Collection Set: 0.5ms
[2024-04-22T08:56:39.891+0000][gc,phases   ] GC(95)   Other: 0.1ms
[2024-04-22T08:56:39.891+0000][gc,heap     ] GC(95) Eden regions: 612->0(612)
[2024-04-22T08:56:39.891+0000][gc,heap     ] GC(95) Survivor regions: 2->2(77)
[2024-04-22T08:56:39.891+0000][gc,heap     ] GC(95) Old regions: 46->46
[2024-04-22T08:56:39.891+0000][gc,heap     ] GC(95) Archive regions: 2->2
[2024-04-22T08:56:39.891+0000][gc,heap     ] GC(95) Humongous regions: 129->129
[2024-04-22T08:56:39.891+0000][gc,metaspace] GC(95) Metaspace: 43321K(43904K)->43321K(43904K) NonClass: 38267K(38592K)->38267K(38592K) Class: 5053K(5312K)->5053K(5312K)
[2024-04-22T08:56:39.891+0000][gc          ] GC(95) Pause Young (Normal) (G1 Evacuation Pause) 789M->177M(1024M) 3.981ms
[2024-04-22T08:56:39.891+0000][gc,cpu      ] GC(95) User=0.01s Sys=0.00s Real=0.00s
[2024-04-22T08:56:41.383+0000][gc,start    ] GC(96) Pause Young (Normal) (G1 Evacuation Pause)
[2024-04-22T08:56:41.383+0000][gc,task     ] GC(96) Using 8 workers of 8 for evacuation
[2024-04-22T08:56:41.386+0000][gc,phases   ] GC(96)   Pre Evacuate Collection Set: 0.1ms
[2024-04-22T08:56:41.386+0000][gc,phases   ] GC(96)   Merge Heap Roots: 0.1ms
[2024-04-22T08:56:41.386+0000][gc,phases   ] GC(96)   Evacuate Collection Set: 2.0ms
[2024-04-22T08:56:41.386+0000][gc,phases   ] GC(96)   Post Evacuate Collection Set: 0.4ms
[2024-04-22T08:56:41.386+0000][gc,phases   ] GC(96)   Other: 0.1ms
[2024-04-22T08:56:41.386+0000][gc,heap     ] GC(96) Eden regions: 612->0(612)
[2024-04-22T08:56:41.386+0000][gc,heap     ] GC(96) Survivor regions: 2->2(77)
[2024-04-22T08:56:41.386+0000][gc,heap     ] GC(96) Old regions: 46->46
[2024-04-22T08:56:41.386+0000][gc,heap     ] GC(96) Archive regions: 2->2
[2024-04-22T08:56:41.386+0000][gc,heap     ] GC(96) Humongous regions: 129->129
[2024-04-22T08:56:41.386+0000][gc,metaspace] GC(96) Metaspace: 43322K(43904K)->43322K(43904K) NonClass: 38268K(38592K)->38268K(38592K) Class: 5053K(5312K)->5053K(5312K)
[2024-04-22T08:56:41.386+0000][gc          ] GC(96) Pause Young (Normal) (G1 Evacuation Pause) 789M->177M(1024M) 2.826ms
[2024-04-22T08:56:41.386+0000][gc,cpu      ] GC(96) User=0.01s Sys=0.00s Real=0.01s
[2024-04-22T08:56:42.798+0000][gc,start    ] GC(97) Pause Young (Normal) (G1 Evacuation Pause)
[2024-04-22T08:56:42.798+0000][gc,task     ] GC(97) Using 8 workers of 8 for evacuation
[2024-04-22T08:56:42.800+0000][gc,phases   ] GC(97)   Pre Evacuate Collection Set: 0.1ms
[2024-04-22T08:56:42.800+0000][gc,phases   ] GC(97)   Merge Heap Roots: 0.1ms
[2024-04-22T08:56:42.800+0000][gc,phases   ] GC(97)   Evacuate Collection Set: 1.7ms
[2024-04-22T08:56:42.800+0000][gc,phases   ] GC(97)   Post Evacuate Collection Set: 0.4ms
[2024-04-22T08:56:42.800+0000][gc,phases   ] GC(97)   Other: 0.1ms
[2024-04-22T08:56:42.800+0000][gc,heap     ] GC(97) Eden regions: 612->0(612)
[2024-04-22T08:56:42.800+0000][gc,heap     ] GC(97) Survivor regions: 2->2(77)
[2024-04-22T08:56:42.800+0000][gc,heap     ] GC(97) Old regions: 46->46
[2024-04-22T08:56:42.800+0000][gc,heap     ] GC(97) Archive regions: 2->2
[2024-04-22T08:56:42.800+0000][gc,heap     ] GC(97) Humongous regions: 129->129
[2024-04-22T08:56:42.800+0000][gc,metaspace] GC(97) Metaspace: 43322K(43904K)->43322K(43904K) NonClass: 38268K(38592K)->38268K(38592K) Class: 5053K(5312K)->5053K(5312K)
[2024-04-22T08:56:42.800+0000][gc          ] GC(97) Pause Young (Normal) (G1 Evacuation Pause) 789M->177M(1024M) 2.455ms
[2024-04-22T08:56:42.800+0000][gc,cpu      ] GC(97) User=0.01s Sys=0.01s Real=0.00s
[2024-04-22T08:56:44.263+0000][gc,start    ] GC(98) Pause Young (Normal) (G1 Evacuation Pause)
[2024-04-22T08:56:44.263+0000][gc,task     ] GC(98) Using 8 workers of 8 for evacuation
[2024-04-22T08:56:44.266+0000][gc,phases   ] GC(98)   Pre Evacuate Collection Set: 0.1ms
[2024-04-22T08:56:44.266+0000][gc,phases   ] GC(98)   Merge Heap Roots: 0.1ms
[2024-04-22T08:56:44.266+0000][gc,phases   ] GC(98)   Evacuate Collection Set: 2.5ms
[2024-04-22T08:56:44.266+0000][gc,phases   ] GC(98)   Post Evacuate Collection Set: 0.6ms
[2024-04-22T08:56:44.266+0000][gc,phases   ] GC(98)   Other: 0.1ms
[2024-04-22T08:56:44.266+0000][gc,heap     ] GC(98) Eden regions: 612->0(612)
[2024-04-22T08:56:44.266+0000][gc,heap     ] GC(98) Survivor regions: 2->2(77)
[2024-04-22T08:56:44.266+0000][gc,heap     ] GC(98) Old regions: 46->46
[2024-04-22T08:56:44.266+0000][gc,heap     ] GC(98) Archive regions: 2->2
[2024-04-22T08:56:44.266+0000][gc,heap     ] GC(98) Humongous regions: 129->129
[2024-04-22T08:56:44.266+0000][gc,metaspace] GC(98) Metaspace: 43323K(43904K)->43323K(43904K) NonClass: 38269K(38592K)->38269K(38592K) Class: 5053K(5312K)->5053K(5312K)
[2024-04-22T08:56:44.266+0000][gc          ] GC(98) Pause Young (Normal) (G1 Evacuation Pause) 789M->177M(1024M) 3.501ms
[2024-04-22T08:56:44.266+0000][gc,cpu      ] GC(98) User=0.01s Sys=0.00s Real=0.01s
[2024-04-22T08:56:46.063+0000][gc,start    ] GC(99) Pause Young (Normal) (G1 Evacuation Pause)
[2024-04-22T08:56:46.063+0000][gc,task     ] GC(99) Using 8 workers of 8 for evacuation
[2024-04-22T08:56:46.066+0000][gc,phases   ] GC(99)   Pre Evacuate Collection Set: 0.2ms
[2024-04-22T08:56:46.066+0000][gc,phases   ] GC(99)   Merge Heap Roots: 0.1ms
[2024-04-22T08:56:46.066+0000][gc,phases   ] GC(99)   Evacuate Collection Set: 2.2ms
[2024-04-22T08:56:46.066+0000][gc,phases   ] GC(99)   Post Evacuate Collection Set: 0.6ms
[2024-04-22T08:56:46.066+0000][gc,phases   ] GC(99)   Other: 0.1ms
[2024-04-22T08:56:46.066+0000][gc,heap     ] GC(99) Eden regions: 612->0(612)
[2024-04-22T08:56:46.066+0000][gc,heap     ] GC(99) Survivor regions: 2->2(77)
[2024-04-22T08:56:46.066+0000][gc,heap     ] GC(99) Old regions: 46->46
[2024-04-22T08:56:46.066+0000][gc,heap     ] GC(99) Archive regions: 2->2
[2024-04-22T08:56:46.066+0000][gc,heap     ] GC(99) Humongous regions: 129->129
[2024-04-22T08:56:46.066+0000][gc,metaspace] GC(99) Metaspace: 43323K(43904K)->43323K(43904K) NonClass: 38269K(38592K)->38269K(38592K) Class: 5053K(5312K)->5053K(5312K)
[2024-04-22T08:56:46.066+0000][gc          ] GC(99) Pause Young (Normal) (G1 Evacuation Pause) 789M->177M(1024M) 3.310ms
[2024-04-22T08:56:46.066+0000][gc,cpu      ] GC(99) User=0.01s Sys=0.00s Real=0.01s
[2024-04-22T08:56:47.643+0000][gc,start    ] GC(100) Pause Young (Normal) (G1 Evacuation Pause)
[2024-04-22T08:56:47.643+0000][gc,task     ] GC(100) Using 8 workers of 8 for evacuation
[2024-04-22T08:56:47.647+0000][gc,phases   ] GC(100)   Pre Evacuate Collection Set: 0.1ms
[2024-04-22T08:56:47.647+0000][gc,phases   ] GC(100)   Merge Heap Roots: 0.1ms
[2024-04-22T08:56:47.647+0000][gc,phases   ] GC(100)   Evacuate Collection Set: 2.7ms
[2024-04-22T08:56:47.647+0000][gc,phases   ] GC(100)   Post Evacuate Collection Set: 0.6ms
[2024-04-22T08:56:47.647+0000][gc,phases   ] GC(100)   Other: 0.1ms
[2024-04-22T08:56:47.647+0000][gc,heap     ] GC(100) Eden regions: 612->0(612)
[2024-04-22T08:56:47.647+0000][gc,heap     ] GC(100) Survivor regions: 2->2(77)
[2024-04-22T08:56:47.647+0000][gc,heap     ] GC(100) Old regions: 46->47
[2024-04-22T08:56:47.647+0000][gc,heap     ] GC(100) Archive regions: 2->2
[2024-04-22T08:56:47.647+0000][gc,heap     ] GC(100) Humongous regions: 129->129
[2024-04-22T08:56:47.647+0000][gc,metaspace] GC(100) Metaspace: 43323K(43904K)->43323K(43904K) NonClass: 38269K(38592K)->38269K(38592K) Class: 5053K(5312K)->5053K(5312K)
[2024-04-22T08:56:47.647+0000][gc          ] GC(100) Pause Young (Normal) (G1 Evacuation Pause) 789M->177M(1024M) 3.834ms
[2024-04-22T08:56:47.647+0000][gc,cpu      ] GC(100) User=0.01s Sys=0.00s Real=0.01s
[2024-04-22T08:56:49.246+0000][gc,start    ] GC(101) Pause Young (Normal) (G1 Evacuation Pause)
[2024-04-22T08:56:49.246+0000][gc,task     ] GC(101) Using 8 workers of 8 for evacuation
[2024-04-22T08:56:49.251+0000][gc,phases   ] GC(101)   Pre Evacuate Collection Set: 0.2ms
[2024-04-22T08:56:49.251+0000][gc,phases   ] GC(101)   Merge Heap Roots: 0.1ms
[2024-04-22T08:56:49.251+0000][gc,phases   ] GC(101)   Evacuate Collection Set: 3.8ms
[2024-04-22T08:56:49.251+0000][gc,phases   ] GC(101)   Post Evacuate Collection Set: 0.7ms
[2024-04-22T08:56:49.251+0000][gc,phases   ] GC(101)   Other: 0.1ms
[2024-04-22T08:56:49.251+0000][gc,heap     ] GC(101) Eden regions: 612->0(612)
[2024-04-22T08:56:49.251+0000][gc,heap     ] GC(101) Survivor regions: 2->2(77)
[2024-04-22T08:56:49.251+0000][gc,heap     ] GC(101) Old regions: 47->47
[2024-04-22T08:56:49.251+0000][gc,heap     ] GC(101) Archive regions: 2->2
[2024-04-22T08:56:49.251+0000][gc,heap     ] GC(101) Humongous regions: 129->129
[2024-04-22T08:56:49.251+0000][gc,metaspace] GC(101) Metaspace: 43323K(43904K)->43323K(43904K) NonClass: 38269K(38592K)->38269K(38592K) Class: 5053K(5312K)->5053K(5312K)
[2024-04-22T08:56:49.251+0000][gc          ] GC(101) Pause Young (Normal) (G1 Evacuation Pause) 789M->177M(1024M) 4.983ms
[2024-04-22T08:56:49.251+0000][gc,cpu      ] GC(101) User=0.01s Sys=0.00s Real=0.00s
[2024-04-22T08:56:50.712+0000][gc,start    ] GC(102) Pause Young (Normal) (G1 Evacuation Pause)
[2024-04-22T08:56:50.712+0000][gc,task     ] GC(102) Using 8 workers of 8 for evacuation
[2024-04-22T08:56:50.716+0000][gc,phases   ] GC(102)   Pre Evacuate Collection Set: 0.1ms
[2024-04-22T08:56:50.716+0000][gc,phases   ] GC(102)   Merge Heap Roots: 0.1ms
[2024-04-22T08:56:50.716+0000][gc,phases   ] GC(102)   Evacuate Collection Set: 3.5ms
[2024-04-22T08:56:50.716+0000][gc,phases   ] GC(102)   Post Evacuate Collection Set: 0.7ms
[2024-04-22T08:56:50.717+0000][gc,phases   ] GC(102)   Other: 0.2ms
[2024-04-22T08:56:50.717+0000][gc,heap     ] GC(102) Eden regions: 612->0(612)
[2024-04-22T08:56:50.717+0000][gc,heap     ] GC(102) Survivor regions: 2->2(77)
[2024-04-22T08:56:50.717+0000][gc,heap     ] GC(102) Old regions: 47->47
[2024-04-22T08:56:50.717+0000][gc,heap     ] GC(102) Archive regions: 2->2
[2024-04-22T08:56:50.717+0000][gc,heap     ] GC(102) Humongous regions: 129->129
[2024-04-22T08:56:50.717+0000][gc,metaspace] GC(102) Metaspace: 43329K(43904K)->43329K(43904K) NonClass: 38275K(38592K)->38275K(38592K) Class: 5053K(5312K)->5053K(5312K)
[2024-04-22T08:56:50.717+0000][gc          ] GC(102) Pause Young (Normal) (G1 Evacuation Pause) 789M->177M(1024M) 4.752ms
[2024-04-22T08:56:50.717+0000][gc,cpu      ] GC(102) User=0.02s Sys=0.00s Real=0.01s
[2024-04-22T08:56:52.930+0000][gc,start    ] GC(103) Pause Young (Normal) (G1 Evacuation Pause)
[2024-04-22T08:56:52.930+0000][gc,task     ] GC(103) Using 8 workers of 8 for evacuation
[2024-04-22T08:56:52.935+0000][gc,phases   ] GC(103)   Pre Evacuate Collection Set: 0.1ms
[2024-04-22T08:56:52.935+0000][gc,phases   ] GC(103)   Merge Heap Roots: 0.1ms
[2024-04-22T08:56:52.935+0000][gc,phases   ] GC(103)   Evacuate Collection Set: 4.0ms
[2024-04-22T08:56:52.935+0000][gc,phases   ] GC(103)   Post Evacuate Collection Set: 0.6ms
[2024-04-22T08:56:52.935+0000][gc,phases   ] GC(103)   Other: 0.1ms
[2024-04-22T08:56:52.935+0000][gc,heap     ] GC(103) Eden regions: 612->0(612)
[2024-04-22T08:56:52.935+0000][gc,heap     ] GC(103) Survivor regions: 2->2(77)
[2024-04-22T08:56:52.935+0000][gc,heap     ] GC(103) Old regions: 47->47
[2024-04-22T08:56:52.935+0000][gc,heap     ] GC(103) Archive regions: 2->2
[2024-04-22T08:56:52.935+0000][gc,heap     ] GC(103) Humongous regions: 129->129
[2024-04-22T08:56:52.935+0000][gc,metaspace] GC(103) Metaspace: 43331K(43904K)->43331K(43904K) NonClass: 38277K(38592K)->38277K(38592K) Class: 5053K(5312K)->5053K(5312K)
[2024-04-22T08:56:52.935+0000][gc          ] GC(103) Pause Young (Normal) (G1 Evacuation Pause) 789M->177M(1024M) 5.140ms
[2024-04-22T08:56:52.935+0000][gc,cpu      ] GC(103) User=0.01s Sys=0.00s Real=0.01s
[2024-04-22T08:56:55.171+0000][gc,start    ] GC(104) Pause Young (Normal) (G1 Evacuation Pause)
[2024-04-22T08:56:55.171+0000][gc,task     ] GC(104) Using 8 workers of 8 for evacuation
[2024-04-22T08:56:55.174+0000][gc,phases   ] GC(104)   Pre Evacuate Collection Set: 0.1ms
[2024-04-22T08:56:55.174+0000][gc,phases   ] GC(104)   Merge Heap Roots: 0.1ms
[2024-04-22T08:56:55.174+0000][gc,phases   ] GC(104)   Evacuate Collection Set: 2.4ms
[2024-04-22T08:56:55.174+0000][gc,phases   ] GC(104)   Post Evacuate Collection Set: 0.6ms
[2024-04-22T08:56:55.174+0000][gc,phases   ] GC(104)   Other: 0.1ms
[2024-04-22T08:56:55.174+0000][gc,heap     ] GC(104) Eden regions: 612->0(612)
[2024-04-22T08:56:55.174+0000][gc,heap     ] GC(104) Survivor regions: 2->2(77)
[2024-04-22T08:56:55.174+0000][gc,heap     ] GC(104) Old regions: 47->47
[2024-04-22T08:56:55.174+0000][gc,heap     ] GC(104) Archive regions: 2->2
[2024-04-22T08:56:55.174+0000][gc,heap     ] GC(104) Humongous regions: 129->129
[2024-04-22T08:56:55.174+0000][gc,metaspace] GC(104) Metaspace: 43331K(43904K)->43331K(43904K) NonClass: 38277K(38592K)->38277K(38592K) Class: 5053K(5312K)->5053K(5312K)
[2024-04-22T08:56:55.174+0000][gc          ] GC(104) Pause Young (Normal) (G1 Evacuation Pause) 789M->178M(1024M) 3.465ms
[2024-04-22T08:56:55.174+0000][gc,cpu      ] GC(104) User=0.01s Sys=0.00s Real=0.01s
[2024-04-22T08:56:56.691+0000][gc,start    ] GC(105) Pause Young (Normal) (G1 Evacuation Pause)
[2024-04-22T08:56:56.691+0000][gc,task     ] GC(105) Using 8 workers of 8 for evacuation
[2024-04-22T08:56:56.694+0000][gc,phases   ] GC(105)   Pre Evacuate Collection Set: 0.1ms
[2024-04-22T08:56:56.694+0000][gc,phases   ] GC(105)   Merge Heap Roots: 0.1ms
[2024-04-22T08:56:56.694+0000][gc,phases   ] GC(105)   Evacuate Collection Set: 1.4ms
[2024-04-22T08:56:56.694+0000][gc,phases   ] GC(105)   Post Evacuate Collection Set: 0.4ms
[2024-04-22T08:56:56.694+0000][gc,phases   ] GC(105)   Other: 0.1ms
[2024-04-22T08:56:56.694+0000][gc,heap     ] GC(105) Eden regions: 612->0(612)
[2024-04-22T08:56:56.694+0000][gc,heap     ] GC(105) Survivor regions: 2->2(77)
[2024-04-22T08:56:56.694+0000][gc,heap     ] GC(105) Old regions: 47->47
[2024-04-22T08:56:56.694+0000][gc,heap     ] GC(105) Archive regions: 2->2
[2024-04-22T08:56:56.694+0000][gc,heap     ] GC(105) Humongous regions: 129->129
[2024-04-22T08:56:56.694+0000][gc,metaspace] GC(105) Metaspace: 43331K(43904K)->43331K(43904K) NonClass: 38277K(38592K)->38277K(38592K) Class: 5053K(5312K)->5053K(5312K)
[2024-04-22T08:56:56.694+0000][gc          ] GC(105) Pause Young (Normal) (G1 Evacuation Pause) 790M->178M(1024M) 2.182ms
[2024-04-22T08:56:56.694+0000][gc,cpu      ] GC(105) User=0.01s Sys=0.00s Real=0.01s
[2024-04-22T08:56:58.206+0000][gc,start    ] GC(106) Pause Young (Normal) (G1 Evacuation Pause)
[2024-04-22T08:56:58.206+0000][gc,task     ] GC(106) Using 8 workers of 8 for evacuation
[2024-04-22T08:56:58.209+0000][gc,phases   ] GC(106)   Pre Evacuate Collection Set: 0.1ms
[2024-04-22T08:56:58.209+0000][gc,phases   ] GC(106)   Merge Heap Roots: 0.1ms
[2024-04-22T08:56:58.209+0000][gc,phases   ] GC(106)   Evacuate Collection Set: 2.3ms
[2024-04-22T08:56:58.209+0000][gc,phases   ] GC(106)   Post Evacuate Collection Set: 0.6ms
[2024-04-22T08:56:58.209+0000][gc,phases   ] GC(106)   Other: 0.1ms
[2024-04-22T08:56:58.209+0000][gc,heap     ] GC(106) Eden regions: 612->0(612)
[2024-04-22T08:56:58.209+0000][gc,heap     ] GC(106) Survivor regions: 2->2(77)
[2024-04-22T08:56:58.209+0000][gc,heap     ] GC(106) Old regions: 47->47
[2024-04-22T08:56:58.209+0000][gc,heap     ] GC(106) Archive regions: 2->2
[2024-04-22T08:56:58.209+0000][gc,heap     ] GC(106) Humongous regions: 129->129
[2024-04-22T08:56:58.209+0000][gc,metaspace] GC(106) Metaspace: 43332K(43904K)->43332K(43904K) NonClass: 38279K(38592K)->38279K(38592K) Class: 5053K(5312K)->5053K(5312K)
[2024-04-22T08:56:58.209+0000][gc          ] GC(106) Pause Young (Normal) (G1 Evacuation Pause) 790M->178M(1024M) 3.400ms
[2024-04-22T08:56:58.209+0000][gc,cpu      ] GC(106) User=0.01s Sys=0.00s Real=0.00s
[2024-04-22T08:57:00.141+0000][gc,start    ] GC(107) Pause Young (Normal) (G1 Evacuation Pause)
[2024-04-22T08:57:00.141+0000][gc,task     ] GC(107) Using 8 workers of 8 for evacuation
[2024-04-22T08:57:00.145+0000][gc,phases   ] GC(107)   Pre Evacuate Collection Set: 0.2ms
[2024-04-22T08:57:00.145+0000][gc,phases   ] GC(107)   Merge Heap Roots: 0.1ms
[2024-04-22T08:57:00.145+0000][gc,phases   ] GC(107)   Evacuate Collection Set: 2.7ms
[2024-04-22T08:57:00.145+0000][gc,phases   ] GC(107)   Post Evacuate Collection Set: 0.7ms
[2024-04-22T08:57:00.145+0000][gc,phases   ] GC(107)   Other: 0.1ms
[2024-04-22T08:57:00.145+0000][gc,heap     ] GC(107) Eden regions: 612->0(612)
[2024-04-22T08:57:00.145+0000][gc,heap     ] GC(107) Survivor regions: 2->2(77)
[2024-04-22T08:57:00.145+0000][gc,heap     ] GC(107) Old regions: 47->47
[2024-04-22T08:57:00.145+0000][gc,heap     ] GC(107) Archive regions: 2->2
[2024-04-22T08:57:00.145+0000][gc,heap     ] GC(107) Humongous regions: 129->129
[2024-04-22T08:57:00.145+0000][gc,metaspace] GC(107) Metaspace: 43334K(43904K)->43334K(43904K) NonClass: 38281K(38592K)->38281K(38592K) Class: 5053K(5312K)->5053K(5312K)
[2024-04-22T08:57:00.145+0000][gc          ] GC(107) Pause Young (Normal) (G1 Evacuation Pause) 790M->178M(1024M) 3.941ms
[2024-04-22T08:57:00.145+0000][gc,cpu      ] GC(107) User=0.01s Sys=0.00s Real=0.01s
[2024-04-22T08:57:01.834+0000][gc,start    ] GC(108) Pause Young (Normal) (G1 Evacuation Pause)
[2024-04-22T08:57:01.834+0000][gc,task     ] GC(108) Using 8 workers of 8 for evacuation
[2024-04-22T08:57:01.836+0000][gc,phases   ] GC(108)   Pre Evacuate Collection Set: 0.1ms
[2024-04-22T08:57:01.836+0000][gc,phases   ] GC(108)   Merge Heap Roots: 0.1ms
[2024-04-22T08:57:01.836+0000][gc,phases   ] GC(108)   Evacuate Collection Set: 1.3ms
[2024-04-22T08:57:01.836+0000][gc,phases   ] GC(108)   Post Evacuate Collection Set: 0.4ms
[2024-04-22T08:57:01.836+0000][gc,phases   ] GC(108)   Other: 0.1ms
[2024-04-22T08:57:01.836+0000][gc,heap     ] GC(108) Eden regions: 612->0(612)
[2024-04-22T08:57:01.836+0000][gc,heap     ] GC(108) Survivor regions: 2->2(77)
[2024-04-22T08:57:01.836+0000][gc,heap     ] GC(108) Old regions: 47->48
[2024-04-22T08:57:01.836+0000][gc,heap     ] GC(108) Archive regions: 2->2
[2024-04-22T08:57:01.836+0000][gc,heap     ] GC(108) Humongous regions: 129->129
[2024-04-22T08:57:01.836+0000][gc,metaspace] GC(108) Metaspace: 43334K(43904K)->43334K(43904K) NonClass: 38281K(38592K)->38281K(38592K) Class: 5053K(5312K)->5053K(5312K)
[2024-04-22T08:57:01.836+0000][gc          ] GC(108) Pause Young (Normal) (G1 Evacuation Pause) 790M->178M(1024M) 2.073ms
[2024-04-22T08:57:01.836+0000][gc,cpu      ] GC(108) User=0.00s Sys=0.01s Real=0.00s
[2024-04-22T08:57:39.971+0000][gc,start    ] GC(109) Pause Young (Normal) (G1 Evacuation Pause)
[2024-04-22T08:57:39.971+0000][gc,task     ] GC(109) Using 8 workers of 8 for evacuation
[2024-04-22T08:57:39.974+0000][gc,phases   ] GC(109)   Pre Evacuate Collection Set: 0.1ms
[2024-04-22T08:57:39.974+0000][gc,phases   ] GC(109)   Merge Heap Roots: 0.1ms
[2024-04-22T08:57:39.974+0000][gc,phases   ] GC(109)   Evacuate Collection Set: 2.1ms
[2024-04-22T08:57:39.974+0000][gc,phases   ] GC(109)   Post Evacuate Collection Set: 0.6ms
[2024-04-22T08:57:39.974+0000][gc,phases   ] GC(109)   Other: 0.1ms
[2024-04-22T08:57:39.974+0000][gc,heap     ] GC(109) Eden regions: 612->0(612)
[2024-04-22T08:57:39.974+0000][gc,heap     ] GC(109) Survivor regions: 2->2(77)
[2024-04-22T08:57:39.974+0000][gc,heap     ] GC(109) Old regions: 48->48
[2024-04-22T08:57:39.974+0000][gc,heap     ] GC(109) Archive regions: 2->2
[2024-04-22T08:57:39.974+0000][gc,heap     ] GC(109) Humongous regions: 129->129
[2024-04-22T08:57:39.974+0000][gc,metaspace] GC(109) Metaspace: 43381K(44032K)->43381K(44032K) NonClass: 38327K(38720K)->38327K(38720K) Class: 5053K(5312K)->5053K(5312K)
[2024-04-22T08:57:39.974+0000][gc          ] GC(109) Pause Young (Normal) (G1 Evacuation Pause) 790M->178M(1024M) 3.131ms
[2024-04-22T08:57:39.974+0000][gc,cpu      ] GC(109) User=0.01s Sys=0.00s Real=0.01s
[2024-04-22T08:57:41.327+0000][gc,start    ] GC(110) Pause Young (Normal) (G1 Evacuation Pause)
[2024-04-22T08:57:41.327+0000][gc,task     ] GC(110) Using 8 workers of 8 for evacuation
[2024-04-22T08:57:41.332+0000][gc,phases   ] GC(110)   Pre Evacuate Collection Set: 0.1ms
[2024-04-22T08:57:41.332+0000][gc,phases   ] GC(110)   Merge Heap Roots: 0.1ms
[2024-04-22T08:57:41.332+0000][gc,phases   ] GC(110)   Evacuate Collection Set: 3.5ms
[2024-04-22T08:57:41.332+0000][gc,phases   ] GC(110)   Post Evacuate Collection Set: 0.4ms
[2024-04-22T08:57:41.332+0000][gc,phases   ] GC(110)   Other: 0.1ms
[2024-04-22T08:57:41.332+0000][gc,heap     ] GC(110) Eden regions: 612->0(612)
[2024-04-22T08:57:41.332+0000][gc,heap     ] GC(110) Survivor regions: 2->2(77)
[2024-04-22T08:57:41.332+0000][gc,heap     ] GC(110) Old regions: 48->48
[2024-04-22T08:57:41.332+0000][gc,heap     ] GC(110) Archive regions: 2->2
[2024-04-22T08:57:41.332+0000][gc,heap     ] GC(110) Humongous regions: 129->129
[2024-04-22T08:57:41.332+0000][gc,metaspace] GC(110) Metaspace: 43383K(44032K)->43383K(44032K) NonClass: 38329K(38720K)->38329K(38720K) Class: 5053K(5312K)->5053K(5312K)
[2024-04-22T08:57:41.332+0000][gc          ] GC(110) Pause Young (Normal) (G1 Evacuation Pause) 790M->178M(1024M) 4.387ms
[2024-04-22T08:57:41.332+0000][gc,cpu      ] GC(110) User=0.01s Sys=0.00s Real=0.00s
[2024-04-22T08:57:42.598+0000][gc,start    ] GC(111) Pause Young (Normal) (G1 Evacuation Pause)
[2024-04-22T08:57:42.598+0000][gc,task     ] GC(111) Using 8 workers of 8 for evacuation
[2024-04-22T08:57:42.601+0000][gc,phases   ] GC(111)   Pre Evacuate Collection Set: 0.1ms
[2024-04-22T08:57:42.601+0000][gc,phases   ] GC(111)   Merge Heap Roots: 0.1ms
[2024-04-22T08:57:42.601+0000][gc,phases   ] GC(111)   Evacuate Collection Set: 2.0ms
[2024-04-22T08:57:42.601+0000][gc,phases   ] GC(111)   Post Evacuate Collection Set: 0.4ms
[2024-04-22T08:57:42.601+0000][gc,phases   ] GC(111)   Other: 0.1ms
[2024-04-22T08:57:42.601+0000][gc,heap     ] GC(111) Eden regions: 612->0(612)
[2024-04-22T08:57:42.601+0000][gc,heap     ] GC(111) Survivor regions: 2->2(77)
[2024-04-22T08:57:42.601+0000][gc,heap     ] GC(111) Old regions: 48->48
[2024-04-22T08:57:42.601+0000][gc,heap     ] GC(111) Archive regions: 2->2
[2024-04-22T08:57:42.601+0000][gc,heap     ] GC(111) Humongous regions: 129->129
[2024-04-22T08:57:42.601+0000][gc,metaspace] GC(111) Metaspace: 43383K(44032K)->43383K(44032K) NonClass: 38329K(38720K)->38329K(38720K) Class: 5053K(5312K)->5053K(5312K)
[2024-04-22T08:57:42.601+0000][gc          ] GC(111) Pause Young (Normal) (G1 Evacuation Pause) 790M->178M(1024M) 2.873ms
[2024-04-22T08:57:42.601+0000][gc,cpu      ] GC(111) User=0.02s Sys=0.00s Real=0.00s
[2024-04-22T08:57:44.164+0000][gc,start    ] GC(112) Pause Young (Normal) (G1 Evacuation Pause)
[2024-04-22T08:57:44.164+0000][gc,task     ] GC(112) Using 8 workers of 8 for evacuation
[2024-04-22T08:57:44.167+0000][gc,phases   ] GC(112)   Pre Evacuate Collection Set: 0.1ms
[2024-04-22T08:57:44.167+0000][gc,phases   ] GC(112)   Merge Heap Roots: 0.1ms
[2024-04-22T08:57:44.167+0000][gc,phases   ] GC(112)   Evacuate Collection Set: 1.8ms
[2024-04-22T08:57:44.167+0000][gc,phases   ] GC(112)   Post Evacuate Collection Set: 0.5ms
[2024-04-22T08:57:44.167+0000][gc,phases   ] GC(112)   Other: 0.1ms
[2024-04-22T08:57:44.167+0000][gc,heap     ] GC(112) Eden regions: 612->0(612)
[2024-04-22T08:57:44.167+0000][gc,heap     ] GC(112) Survivor regions: 2->2(77)
[2024-04-22T08:57:44.167+0000][gc,heap     ] GC(112) Old regions: 48->48
[2024-04-22T08:57:44.167+0000][gc,heap     ] GC(112) Archive regions: 2->2
[2024-04-22T08:57:44.167+0000][gc,heap     ] GC(112) Humongous regions: 129->129
[2024-04-22T08:57:44.167+0000][gc,metaspace] GC(112) Metaspace: 43383K(44032K)->43383K(44032K) NonClass: 38330K(38720K)->38330K(38720K) Class: 5053K(5312K)->5053K(5312K)
[2024-04-22T08:57:44.167+0000][gc          ] GC(112) Pause Young (Normal) (G1 Evacuation Pause) 790M->178M(1024M) 2.722ms
[2024-04-22T08:57:44.167+0000][gc,cpu      ] GC(112) User=0.01s Sys=0.00s Real=0.00s
[2024-04-22T08:57:45.664+0000][gc,start    ] GC(113) Pause Young (Normal) (G1 Evacuation Pause)
[2024-04-22T08:57:45.664+0000][gc,task     ] GC(113) Using 8 workers of 8 for evacuation
[2024-04-22T08:57:45.667+0000][gc,phases   ] GC(113)   Pre Evacuate Collection Set: 0.2ms
[2024-04-22T08:57:45.667+0000][gc,phases   ] GC(113)   Merge Heap Roots: 0.1ms
[2024-04-22T08:57:45.667+0000][gc,phases   ] GC(113)   Evacuate Collection Set: 2.5ms
[2024-04-22T08:57:45.667+0000][gc,phases   ] GC(113)   Post Evacuate Collection Set: 0.4ms
[2024-04-22T08:57:45.667+0000][gc,phases   ] GC(113)   Other: 0.1ms
[2024-04-22T08:57:45.667+0000][gc,heap     ] GC(113) Eden regions: 612->0(612)
[2024-04-22T08:57:45.667+0000][gc,heap     ] GC(113) Survivor regions: 2->2(77)
[2024-04-22T08:57:45.667+0000][gc,heap     ] GC(113) Old regions: 48->48
[2024-04-22T08:57:45.667+0000][gc,heap     ] GC(113) Archive regions: 2->2
[2024-04-22T08:57:45.667+0000][gc,heap     ] GC(113) Humongous regions: 129->129
[2024-04-22T08:57:45.667+0000][gc,metaspace] GC(113) Metaspace: 43383K(44032K)->43383K(44032K) NonClass: 38330K(38720K)->38330K(38720K) Class: 5053K(5312K)->5053K(5312K)
[2024-04-22T08:57:45.667+0000][gc          ] GC(113) Pause Young (Normal) (G1 Evacuation Pause) 790M->178M(1024M) 3.414ms
[2024-04-22T08:57:45.667+0000][gc,cpu      ] GC(113) User=0.01s Sys=0.00s Real=0.01s
[2024-04-22T08:57:46.989+0000][gc,start    ] GC(114) Pause Young (Normal) (G1 Evacuation Pause)
[2024-04-22T08:57:46.989+0000][gc,task     ] GC(114) Using 8 workers of 8 for evacuation
[2024-04-22T08:57:46.992+0000][gc,phases   ] GC(114)   Pre Evacuate Collection Set: 0.1ms
[2024-04-22T08:57:46.992+0000][gc,phases   ] GC(114)   Merge Heap Roots: 0.1ms
[2024-04-22T08:57:46.992+0000][gc,phases   ] GC(114)   Evacuate Collection Set: 1.9ms
[2024-04-22T08:57:46.992+0000][gc,phases   ] GC(114)   Post Evacuate Collection Set: 0.4ms
[2024-04-22T08:57:46.992+0000][gc,phases   ] GC(114)   Other: 0.1ms
[2024-04-22T08:57:46.992+0000][gc,heap     ] GC(114) Eden regions: 612->0(612)
[2024-04-22T08:57:46.992+0000][gc,heap     ] GC(114) Survivor regions: 2->2(77)
[2024-04-22T08:57:46.992+0000][gc,heap     ] GC(114) Old regions: 48->48
[2024-04-22T08:57:46.992+0000][gc,heap     ] GC(114) Archive regions: 2->2
[2024-04-22T08:57:46.992+0000][gc,heap     ] GC(114) Humongous regions: 129->129
[2024-04-22T08:57:46.992+0000][gc,metaspace] GC(114) Metaspace: 43383K(44032K)->43383K(44032K) NonClass: 38330K(38720K)->38330K(38720K) Class: 5053K(5312K)->5053K(5312K)
[2024-04-22T08:57:46.992+0000][gc          ] GC(114) Pause Young (Normal) (G1 Evacuation Pause) 790M->178M(1024M) 2.708ms
[2024-04-22T08:57:46.992+0000][gc,cpu      ] GC(114) User=0.00s Sys=0.00s Real=0.00s
[2024-04-22T08:57:48.233+0000][gc,start    ] GC(115) Pause Young (Normal) (G1 Evacuation Pause)
[2024-04-22T08:57:48.233+0000][gc,task     ] GC(115) Using 8 workers of 8 for evacuation
[2024-04-22T08:57:48.236+0000][gc,phases   ] GC(115)   Pre Evacuate Collection Set: 0.1ms
[2024-04-22T08:57:48.236+0000][gc,phases   ] GC(115)   Merge Heap Roots: 0.1ms
[2024-04-22T08:57:48.236+0000][gc,phases   ] GC(115)   Evacuate Collection Set: 2.0ms
[2024-04-22T08:57:48.236+0000][gc,phases   ] GC(115)   Post Evacuate Collection Set: 0.4ms
[2024-04-22T08:57:48.236+0000][gc,phases   ] GC(115)   Other: 0.1ms
[2024-04-22T08:57:48.236+0000][gc,heap     ] GC(115) Eden regions: 612->0(612)
[2024-04-22T08:57:48.236+0000][gc,heap     ] GC(115) Survivor regions: 2->2(77)
[2024-04-22T08:57:48.236+0000][gc,heap     ] GC(115) Old regions: 48->48
[2024-04-22T08:57:48.236+0000][gc,heap     ] GC(115) Archive regions: 2->2
[2024-04-22T08:57:48.236+0000][gc,heap     ] GC(115) Humongous regions: 129->129
[2024-04-22T08:57:48.236+0000][gc,metaspace] GC(115) Metaspace: 43383K(44032K)->43383K(44032K) NonClass: 38330K(38720K)->38330K(38720K) Class: 5053K(5312K)->5053K(5312K)
[2024-04-22T08:57:48.236+0000][gc          ] GC(115) Pause Young (Normal) (G1 Evacuation Pause) 790M->179M(1024M) 2.814ms
[2024-04-22T08:57:48.236+0000][gc,cpu      ] GC(115) User=0.01s Sys=0.00s Real=0.00s
[2024-04-22T08:57:49.641+0000][gc,start    ] GC(116) Pause Young (Normal) (G1 Evacuation Pause)
[2024-04-22T08:57:49.641+0000][gc,task     ] GC(116) Using 8 workers of 8 for evacuation
[2024-04-22T08:57:49.645+0000][gc,phases   ] GC(116)   Pre Evacuate Collection Set: 0.1ms
[2024-04-22T08:57:49.645+0000][gc,phases   ] GC(116)   Merge Heap Roots: 0.1ms
[2024-04-22T08:57:49.645+0000][gc,phases   ] GC(116)   Evacuate Collection Set: 3.3ms
[2024-04-22T08:57:49.645+0000][gc,phases   ] GC(116)   Post Evacuate Collection Set: 0.5ms
[2024-04-22T08:57:49.645+0000][gc,phases   ] GC(116)   Other: 0.1ms
[2024-04-22T08:57:49.645+0000][gc,heap     ] GC(116) Eden regions: 612->0(612)
[2024-04-22T08:57:49.645+0000][gc,heap     ] GC(116) Survivor regions: 2->2(77)
[2024-04-22T08:57:49.645+0000][gc,heap     ] GC(116) Old regions: 48->48
[2024-04-22T08:57:49.645+0000][gc,heap     ] GC(116) Archive regions: 2->2
[2024-04-22T08:57:49.645+0000][gc,heap     ] GC(116) Humongous regions: 129->129
[2024-04-22T08:57:49.645+0000][gc,metaspace] GC(116) Metaspace: 43383K(44032K)->43383K(44032K) NonClass: 38330K(38720K)->38330K(38720K) Class: 5053K(5312K)->5053K(5312K)
[2024-04-22T08:57:49.645+0000][gc          ] GC(116) Pause Young (Normal) (G1 Evacuation Pause) 791M->179M(1024M) 4.250ms
[2024-04-22T08:57:49.645+0000][gc,cpu      ] GC(116) User=0.02s Sys=0.00s Real=0.01s
[2024-04-22T08:57:50.975+0000][gc,start    ] GC(117) Pause Young (Normal) (G1 Evacuation Pause)
[2024-04-22T08:57:50.975+0000][gc,task     ] GC(117) Using 8 workers of 8 for evacuation
[2024-04-22T08:57:50.978+0000][gc,phases   ] GC(117)   Pre Evacuate Collection Set: 0.1ms
[2024-04-22T08:57:50.978+0000][gc,phases   ] GC(117)   Merge Heap Roots: 0.1ms
[2024-04-22T08:57:50.978+0000][gc,phases   ] GC(117)   Evacuate Collection Set: 2.0ms
[2024-04-22T08:57:50.978+0000][gc,phases   ] GC(117)   Post Evacuate Collection Set: 0.5ms
[2024-04-22T08:57:50.978+0000][gc,phases   ] GC(117)   Other: 0.1ms
[2024-04-22T08:57:50.978+0000][gc,heap     ] GC(117) Eden regions: 612->0(612)
[2024-04-22T08:57:50.978+0000][gc,heap     ] GC(117) Survivor regions: 2->2(77)
[2024-04-22T08:57:50.978+0000][gc,heap     ] GC(117) Old regions: 48->48
[2024-04-22T08:57:50.978+0000][gc,heap     ] GC(117) Archive regions: 2->2
[2024-04-22T08:57:50.978+0000][gc,heap     ] GC(117) Humongous regions: 129->129
[2024-04-22T08:57:50.978+0000][gc,metaspace] GC(117) Metaspace: 43383K(44032K)->43383K(44032K) NonClass: 38330K(38720K)->38330K(38720K) Class: 5053K(5312K)->5053K(5312K)
[2024-04-22T08:57:50.978+0000][gc          ] GC(117) Pause Young (Normal) (G1 Evacuation Pause) 791M->179M(1024M) 2.834ms
[2024-04-22T08:57:50.978+0000][gc,cpu      ] GC(117) User=0.01s Sys=0.00s Real=0.00s
[2024-04-22T08:57:52.146+0000][gc,start    ] GC(118) Pause Young (Normal) (G1 Evacuation Pause)
[2024-04-22T08:57:52.146+0000][gc,task     ] GC(118) Using 8 workers of 8 for evacuation
[2024-04-22T08:57:52.148+0000][gc,phases   ] GC(118)   Pre Evacuate Collection Set: 0.1ms
[2024-04-22T08:57:52.148+0000][gc,phases   ] GC(118)   Merge Heap Roots: 0.1ms
[2024-04-22T08:57:52.148+0000][gc,phases   ] GC(118)   Evacuate Collection Set: 1.5ms
[2024-04-22T08:57:52.148+0000][gc,phases   ] GC(118)   Post Evacuate Collection Set: 0.4ms
[2024-04-22T08:57:52.148+0000][gc,phases   ] GC(118)   Other: 0.1ms
[2024-04-22T08:57:52.148+0000][gc,heap     ] GC(118) Eden regions: 612->0(612)
[2024-04-22T08:57:52.148+0000][gc,heap     ] GC(118) Survivor regions: 2->2(77)
[2024-04-22T08:57:52.148+0000][gc,heap     ] GC(118) Old regions: 48->48
[2024-04-22T08:57:52.148+0000][gc,heap     ] GC(118) Archive regions: 2->2
[2024-04-22T08:57:52.148+0000][gc,heap     ] GC(118) Humongous regions: 129->129
[2024-04-22T08:57:52.148+0000][gc,metaspace] GC(118) Metaspace: 43383K(44032K)->43383K(44032K) NonClass: 38330K(38720K)->38330K(38720K) Class: 5053K(5312K)->5053K(5312K)
[2024-04-22T08:57:52.148+0000][gc          ] GC(118) Pause Young (Normal) (G1 Evacuation Pause) 791M->179M(1024M) 2.209ms
[2024-04-22T08:57:52.148+0000][gc,cpu      ] GC(118) User=0.01s Sys=0.00s Real=0.00s
[2024-04-22T08:57:53.261+0000][gc,start    ] GC(119) Pause Young (Normal) (G1 Evacuation Pause)
[2024-04-22T08:57:53.261+0000][gc,task     ] GC(119) Using 8 workers of 8 for evacuation
[2024-04-22T08:57:53.263+0000][gc,phases   ] GC(119)   Pre Evacuate Collection Set: 0.1ms
[2024-04-22T08:57:53.263+0000][gc,phases   ] GC(119)   Merge Heap Roots: 0.1ms
[2024-04-22T08:57:53.263+0000][gc,phases   ] GC(119)   Evacuate Collection Set: 1.6ms
[2024-04-22T08:57:53.263+0000][gc,phases   ] GC(119)   Post Evacuate Collection Set: 0.4ms
[2024-04-22T08:57:53.263+0000][gc,phases   ] GC(119)   Other: 0.1ms
[2024-04-22T08:57:53.263+0000][gc,heap     ] GC(119) Eden regions: 612->0(612)
[2024-04-22T08:57:53.263+0000][gc,heap     ] GC(119) Survivor regions: 2->2(77)
[2024-04-22T08:57:53.263+0000][gc,heap     ] GC(119) Old regions: 48->48
[2024-04-22T08:57:53.263+0000][gc,heap     ] GC(119) Archive regions: 2->2
[2024-04-22T08:57:53.263+0000][gc,heap     ] GC(119) Humongous regions: 129->129
[2024-04-22T08:57:53.263+0000][gc,metaspace] GC(119) Metaspace: 43383K(44032K)->43383K(44032K) NonClass: 38330K(38720K)->38330K(38720K) Class: 5053K(5312K)->5053K(5312K)
[2024-04-22T08:57:53.263+0000][gc          ] GC(119) Pause Young (Normal) (G1 Evacuation Pause) 791M->179M(1024M) 2.311ms
[2024-04-22T08:57:53.263+0000][gc,cpu      ] GC(119) User=0.01s Sys=0.00s Real=0.00s
[2024-04-22T08:57:54.405+0000][gc,start    ] GC(120) Pause Young (Normal) (G1 Evacuation Pause)
[2024-04-22T08:57:54.405+0000][gc,task     ] GC(120) Using 8 workers of 8 for evacuation
[2024-04-22T08:57:54.408+0000][gc,phases   ] GC(120)   Pre Evacuate Collection Set: 0.1ms
[2024-04-22T08:57:54.408+0000][gc,phases   ] GC(120)   Merge Heap Roots: 0.1ms
[2024-04-22T08:57:54.408+0000][gc,phases   ] GC(120)   Evacuate Collection Set: 1.8ms
[2024-04-22T08:57:54.408+0000][gc,phases   ] GC(120)   Post Evacuate Collection Set: 0.4ms
[2024-04-22T08:57:54.408+0000][gc,phases   ] GC(120)   Other: 0.1ms
[2024-04-22T08:57:54.408+0000][gc,heap     ] GC(120) Eden regions: 612->0(612)
[2024-04-22T08:57:54.408+0000][gc,heap     ] GC(120) Survivor regions: 2->2(77)
[2024-04-22T08:57:54.408+0000][gc,heap     ] GC(120) Old regions: 48->49
[2024-04-22T08:57:54.408+0000][gc,heap     ] GC(120) Archive regions: 2->2
[2024-04-22T08:57:54.408+0000][gc,heap     ] GC(120) Humongous regions: 129->129
[2024-04-22T08:57:54.408+0000][gc,metaspace] GC(120) Metaspace: 43383K(44032K)->43383K(44032K) NonClass: 38330K(38720K)->38330K(38720K) Class: 5053K(5312K)->5053K(5312K)
[2024-04-22T08:57:54.408+0000][gc          ] GC(120) Pause Young (Normal) (G1 Evacuation Pause) 791M->179M(1024M) 2.578ms
[2024-04-22T08:57:54.408+0000][gc,cpu      ] GC(120) User=0.01s Sys=0.00s Real=0.00s
[2024-04-22T08:57:55.532+0000][gc,start    ] GC(121) Pause Young (Normal) (G1 Evacuation Pause)
[2024-04-22T08:57:55.532+0000][gc,task     ] GC(121) Using 8 workers of 8 for evacuation
[2024-04-22T08:57:55.534+0000][gc,phases   ] GC(121)   Pre Evacuate Collection Set: 0.1ms
[2024-04-22T08:57:55.534+0000][gc,phases   ] GC(121)   Merge Heap Roots: 0.1ms
[2024-04-22T08:57:55.534+0000][gc,phases   ] GC(121)   Evacuate Collection Set: 1.6ms
[2024-04-22T08:57:55.534+0000][gc,phases   ] GC(121)   Post Evacuate Collection Set: 0.4ms
[2024-04-22T08:57:55.534+0000][gc,phases   ] GC(121)   Other: 0.1ms
[2024-04-22T08:57:55.534+0000][gc,heap     ] GC(121) Eden regions: 612->0(612)
[2024-04-22T08:57:55.534+0000][gc,heap     ] GC(121) Survivor regions: 2->2(77)
[2024-04-22T08:57:55.534+0000][gc,heap     ] GC(121) Old regions: 49->49
[2024-04-22T08:57:55.534+0000][gc,heap     ] GC(121) Archive regions: 2->2
[2024-04-22T08:57:55.534+0000][gc,heap     ] GC(121) Humongous regions: 129->129
[2024-04-22T08:57:55.534+0000][gc,metaspace] GC(121) Metaspace: 43384K(44032K)->43384K(44032K) NonClass: 38330K(38720K)->38330K(38720K) Class: 5053K(5312K)->5053K(5312K)
[2024-04-22T08:57:55.534+0000][gc          ] GC(121) Pause Young (Normal) (G1 Evacuation Pause) 791M->180M(1024M) 2.294ms
[2024-04-22T08:57:55.534+0000][gc,cpu      ] GC(121) User=0.01s Sys=0.01s Real=0.00s
[2024-04-22T08:57:56.642+0000][gc,start    ] GC(122) Pause Young (Normal) (G1 Evacuation Pause)
[2024-04-22T08:57:56.642+0000][gc,task     ] GC(122) Using 8 workers of 8 for evacuation
[2024-04-22T08:57:56.645+0000][gc,phases   ] GC(122)   Pre Evacuate Collection Set: 0.1ms
[2024-04-22T08:57:56.645+0000][gc,phases   ] GC(122)   Merge Heap Roots: 0.1ms
[2024-04-22T08:57:56.645+0000][gc,phases   ] GC(122)   Evacuate Collection Set: 1.7ms
[2024-04-22T08:57:56.645+0000][gc,phases   ] GC(122)   Post Evacuate Collection Set: 0.4ms
[2024-04-22T08:57:56.645+0000][gc,phases   ] GC(122)   Other: 0.1ms
[2024-04-22T08:57:56.645+0000][gc,heap     ] GC(122) Eden regions: 612->0(611)
[2024-04-22T08:57:56.645+0000][gc,heap     ] GC(122) Survivor regions: 2->3(77)
[2024-04-22T08:57:56.645+0000][gc,heap     ] GC(122) Old regions: 49->49
[2024-04-22T08:57:56.645+0000][gc,heap     ] GC(122) Archive regions: 2->2
[2024-04-22T08:57:56.645+0000][gc,heap     ] GC(122) Humongous regions: 129->129
[2024-04-22T08:57:56.645+0000][gc,metaspace] GC(122) Metaspace: 43384K(44032K)->43384K(44032K) NonClass: 38330K(38720K)->38330K(38720K) Class: 5053K(5312K)->5053K(5312K)
[2024-04-22T08:57:56.645+0000][gc          ] GC(122) Pause Young (Normal) (G1 Evacuation Pause) 792M->180M(1024M) 2.454ms
[2024-04-22T08:57:56.645+0000][gc,cpu      ] GC(122) User=0.01s Sys=0.00s Real=0.01s
[2024-04-22T08:57:57.758+0000][gc,start    ] GC(123) Pause Young (Normal) (G1 Evacuation Pause)
[2024-04-22T08:57:57.758+0000][gc,task     ] GC(123) Using 8 workers of 8 for evacuation
[2024-04-22T08:57:57.760+0000][gc,phases   ] GC(123)   Pre Evacuate Collection Set: 0.1ms
[2024-04-22T08:57:57.760+0000][gc,phases   ] GC(123)   Merge Heap Roots: 0.1ms
[2024-04-22T08:57:57.760+0000][gc,phases   ] GC(123)   Evacuate Collection Set: 1.7ms
[2024-04-22T08:57:57.760+0000][gc,phases   ] GC(123)   Post Evacuate Collection Set: 0.4ms
[2024-04-22T08:57:57.760+0000][gc,phases   ] GC(123)   Other: 0.1ms
[2024-04-22T08:57:57.760+0000][gc,heap     ] GC(123) Eden regions: 611->0(611)
[2024-04-22T08:57:57.760+0000][gc,heap     ] GC(123) Survivor regions: 3->3(77)
[2024-04-22T08:57:57.760+0000][gc,heap     ] GC(123) Old regions: 49->49
[2024-04-22T08:57:57.760+0000][gc,heap     ] GC(123) Archive regions: 2->2
[2024-04-22T08:57:57.760+0000][gc,heap     ] GC(123) Humongous regions: 129->129
[2024-04-22T08:57:57.760+0000][gc,metaspace] GC(123) Metaspace: 43384K(44032K)->43384K(44032K) NonClass: 38330K(38720K)->38330K(38720K) Class: 5053K(5312K)->5053K(5312K)
[2024-04-22T08:57:57.760+0000][gc          ] GC(123) Pause Young (Normal) (G1 Evacuation Pause) 791M->180M(1024M) 2.400ms
[2024-04-22T08:57:57.760+0000][gc,cpu      ] GC(123) User=0.01s Sys=0.01s Real=0.00s
[2024-04-22T08:57:58.866+0000][gc,start    ] GC(124) Pause Young (Normal) (G1 Evacuation Pause)
[2024-04-22T08:57:58.866+0000][gc,task     ] GC(124) Using 8 workers of 8 for evacuation
[2024-04-22T08:57:58.868+0000][gc,phases   ] GC(124)   Pre Evacuate Collection Set: 0.1ms
[2024-04-22T08:57:58.868+0000][gc,phases   ] GC(124)   Merge Heap Roots: 0.1ms
[2024-04-22T08:57:58.868+0000][gc,phases   ] GC(124)   Evacuate Collection Set: 1.9ms
[2024-04-22T08:57:58.868+0000][gc,phases   ] GC(124)   Post Evacuate Collection Set: 0.4ms
[2024-04-22T08:57:58.868+0000][gc,phases   ] GC(124)   Other: 0.1ms
[2024-04-22T08:57:58.868+0000][gc,heap     ] GC(124) Eden regions: 611->0(611)
[2024-04-22T08:57:58.868+0000][gc,heap     ] GC(124) Survivor regions: 3->3(77)
[2024-04-22T08:57:58.868+0000][gc,heap     ] GC(124) Old regions: 49->49
[2024-04-22T08:57:58.868+0000][gc,heap     ] GC(124) Archive regions: 2->2
[2024-04-22T08:57:58.868+0000][gc,heap     ] GC(124) Humongous regions: 129->129
[2024-04-22T08:57:58.868+0000][gc,metaspace] GC(124) Metaspace: 43384K(44032K)->43384K(44032K) NonClass: 38330K(38720K)->38330K(38720K) Class: 5053K(5312K)->5053K(5312K)
[2024-04-22T08:57:58.868+0000][gc          ] GC(124) Pause Young (Normal) (G1 Evacuation Pause) 791M->180M(1024M) 2.613ms
[2024-04-22T08:57:58.868+0000][gc,cpu      ] GC(124) User=0.02s Sys=0.00s Real=0.00s
[2024-04-22T08:57:59.996+0000][gc,start    ] GC(125) Pause Young (Normal) (G1 Evacuation Pause)
[2024-04-22T08:57:59.996+0000][gc,task     ] GC(125) Using 8 workers of 8 for evacuation
[2024-04-22T08:57:59.999+0000][gc,phases   ] GC(125)   Pre Evacuate Collection Set: 0.1ms
[2024-04-22T08:57:59.999+0000][gc,phases   ] GC(125)   Merge Heap Roots: 0.1ms
[2024-04-22T08:57:59.999+0000][gc,phases   ] GC(125)   Evacuate Collection Set: 1.9ms
[2024-04-22T08:57:59.999+0000][gc,phases   ] GC(125)   Post Evacuate Collection Set: 0.4ms
[2024-04-22T08:57:59.999+0000][gc,phases   ] GC(125)   Other: 0.1ms
[2024-04-22T08:57:59.999+0000][gc,heap     ] GC(125) Eden regions: 611->0(611)
[2024-04-22T08:57:59.999+0000][gc,heap     ] GC(125) Survivor regions: 3->3(77)
[2024-04-22T08:57:59.999+0000][gc,heap     ] GC(125) Old regions: 49->49
[2024-04-22T08:57:59.999+0000][gc,heap     ] GC(125) Archive regions: 2->2
[2024-04-22T08:57:59.999+0000][gc,heap     ] GC(125) Humongous regions: 129->129
[2024-04-22T08:57:59.999+0000][gc,metaspace] GC(125) Metaspace: 43384K(44032K)->43384K(44032K) NonClass: 38330K(38720K)->38330K(38720K) Class: 5053K(5312K)->5053K(5312K)
[2024-04-22T08:57:59.999+0000][gc          ] GC(125) Pause Young (Normal) (G1 Evacuation Pause) 791M->180M(1024M) 2.607ms
[2024-04-22T08:57:59.999+0000][gc,cpu      ] GC(125) User=0.01s Sys=0.01s Real=0.00s
[2024-04-22T08:58:01.118+0000][gc,start    ] GC(126) Pause Young (Normal) (G1 Evacuation Pause)
[2024-04-22T08:58:01.118+0000][gc,task     ] GC(126) Using 8 workers of 8 for evacuation
[2024-04-22T08:58:01.120+0000][gc,phases   ] GC(126)   Pre Evacuate Collection Set: 0.1ms
[2024-04-22T08:58:01.120+0000][gc,phases   ] GC(126)   Merge Heap Roots: 0.1ms
[2024-04-22T08:58:01.120+0000][gc,phases   ] GC(126)   Evacuate Collection Set: 1.9ms
[2024-04-22T08:58:01.120+0000][gc,phases   ] GC(126)   Post Evacuate Collection Set: 0.4ms
[2024-04-22T08:58:01.120+0000][gc,phases   ] GC(126)   Other: 0.1ms
[2024-04-22T08:58:01.120+0000][gc,heap     ] GC(126) Eden regions: 611->0(611)
[2024-04-22T08:58:01.120+0000][gc,heap     ] GC(126) Survivor regions: 3->3(77)
[2024-04-22T08:58:01.120+0000][gc,heap     ] GC(126) Old regions: 49->49
[2024-04-22T08:58:01.120+0000][gc,heap     ] GC(126) Archive regions: 2->2
[2024-04-22T08:58:01.120+0000][gc,heap     ] GC(126) Humongous regions: 129->129
[2024-04-22T08:58:01.120+0000][gc,metaspace] GC(126) Metaspace: 43384K(44032K)->43384K(44032K) NonClass: 38330K(38720K)->38330K(38720K) Class: 5053K(5312K)->5053K(5312K)
[2024-04-22T08:58:01.120+0000][gc          ] GC(126) Pause Young (Normal) (G1 Evacuation Pause) 791M->180M(1024M) 2.604ms
[2024-04-22T08:58:01.120+0000][gc,cpu      ] GC(126) User=0.01s Sys=0.00s Real=0.00s
[2024-04-22T08:58:02.222+0000][gc,start    ] GC(127) Pause Young (Normal) (G1 Evacuation Pause)
[2024-04-22T08:58:02.222+0000][gc,task     ] GC(127) Using 8 workers of 8 for evacuation
[2024-04-22T08:58:02.224+0000][gc,phases   ] GC(127)   Pre Evacuate Collection Set: 0.1ms
[2024-04-22T08:58:02.224+0000][gc,phases   ] GC(127)   Merge Heap Roots: 0.1ms
[2024-04-22T08:58:02.224+0000][gc,phases   ] GC(127)   Evacuate Collection Set: 1.9ms
[2024-04-22T08:58:02.224+0000][gc,phases   ] GC(127)   Post Evacuate Collection Set: 0.4ms
[2024-04-22T08:58:02.224+0000][gc,phases   ] GC(127)   Other: 0.1ms
[2024-04-22T08:58:02.224+0000][gc,heap     ] GC(127) Eden regions: 611->0(611)
[2024-04-22T08:58:02.224+0000][gc,heap     ] GC(127) Survivor regions: 3->3(77)
[2024-04-22T08:58:02.224+0000][gc,heap     ] GC(127) Old regions: 49->49
[2024-04-22T08:58:02.224+0000][gc,heap     ] GC(127) Archive regions: 2->2
[2024-04-22T08:58:02.224+0000][gc,heap     ] GC(127) Humongous regions: 129->129
[2024-04-22T08:58:02.224+0000][gc,metaspace] GC(127) Metaspace: 43384K(44032K)->43384K(44032K) NonClass: 38330K(38720K)->38330K(38720K) Class: 5053K(5312K)->5053K(5312K)
[2024-04-22T08:58:02.224+0000][gc          ] GC(127) Pause Young (Normal) (G1 Evacuation Pause) 791M->180M(1024M) 2.578ms
[2024-04-22T08:58:02.224+0000][gc,cpu      ] GC(127) User=0.00s Sys=0.01s Real=0.01s
[2024-04-22T08:58:03.349+0000][gc,start    ] GC(128) Pause Young (Normal) (G1 Evacuation Pause)
[2024-04-22T08:58:03.349+0000][gc,task     ] GC(128) Using 8 workers of 8 for evacuation
[2024-04-22T08:58:03.351+0000][gc,phases   ] GC(128)   Pre Evacuate Collection Set: 0.2ms
[2024-04-22T08:58:03.351+0000][gc,phases   ] GC(128)   Merge Heap Roots: 0.1ms
[2024-04-22T08:58:03.351+0000][gc,phases   ] GC(128)   Evacuate Collection Set: 1.8ms
[2024-04-22T08:58:03.351+0000][gc,phases   ] GC(128)   Post Evacuate Collection Set: 0.4ms
[2024-04-22T08:58:03.351+0000][gc,phases   ] GC(128)   Other: 0.1ms
[2024-04-22T08:58:03.351+0000][gc,heap     ] GC(128) Eden regions: 611->0(611)
[2024-04-22T08:58:03.351+0000][gc,heap     ] GC(128) Survivor regions: 3->3(77)
[2024-04-22T08:58:03.351+0000][gc,heap     ] GC(128) Old regions: 49->49
[2024-04-22T08:58:03.351+0000][gc,heap     ] GC(128) Archive regions: 2->2
[2024-04-22T08:58:03.351+0000][gc,heap     ] GC(128) Humongous regions: 129->129
[2024-04-22T08:58:03.351+0000][gc,metaspace] GC(128) Metaspace: 43385K(44032K)->43385K(44032K) NonClass: 38331K(38720K)->38331K(38720K) Class: 5053K(5312K)->5053K(5312K)
[2024-04-22T08:58:03.351+0000][gc          ] GC(128) Pause Young (Normal) (G1 Evacuation Pause) 791M->180M(1024M) 2.702ms
[2024-04-22T08:58:03.351+0000][gc,cpu      ] GC(128) User=0.01s Sys=0.01s Real=0.00s
[2024-04-22T08:58:04.558+0000][gc,start    ] GC(129) Pause Young (Normal) (G1 Evacuation Pause)
[2024-04-22T08:58:04.558+0000][gc,task     ] GC(129) Using 8 workers of 8 for evacuation
[2024-04-22T08:58:04.560+0000][gc,phases   ] GC(129)   Pre Evacuate Collection Set: 0.1ms
[2024-04-22T08:58:04.560+0000][gc,phases   ] GC(129)   Merge Heap Roots: 0.1ms
[2024-04-22T08:58:04.560+0000][gc,phases   ] GC(129)   Evacuate Collection Set: 1.7ms
[2024-04-22T08:58:04.560+0000][gc,phases   ] GC(129)   Post Evacuate Collection Set: 0.4ms
[2024-04-22T08:58:04.560+0000][gc,phases   ] GC(129)   Other: 0.1ms
[2024-04-22T08:58:04.560+0000][gc,heap     ] GC(129) Eden regions: 611->0(611)
[2024-04-22T08:58:04.560+0000][gc,heap     ] GC(129) Survivor regions: 3->3(77)
[2024-04-22T08:58:04.560+0000][gc,heap     ] GC(129) Old regions: 49->49
[2024-04-22T08:58:04.560+0000][gc,heap     ] GC(129) Archive regions: 2->2
[2024-04-22T08:58:04.560+0000][gc,heap     ] GC(129) Humongous regions: 129->129
[2024-04-22T08:58:04.560+0000][gc,metaspace] GC(129) Metaspace: 43385K(44032K)->43385K(44032K) NonClass: 38331K(38720K)->38331K(38720K) Class: 5053K(5312K)->5053K(5312K)
[2024-04-22T08:58:04.560+0000][gc          ] GC(129) Pause Young (Normal) (G1 Evacuation Pause) 791M->181M(1024M) 2.425ms
[2024-04-22T08:58:04.560+0000][gc,cpu      ] GC(129) User=0.02s Sys=0.00s Real=0.00s
[2024-04-22T08:58:05.750+0000][gc,start    ] GC(130) Pause Young (Normal) (G1 Evacuation Pause)
[2024-04-22T08:58:05.750+0000][gc,task     ] GC(130) Using 8 workers of 8 for evacuation
[2024-04-22T08:58:05.753+0000][gc,phases   ] GC(130)   Pre Evacuate Collection Set: 0.1ms
[2024-04-22T08:58:05.753+0000][gc,phases   ] GC(130)   Merge Heap Roots: 0.1ms
[2024-04-22T08:58:05.753+0000][gc,phases   ] GC(130)   Evacuate Collection Set: 1.8ms
[2024-04-22T08:58:05.753+0000][gc,phases   ] GC(130)   Post Evacuate Collection Set: 0.4ms
[2024-04-22T08:58:05.753+0000][gc,phases   ] GC(130)   Other: 0.1ms
[2024-04-22T08:58:05.753+0000][gc,heap     ] GC(130) Eden regions: 611->0(612)
[2024-04-22T08:58:05.753+0000][gc,heap     ] GC(130) Survivor regions: 3->2(77)
[2024-04-22T08:58:05.753+0000][gc,heap     ] GC(130) Old regions: 49->50
[2024-04-22T08:58:05.753+0000][gc,heap     ] GC(130) Archive regions: 2->2
[2024-04-22T08:58:05.753+0000][gc,heap     ] GC(130) Humongous regions: 129->129
[2024-04-22T08:58:05.753+0000][gc,metaspace] GC(130) Metaspace: 43385K(44032K)->43385K(44032K) NonClass: 38331K(38720K)->38331K(38720K) Class: 5053K(5312K)->5053K(5312K)
[2024-04-22T08:58:05.753+0000][gc          ] GC(130) Pause Young (Normal) (G1 Evacuation Pause) 792M->181M(1024M) 2.547ms
[2024-04-22T08:58:05.753+0000][gc,cpu      ] GC(130) User=0.02s Sys=0.00s Real=0.01s
[2024-04-22T08:58:06.887+0000][gc,start    ] GC(131) Pause Young (Normal) (G1 Evacuation Pause)
[2024-04-22T08:58:06.887+0000][gc,task     ] GC(131) Using 8 workers of 8 for evacuation
[2024-04-22T08:58:06.890+0000][gc,phases   ] GC(131)   Pre Evacuate Collection Set: 0.1ms
[2024-04-22T08:58:06.890+0000][gc,phases   ] GC(131)   Merge Heap Roots: 0.1ms
[2024-04-22T08:58:06.890+0000][gc,phases   ] GC(131)   Evacuate Collection Set: 1.7ms
[2024-04-22T08:58:06.890+0000][gc,phases   ] GC(131)   Post Evacuate Collection Set: 0.4ms
[2024-04-22T08:58:06.890+0000][gc,phases   ] GC(131)   Other: 0.1ms
[2024-04-22T08:58:06.890+0000][gc,heap     ] GC(131) Eden regions: 612->0(612)
[2024-04-22T08:58:06.890+0000][gc,heap     ] GC(131) Survivor regions: 2->2(77)
[2024-04-22T08:58:06.890+0000][gc,heap     ] GC(131) Old regions: 50->50
[2024-04-22T08:58:06.890+0000][gc,heap     ] GC(131) Archive regions: 2->2
[2024-04-22T08:58:06.890+0000][gc,heap     ] GC(131) Humongous regions: 129->129
[2024-04-22T08:58:06.890+0000][gc,metaspace] GC(131) Metaspace: 43385K(44032K)->43385K(44032K) NonClass: 38331K(38720K)->38331K(38720K) Class: 5053K(5312K)->5053K(5312K)
[2024-04-22T08:58:06.890+0000][gc          ] GC(131) Pause Young (Normal) (G1 Evacuation Pause) 793M->181M(1024M) 2.393ms
[2024-04-22T08:58:06.890+0000][gc,cpu      ] GC(131) User=0.02s Sys=0.00s Real=0.00s
[2024-04-22T08:58:08.001+0000][gc,start    ] GC(132) Pause Young (Normal) (G1 Evacuation Pause)
[2024-04-22T08:58:08.001+0000][gc,task     ] GC(132) Using 8 workers of 8 for evacuation
[2024-04-22T08:58:08.004+0000][gc,phases   ] GC(132)   Pre Evacuate Collection Set: 0.1ms
[2024-04-22T08:58:08.004+0000][gc,phases   ] GC(132)   Merge Heap Roots: 0.1ms
[2024-04-22T08:58:08.004+0000][gc,phases   ] GC(132)   Evacuate Collection Set: 1.8ms
[2024-04-22T08:58:08.004+0000][gc,phases   ] GC(132)   Post Evacuate Collection Set: 0.4ms
[2024-04-22T08:58:08.004+0000][gc,phases   ] GC(132)   Other: 0.1ms
[2024-04-22T08:58:08.004+0000][gc,heap     ] GC(132) Eden regions: 612->0(612)
[2024-04-22T08:58:08.004+0000][gc,heap     ] GC(132) Survivor regions: 2->2(77)
[2024-04-22T08:58:08.004+0000][gc,heap     ] GC(132) Old regions: 50->50
[2024-04-22T08:58:08.004+0000][gc,heap     ] GC(132) Archive regions: 2->2
[2024-04-22T08:58:08.004+0000][gc,heap     ] GC(132) Humongous regions: 129->129
[2024-04-22T08:58:08.004+0000][gc,metaspace] GC(132) Metaspace: 43385K(44032K)->43385K(44032K) NonClass: 38331K(38720K)->38331K(38720K) Class: 5053K(5312K)->5053K(5312K)
[2024-04-22T08:58:08.004+0000][gc          ] GC(132) Pause Young (Normal) (G1 Evacuation Pause) 793M->181M(1024M) 2.489ms
[2024-04-22T08:58:08.004+0000][gc,cpu      ] GC(132) User=0.01s Sys=0.00s Real=0.00s
[2024-04-22T08:58:09.168+0000][gc,start    ] GC(133) Pause Young (Normal) (G1 Evacuation Pause)
[2024-04-22T08:58:09.168+0000][gc,task     ] GC(133) Using 8 workers of 8 for evacuation
[2024-04-22T08:58:09.171+0000][gc,phases   ] GC(133)   Pre Evacuate Collection Set: 0.1ms
[2024-04-22T08:58:09.171+0000][gc,phases   ] GC(133)   Merge Heap Roots: 0.1ms
[2024-04-22T08:58:09.171+0000][gc,phases   ] GC(133)   Evacuate Collection Set: 1.8ms
[2024-04-22T08:58:09.171+0000][gc,phases   ] GC(133)   Post Evacuate Collection Set: 0.4ms
[2024-04-22T08:58:09.171+0000][gc,phases   ] GC(133)   Other: 0.1ms
[2024-04-22T08:58:09.171+0000][gc,heap     ] GC(133) Eden regions: 612->0(612)
[2024-04-22T08:58:09.171+0000][gc,heap     ] GC(133) Survivor regions: 2->2(77)
[2024-04-22T08:58:09.171+0000][gc,heap     ] GC(133) Old regions: 50->50
[2024-04-22T08:58:09.171+0000][gc,heap     ] GC(133) Archive regions: 2->2
[2024-04-22T08:58:09.171+0000][gc,heap     ] GC(133) Humongous regions: 129->129
[2024-04-22T08:58:09.171+0000][gc,metaspace] GC(133) Metaspace: 43385K(44032K)->43385K(44032K) NonClass: 38331K(38720K)->38331K(38720K) Class: 5053K(5312K)->5053K(5312K)
[2024-04-22T08:58:09.171+0000][gc          ] GC(133) Pause Young (Normal) (G1 Evacuation Pause) 793M->181M(1024M) 2.472ms
[2024-04-22T08:58:09.171+0000][gc,cpu      ] GC(133) User=0.01s Sys=0.00s Real=0.00s
[2024-04-22T08:58:10.282+0000][gc,start    ] GC(134) Pause Young (Normal) (G1 Evacuation Pause)
[2024-04-22T08:58:10.282+0000][gc,task     ] GC(134) Using 8 workers of 8 for evacuation
[2024-04-22T08:58:10.284+0000][gc,phases   ] GC(134)   Pre Evacuate Collection Set: 0.1ms
[2024-04-22T08:58:10.285+0000][gc,phases   ] GC(134)   Merge Heap Roots: 0.1ms
[2024-04-22T08:58:10.285+0000][gc,phases   ] GC(134)   Evacuate Collection Set: 1.7ms
[2024-04-22T08:58:10.285+0000][gc,phases   ] GC(134)   Post Evacuate Collection Set: 0.4ms
[2024-04-22T08:58:10.285+0000][gc,phases   ] GC(134)   Other: 0.1ms
[2024-04-22T08:58:10.285+0000][gc,heap     ] GC(134) Eden regions: 612->0(612)
[2024-04-22T08:58:10.285+0000][gc,heap     ] GC(134) Survivor regions: 2->2(77)
[2024-04-22T08:58:10.285+0000][gc,heap     ] GC(134) Old regions: 50->50
[2024-04-22T08:58:10.285+0000][gc,heap     ] GC(134) Archive regions: 2->2
[2024-04-22T08:58:10.285+0000][gc,heap     ] GC(134) Humongous regions: 129->129
[2024-04-22T08:58:10.285+0000][gc,metaspace] GC(134) Metaspace: 43389K(44032K)->43389K(44032K) NonClass: 38335K(38720K)->38335K(38720K) Class: 5053K(5312K)->5053K(5312K)
[2024-04-22T08:58:10.285+0000][gc          ] GC(134) Pause Young (Normal) (G1 Evacuation Pause) 793M->181M(1024M) 2.387ms
[2024-04-22T08:58:10.285+0000][gc,cpu      ] GC(134) User=0.02s Sys=0.00s Real=0.01s
[2024-04-22T08:58:11.383+0000][gc,start    ] GC(135) Pause Young (Normal) (G1 Evacuation Pause)
[2024-04-22T08:58:11.383+0000][gc,task     ] GC(135) Using 8 workers of 8 for evacuation
[2024-04-22T08:58:11.386+0000][gc,phases   ] GC(135)   Pre Evacuate Collection Set: 0.1ms
[2024-04-22T08:58:11.386+0000][gc,phases   ] GC(135)   Merge Heap Roots: 0.1ms
[2024-04-22T08:58:11.386+0000][gc,phases   ] GC(135)   Evacuate Collection Set: 1.9ms
[2024-04-22T08:58:11.386+0000][gc,phases   ] GC(135)   Post Evacuate Collection Set: 0.4ms
[2024-04-22T08:58:11.386+0000][gc,phases   ] GC(135)   Other: 0.1ms
[2024-04-22T08:58:11.386+0000][gc,heap     ] GC(135) Eden regions: 612->0(612)
[2024-04-22T08:58:11.386+0000][gc,heap     ] GC(135) Survivor regions: 2->2(77)
[2024-04-22T08:58:11.386+0000][gc,heap     ] GC(135) Old regions: 50->50
[2024-04-22T08:58:11.386+0000][gc,heap     ] GC(135) Archive regions: 2->2
[2024-04-22T08:58:11.386+0000][gc,heap     ] GC(135) Humongous regions: 129->129
[2024-04-22T08:58:11.386+0000][gc,metaspace] GC(135) Metaspace: 43389K(44032K)->43389K(44032K) NonClass: 38335K(38720K)->38335K(38720K) Class: 5053K(5312K)->5053K(5312K)
[2024-04-22T08:58:11.386+0000][gc          ] GC(135) Pause Young (Normal) (G1 Evacuation Pause) 793M->181M(1024M) 2.681ms
[2024-04-22T08:58:11.386+0000][gc,cpu      ] GC(135) User=0.01s Sys=0.00s Real=0.01s
[2024-04-22T08:58:12.490+0000][gc,start    ] GC(136) Pause Young (Normal) (G1 Evacuation Pause)
[2024-04-22T08:58:12.490+0000][gc,task     ] GC(136) Using 8 workers of 8 for evacuation
[2024-04-22T08:58:12.492+0000][gc,phases   ] GC(136)   Pre Evacuate Collection Set: 0.1ms
[2024-04-22T08:58:12.492+0000][gc,phases   ] GC(136)   Merge Heap Roots: 0.1ms
[2024-04-22T08:58:12.492+0000][gc,phases   ] GC(136)   Evacuate Collection Set: 1.6ms
[2024-04-22T08:58:12.492+0000][gc,phases   ] GC(136)   Post Evacuate Collection Set: 0.4ms
[2024-04-22T08:58:12.492+0000][gc,phases   ] GC(136)   Other: 0.1ms
[2024-04-22T08:58:12.492+0000][gc,heap     ] GC(136) Eden regions: 612->0(612)
[2024-04-22T08:58:12.492+0000][gc,heap     ] GC(136) Survivor regions: 2->2(77)
[2024-04-22T08:58:12.492+0000][gc,heap     ] GC(136) Old regions: 50->51
[2024-04-22T08:58:12.492+0000][gc,heap     ] GC(136) Archive regions: 2->2
[2024-04-22T08:58:12.492+0000][gc,heap     ] GC(136) Humongous regions: 129->129
[2024-04-22T08:58:12.492+0000][gc,metaspace] GC(136) Metaspace: 43389K(44032K)->43389K(44032K) NonClass: 38335K(38720K)->38335K(38720K) Class: 5053K(5312K)->5053K(5312K)
[2024-04-22T08:58:12.492+0000][gc          ] GC(136) Pause Young (Normal) (G1 Evacuation Pause) 793M->181M(1024M) 2.346ms
[2024-04-22T08:58:12.492+0000][gc,cpu      ] GC(136) User=0.01s Sys=0.01s Real=0.01s
[2024-04-22T08:58:13.603+0000][gc,start    ] GC(137) Pause Young (Normal) (G1 Evacuation Pause)
[2024-04-22T08:58:13.603+0000][gc,task     ] GC(137) Using 8 workers of 8 for evacuation
[2024-04-22T08:58:13.606+0000][gc,phases   ] GC(137)   Pre Evacuate Collection Set: 0.1ms
[2024-04-22T08:58:13.606+0000][gc,phases   ] GC(137)   Merge Heap Roots: 0.1ms
[2024-04-22T08:58:13.606+0000][gc,phases   ] GC(137)   Evacuate Collection Set: 1.6ms
[2024-04-22T08:58:13.606+0000][gc,phases   ] GC(137)   Post Evacuate Collection Set: 0.4ms
[2024-04-22T08:58:13.606+0000][gc,phases   ] GC(137)   Other: 0.1ms
[2024-04-22T08:58:13.606+0000][gc,heap     ] GC(137) Eden regions: 612->0(612)
[2024-04-22T08:58:13.606+0000][gc,heap     ] GC(137) Survivor regions: 2->2(77)
[2024-04-22T08:58:13.606+0000][gc,heap     ] GC(137) Old regions: 51->51
[2024-04-22T08:58:13.606+0000][gc,heap     ] GC(137) Archive regions: 2->2
[2024-04-22T08:58:13.606+0000][gc,heap     ] GC(137) Humongous regions: 129->129
[2024-04-22T08:58:13.606+0000][gc,metaspace] GC(137) Metaspace: 43389K(44032K)->43389K(44032K) NonClass: 38335K(38720K)->38335K(38720K) Class: 5053K(5312K)->5053K(5312K)
[2024-04-22T08:58:13.606+0000][gc          ] GC(137) Pause Young (Normal) (G1 Evacuation Pause) 793M->181M(1024M) 2.355ms
[2024-04-22T08:58:13.606+0000][gc,cpu      ] GC(137) User=0.01s Sys=0.00s Real=0.01s
[2024-04-22T08:58:14.750+0000][gc,start    ] GC(138) Pause Young (Normal) (G1 Evacuation Pause)
[2024-04-22T08:58:14.750+0000][gc,task     ] GC(138) Using 8 workers of 8 for evacuation
[2024-04-22T08:58:14.752+0000][gc,phases   ] GC(138)   Pre Evacuate Collection Set: 0.1ms
[2024-04-22T08:58:14.752+0000][gc,phases   ] GC(138)   Merge Heap Roots: 0.1ms
[2024-04-22T08:58:14.752+0000][gc,phases   ] GC(138)   Evacuate Collection Set: 1.8ms
[2024-04-22T08:58:14.752+0000][gc,phases   ] GC(138)   Post Evacuate Collection Set: 0.4ms
[2024-04-22T08:58:14.752+0000][gc,phases   ] GC(138)   Other: 0.1ms
[2024-04-22T08:58:14.752+0000][gc,heap     ] GC(138) Eden regions: 612->0(612)
[2024-04-22T08:58:14.752+0000][gc,heap     ] GC(138) Survivor regions: 2->2(77)
[2024-04-22T08:58:14.752+0000][gc,heap     ] GC(138) Old regions: 51->51
[2024-04-22T08:58:14.752+0000][gc,heap     ] GC(138) Archive regions: 2->2
[2024-04-22T08:58:14.752+0000][gc,heap     ] GC(138) Humongous regions: 129->129
[2024-04-22T08:58:14.752+0000][gc,metaspace] GC(138) Metaspace: 43392K(44032K)->43392K(44032K) NonClass: 38338K(38720K)->38338K(38720K) Class: 5053K(5312K)->5053K(5312K)
[2024-04-22T08:58:14.752+0000][gc          ] GC(138) Pause Young (Normal) (G1 Evacuation Pause) 793M->181M(1024M) 2.586ms
[2024-04-22T08:58:14.752+0000][gc,cpu      ] GC(138) User=0.01s Sys=0.00s Real=0.01s
[2024-04-22T08:58:15.846+0000][gc,start    ] GC(139) Pause Young (Normal) (G1 Evacuation Pause)
[2024-04-22T08:58:15.846+0000][gc,task     ] GC(139) Using 8 workers of 8 for evacuation
[2024-04-22T08:58:15.848+0000][gc,phases   ] GC(139)   Pre Evacuate Collection Set: 0.1ms
[2024-04-22T08:58:15.848+0000][gc,phases   ] GC(139)   Merge Heap Roots: 0.1ms
[2024-04-22T08:58:15.848+0000][gc,phases   ] GC(139)   Evacuate Collection Set: 1.7ms
[2024-04-22T08:58:15.848+0000][gc,phases   ] GC(139)   Post Evacuate Collection Set: 0.4ms
[2024-04-22T08:58:15.848+0000][gc,phases   ] GC(139)   Other: 0.1ms
[2024-04-22T08:58:15.848+0000][gc,heap     ] GC(139) Eden regions: 612->0(612)
[2024-04-22T08:58:15.848+0000][gc,heap     ] GC(139) Survivor regions: 2->2(77)
[2024-04-22T08:58:15.848+0000][gc,heap     ] GC(139) Old regions: 51->51
[2024-04-22T08:58:15.848+0000][gc,heap     ] GC(139) Archive regions: 2->2
[2024-04-22T08:58:15.848+0000][gc,heap     ] GC(139) Humongous regions: 129->129
[2024-04-22T08:58:15.848+0000][gc,metaspace] GC(139) Metaspace: 43392K(44032K)->43392K(44032K) NonClass: 38338K(38720K)->38338K(38720K) Class: 5053K(5312K)->5053K(5312K)
[2024-04-22T08:58:15.849+0000][gc          ] GC(139) Pause Young (Normal) (G1 Evacuation Pause) 793M->182M(1024M) 2.461ms
[2024-04-22T08:58:15.849+0000][gc,cpu      ] GC(139) User=0.01s Sys=0.00s Real=0.00s
[2024-04-22T08:58:16.952+0000][gc,start    ] GC(140) Pause Young (Normal) (G1 Evacuation Pause)
[2024-04-22T08:58:16.952+0000][gc,task     ] GC(140) Using 8 workers of 8 for evacuation
[2024-04-22T08:58:16.954+0000][gc,phases   ] GC(140)   Pre Evacuate Collection Set: 0.1ms
[2024-04-22T08:58:16.954+0000][gc,phases   ] GC(140)   Merge Heap Roots: 0.1ms
[2024-04-22T08:58:16.954+0000][gc,phases   ] GC(140)   Evacuate Collection Set: 1.7ms
[2024-04-22T08:58:16.954+0000][gc,phases   ] GC(140)   Post Evacuate Collection Set: 0.4ms
[2024-04-22T08:58:16.954+0000][gc,phases   ] GC(140)   Other: 0.1ms
[2024-04-22T08:58:16.954+0000][gc,heap     ] GC(140) Eden regions: 612->0(612)
[2024-04-22T08:58:16.954+0000][gc,heap     ] GC(140) Survivor regions: 2->2(77)
[2024-04-22T08:58:16.954+0000][gc,heap     ] GC(140) Old regions: 51->51
[2024-04-22T08:58:16.954+0000][gc,heap     ] GC(140) Archive regions: 2->2
[2024-04-22T08:58:16.955+0000][gc,heap     ] GC(140) Humongous regions: 129->129
[2024-04-22T08:58:16.955+0000][gc,metaspace] GC(140) Metaspace: 43392K(44032K)->43392K(44032K) NonClass: 38338K(38720K)->38338K(38720K) Class: 5053K(5312K)->5053K(5312K)
[2024-04-22T08:58:16.955+0000][gc          ] GC(140) Pause Young (Normal) (G1 Evacuation Pause) 794M->182M(1024M) 2.425ms
[2024-04-22T08:58:16.955+0000][gc,cpu      ] GC(140) User=0.01s Sys=0.00s Real=0.00s
[2024-04-22T08:58:18.063+0000][gc,start    ] GC(141) Pause Young (Normal) (G1 Evacuation Pause)
[2024-04-22T08:58:18.063+0000][gc,task     ] GC(141) Using 8 workers of 8 for evacuation
[2024-04-22T08:58:18.065+0000][gc,phases   ] GC(141)   Pre Evacuate Collection Set: 0.1ms
[2024-04-22T08:58:18.065+0000][gc,phases   ] GC(141)   Merge Heap Roots: 0.1ms
[2024-04-22T08:58:18.065+0000][gc,phases   ] GC(141)   Evacuate Collection Set: 1.5ms
[2024-04-22T08:58:18.065+0000][gc,phases   ] GC(141)   Post Evacuate Collection Set: 0.4ms
[2024-04-22T08:58:18.065+0000][gc,phases   ] GC(141)   Other: 0.1ms
[2024-04-22T08:58:18.065+0000][gc,heap     ] GC(141) Eden regions: 612->0(612)
[2024-04-22T08:58:18.065+0000][gc,heap     ] GC(141) Survivor regions: 2->2(77)
[2024-04-22T08:58:18.065+0000][gc,heap     ] GC(141) Old regions: 51->51
[2024-04-22T08:58:18.065+0000][gc,heap     ] GC(141) Archive regions: 2->2
[2024-04-22T08:58:18.065+0000][gc,heap     ] GC(141) Humongous regions: 129->129
[2024-04-22T08:58:18.065+0000][gc,metaspace] GC(141) Metaspace: 43392K(44032K)->43392K(44032K) NonClass: 38338K(38720K)->38338K(38720K) Class: 5053K(5312K)->5053K(5312K)
[2024-04-22T08:58:18.065+0000][gc          ] GC(141) Pause Young (Normal) (G1 Evacuation Pause) 794M->182M(1024M) 2.248ms
[2024-04-22T08:58:18.065+0000][gc,cpu      ] GC(141) User=0.01s Sys=0.00s Real=0.01s
[2024-04-22T08:58:19.184+0000][gc,start    ] GC(142) Pause Young (Normal) (G1 Evacuation Pause)
[2024-04-22T08:58:19.184+0000][gc,task     ] GC(142) Using 8 workers of 8 for evacuation
[2024-04-22T08:58:19.186+0000][gc,phases   ] GC(142)   Pre Evacuate Collection Set: 0.1ms
[2024-04-22T08:58:19.186+0000][gc,phases   ] GC(142)   Merge Heap Roots: 0.1ms
[2024-04-22T08:58:19.186+0000][gc,phases   ] GC(142)   Evacuate Collection Set: 1.6ms
[2024-04-22T08:58:19.186+0000][gc,phases   ] GC(142)   Post Evacuate Collection Set: 0.4ms
[2024-04-22T08:58:19.186+0000][gc,phases   ] GC(142)   Other: 0.1ms
[2024-04-22T08:58:19.186+0000][gc,heap     ] GC(142) Eden regions: 612->0(612)
[2024-04-22T08:58:19.186+0000][gc,heap     ] GC(142) Survivor regions: 2->2(77)
[2024-04-22T08:58:19.186+0000][gc,heap     ] GC(142) Old regions: 51->51
[2024-04-22T08:58:19.186+0000][gc,heap     ] GC(142) Archive regions: 2->2
[2024-04-22T08:58:19.186+0000][gc,heap     ] GC(142) Humongous regions: 129->129
[2024-04-22T08:58:19.186+0000][gc,metaspace] GC(142) Metaspace: 43392K(44032K)->43392K(44032K) NonClass: 38338K(38720K)->38338K(38720K) Class: 5053K(5312K)->5053K(5312K)
[2024-04-22T08:58:19.186+0000][gc          ] GC(142) Pause Young (Normal) (G1 Evacuation Pause) 794M->182M(1024M) 2.340ms
[2024-04-22T08:58:19.186+0000][gc,cpu      ] GC(142) User=0.01s Sys=0.01s Real=0.00s
[2024-04-22T08:58:20.299+0000][gc,start    ] GC(143) Pause Young (Normal) (G1 Evacuation Pause)
[2024-04-22T08:58:20.299+0000][gc,task     ] GC(143) Using 8 workers of 8 for evacuation
[2024-04-22T08:58:20.301+0000][gc,phases   ] GC(143)   Pre Evacuate Collection Set: 0.1ms
[2024-04-22T08:58:20.302+0000][gc,phases   ] GC(143)   Merge Heap Roots: 0.1ms
[2024-04-22T08:58:20.302+0000][gc,phases   ] GC(143)   Evacuate Collection Set: 1.7ms
[2024-04-22T08:58:20.302+0000][gc,phases   ] GC(143)   Post Evacuate Collection Set: 0.4ms
[2024-04-22T08:58:20.302+0000][gc,phases   ] GC(143)   Other: 0.1ms
[2024-04-22T08:58:20.302+0000][gc,heap     ] GC(143) Eden regions: 612->0(612)
[2024-04-22T08:58:20.302+0000][gc,heap     ] GC(143) Survivor regions: 2->2(77)
[2024-04-22T08:58:20.302+0000][gc,heap     ] GC(143) Old regions: 51->52
[2024-04-22T08:58:20.302+0000][gc,heap     ] GC(143) Archive regions: 2->2
[2024-04-22T08:58:20.302+0000][gc,heap     ] GC(143) Humongous regions: 129->129
[2024-04-22T08:58:20.302+0000][gc,metaspace] GC(143) Metaspace: 43392K(44032K)->43392K(44032K) NonClass: 38338K(38720K)->38338K(38720K) Class: 5053K(5312K)->5053K(5312K)
[2024-04-22T08:58:20.302+0000][gc          ] GC(143) Pause Young (Normal) (G1 Evacuation Pause) 794M->182M(1024M) 2.411ms
[2024-04-22T08:58:20.302+0000][gc,cpu      ] GC(143) User=0.01s Sys=0.00s Real=0.00s
[2024-04-22T08:58:21.407+0000][gc,start    ] GC(144) Pause Young (Normal) (G1 Evacuation Pause)
[2024-04-22T08:58:21.407+0000][gc,task     ] GC(144) Using 8 workers of 8 for evacuation
[2024-04-22T08:58:21.409+0000][gc,phases   ] GC(144)   Pre Evacuate Collection Set: 0.1ms
[2024-04-22T08:58:21.409+0000][gc,phases   ] GC(144)   Merge Heap Roots: 0.1ms
[2024-04-22T08:58:21.409+0000][gc,phases   ] GC(144)   Evacuate Collection Set: 1.6ms
[2024-04-22T08:58:21.409+0000][gc,phases   ] GC(144)   Post Evacuate Collection Set: 0.4ms
[2024-04-22T08:58:21.409+0000][gc,phases   ] GC(144)   Other: 0.1ms
[2024-04-22T08:58:21.409+0000][gc,heap     ] GC(144) Eden regions: 612->0(612)
[2024-04-22T08:58:21.409+0000][gc,heap     ] GC(144) Survivor regions: 2->2(77)
[2024-04-22T08:58:21.409+0000][gc,heap     ] GC(144) Old regions: 52->52
[2024-04-22T08:58:21.409+0000][gc,heap     ] GC(144) Archive regions: 2->2
[2024-04-22T08:58:21.409+0000][gc,heap     ] GC(144) Humongous regions: 129->129
[2024-04-22T08:58:21.409+0000][gc,metaspace] GC(144) Metaspace: 43392K(44032K)->43392K(44032K) NonClass: 38338K(38720K)->38338K(38720K) Class: 5053K(5312K)->5053K(5312K)
[2024-04-22T08:58:21.409+0000][gc          ] GC(144) Pause Young (Normal) (G1 Evacuation Pause) 794M->182M(1024M) 2.285ms
[2024-04-22T08:58:21.409+0000][gc,cpu      ] GC(144) User=0.02s Sys=0.00s Real=0.00s
[2024-04-22T08:58:22.515+0000][gc,start    ] GC(145) Pause Young (Normal) (G1 Evacuation Pause)
[2024-04-22T08:58:22.515+0000][gc,task     ] GC(145) Using 8 workers of 8 for evacuation
[2024-04-22T08:58:22.517+0000][gc,phases   ] GC(145)   Pre Evacuate Collection Set: 0.1ms
[2024-04-22T08:58:22.517+0000][gc,phases   ] GC(145)   Merge Heap Roots: 0.1ms
[2024-04-22T08:58:22.517+0000][gc,phases   ] GC(145)   Evacuate Collection Set: 1.7ms
[2024-04-22T08:58:22.517+0000][gc,phases   ] GC(145)   Post Evacuate Collection Set: 0.4ms
[2024-04-22T08:58:22.517+0000][gc,phases   ] GC(145)   Other: 0.1ms
[2024-04-22T08:58:22.517+0000][gc,heap     ] GC(145) Eden regions: 612->0(612)
[2024-04-22T08:58:22.517+0000][gc,heap     ] GC(145) Survivor regions: 2->2(77)
[2024-04-22T08:58:22.517+0000][gc,heap     ] GC(145) Old regions: 52->52
[2024-04-22T08:58:22.517+0000][gc,heap     ] GC(145) Archive regions: 2->2
[2024-04-22T08:58:22.517+0000][gc,heap     ] GC(145) Humongous regions: 129->129
[2024-04-22T08:58:22.517+0000][gc,metaspace] GC(145) Metaspace: 43392K(44032K)->43392K(44032K) NonClass: 38338K(38720K)->38338K(38720K) Class: 5053K(5312K)->5053K(5312K)
[2024-04-22T08:58:22.517+0000][gc          ] GC(145) Pause Young (Normal) (G1 Evacuation Pause) 794M->182M(1024M) 2.405ms
[2024-04-22T08:58:22.517+0000][gc,cpu      ] GC(145) User=0.01s Sys=0.00s Real=0.00s
[2024-04-22T08:58:23.690+0000][gc,start    ] GC(146) Pause Young (Normal) (G1 Evacuation Pause)
[2024-04-22T08:58:23.690+0000][gc,task     ] GC(146) Using 8 workers of 8 for evacuation
[2024-04-22T08:58:23.693+0000][gc,phases   ] GC(146)   Pre Evacuate Collection Set: 0.1ms
[2024-04-22T08:58:23.693+0000][gc,phases   ] GC(146)   Merge Heap Roots: 0.1ms
[2024-04-22T08:58:23.693+0000][gc,phases   ] GC(146)   Evacuate Collection Set: 1.7ms
[2024-04-22T08:58:23.693+0000][gc,phases   ] GC(146)   Post Evacuate Collection Set: 0.4ms
[2024-04-22T08:58:23.693+0000][gc,phases   ] GC(146)   Other: 0.1ms
[2024-04-22T08:58:23.693+0000][gc,heap     ] GC(146) Eden regions: 612->0(612)
[2024-04-22T08:58:23.693+0000][gc,heap     ] GC(146) Survivor regions: 2->2(77)
[2024-04-22T08:58:23.693+0000][gc,heap     ] GC(146) Old regions: 52->52
[2024-04-22T08:58:23.693+0000][gc,heap     ] GC(146) Archive regions: 2->2
[2024-04-22T08:58:23.693+0000][gc,heap     ] GC(146) Humongous regions: 129->129
[2024-04-22T08:58:23.693+0000][gc,metaspace] GC(146) Metaspace: 43396K(44032K)->43396K(44032K) NonClass: 38343K(38720K)->38343K(38720K) Class: 5053K(5312K)->5053K(5312K)
[2024-04-22T08:58:23.693+0000][gc          ] GC(146) Pause Young (Normal) (G1 Evacuation Pause) 794M->182M(1024M) 2.439ms
[2024-04-22T08:58:23.693+0000][gc,cpu      ] GC(146) User=0.01s Sys=0.00s Real=0.01s
[2024-04-22T08:58:24.814+0000][gc,start    ] GC(147) Pause Young (Normal) (G1 Evacuation Pause)
[2024-04-22T08:58:24.814+0000][gc,task     ] GC(147) Using 8 workers of 8 for evacuation
[2024-04-22T08:58:24.816+0000][gc,phases   ] GC(147)   Pre Evacuate Collection Set: 0.1ms
[2024-04-22T08:58:24.816+0000][gc,phases   ] GC(147)   Merge Heap Roots: 0.1ms
[2024-04-22T08:58:24.816+0000][gc,phases   ] GC(147)   Evacuate Collection Set: 1.7ms
[2024-04-22T08:58:24.816+0000][gc,phases   ] GC(147)   Post Evacuate Collection Set: 0.4ms
[2024-04-22T08:58:24.816+0000][gc,phases   ] GC(147)   Other: 0.1ms
[2024-04-22T08:58:24.816+0000][gc,heap     ] GC(147) Eden regions: 612->0(612)
[2024-04-22T08:58:24.816+0000][gc,heap     ] GC(147) Survivor regions: 2->2(77)
[2024-04-22T08:58:24.816+0000][gc,heap     ] GC(147) Old regions: 52->52
[2024-04-22T08:58:24.816+0000][gc,heap     ] GC(147) Archive regions: 2->2
[2024-04-22T08:58:24.816+0000][gc,heap     ] GC(147) Humongous regions: 129->129
[2024-04-22T08:58:24.816+0000][gc,metaspace] GC(147) Metaspace: 43396K(44032K)->43396K(44032K) NonClass: 38343K(38720K)->38343K(38720K) Class: 5053K(5312K)->5053K(5312K)
[2024-04-22T08:58:24.816+0000][gc          ] GC(147) Pause Young (Normal) (G1 Evacuation Pause) 794M->182M(1024M) 2.479ms
[2024-04-22T08:58:24.816+0000][gc,cpu      ] GC(147) User=0.01s Sys=0.00s Real=0.00s
[2024-04-22T08:58:25.920+0000][gc,start    ] GC(148) Pause Young (Normal) (G1 Evacuation Pause)
[2024-04-22T08:58:25.920+0000][gc,task     ] GC(148) Using 8 workers of 8 for evacuation
[2024-04-22T08:58:25.922+0000][gc,phases   ] GC(148)   Pre Evacuate Collection Set: 0.1ms
[2024-04-22T08:58:25.922+0000][gc,phases   ] GC(148)   Merge Heap Roots: 0.1ms
[2024-04-22T08:58:25.922+0000][gc,phases   ] GC(148)   Evacuate Collection Set: 1.6ms
[2024-04-22T08:58:25.922+0000][gc,phases   ] GC(148)   Post Evacuate Collection Set: 0.4ms
[2024-04-22T08:58:25.922+0000][gc,phases   ] GC(148)   Other: 0.1ms
[2024-04-22T08:58:25.922+0000][gc,heap     ] GC(148) Eden regions: 612->0(612)
[2024-04-22T08:58:25.922+0000][gc,heap     ] GC(148) Survivor regions: 2->2(77)
[2024-04-22T08:58:25.922+0000][gc,heap     ] GC(148) Old regions: 52->52
[2024-04-22T08:58:25.922+0000][gc,heap     ] GC(148) Archive regions: 2->2
[2024-04-22T08:58:25.922+0000][gc,heap     ] GC(148) Humongous regions: 129->129
[2024-04-22T08:58:25.922+0000][gc,metaspace] GC(148) Metaspace: 43396K(44032K)->43396K(44032K) NonClass: 38343K(38720K)->38343K(38720K) Class: 5053K(5312K)->5053K(5312K)
[2024-04-22T08:58:25.922+0000][gc          ] GC(148) Pause Young (Normal) (G1 Evacuation Pause) 794M->182M(1024M) 2.305ms
[2024-04-22T08:58:25.922+0000][gc,cpu      ] GC(148) User=0.01s Sys=0.00s Real=0.00s
[2024-04-22T08:58:27.029+0000][gc,start    ] GC(149) Pause Young (Normal) (G1 Evacuation Pause)
[2024-04-22T08:58:27.029+0000][gc,task     ] GC(149) Using 8 workers of 8 for evacuation
[2024-04-22T08:58:27.031+0000][gc,phases   ] GC(149)   Pre Evacuate Collection Set: 0.1ms
[2024-04-22T08:58:27.031+0000][gc,phases   ] GC(149)   Merge Heap Roots: 0.1ms
[2024-04-22T08:58:27.031+0000][gc,phases   ] GC(149)   Evacuate Collection Set: 1.7ms
[2024-04-22T08:58:27.031+0000][gc,phases   ] GC(149)   Post Evacuate Collection Set: 0.4ms
[2024-04-22T08:58:27.031+0000][gc,phases   ] GC(149)   Other: 0.1ms
[2024-04-22T08:58:27.031+0000][gc,heap     ] GC(149) Eden regions: 612->0(612)
[2024-04-22T08:58:27.031+0000][gc,heap     ] GC(149) Survivor regions: 2->2(77)
[2024-04-22T08:58:27.031+0000][gc,heap     ] GC(149) Old regions: 52->52
[2024-04-22T08:58:27.031+0000][gc,heap     ] GC(149) Archive regions: 2->2
[2024-04-22T08:58:27.031+0000][gc,heap     ] GC(149) Humongous regions: 129->129
[2024-04-22T08:58:27.031+0000][gc,metaspace] GC(149) Metaspace: 43396K(44032K)->43396K(44032K) NonClass: 38343K(38720K)->38343K(38720K) Class: 5053K(5312K)->5053K(5312K)
[2024-04-22T08:58:27.031+0000][gc          ] GC(149) Pause Young (Normal) (G1 Evacuation Pause) 794M->182M(1024M) 2.477ms
[2024-04-22T08:58:27.031+0000][gc,cpu      ] GC(149) User=0.01s Sys=0.00s Real=0.00s
[2024-04-22T08:58:28.143+0000][gc,start    ] GC(150) Pause Young (Normal) (G1 Evacuation Pause)
[2024-04-22T08:58:28.143+0000][gc,task     ] GC(150) Using 8 workers of 8 for evacuation
[2024-04-22T08:58:28.145+0000][gc,phases   ] GC(150)   Pre Evacuate Collection Set: 0.1ms
[2024-04-22T08:58:28.145+0000][gc,phases   ] GC(150)   Merge Heap Roots: 0.1ms
[2024-04-22T08:58:28.145+0000][gc,phases   ] GC(150)   Evacuate Collection Set: 1.6ms
[2024-04-22T08:58:28.145+0000][gc,phases   ] GC(150)   Post Evacuate Collection Set: 0.4ms
[2024-04-22T08:58:28.145+0000][gc,phases   ] GC(150)   Other: 0.1ms
[2024-04-22T08:58:28.145+0000][gc,heap     ] GC(150) Eden regions: 612->0(612)
[2024-04-22T08:58:28.145+0000][gc,heap     ] GC(150) Survivor regions: 2->2(77)
[2024-04-22T08:58:28.145+0000][gc,heap     ] GC(150) Old regions: 52->52
[2024-04-22T08:58:28.145+0000][gc,heap     ] GC(150) Archive regions: 2->2
[2024-04-22T08:58:28.145+0000][gc,heap     ] GC(150) Humongous regions: 129->129
[2024-04-22T08:58:28.145+0000][gc,metaspace] GC(150) Metaspace: 43396K(44032K)->43396K(44032K) NonClass: 38343K(38720K)->38343K(38720K) Class: 5053K(5312K)->5053K(5312K)
[2024-04-22T08:58:28.145+0000][gc          ] GC(150) Pause Young (Normal) (G1 Evacuation Pause) 794M->182M(1024M) 2.280ms
[2024-04-22T08:58:28.145+0000][gc,cpu      ] GC(150) User=0.02s Sys=0.00s Real=0.01s
[2024-04-22T08:58:29.273+0000][gc,start    ] GC(151) Pause Young (Normal) (G1 Evacuation Pause)
[2024-04-22T08:58:29.273+0000][gc,task     ] GC(151) Using 8 workers of 8 for evacuation
[2024-04-22T08:58:29.275+0000][gc,phases   ] GC(151)   Pre Evacuate Collection Set: 0.1ms
[2024-04-22T08:58:29.275+0000][gc,phases   ] GC(151)   Merge Heap Roots: 0.1ms
[2024-04-22T08:58:29.275+0000][gc,phases   ] GC(151)   Evacuate Collection Set: 1.7ms
[2024-04-22T08:58:29.275+0000][gc,phases   ] GC(151)   Post Evacuate Collection Set: 0.4ms
[2024-04-22T08:58:29.275+0000][gc,phases   ] GC(151)   Other: 0.1ms
[2024-04-22T08:58:29.275+0000][gc,heap     ] GC(151) Eden regions: 612->0(612)
[2024-04-22T08:58:29.275+0000][gc,heap     ] GC(151) Survivor regions: 2->2(77)
[2024-04-22T08:58:29.275+0000][gc,heap     ] GC(151) Old regions: 52->52
[2024-04-22T08:58:29.275+0000][gc,heap     ] GC(151) Archive regions: 2->2
[2024-04-22T08:58:29.275+0000][gc,heap     ] GC(151) Humongous regions: 129->129
[2024-04-22T08:58:29.275+0000][gc,metaspace] GC(151) Metaspace: 43396K(44032K)->43396K(44032K) NonClass: 38343K(38720K)->38343K(38720K) Class: 5053K(5312K)->5053K(5312K)
[2024-04-22T08:58:29.275+0000][gc          ] GC(151) Pause Young (Normal) (G1 Evacuation Pause) 794M->183M(1024M) 2.374ms
[2024-04-22T08:58:29.275+0000][gc,cpu      ] GC(151) User=0.01s Sys=0.00s Real=0.00s
[2024-04-22T08:58:30.392+0000][gc,start    ] GC(152) Pause Young (Normal) (G1 Evacuation Pause)
[2024-04-22T08:58:30.392+0000][gc,task     ] GC(152) Using 8 workers of 8 for evacuation
[2024-04-22T08:58:30.394+0000][gc,phases   ] GC(152)   Pre Evacuate Collection Set: 0.1ms
[2024-04-22T08:58:30.394+0000][gc,phases   ] GC(152)   Merge Heap Roots: 0.1ms
[2024-04-22T08:58:30.394+0000][gc,phases   ] GC(152)   Evacuate Collection Set: 1.6ms
[2024-04-22T08:58:30.394+0000][gc,phases   ] GC(152)   Post Evacuate Collection Set: 0.4ms
[2024-04-22T08:58:30.394+0000][gc,phases   ] GC(152)   Other: 0.1ms
[2024-04-22T08:58:30.394+0000][gc,heap     ] GC(152) Eden regions: 612->0(612)
[2024-04-22T08:58:30.394+0000][gc,heap     ] GC(152) Survivor regions: 2->2(77)
[2024-04-22T08:58:30.394+0000][gc,heap     ] GC(152) Old regions: 52->52
[2024-04-22T08:58:30.394+0000][gc,heap     ] GC(152) Archive regions: 2->2
[2024-04-22T08:58:30.394+0000][gc,heap     ] GC(152) Humongous regions: 129->129
[2024-04-22T08:58:30.395+0000][gc,metaspace] GC(152) Metaspace: 43399K(44032K)->43399K(44032K) NonClass: 38346K(38720K)->38346K(38720K) Class: 5053K(5312K)->5053K(5312K)
[2024-04-22T08:58:30.395+0000][gc          ] GC(152) Pause Young (Normal) (G1 Evacuation Pause) 795M->183M(1024M) 2.359ms
[2024-04-22T08:58:30.395+0000][gc,cpu      ] GC(152) User=0.01s Sys=0.01s Real=0.00s
[2024-04-22T08:58:31.527+0000][gc,start    ] GC(153) Pause Young (Normal) (G1 Evacuation Pause)
[2024-04-22T08:58:31.527+0000][gc,task     ] GC(153) Using 8 workers of 8 for evacuation
[2024-04-22T08:58:31.529+0000][gc,phases   ] GC(153)   Pre Evacuate Collection Set: 0.1ms
[2024-04-22T08:58:31.529+0000][gc,phases   ] GC(153)   Merge Heap Roots: 0.1ms
[2024-04-22T08:58:31.529+0000][gc,phases   ] GC(153)   Evacuate Collection Set: 1.5ms
[2024-04-22T08:58:31.529+0000][gc,phases   ] GC(153)   Post Evacuate Collection Set: 0.4ms
[2024-04-22T08:58:31.529+0000][gc,phases   ] GC(153)   Other: 0.1ms
[2024-04-22T08:58:31.529+0000][gc,heap     ] GC(153) Eden regions: 612->0(612)
[2024-04-22T08:58:31.529+0000][gc,heap     ] GC(153) Survivor regions: 2->2(77)
[2024-04-22T08:58:31.529+0000][gc,heap     ] GC(153) Old regions: 52->52
[2024-04-22T08:58:31.529+0000][gc,heap     ] GC(153) Archive regions: 2->2
[2024-04-22T08:58:31.529+0000][gc,heap     ] GC(153) Humongous regions: 129->129
[2024-04-22T08:58:31.529+0000][gc,metaspace] GC(153) Metaspace: 43399K(44032K)->43399K(44032K) NonClass: 38346K(38720K)->38346K(38720K) Class: 5053K(5312K)->5053K(5312K)
[2024-04-22T08:58:31.530+0000][gc          ] GC(153) Pause Young (Normal) (G1 Evacuation Pause) 795M->183M(1024M) 2.229ms
[2024-04-22T08:58:31.530+0000][gc,cpu      ] GC(153) User=0.01s Sys=0.00s Real=0.00s
[2024-04-22T08:58:32.675+0000][gc,start    ] GC(154) Pause Young (Normal) (G1 Evacuation Pause)
[2024-04-22T08:58:32.675+0000][gc,task     ] GC(154) Using 8 workers of 8 for evacuation
[2024-04-22T08:58:32.678+0000][gc,phases   ] GC(154)   Pre Evacuate Collection Set: 0.1ms
[2024-04-22T08:58:32.678+0000][gc,phases   ] GC(154)   Merge Heap Roots: 0.1ms
[2024-04-22T08:58:32.678+0000][gc,phases   ] GC(154)   Evacuate Collection Set: 1.6ms
[2024-04-22T08:58:32.678+0000][gc,phases   ] GC(154)   Post Evacuate Collection Set: 0.4ms
[2024-04-22T08:58:32.678+0000][gc,phases   ] GC(154)   Other: 0.1ms
[2024-04-22T08:58:32.678+0000][gc,heap     ] GC(154) Eden regions: 612->0(612)
[2024-04-22T08:58:32.678+0000][gc,heap     ] GC(154) Survivor regions: 2->2(77)
[2024-04-22T08:58:32.678+0000][gc,heap     ] GC(154) Old regions: 52->53
[2024-04-22T08:58:32.678+0000][gc,heap     ] GC(154) Archive regions: 2->2
[2024-04-22T08:58:32.678+0000][gc,heap     ] GC(154) Humongous regions: 129->129
[2024-04-22T08:58:32.678+0000][gc,metaspace] GC(154) Metaspace: 43399K(44032K)->43399K(44032K) NonClass: 38346K(38720K)->38346K(38720K) Class: 5053K(5312K)->5053K(5312K)
[2024-04-22T08:58:32.678+0000][gc          ] GC(154) Pause Young (Normal) (G1 Evacuation Pause) 795M->183M(1024M) 2.352ms
[2024-04-22T08:58:32.678+0000][gc,cpu      ] GC(154) User=0.01s Sys=0.00s Real=0.00s
[2024-04-22T08:58:33.907+0000][gc,start    ] GC(155) Pause Young (Normal) (G1 Evacuation Pause)
[2024-04-22T08:58:33.907+0000][gc,task     ] GC(155) Using 8 workers of 8 for evacuation
[2024-04-22T08:58:33.910+0000][gc,phases   ] GC(155)   Pre Evacuate Collection Set: 0.1ms
[2024-04-22T08:58:33.910+0000][gc,phases   ] GC(155)   Merge Heap Roots: 0.1ms
[2024-04-22T08:58:33.910+0000][gc,phases   ] GC(155)   Evacuate Collection Set: 1.7ms
[2024-04-22T08:58:33.910+0000][gc,phases   ] GC(155)   Post Evacuate Collection Set: 0.4ms
[2024-04-22T08:58:33.910+0000][gc,phases   ] GC(155)   Other: 0.1ms
[2024-04-22T08:58:33.910+0000][gc,heap     ] GC(155) Eden regions: 612->0(612)
[2024-04-22T08:58:33.910+0000][gc,heap     ] GC(155) Survivor regions: 2->2(77)
[2024-04-22T08:58:33.910+0000][gc,heap     ] GC(155) Old regions: 53->53
[2024-04-22T08:58:33.910+0000][gc,heap     ] GC(155) Archive regions: 2->2
[2024-04-22T08:58:33.910+0000][gc,heap     ] GC(155) Humongous regions: 129->129
[2024-04-22T08:58:33.910+0000][gc,metaspace] GC(155) Metaspace: 43399K(44032K)->43399K(44032K) NonClass: 38346K(38720K)->38346K(38720K) Class: 5053K(5312K)->5053K(5312K)
[2024-04-22T08:58:33.910+0000][gc          ] GC(155) Pause Young (Normal) (G1 Evacuation Pause) 795M->183M(1024M) 2.480ms
[2024-04-22T08:58:33.910+0000][gc,cpu      ] GC(155) User=0.01s Sys=0.00s Real=0.00s
[2024-04-22T08:58:35.103+0000][gc,start    ] GC(156) Pause Young (Normal) (G1 Evacuation Pause)
[2024-04-22T08:58:35.103+0000][gc,task     ] GC(156) Using 8 workers of 8 for evacuation
[2024-04-22T08:58:35.105+0000][gc,phases   ] GC(156)   Pre Evacuate Collection Set: 0.1ms
[2024-04-22T08:58:35.105+0000][gc,phases   ] GC(156)   Merge Heap Roots: 0.1ms
[2024-04-22T08:58:35.105+0000][gc,phases   ] GC(156)   Evacuate Collection Set: 1.6ms
[2024-04-22T08:58:35.105+0000][gc,phases   ] GC(156)   Post Evacuate Collection Set: 0.4ms
[2024-04-22T08:58:35.105+0000][gc,phases   ] GC(156)   Other: 0.1ms
[2024-04-22T08:58:35.105+0000][gc,heap     ] GC(156) Eden regions: 612->0(612)
[2024-04-22T08:58:35.105+0000][gc,heap     ] GC(156) Survivor regions: 2->2(77)
[2024-04-22T08:58:35.105+0000][gc,heap     ] GC(156) Old regions: 53->53
[2024-04-22T08:58:35.105+0000][gc,heap     ] GC(156) Archive regions: 2->2
[2024-04-22T08:58:35.105+0000][gc,heap     ] GC(156) Humongous regions: 129->129
[2024-04-22T08:58:35.105+0000][gc,metaspace] GC(156) Metaspace: 43399K(44032K)->43399K(44032K) NonClass: 38346K(38720K)->38346K(38720K) Class: 5053K(5312K)->5053K(5312K)
[2024-04-22T08:58:35.105+0000][gc          ] GC(156) Pause Young (Normal) (G1 Evacuation Pause) 795M->183M(1024M) 2.293ms
[2024-04-22T08:58:35.105+0000][gc,cpu      ] GC(156) User=0.02s Sys=0.00s Real=0.01s
[2024-04-22T08:58:36.200+0000][gc,start    ] GC(157) Pause Young (Normal) (G1 Evacuation Pause)
[2024-04-22T08:58:36.200+0000][gc,task     ] GC(157) Using 8 workers of 8 for evacuation
[2024-04-22T08:58:36.202+0000][gc,phases   ] GC(157)   Pre Evacuate Collection Set: 0.1ms
[2024-04-22T08:58:36.202+0000][gc,phases   ] GC(157)   Merge Heap Roots: 0.1ms
[2024-04-22T08:58:36.202+0000][gc,phases   ] GC(157)   Evacuate Collection Set: 1.5ms
[2024-04-22T08:58:36.202+0000][gc,phases   ] GC(157)   Post Evacuate Collection Set: 0.5ms
[2024-04-22T08:58:36.202+0000][gc,phases   ] GC(157)   Other: 0.1ms
[2024-04-22T08:58:36.202+0000][gc,heap     ] GC(157) Eden regions: 612->0(612)
[2024-04-22T08:58:36.202+0000][gc,heap     ] GC(157) Survivor regions: 2->2(77)
[2024-04-22T08:58:36.202+0000][gc,heap     ] GC(157) Old regions: 53->53
[2024-04-22T08:58:36.202+0000][gc,heap     ] GC(157) Archive regions: 2->2
[2024-04-22T08:58:36.202+0000][gc,heap     ] GC(157) Humongous regions: 129->129
[2024-04-22T08:58:36.202+0000][gc,metaspace] GC(157) Metaspace: 43399K(44032K)->43399K(44032K) NonClass: 38346K(38720K)->38346K(38720K) Class: 5053K(5312K)->5053K(5312K)
[2024-04-22T08:58:36.202+0000][gc          ] GC(157) Pause Young (Normal) (G1 Evacuation Pause) 795M->183M(1024M) 2.337ms
[2024-04-22T08:58:36.202+0000][gc,cpu      ] GC(157) User=0.01s Sys=0.00s Real=0.00s
[2024-04-22T08:58:37.338+0000][gc,start    ] GC(158) Pause Young (Normal) (G1 Evacuation Pause)
[2024-04-22T08:58:37.338+0000][gc,task     ] GC(158) Using 8 workers of 8 for evacuation
[2024-04-22T08:58:37.340+0000][gc,phases   ] GC(158)   Pre Evacuate Collection Set: 0.1ms
[2024-04-22T08:58:37.340+0000][gc,phases   ] GC(158)   Merge Heap Roots: 0.1ms
[2024-04-22T08:58:37.340+0000][gc,phases   ] GC(158)   Evacuate Collection Set: 1.4ms
[2024-04-22T08:58:37.340+0000][gc,phases   ] GC(158)   Post Evacuate Collection Set: 0.4ms
[2024-04-22T08:58:37.340+0000][gc,phases   ] GC(158)   Other: 0.1ms
[2024-04-22T08:58:37.340+0000][gc,heap     ] GC(158) Eden regions: 612->0(612)
[2024-04-22T08:58:37.340+0000][gc,heap     ] GC(158) Survivor regions: 2->2(77)
[2024-04-22T08:58:37.340+0000][gc,heap     ] GC(158) Old regions: 53->53
[2024-04-22T08:58:37.340+0000][gc,heap     ] GC(158) Archive regions: 2->2
[2024-04-22T08:58:37.340+0000][gc,heap     ] GC(158) Humongous regions: 129->129
[2024-04-22T08:58:37.340+0000][gc,metaspace] GC(158) Metaspace: 43399K(44032K)->43399K(44032K) NonClass: 38346K(38720K)->38346K(38720K) Class: 5053K(5312K)->5053K(5312K)
[2024-04-22T08:58:37.340+0000][gc          ] GC(158) Pause Young (Normal) (G1 Evacuation Pause) 795M->183M(1024M) 2.177ms
[2024-04-22T08:58:37.340+0000][gc,cpu      ] GC(158) User=0.01s Sys=0.00s Real=0.00s
[2024-04-22T08:58:38.456+0000][gc,start    ] GC(159) Pause Young (Normal) (G1 Evacuation Pause)
[2024-04-22T08:58:38.456+0000][gc,task     ] GC(159) Using 8 workers of 8 for evacuation
[2024-04-22T08:58:38.458+0000][gc,phases   ] GC(159)   Pre Evacuate Collection Set: 0.1ms
[2024-04-22T08:58:38.458+0000][gc,phases   ] GC(159)   Merge Heap Roots: 0.1ms
[2024-04-22T08:58:38.458+0000][gc,phases   ] GC(159)   Evacuate Collection Set: 1.5ms
[2024-04-22T08:58:38.458+0000][gc,phases   ] GC(159)   Post Evacuate Collection Set: 0.4ms
[2024-04-22T08:58:38.458+0000][gc,phases   ] GC(159)   Other: 0.1ms
[2024-04-22T08:58:38.458+0000][gc,heap     ] GC(159) Eden regions: 612->0(612)
[2024-04-22T08:58:38.458+0000][gc,heap     ] GC(159) Survivor regions: 2->2(77)
[2024-04-22T08:58:38.458+0000][gc,heap     ] GC(159) Old regions: 53->53
[2024-04-22T08:58:38.458+0000][gc,heap     ] GC(159) Archive regions: 2->2
[2024-04-22T08:58:38.458+0000][gc,heap     ] GC(159) Humongous regions: 129->129
[2024-04-22T08:58:38.458+0000][gc,metaspace] GC(159) Metaspace: 43399K(44032K)->43399K(44032K) NonClass: 38346K(38720K)->38346K(38720K) Class: 5053K(5312K)->5053K(5312K)
[2024-04-22T08:58:38.458+0000][gc          ] GC(159) Pause Young (Normal) (G1 Evacuation Pause) 795M->183M(1024M) 2.221ms
[2024-04-22T08:58:38.458+0000][gc,cpu      ] GC(159) User=0.01s Sys=0.00s Real=0.00s
[2024-04-22T08:58:39.558+0000][gc,start    ] GC(160) Pause Young (Normal) (G1 Evacuation Pause)
[2024-04-22T08:58:39.558+0000][gc,task     ] GC(160) Using 8 workers of 8 for evacuation
[2024-04-22T08:58:39.560+0000][gc,phases   ] GC(160)   Pre Evacuate Collection Set: 0.1ms
[2024-04-22T08:58:39.560+0000][gc,phases   ] GC(160)   Merge Heap Roots: 0.1ms
[2024-04-22T08:58:39.560+0000][gc,phases   ] GC(160)   Evacuate Collection Set: 1.6ms
[2024-04-22T08:58:39.560+0000][gc,phases   ] GC(160)   Post Evacuate Collection Set: 0.5ms
[2024-04-22T08:58:39.560+0000][gc,phases   ] GC(160)   Other: 0.1ms
[2024-04-22T08:58:39.560+0000][gc,heap     ] GC(160) Eden regions: 612->0(612)
[2024-04-22T08:58:39.560+0000][gc,heap     ] GC(160) Survivor regions: 2->2(77)
[2024-04-22T08:58:39.560+0000][gc,heap     ] GC(160) Old regions: 53->53
[2024-04-22T08:58:39.560+0000][gc,heap     ] GC(160) Archive regions: 2->2
[2024-04-22T08:58:39.560+0000][gc,heap     ] GC(160) Humongous regions: 129->129
[2024-04-22T08:58:39.560+0000][gc,metaspace] GC(160) Metaspace: 43413K(44032K)->43413K(44032K) NonClass: 38360K(38720K)->38360K(38720K) Class: 5053K(5312K)->5053K(5312K)
[2024-04-22T08:58:39.560+0000][gc          ] GC(160) Pause Young (Normal) (G1 Evacuation Pause) 795M->183M(1024M) 2.470ms
[2024-04-22T08:58:39.560+0000][gc,cpu      ] GC(160) User=0.01s Sys=0.01s Real=0.00s
[2024-04-22T09:00:42.071+0000][gc,heap,exit] Heap
[2024-04-22T09:00:42.071+0000][gc,heap,exit]  garbage-first heap   total 1048576K, used 247777K [0x00000000c0000000, 0x0000000100000000)
[2024-04-22T09:00:42.071+0000][gc,heap,exit]   region size 1024K, 61 young (62464K), 2 survivors (2048K)
[2024-04-22T09:00:42.071+0000][gc,heap,exit]  Metaspace       used 44265K, committed 44928K, reserved 1114112K
[2024-04-22T09:00:42.071+0000][gc,heap,exit]   class space    used 5230K, committed 5504K, reserved 1048576K
