[2024-04-24T11:57:29.803+0000][gc] Using G1
[2024-04-24T11:57:29.809+0000][gc,init] Version: 17.0.10+7-Ubuntu-120.04.1 (release)
[2024-04-24T11:57:29.809+0000][gc,init] CPUs: 8 total, 8 available
[2024-04-24T11:57:29.809+0000][gc,init] Memory: 32059M
[2024-04-24T11:57:29.809+0000][gc,init] Large Page Support: Disabled
[2024-04-24T11:57:29.809+0000][gc,init] NUMA Support: Disabled
[2024-04-24T11:57:29.809+0000][gc,init] Compressed Oops: Enabled (32-bit)
[2024-04-24T11:57:29.809+0000][gc,init] Heap Region Size: 1M
[2024-04-24T11:57:29.809+0000][gc,init] Heap Min Capacity: 1G
[2024-04-24T11:57:29.809+0000][gc,init] Heap Initial Capacity: 1G
[2024-04-24T11:57:29.809+0000][gc,init] Heap Max Capacity: 1G
[2024-04-24T11:57:29.809+0000][gc,init] Pre-touch: Disabled
[2024-04-24T11:57:29.809+0000][gc,init] Parallel Workers: 8
[2024-04-24T11:57:29.809+0000][gc,init] Concurrent Workers: 2
[2024-04-24T11:57:29.809+0000][gc,init] Concurrent Refinement Workers: 8
[2024-04-24T11:57:29.809+0000][gc,init] Periodic GC: Disabled
[2024-04-24T11:57:29.816+0000][gc,metaspace] CDS archive(s) mapped at: [0x00007f3737000000-0x00007f3737bc7000-0x00007f3737bc7000), size 12349440, SharedBaseAddress: 0x00007f3737000000, ArchiveRelocationMode: 1.
[2024-04-24T11:57:29.816+0000][gc,metaspace] Compressed class space mapped at: 0x00007f3738000000-0x00007f3778000000, reserved size: 1073741824
[2024-04-24T11:57:29.816+0000][gc,metaspace] Narrow klass base: 0x00007f3737000000, Narrow klass shift: 0, Narrow klass range: 0x100000000
[2024-04-24T11:57:30.693+0000][gc,start    ] GC(0) Pause Young (Normal) (G1 Evacuation Pause)
[2024-04-24T11:57:30.694+0000][gc,task     ] GC(0) Using 8 workers of 8 for evacuation
[2024-04-24T11:57:30.698+0000][gc,phases   ] GC(0)   Pre Evacuate Collection Set: 0.1ms
[2024-04-24T11:57:30.698+0000][gc,phases   ] GC(0)   Merge Heap Roots: 0.0ms
[2024-04-24T11:57:30.698+0000][gc,phases   ] GC(0)   Evacuate Collection Set: 3.1ms
[2024-04-24T11:57:30.698+0000][gc,phases   ] GC(0)   Post Evacuate Collection Set: 0.4ms
[2024-04-24T11:57:30.698+0000][gc,phases   ] GC(0)   Other: 0.8ms
[2024-04-24T11:57:30.698+0000][gc,heap     ] GC(0) Eden regions: 51->0(44)
[2024-04-24T11:57:30.698+0000][gc,heap     ] GC(0) Survivor regions: 0->7(7)
[2024-04-24T11:57:30.698+0000][gc,heap     ] GC(0) Old regions: 0->6
[2024-04-24T11:57:30.698+0000][gc,heap     ] GC(0) Archive regions: 2->2
[2024-04-24T11:57:30.698+0000][gc,heap     ] GC(0) Humongous regions: 0->0
[2024-04-24T11:57:30.698+0000][gc,metaspace] GC(0) Metaspace: 15683K(15936K)->15683K(15936K) NonClass: 13783K(13888K)->13783K(13888K) Class: 1900K(2048K)->1900K(2048K)
[2024-04-24T11:57:30.698+0000][gc          ] GC(0) Pause Young (Normal) (G1 Evacuation Pause) 51M->13M(1024M) 4.445ms
[2024-04-24T11:57:30.698+0000][gc,cpu      ] GC(0) User=0.01s Sys=0.01s Real=0.00s
[2024-04-24T11:57:30.900+0000][gc,start    ] GC(1) Pause Young (Concurrent Start) (Metadata GC Threshold)
[2024-04-24T11:57:30.900+0000][gc,task     ] GC(1) Using 8 workers of 8 for evacuation
[2024-04-24T11:57:30.904+0000][gc,phases   ] GC(1)   Pre Evacuate Collection Set: 0.1ms
[2024-04-24T11:57:30.904+0000][gc,phases   ] GC(1)   Merge Heap Roots: 0.0ms
[2024-04-24T11:57:30.904+0000][gc,phases   ] GC(1)   Evacuate Collection Set: 2.9ms
[2024-04-24T11:57:30.904+0000][gc,phases   ] GC(1)   Post Evacuate Collection Set: 0.3ms
[2024-04-24T11:57:30.904+0000][gc,phases   ] GC(1)   Other: 0.2ms
[2024-04-24T11:57:30.904+0000][gc,heap     ] GC(1) Eden regions: 21->0(49)
[2024-04-24T11:57:30.904+0000][gc,heap     ] GC(1) Survivor regions: 7->2(7)
[2024-04-24T11:57:30.904+0000][gc,heap     ] GC(1) Old regions: 6->13
[2024-04-24T11:57:30.904+0000][gc,heap     ] GC(1) Archive regions: 2->2
[2024-04-24T11:57:30.904+0000][gc,heap     ] GC(1) Humongous regions: 0->0
[2024-04-24T11:57:30.904+0000][gc,metaspace] GC(1) Metaspace: 21269K(21504K)->21269K(21504K) NonClass: 18704K(18816K)->18704K(18816K) Class: 2564K(2688K)->2564K(2688K)
[2024-04-24T11:57:30.904+0000][gc          ] GC(1) Pause Young (Concurrent Start) (Metadata GC Threshold) 34M->15M(1024M) 3.683ms
[2024-04-24T11:57:30.904+0000][gc,cpu      ] GC(1) User=0.02s Sys=0.00s Real=0.00s
[2024-04-24T11:57:30.904+0000][gc          ] GC(2) Concurrent Mark Cycle
[2024-04-24T11:57:30.904+0000][gc,marking  ] GC(2) Concurrent Clear Claimed Marks
[2024-04-24T11:57:30.904+0000][gc,marking  ] GC(2) Concurrent Clear Claimed Marks 0.017ms
[2024-04-24T11:57:30.904+0000][gc,marking  ] GC(2) Concurrent Scan Root Regions
[2024-04-24T11:57:30.906+0000][gc,marking  ] GC(2) Concurrent Scan Root Regions 2.128ms
[2024-04-24T11:57:30.906+0000][gc,marking  ] GC(2) Concurrent Mark
[2024-04-24T11:57:30.906+0000][gc,marking  ] GC(2) Concurrent Mark From Roots
[2024-04-24T11:57:30.906+0000][gc,task     ] GC(2) Using 2 workers of 2 for marking
[2024-04-24T11:57:30.909+0000][gc,marking  ] GC(2) Concurrent Mark From Roots 2.683ms
[2024-04-24T11:57:30.909+0000][gc,marking  ] GC(2) Concurrent Preclean
[2024-04-24T11:57:30.909+0000][gc,marking  ] GC(2) Concurrent Preclean 0.073ms
[2024-04-24T11:57:30.909+0000][gc,start    ] GC(2) Pause Remark
[2024-04-24T11:57:30.910+0000][gc          ] GC(2) Pause Remark 15M->15M(1024M) 1.495ms
[2024-04-24T11:57:30.910+0000][gc,cpu      ] GC(2) User=0.01s Sys=0.00s Real=0.00s
[2024-04-24T11:57:30.911+0000][gc,marking  ] GC(2) Concurrent Mark 4.455ms
[2024-04-24T11:57:30.911+0000][gc,marking  ] GC(2) Concurrent Rebuild Remembered Sets
[2024-04-24T11:57:30.912+0000][gc,marking  ] GC(2) Concurrent Rebuild Remembered Sets 1.831ms
[2024-04-24T11:57:30.912+0000][gc,start    ] GC(2) Pause Cleanup
[2024-04-24T11:57:30.913+0000][gc          ] GC(2) Pause Cleanup 15M->15M(1024M) 0.111ms
[2024-04-24T11:57:30.913+0000][gc,cpu      ] GC(2) User=0.00s Sys=0.00s Real=0.00s
[2024-04-24T11:57:30.913+0000][gc,marking  ] GC(2) Concurrent Cleanup for Next Mark
[2024-04-24T11:57:30.916+0000][gc,marking  ] GC(2) Concurrent Cleanup for Next Mark 2.951ms
[2024-04-24T11:57:30.916+0000][gc          ] GC(2) Concurrent Mark Cycle 11.822ms
[2024-04-24T11:57:31.437+0000][gc,start    ] GC(3) Pause Young (Prepare Mixed) (G1 Evacuation Pause)
[2024-04-24T11:57:31.437+0000][gc,task     ] GC(3) Using 8 workers of 8 for evacuation
[2024-04-24T11:57:31.440+0000][gc,phases   ] GC(3)   Pre Evacuate Collection Set: 0.1ms
[2024-04-24T11:57:31.440+0000][gc,phases   ] GC(3)   Merge Heap Roots: 0.1ms
[2024-04-24T11:57:31.440+0000][gc,phases   ] GC(3)   Evacuate Collection Set: 2.5ms
[2024-04-24T11:57:31.440+0000][gc,phases   ] GC(3)   Post Evacuate Collection Set: 0.4ms
[2024-04-24T11:57:31.440+0000][gc,phases   ] GC(3)   Other: 0.1ms
[2024-04-24T11:57:31.440+0000][gc,heap     ] GC(3) Eden regions: 49->0(45)
[2024-04-24T11:57:31.440+0000][gc,heap     ] GC(3) Survivor regions: 2->6(7)
[2024-04-24T11:57:31.440+0000][gc,heap     ] GC(3) Old regions: 13->13
[2024-04-24T11:57:31.440+0000][gc,heap     ] GC(3) Archive regions: 2->2
[2024-04-24T11:57:31.440+0000][gc,heap     ] GC(3) Humongous regions: 129->129
[2024-04-24T11:57:31.440+0000][gc,metaspace] GC(3) Metaspace: 29829K(30080K)->29829K(30080K) NonClass: 26437K(26560K)->26437K(26560K) Class: 3392K(3520K)->3392K(3520K)
[2024-04-24T11:57:31.440+0000][gc          ] GC(3) Pause Young (Prepare Mixed) (G1 Evacuation Pause) 192M->148M(1024M) 3.271ms
[2024-04-24T11:57:31.440+0000][gc,cpu      ] GC(3) User=0.02s Sys=0.00s Real=0.00s
[2024-04-24T11:57:31.688+0000][gc,start    ] GC(4) Pause Young (Mixed) (Metadata GC Threshold)
[2024-04-24T11:57:31.688+0000][gc,task     ] GC(4) Using 8 workers of 8 for evacuation
[2024-04-24T11:57:31.692+0000][gc,phases   ] GC(4)   Pre Evacuate Collection Set: 0.1ms
[2024-04-24T11:57:31.692+0000][gc,phases   ] GC(4)   Merge Heap Roots: 0.0ms
[2024-04-24T11:57:31.692+0000][gc,phases   ] GC(4)   Evacuate Collection Set: 4.1ms
[2024-04-24T11:57:31.692+0000][gc,phases   ] GC(4)   Post Evacuate Collection Set: 0.4ms
[2024-04-24T11:57:31.692+0000][gc,phases   ] GC(4)   Other: 0.1ms
[2024-04-24T11:57:31.692+0000][gc,heap     ] GC(4) Eden regions: 28->0(48)
[2024-04-24T11:57:31.692+0000][gc,heap     ] GC(4) Survivor regions: 6->3(7)
[2024-04-24T11:57:31.692+0000][gc,heap     ] GC(4) Old regions: 13->18
[2024-04-24T11:57:31.692+0000][gc,heap     ] GC(4) Archive regions: 2->2
[2024-04-24T11:57:31.692+0000][gc,heap     ] GC(4) Humongous regions: 129->129
[2024-04-24T11:57:31.692+0000][gc,metaspace] GC(4) Metaspace: 35813K(36096K)->35813K(36096K) NonClass: 31807K(31936K)->31807K(31936K) Class: 4005K(4160K)->4005K(4160K)
[2024-04-24T11:57:31.692+0000][gc          ] GC(4) Pause Young (Mixed) (Metadata GC Threshold) 175M->149M(1024M) 4.864ms
[2024-04-24T11:57:31.692+0000][gc,cpu      ] GC(4) User=0.04s Sys=0.00s Real=0.01s
[2024-04-24T11:57:31.713+0000][gc,start    ] GC(5) Pause Young (Concurrent Start) (Metadata GC Threshold)
[2024-04-24T11:57:31.713+0000][gc,task     ] GC(5) Using 8 workers of 8 for evacuation
[2024-04-24T11:57:31.715+0000][gc,phases   ] GC(5)   Pre Evacuate Collection Set: 0.1ms
[2024-04-24T11:57:31.715+0000][gc,phases   ] GC(5)   Merge Heap Roots: 0.0ms
[2024-04-24T11:57:31.715+0000][gc,phases   ] GC(5)   Evacuate Collection Set: 1.3ms
[2024-04-24T11:57:31.715+0000][gc,phases   ] GC(5)   Post Evacuate Collection Set: 0.2ms
[2024-04-24T11:57:31.715+0000][gc,phases   ] GC(5)   Other: 0.1ms
[2024-04-24T11:57:31.715+0000][gc,heap     ] GC(5) Eden regions: 3->0(48)
[2024-04-24T11:57:31.715+0000][gc,heap     ] GC(5) Survivor regions: 3->3(7)
[2024-04-24T11:57:31.715+0000][gc,heap     ] GC(5) Old regions: 18->18
[2024-04-24T11:57:31.715+0000][gc,heap     ] GC(5) Archive regions: 2->2
[2024-04-24T11:57:31.715+0000][gc,heap     ] GC(5) Humongous regions: 129->129
[2024-04-24T11:57:31.715+0000][gc,metaspace] GC(5) Metaspace: 36148K(36416K)->36148K(36416K) NonClass: 32075K(32192K)->32075K(32192K) Class: 4073K(4224K)->4073K(4224K)
[2024-04-24T11:57:31.715+0000][gc          ] GC(5) Pause Young (Concurrent Start) (Metadata GC Threshold) 151M->149M(1024M) 1.843ms
[2024-04-24T11:57:31.715+0000][gc,cpu      ] GC(5) User=0.01s Sys=0.00s Real=0.00s
[2024-04-24T11:57:31.715+0000][gc          ] GC(6) Concurrent Mark Cycle
[2024-04-24T11:57:31.715+0000][gc,marking  ] GC(6) Concurrent Clear Claimed Marks
[2024-04-24T11:57:31.715+0000][gc,marking  ] GC(6) Concurrent Clear Claimed Marks 0.011ms
[2024-04-24T11:57:31.715+0000][gc,marking  ] GC(6) Concurrent Scan Root Regions
[2024-04-24T11:57:31.716+0000][gc,marking  ] GC(6) Concurrent Scan Root Regions 1.254ms
[2024-04-24T11:57:31.716+0000][gc,marking  ] GC(6) Concurrent Mark
[2024-04-24T11:57:31.716+0000][gc,marking  ] GC(6) Concurrent Mark From Roots
[2024-04-24T11:57:31.716+0000][gc,task     ] GC(6) Using 2 workers of 2 for marking
[2024-04-24T11:57:31.729+0000][gc,marking  ] GC(6) Concurrent Mark From Roots 12.942ms
[2024-04-24T11:57:31.729+0000][gc,marking  ] GC(6) Concurrent Preclean
[2024-04-24T11:57:31.730+0000][gc,marking  ] GC(6) Concurrent Preclean 0.273ms
[2024-04-24T11:57:31.730+0000][gc,start    ] GC(6) Pause Remark
[2024-04-24T11:57:31.731+0000][gc          ] GC(6) Pause Remark 151M->151M(1024M) 1.505ms
[2024-04-24T11:57:31.731+0000][gc,cpu      ] GC(6) User=0.01s Sys=0.00s Real=0.00s
[2024-04-24T11:57:31.731+0000][gc,marking  ] GC(6) Concurrent Mark 14.983ms
[2024-04-24T11:57:31.731+0000][gc,marking  ] GC(6) Concurrent Rebuild Remembered Sets
[2024-04-24T11:57:31.736+0000][gc,marking  ] GC(6) Concurrent Rebuild Remembered Sets 4.444ms
[2024-04-24T11:57:31.736+0000][gc,start    ] GC(6) Pause Cleanup
[2024-04-24T11:57:31.736+0000][gc          ] GC(6) Pause Cleanup 151M->151M(1024M) 0.223ms
[2024-04-24T11:57:31.736+0000][gc,cpu      ] GC(6) User=0.00s Sys=0.00s Real=0.00s
[2024-04-24T11:57:31.736+0000][gc,marking  ] GC(6) Concurrent Cleanup for Next Mark
[2024-04-24T11:57:31.739+0000][gc,marking  ] GC(6) Concurrent Cleanup for Next Mark 3.219ms
[2024-04-24T11:57:31.740+0000][gc          ] GC(6) Concurrent Mark Cycle 24.475ms
[2024-04-24T11:58:47.327+0000][gc,start    ] GC(7) Pause Young (Prepare Mixed) (G1 Evacuation Pause)
[2024-04-24T11:58:47.327+0000][gc,task     ] GC(7) Using 8 workers of 8 for evacuation
[2024-04-24T11:58:47.330+0000][gc,phases   ] GC(7)   Pre Evacuate Collection Set: 0.1ms
[2024-04-24T11:58:47.330+0000][gc,phases   ] GC(7)   Merge Heap Roots: 0.1ms
[2024-04-24T11:58:47.330+0000][gc,phases   ] GC(7)   Evacuate Collection Set: 2.6ms
[2024-04-24T11:58:47.330+0000][gc,phases   ] GC(7)   Post Evacuate Collection Set: 0.4ms
[2024-04-24T11:58:47.330+0000][gc,phases   ] GC(7)   Other: 0.1ms
[2024-04-24T11:58:47.330+0000][gc,heap     ] GC(7) Eden regions: 48->0(46)
[2024-04-24T11:58:47.330+0000][gc,heap     ] GC(7) Survivor regions: 3->5(7)
[2024-04-24T11:58:47.330+0000][gc,heap     ] GC(7) Old regions: 18->18
[2024-04-24T11:58:47.330+0000][gc,heap     ] GC(7) Archive regions: 2->2
[2024-04-24T11:58:47.330+0000][gc,heap     ] GC(7) Humongous regions: 159->129
[2024-04-24T11:58:47.330+0000][gc,metaspace] GC(7) Metaspace: 41943K(42496K)->41943K(42496K) NonClass: 36988K(37312K)->36988K(37312K) Class: 4955K(5184K)->4955K(5184K)
[2024-04-24T11:58:47.330+0000][gc          ] GC(7) Pause Young (Prepare Mixed) (G1 Evacuation Pause) 227M->152M(1024M) 3.423ms
[2024-04-24T11:58:47.330+0000][gc,cpu      ] GC(7) User=0.02s Sys=0.00s Real=0.00s
[2024-04-24T11:58:47.899+0000][gc,start    ] GC(8) Pause Young (Mixed) (G1 Evacuation Pause)
[2024-04-24T11:58:47.899+0000][gc,task     ] GC(8) Using 8 workers of 8 for evacuation
[2024-04-24T11:58:47.903+0000][gc,phases   ] GC(8)   Pre Evacuate Collection Set: 0.1ms
[2024-04-24T11:58:47.903+0000][gc,phases   ] GC(8)   Merge Heap Roots: 0.1ms
[2024-04-24T11:58:47.903+0000][gc,phases   ] GC(8)   Evacuate Collection Set: 3.9ms
[2024-04-24T11:58:47.903+0000][gc,phases   ] GC(8)   Post Evacuate Collection Set: 0.3ms
[2024-04-24T11:58:47.903+0000][gc,phases   ] GC(8)   Other: 0.1ms
[2024-04-24T11:58:47.903+0000][gc,heap     ] GC(8) Eden regions: 46->0(47)
[2024-04-24T11:58:47.903+0000][gc,heap     ] GC(8) Survivor regions: 5->4(7)
[2024-04-24T11:58:47.903+0000][gc,heap     ] GC(8) Old regions: 18->20
[2024-04-24T11:58:47.903+0000][gc,heap     ] GC(8) Archive regions: 2->2
[2024-04-24T11:58:47.903+0000][gc,heap     ] GC(8) Humongous regions: 129->129
[2024-04-24T11:58:47.903+0000][gc,metaspace] GC(8) Metaspace: 42263K(42816K)->42263K(42816K) NonClass: 37306K(37632K)->37306K(37632K) Class: 4956K(5184K)->4956K(5184K)
[2024-04-24T11:58:47.903+0000][gc          ] GC(8) Pause Young (Mixed) (G1 Evacuation Pause) 198M->152M(1024M) 4.551ms
[2024-04-24T11:58:47.903+0000][gc,cpu      ] GC(8) User=0.02s Sys=0.00s Real=0.00s
[2024-04-24T11:58:48.377+0000][gc,start    ] GC(9) Pause Young (Normal) (G1 Evacuation Pause)
[2024-04-24T11:58:48.377+0000][gc,task     ] GC(9) Using 8 workers of 8 for evacuation
[2024-04-24T11:58:48.380+0000][gc,phases   ] GC(9)   Pre Evacuate Collection Set: 0.1ms
[2024-04-24T11:58:48.380+0000][gc,phases   ] GC(9)   Merge Heap Roots: 0.0ms
[2024-04-24T11:58:48.380+0000][gc,phases   ] GC(9)   Evacuate Collection Set: 2.9ms
[2024-04-24T11:58:48.380+0000][gc,phases   ] GC(9)   Post Evacuate Collection Set: 0.3ms
[2024-04-24T11:58:48.380+0000][gc,phases   ] GC(9)   Other: 0.1ms
[2024-04-24T11:58:48.380+0000][gc,heap     ] GC(9) Eden regions: 47->0(53)
[2024-04-24T11:58:48.380+0000][gc,heap     ] GC(9) Survivor regions: 4->4(7)
[2024-04-24T11:58:48.380+0000][gc,heap     ] GC(9) Old regions: 20->20
[2024-04-24T11:58:48.380+0000][gc,heap     ] GC(9) Archive regions: 2->2
[2024-04-24T11:58:48.380+0000][gc,heap     ] GC(9) Humongous regions: 129->129
[2024-04-24T11:58:48.380+0000][gc,metaspace] GC(9) Metaspace: 42393K(42944K)->42393K(42944K) NonClass: 37437K(37760K)->37437K(37760K) Class: 4956K(5184K)->4956K(5184K)
[2024-04-24T11:58:48.380+0000][gc          ] GC(9) Pause Young (Normal) (G1 Evacuation Pause) 199M->152M(1024M) 3.512ms
[2024-04-24T11:58:48.380+0000][gc,cpu      ] GC(9) User=0.02s Sys=0.00s Real=0.00s
[2024-04-24T11:58:48.863+0000][gc,start    ] GC(10) Pause Young (Normal) (G1 Evacuation Pause)
[2024-04-24T11:58:48.863+0000][gc,task     ] GC(10) Using 8 workers of 8 for evacuation
[2024-04-24T11:58:48.866+0000][gc,phases   ] GC(10)   Pre Evacuate Collection Set: 0.1ms
[2024-04-24T11:58:48.866+0000][gc,phases   ] GC(10)   Merge Heap Roots: 0.0ms
[2024-04-24T11:58:48.866+0000][gc,phases   ] GC(10)   Evacuate Collection Set: 2.3ms
[2024-04-24T11:58:48.866+0000][gc,phases   ] GC(10)   Post Evacuate Collection Set: 0.3ms
[2024-04-24T11:58:48.866+0000][gc,phases   ] GC(10)   Other: 0.1ms
[2024-04-24T11:58:48.866+0000][gc,heap     ] GC(10) Eden regions: 53->0(168)
[2024-04-24T11:58:48.866+0000][gc,heap     ] GC(10) Survivor regions: 4->5(8)
[2024-04-24T11:58:48.866+0000][gc,heap     ] GC(10) Old regions: 20->20
[2024-04-24T11:58:48.866+0000][gc,heap     ] GC(10) Archive regions: 2->2
[2024-04-24T11:58:48.866+0000][gc,heap     ] GC(10) Humongous regions: 129->129
[2024-04-24T11:58:48.866+0000][gc,metaspace] GC(10) Metaspace: 42411K(43008K)->42411K(43008K) NonClass: 37455K(37824K)->37455K(37824K) Class: 4956K(5184K)->4956K(5184K)
[2024-04-24T11:58:48.866+0000][gc          ] GC(10) Pause Young (Normal) (G1 Evacuation Pause) 205M->153M(1024M) 2.912ms
[2024-04-24T11:58:48.866+0000][gc,cpu      ] GC(10) User=0.02s Sys=0.00s Real=0.01s
[2024-04-24T11:58:50.265+0000][gc,start    ] GC(11) Pause Young (Normal) (G1 Evacuation Pause)
[2024-04-24T11:58:50.265+0000][gc,task     ] GC(11) Using 8 workers of 8 for evacuation
[2024-04-24T11:58:50.270+0000][gc,phases   ] GC(11)   Pre Evacuate Collection Set: 0.1ms
[2024-04-24T11:58:50.270+0000][gc,phases   ] GC(11)   Merge Heap Roots: 0.1ms
[2024-04-24T11:58:50.270+0000][gc,phases   ] GC(11)   Evacuate Collection Set: 3.8ms
[2024-04-24T11:58:50.270+0000][gc,phases   ] GC(11)   Post Evacuate Collection Set: 0.3ms
[2024-04-24T11:58:50.270+0000][gc,phases   ] GC(11)   Other: 0.1ms
[2024-04-24T11:58:50.270+0000][gc,heap     ] GC(11) Eden regions: 168->0(610)
[2024-04-24T11:58:50.270+0000][gc,heap     ] GC(11) Survivor regions: 5->4(22)
[2024-04-24T11:58:50.270+0000][gc,heap     ] GC(11) Old regions: 20->20
[2024-04-24T11:58:50.270+0000][gc,heap     ] GC(11) Archive regions: 2->2
[2024-04-24T11:58:50.270+0000][gc,heap     ] GC(11) Humongous regions: 129->129
[2024-04-24T11:58:50.270+0000][gc,metaspace] GC(11) Metaspace: 42414K(43008K)->42414K(43008K) NonClass: 37457K(37824K)->37457K(37824K) Class: 4956K(5184K)->4956K(5184K)
[2024-04-24T11:58:50.270+0000][gc          ] GC(11) Pause Young (Normal) (G1 Evacuation Pause) 321M->153M(1024M) 4.516ms
[2024-04-24T11:58:50.270+0000][gc,cpu      ] GC(11) User=0.02s Sys=0.00s Real=0.00s
[2024-04-24T11:58:54.252+0000][gc,start    ] GC(12) Pause Young (Normal) (G1 Evacuation Pause)
[2024-04-24T11:58:54.252+0000][gc,task     ] GC(12) Using 8 workers of 8 for evacuation
[2024-04-24T11:58:54.261+0000][gc,phases   ] GC(12)   Pre Evacuate Collection Set: 0.1ms
[2024-04-24T11:58:54.261+0000][gc,phases   ] GC(12)   Merge Heap Roots: 0.1ms
[2024-04-24T11:58:54.261+0000][gc,phases   ] GC(12)   Evacuate Collection Set: 7.6ms
[2024-04-24T11:58:54.261+0000][gc,phases   ] GC(12)   Post Evacuate Collection Set: 0.7ms
[2024-04-24T11:58:54.261+0000][gc,phases   ] GC(12)   Other: 0.2ms
[2024-04-24T11:58:54.261+0000][gc,heap     ] GC(12) Eden regions: 610->0(610)
[2024-04-24T11:58:54.261+0000][gc,heap     ] GC(12) Survivor regions: 4->4(77)
[2024-04-24T11:58:54.261+0000][gc,heap     ] GC(12) Old regions: 20->20
[2024-04-24T11:58:54.261+0000][gc,heap     ] GC(12) Archive regions: 2->2
[2024-04-24T11:58:54.261+0000][gc,heap     ] GC(12) Humongous regions: 129->129
[2024-04-24T11:58:54.261+0000][gc,metaspace] GC(12) Metaspace: 42427K(43008K)->42427K(43008K) NonClass: 37471K(37824K)->37471K(37824K) Class: 4956K(5184K)->4956K(5184K)
[2024-04-24T11:58:54.261+0000][gc          ] GC(12) Pause Young (Normal) (G1 Evacuation Pause) 763M->153M(1024M) 8.841ms
[2024-04-24T11:58:54.261+0000][gc,cpu      ] GC(12) User=0.04s Sys=0.00s Real=0.00s
[2024-04-24T11:58:56.884+0000][gc,start    ] GC(13) Pause Young (Normal) (G1 Evacuation Pause)
[2024-04-24T11:58:56.884+0000][gc,task     ] GC(13) Using 8 workers of 8 for evacuation
[2024-04-24T11:58:56.887+0000][gc,phases   ] GC(13)   Pre Evacuate Collection Set: 0.1ms
[2024-04-24T11:58:56.887+0000][gc,phases   ] GC(13)   Merge Heap Roots: 0.1ms
[2024-04-24T11:58:56.887+0000][gc,phases   ] GC(13)   Evacuate Collection Set: 2.2ms
[2024-04-24T11:58:56.887+0000][gc,phases   ] GC(13)   Post Evacuate Collection Set: 0.5ms
[2024-04-24T11:58:56.887+0000][gc,phases   ] GC(13)   Other: 0.1ms
[2024-04-24T11:58:56.887+0000][gc,heap     ] GC(13) Eden regions: 610->0(609)
[2024-04-24T11:58:56.887+0000][gc,heap     ] GC(13) Survivor regions: 4->5(77)
[2024-04-24T11:58:56.887+0000][gc,heap     ] GC(13) Old regions: 20->20
[2024-04-24T11:58:56.887+0000][gc,heap     ] GC(13) Archive regions: 2->2
[2024-04-24T11:58:56.887+0000][gc,heap     ] GC(13) Humongous regions: 129->129
[2024-04-24T11:58:56.887+0000][gc,metaspace] GC(13) Metaspace: 42427K(43008K)->42427K(43008K) NonClass: 37471K(37824K)->37471K(37824K) Class: 4956K(5184K)->4956K(5184K)
[2024-04-24T11:58:56.887+0000][gc          ] GC(13) Pause Young (Normal) (G1 Evacuation Pause) 763M->153M(1024M) 3.026ms
[2024-04-24T11:58:56.887+0000][gc,cpu      ] GC(13) User=0.01s Sys=0.00s Real=0.01s
[2024-04-24T11:58:59.210+0000][gc,start    ] GC(14) Pause Young (Normal) (G1 Evacuation Pause)
[2024-04-24T11:58:59.210+0000][gc,task     ] GC(14) Using 8 workers of 8 for evacuation
[2024-04-24T11:58:59.213+0000][gc,phases   ] GC(14)   Pre Evacuate Collection Set: 0.1ms
[2024-04-24T11:58:59.213+0000][gc,phases   ] GC(14)   Merge Heap Roots: 0.1ms
[2024-04-24T11:58:59.213+0000][gc,phases   ] GC(14)   Evacuate Collection Set: 2.2ms
[2024-04-24T11:58:59.213+0000][gc,phases   ] GC(14)   Post Evacuate Collection Set: 0.5ms
[2024-04-24T11:58:59.213+0000][gc,phases   ] GC(14)   Other: 0.1ms
[2024-04-24T11:58:59.213+0000][gc,heap     ] GC(14) Eden regions: 609->0(609)
[2024-04-24T11:58:59.213+0000][gc,heap     ] GC(14) Survivor regions: 5->5(77)
[2024-04-24T11:58:59.213+0000][gc,heap     ] GC(14) Old regions: 20->20
[2024-04-24T11:58:59.213+0000][gc,heap     ] GC(14) Archive regions: 2->2
[2024-04-24T11:58:59.213+0000][gc,heap     ] GC(14) Humongous regions: 129->129
[2024-04-24T11:58:59.213+0000][gc,metaspace] GC(14) Metaspace: 42428K(43008K)->42428K(43008K) NonClass: 37471K(37824K)->37471K(37824K) Class: 4956K(5184K)->4956K(5184K)
[2024-04-24T11:58:59.213+0000][gc          ] GC(14) Pause Young (Normal) (G1 Evacuation Pause) 762M->153M(1024M) 3.071ms
[2024-04-24T11:58:59.213+0000][gc,cpu      ] GC(14) User=0.02s Sys=0.00s Real=0.01s
[2024-04-24T11:59:01.581+0000][gc,start    ] GC(15) Pause Young (Normal) (G1 Evacuation Pause)
[2024-04-24T11:59:01.581+0000][gc,task     ] GC(15) Using 8 workers of 8 for evacuation
[2024-04-24T11:59:01.584+0000][gc,phases   ] GC(15)   Pre Evacuate Collection Set: 0.1ms
[2024-04-24T11:59:01.584+0000][gc,phases   ] GC(15)   Merge Heap Roots: 0.1ms
[2024-04-24T11:59:01.584+0000][gc,phases   ] GC(15)   Evacuate Collection Set: 2.0ms
[2024-04-24T11:59:01.584+0000][gc,phases   ] GC(15)   Post Evacuate Collection Set: 0.5ms
[2024-04-24T11:59:01.584+0000][gc,phases   ] GC(15)   Other: 0.1ms
[2024-04-24T11:59:01.584+0000][gc,heap     ] GC(15) Eden regions: 609->0(610)
[2024-04-24T11:59:01.584+0000][gc,heap     ] GC(15) Survivor regions: 5->4(77)
[2024-04-24T11:59:01.584+0000][gc,heap     ] GC(15) Old regions: 20->20
[2024-04-24T11:59:01.584+0000][gc,heap     ] GC(15) Archive regions: 2->2
[2024-04-24T11:59:01.584+0000][gc,heap     ] GC(15) Humongous regions: 129->129
[2024-04-24T11:59:01.584+0000][gc,metaspace] GC(15) Metaspace: 42442K(43008K)->42442K(43008K) NonClass: 37485K(37824K)->37485K(37824K) Class: 4956K(5184K)->4956K(5184K)
[2024-04-24T11:59:01.584+0000][gc          ] GC(15) Pause Young (Normal) (G1 Evacuation Pause) 762M->153M(1024M) 2.848ms
[2024-04-24T11:59:01.584+0000][gc,cpu      ] GC(15) User=0.01s Sys=0.01s Real=0.01s
[2024-04-24T11:59:03.901+0000][gc,start    ] GC(16) Pause Young (Normal) (G1 Evacuation Pause)
[2024-04-24T11:59:03.901+0000][gc,task     ] GC(16) Using 8 workers of 8 for evacuation
[2024-04-24T11:59:03.903+0000][gc,phases   ] GC(16)   Pre Evacuate Collection Set: 0.1ms
[2024-04-24T11:59:03.903+0000][gc,phases   ] GC(16)   Merge Heap Roots: 0.1ms
[2024-04-24T11:59:03.904+0000][gc,phases   ] GC(16)   Evacuate Collection Set: 2.0ms
[2024-04-24T11:59:03.904+0000][gc,phases   ] GC(16)   Post Evacuate Collection Set: 0.5ms
[2024-04-24T11:59:03.904+0000][gc,phases   ] GC(16)   Other: 0.1ms
[2024-04-24T11:59:03.904+0000][gc,heap     ] GC(16) Eden regions: 610->0(610)
[2024-04-24T11:59:03.904+0000][gc,heap     ] GC(16) Survivor regions: 4->4(77)
[2024-04-24T11:59:03.904+0000][gc,heap     ] GC(16) Old regions: 20->20
[2024-04-24T11:59:03.904+0000][gc,heap     ] GC(16) Archive regions: 2->2
[2024-04-24T11:59:03.904+0000][gc,heap     ] GC(16) Humongous regions: 129->129
[2024-04-24T11:59:03.904+0000][gc,metaspace] GC(16) Metaspace: 42443K(43008K)->42443K(43008K) NonClass: 37486K(37824K)->37486K(37824K) Class: 4956K(5184K)->4956K(5184K)
[2024-04-24T11:59:03.904+0000][gc          ] GC(16) Pause Young (Normal) (G1 Evacuation Pause) 763M->153M(1024M) 2.826ms
[2024-04-24T11:59:03.904+0000][gc,cpu      ] GC(16) User=0.01s Sys=0.00s Real=0.00s
[2024-04-24T11:59:06.246+0000][gc,start    ] GC(17) Pause Young (Normal) (G1 Evacuation Pause)
[2024-04-24T11:59:06.246+0000][gc,task     ] GC(17) Using 8 workers of 8 for evacuation
[2024-04-24T11:59:06.249+0000][gc,phases   ] GC(17)   Pre Evacuate Collection Set: 0.1ms
[2024-04-24T11:59:06.249+0000][gc,phases   ] GC(17)   Merge Heap Roots: 0.1ms
[2024-04-24T11:59:06.249+0000][gc,phases   ] GC(17)   Evacuate Collection Set: 2.0ms
[2024-04-24T11:59:06.249+0000][gc,phases   ] GC(17)   Post Evacuate Collection Set: 0.5ms
[2024-04-24T11:59:06.249+0000][gc,phases   ] GC(17)   Other: 0.1ms
[2024-04-24T11:59:06.249+0000][gc,heap     ] GC(17) Eden regions: 610->0(609)
[2024-04-24T11:59:06.249+0000][gc,heap     ] GC(17) Survivor regions: 4->5(77)
[2024-04-24T11:59:06.249+0000][gc,heap     ] GC(17) Old regions: 20->20
[2024-04-24T11:59:06.249+0000][gc,heap     ] GC(17) Archive regions: 2->2
[2024-04-24T11:59:06.249+0000][gc,heap     ] GC(17) Humongous regions: 129->129
[2024-04-24T11:59:06.249+0000][gc,metaspace] GC(17) Metaspace: 42443K(43008K)->42443K(43008K) NonClass: 37486K(37824K)->37486K(37824K) Class: 4956K(5184K)->4956K(5184K)
[2024-04-24T11:59:06.249+0000][gc          ] GC(17) Pause Young (Normal) (G1 Evacuation Pause) 763M->153M(1024M) 2.856ms
[2024-04-24T11:59:06.249+0000][gc,cpu      ] GC(17) User=0.02s Sys=0.00s Real=0.00s
[2024-04-24T11:59:08.606+0000][gc,start    ] GC(18) Pause Young (Normal) (G1 Evacuation Pause)
[2024-04-24T11:59:08.606+0000][gc,task     ] GC(18) Using 8 workers of 8 for evacuation
[2024-04-24T11:59:08.609+0000][gc,phases   ] GC(18)   Pre Evacuate Collection Set: 0.1ms
[2024-04-24T11:59:08.609+0000][gc,phases   ] GC(18)   Merge Heap Roots: 0.1ms
[2024-04-24T11:59:08.609+0000][gc,phases   ] GC(18)   Evacuate Collection Set: 2.1ms
[2024-04-24T11:59:08.609+0000][gc,phases   ] GC(18)   Post Evacuate Collection Set: 0.5ms
[2024-04-24T11:59:08.609+0000][gc,phases   ] GC(18)   Other: 0.1ms
[2024-04-24T11:59:08.609+0000][gc,heap     ] GC(18) Eden regions: 609->0(609)
[2024-04-24T11:59:08.609+0000][gc,heap     ] GC(18) Survivor regions: 5->5(77)
[2024-04-24T11:59:08.609+0000][gc,heap     ] GC(18) Old regions: 20->20
[2024-04-24T11:59:08.609+0000][gc,heap     ] GC(18) Archive regions: 2->2
[2024-04-24T11:59:08.609+0000][gc,heap     ] GC(18) Humongous regions: 129->129
[2024-04-24T11:59:08.609+0000][gc,metaspace] GC(18) Metaspace: 42443K(43008K)->42443K(43008K) NonClass: 37486K(37824K)->37486K(37824K) Class: 4956K(5184K)->4956K(5184K)
[2024-04-24T11:59:08.609+0000][gc          ] GC(18) Pause Young (Normal) (G1 Evacuation Pause) 762M->153M(1024M) 2.940ms
[2024-04-24T11:59:08.609+0000][gc,cpu      ] GC(18) User=0.02s Sys=0.00s Real=0.00s
[2024-04-24T11:59:10.919+0000][gc,start    ] GC(19) Pause Young (Normal) (G1 Evacuation Pause)
[2024-04-24T11:59:10.919+0000][gc,task     ] GC(19) Using 8 workers of 8 for evacuation
[2024-04-24T11:59:10.921+0000][gc,phases   ] GC(19)   Pre Evacuate Collection Set: 0.1ms
[2024-04-24T11:59:10.921+0000][gc,phases   ] GC(19)   Merge Heap Roots: 0.1ms
[2024-04-24T11:59:10.921+0000][gc,phases   ] GC(19)   Evacuate Collection Set: 2.0ms
[2024-04-24T11:59:10.921+0000][gc,phases   ] GC(19)   Post Evacuate Collection Set: 0.5ms
[2024-04-24T11:59:10.921+0000][gc,phases   ] GC(19)   Other: 0.1ms
[2024-04-24T11:59:10.921+0000][gc,heap     ] GC(19) Eden regions: 609->0(610)
[2024-04-24T11:59:10.922+0000][gc,heap     ] GC(19) Survivor regions: 5->4(77)
[2024-04-24T11:59:10.922+0000][gc,heap     ] GC(19) Old regions: 20->20
[2024-04-24T11:59:10.922+0000][gc,heap     ] GC(19) Archive regions: 2->2
[2024-04-24T11:59:10.922+0000][gc,heap     ] GC(19) Humongous regions: 129->129
[2024-04-24T11:59:10.922+0000][gc,metaspace] GC(19) Metaspace: 42443K(43008K)->42443K(43008K) NonClass: 37486K(37824K)->37486K(37824K) Class: 4956K(5184K)->4956K(5184K)
[2024-04-24T11:59:10.922+0000][gc          ] GC(19) Pause Young (Normal) (G1 Evacuation Pause) 762M->153M(1024M) 2.755ms
[2024-04-24T11:59:10.922+0000][gc,cpu      ] GC(19) User=0.02s Sys=0.00s Real=0.00s
[2024-04-24T11:59:13.258+0000][gc,start    ] GC(20) Pause Young (Normal) (G1 Evacuation Pause)
[2024-04-24T11:59:13.258+0000][gc,task     ] GC(20) Using 8 workers of 8 for evacuation
[2024-04-24T11:59:13.261+0000][gc,phases   ] GC(20)   Pre Evacuate Collection Set: 0.1ms
[2024-04-24T11:59:13.261+0000][gc,phases   ] GC(20)   Merge Heap Roots: 0.1ms
[2024-04-24T11:59:13.261+0000][gc,phases   ] GC(20)   Evacuate Collection Set: 2.0ms
[2024-04-24T11:59:13.261+0000][gc,phases   ] GC(20)   Post Evacuate Collection Set: 0.5ms
[2024-04-24T11:59:13.261+0000][gc,phases   ] GC(20)   Other: 0.1ms
[2024-04-24T11:59:13.261+0000][gc,heap     ] GC(20) Eden regions: 610->0(610)
[2024-04-24T11:59:13.261+0000][gc,heap     ] GC(20) Survivor regions: 4->4(77)
[2024-04-24T11:59:13.261+0000][gc,heap     ] GC(20) Old regions: 20->20
[2024-04-24T11:59:13.261+0000][gc,heap     ] GC(20) Archive regions: 2->2
[2024-04-24T11:59:13.261+0000][gc,heap     ] GC(20) Humongous regions: 129->129
[2024-04-24T11:59:13.261+0000][gc,metaspace] GC(20) Metaspace: 42443K(43008K)->42443K(43008K) NonClass: 37487K(37824K)->37487K(37824K) Class: 4956K(5184K)->4956K(5184K)
[2024-04-24T11:59:13.261+0000][gc          ] GC(20) Pause Young (Normal) (G1 Evacuation Pause) 763M->153M(1024M) 2.776ms
[2024-04-24T11:59:13.261+0000][gc,cpu      ] GC(20) User=0.01s Sys=0.00s Real=0.00s
[2024-04-24T11:59:15.574+0000][gc,start    ] GC(21) Pause Young (Normal) (G1 Evacuation Pause)
[2024-04-24T11:59:15.574+0000][gc,task     ] GC(21) Using 8 workers of 8 for evacuation
[2024-04-24T11:59:15.577+0000][gc,phases   ] GC(21)   Pre Evacuate Collection Set: 0.1ms
[2024-04-24T11:59:15.577+0000][gc,phases   ] GC(21)   Merge Heap Roots: 0.1ms
[2024-04-24T11:59:15.577+0000][gc,phases   ] GC(21)   Evacuate Collection Set: 1.9ms
[2024-04-24T11:59:15.577+0000][gc,phases   ] GC(21)   Post Evacuate Collection Set: 0.5ms
[2024-04-24T11:59:15.577+0000][gc,phases   ] GC(21)   Other: 0.1ms
[2024-04-24T11:59:15.577+0000][gc,heap     ] GC(21) Eden regions: 610->0(610)
[2024-04-24T11:59:15.577+0000][gc,heap     ] GC(21) Survivor regions: 4->4(77)
[2024-04-24T11:59:15.577+0000][gc,heap     ] GC(21) Old regions: 20->20
[2024-04-24T11:59:15.577+0000][gc,heap     ] GC(21) Archive regions: 2->2
[2024-04-24T11:59:15.577+0000][gc,heap     ] GC(21) Humongous regions: 129->129
[2024-04-24T11:59:15.577+0000][gc,metaspace] GC(21) Metaspace: 42453K(43008K)->42453K(43008K) NonClass: 37497K(37824K)->37497K(37824K) Class: 4956K(5184K)->4956K(5184K)
[2024-04-24T11:59:15.577+0000][gc          ] GC(21) Pause Young (Normal) (G1 Evacuation Pause) 763M->153M(1024M) 2.676ms
[2024-04-24T11:59:15.577+0000][gc,cpu      ] GC(21) User=0.01s Sys=0.00s Real=0.00s
[2024-04-24T11:59:17.864+0000][gc,start    ] GC(22) Pause Young (Normal) (G1 Evacuation Pause)
[2024-04-24T11:59:17.864+0000][gc,task     ] GC(22) Using 8 workers of 8 for evacuation
[2024-04-24T11:59:17.867+0000][gc,phases   ] GC(22)   Pre Evacuate Collection Set: 0.1ms
[2024-04-24T11:59:17.867+0000][gc,phases   ] GC(22)   Merge Heap Roots: 0.1ms
[2024-04-24T11:59:17.867+0000][gc,phases   ] GC(22)   Evacuate Collection Set: 1.9ms
[2024-04-24T11:59:17.867+0000][gc,phases   ] GC(22)   Post Evacuate Collection Set: 0.4ms
[2024-04-24T11:59:17.867+0000][gc,phases   ] GC(22)   Other: 0.1ms
[2024-04-24T11:59:17.867+0000][gc,heap     ] GC(22) Eden regions: 610->0(611)
[2024-04-24T11:59:17.867+0000][gc,heap     ] GC(22) Survivor regions: 4->3(77)
[2024-04-24T11:59:17.867+0000][gc,heap     ] GC(22) Old regions: 20->22
[2024-04-24T11:59:17.867+0000][gc,heap     ] GC(22) Archive regions: 2->2
[2024-04-24T11:59:17.867+0000][gc,heap     ] GC(22) Humongous regions: 129->129
[2024-04-24T11:59:17.867+0000][gc,metaspace] GC(22) Metaspace: 42464K(43008K)->42464K(43008K) NonClass: 37507K(37824K)->37507K(37824K) Class: 4956K(5184K)->4956K(5184K)
[2024-04-24T11:59:17.867+0000][gc          ] GC(22) Pause Young (Normal) (G1 Evacuation Pause) 763M->153M(1024M) 2.661ms
[2024-04-24T11:59:17.867+0000][gc,cpu      ] GC(22) User=0.02s Sys=0.01s Real=0.00s
[2024-04-24T11:59:20.236+0000][gc,start    ] GC(23) Pause Young (Normal) (G1 Evacuation Pause)
[2024-04-24T11:59:20.236+0000][gc,task     ] GC(23) Using 8 workers of 8 for evacuation
[2024-04-24T11:59:20.238+0000][gc,phases   ] GC(23)   Pre Evacuate Collection Set: 0.1ms
[2024-04-24T11:59:20.238+0000][gc,phases   ] GC(23)   Merge Heap Roots: 0.1ms
[2024-04-24T11:59:20.238+0000][gc,phases   ] GC(23)   Evacuate Collection Set: 1.2ms
[2024-04-24T11:59:20.238+0000][gc,phases   ] GC(23)   Post Evacuate Collection Set: 0.4ms
[2024-04-24T11:59:20.238+0000][gc,phases   ] GC(23)   Other: 0.1ms
[2024-04-24T11:59:20.238+0000][gc,heap     ] GC(23) Eden regions: 611->0(612)
[2024-04-24T11:59:20.238+0000][gc,heap     ] GC(23) Survivor regions: 3->2(77)
[2024-04-24T11:59:20.238+0000][gc,heap     ] GC(23) Old regions: 22->22
[2024-04-24T11:59:20.238+0000][gc,heap     ] GC(23) Archive regions: 2->2
[2024-04-24T11:59:20.238+0000][gc,heap     ] GC(23) Humongous regions: 129->129
[2024-04-24T11:59:20.238+0000][gc,metaspace] GC(23) Metaspace: 42465K(43008K)->42465K(43008K) NonClass: 37508K(37824K)->37508K(37824K) Class: 4956K(5184K)->4956K(5184K)
[2024-04-24T11:59:20.238+0000][gc          ] GC(23) Pause Young (Normal) (G1 Evacuation Pause) 764M->153M(1024M) 1.937ms
[2024-04-24T11:59:20.238+0000][gc,cpu      ] GC(23) User=0.00s Sys=0.00s Real=0.00s
[2024-04-24T11:59:25.743+0000][gc,start    ] GC(24) Pause Young (Normal) (G1 Evacuation Pause)
[2024-04-24T11:59:25.743+0000][gc,task     ] GC(24) Using 8 workers of 8 for evacuation
[2024-04-24T11:59:25.745+0000][gc,phases   ] GC(24)   Pre Evacuate Collection Set: 0.1ms
[2024-04-24T11:59:25.745+0000][gc,phases   ] GC(24)   Merge Heap Roots: 0.1ms
[2024-04-24T11:59:25.745+0000][gc,phases   ] GC(24)   Evacuate Collection Set: 1.0ms
[2024-04-24T11:59:25.745+0000][gc,phases   ] GC(24)   Post Evacuate Collection Set: 0.4ms
[2024-04-24T11:59:25.745+0000][gc,phases   ] GC(24)   Other: 0.1ms
[2024-04-24T11:59:25.745+0000][gc,heap     ] GC(24) Eden regions: 612->0(612)
[2024-04-24T11:59:25.745+0000][gc,heap     ] GC(24) Survivor regions: 2->2(77)
[2024-04-24T11:59:25.745+0000][gc,heap     ] GC(24) Old regions: 22->22
[2024-04-24T11:59:25.745+0000][gc,heap     ] GC(24) Archive regions: 2->2
[2024-04-24T11:59:25.745+0000][gc,heap     ] GC(24) Humongous regions: 129->129
[2024-04-24T11:59:25.745+0000][gc,metaspace] GC(24) Metaspace: 42465K(43008K)->42465K(43008K) NonClass: 37508K(37824K)->37508K(37824K) Class: 4956K(5184K)->4956K(5184K)
[2024-04-24T11:59:25.745+0000][gc          ] GC(24) Pause Young (Normal) (G1 Evacuation Pause) 765M->153M(1024M) 1.738ms
[2024-04-24T11:59:25.745+0000][gc,cpu      ] GC(24) User=0.01s Sys=0.00s Real=0.01s
[2024-04-24T11:59:28.070+0000][gc,start    ] GC(25) Pause Young (Normal) (G1 Evacuation Pause)
[2024-04-24T11:59:28.070+0000][gc,task     ] GC(25) Using 8 workers of 8 for evacuation
[2024-04-24T11:59:28.072+0000][gc,phases   ] GC(25)   Pre Evacuate Collection Set: 0.1ms
[2024-04-24T11:59:28.072+0000][gc,phases   ] GC(25)   Merge Heap Roots: 0.1ms
[2024-04-24T11:59:28.072+0000][gc,phases   ] GC(25)   Evacuate Collection Set: 1.2ms
[2024-04-24T11:59:28.072+0000][gc,phases   ] GC(25)   Post Evacuate Collection Set: 0.4ms
[2024-04-24T11:59:28.072+0000][gc,phases   ] GC(25)   Other: 0.1ms
[2024-04-24T11:59:28.072+0000][gc,heap     ] GC(25) Eden regions: 612->0(611)
[2024-04-24T11:59:28.072+0000][gc,heap     ] GC(25) Survivor regions: 2->3(77)
[2024-04-24T11:59:28.072+0000][gc,heap     ] GC(25) Old regions: 22->22
[2024-04-24T11:59:28.072+0000][gc,heap     ] GC(25) Archive regions: 2->2
[2024-04-24T11:59:28.072+0000][gc,heap     ] GC(25) Humongous regions: 129->129
[2024-04-24T11:59:28.072+0000][gc,metaspace] GC(25) Metaspace: 42465K(43008K)->42465K(43008K) NonClass: 37508K(37824K)->37508K(37824K) Class: 4956K(5184K)->4956K(5184K)
[2024-04-24T11:59:28.072+0000][gc          ] GC(25) Pause Young (Normal) (G1 Evacuation Pause) 765M->153M(1024M) 1.996ms
[2024-04-24T11:59:28.072+0000][gc,cpu      ] GC(25) User=0.01s Sys=0.00s Real=0.01s
[2024-04-24T11:59:30.422+0000][gc,start    ] GC(26) Pause Young (Normal) (G1 Evacuation Pause)
[2024-04-24T11:59:30.422+0000][gc,task     ] GC(26) Using 8 workers of 8 for evacuation
[2024-04-24T11:59:30.424+0000][gc,phases   ] GC(26)   Pre Evacuate Collection Set: 0.1ms
[2024-04-24T11:59:30.424+0000][gc,phases   ] GC(26)   Merge Heap Roots: 0.1ms
[2024-04-24T11:59:30.424+0000][gc,phases   ] GC(26)   Evacuate Collection Set: 1.1ms
[2024-04-24T11:59:30.424+0000][gc,phases   ] GC(26)   Post Evacuate Collection Set: 0.4ms
[2024-04-24T11:59:30.424+0000][gc,phases   ] GC(26)   Other: 0.1ms
[2024-04-24T11:59:30.424+0000][gc,heap     ] GC(26) Eden regions: 611->0(611)
[2024-04-24T11:59:30.424+0000][gc,heap     ] GC(26) Survivor regions: 3->3(77)
[2024-04-24T11:59:30.424+0000][gc,heap     ] GC(26) Old regions: 22->22
[2024-04-24T11:59:30.424+0000][gc,heap     ] GC(26) Archive regions: 2->2
[2024-04-24T11:59:30.424+0000][gc,heap     ] GC(26) Humongous regions: 129->129
[2024-04-24T11:59:30.424+0000][gc,metaspace] GC(26) Metaspace: 42465K(43008K)->42465K(43008K) NonClass: 37508K(37824K)->37508K(37824K) Class: 4956K(5184K)->4956K(5184K)
[2024-04-24T11:59:30.424+0000][gc          ] GC(26) Pause Young (Normal) (G1 Evacuation Pause) 764M->153M(1024M) 1.848ms
[2024-04-24T11:59:30.424+0000][gc,cpu      ] GC(26) User=0.01s Sys=0.00s Real=0.01s
[2024-04-24T11:59:32.771+0000][gc,start    ] GC(27) Pause Young (Normal) (G1 Evacuation Pause)
[2024-04-24T11:59:32.771+0000][gc,task     ] GC(27) Using 8 workers of 8 for evacuation
[2024-04-24T11:59:32.772+0000][gc,phases   ] GC(27)   Pre Evacuate Collection Set: 0.1ms
[2024-04-24T11:59:32.772+0000][gc,phases   ] GC(27)   Merge Heap Roots: 0.1ms
[2024-04-24T11:59:32.772+0000][gc,phases   ] GC(27)   Evacuate Collection Set: 1.1ms
[2024-04-24T11:59:32.772+0000][gc,phases   ] GC(27)   Post Evacuate Collection Set: 0.4ms
[2024-04-24T11:59:32.772+0000][gc,phases   ] GC(27)   Other: 0.1ms
[2024-04-24T11:59:32.772+0000][gc,heap     ] GC(27) Eden regions: 611->0(611)
[2024-04-24T11:59:32.772+0000][gc,heap     ] GC(27) Survivor regions: 3->3(77)
[2024-04-24T11:59:32.772+0000][gc,heap     ] GC(27) Old regions: 22->22
[2024-04-24T11:59:32.772+0000][gc,heap     ] GC(27) Archive regions: 2->2
[2024-04-24T11:59:32.772+0000][gc,heap     ] GC(27) Humongous regions: 129->129
[2024-04-24T11:59:32.772+0000][gc,metaspace] GC(27) Metaspace: 42471K(43008K)->42471K(43008K) NonClass: 37515K(37824K)->37515K(37824K) Class: 4956K(5184K)->4956K(5184K)
[2024-04-24T11:59:32.772+0000][gc          ] GC(27) Pause Young (Normal) (G1 Evacuation Pause) 764M->154M(1024M) 1.864ms
[2024-04-24T11:59:32.772+0000][gc,cpu      ] GC(27) User=0.01s Sys=0.00s Real=0.01s
[2024-04-24T11:59:35.066+0000][gc,start    ] GC(28) Pause Young (Normal) (G1 Evacuation Pause)
[2024-04-24T11:59:35.066+0000][gc,task     ] GC(28) Using 8 workers of 8 for evacuation
[2024-04-24T11:59:35.068+0000][gc,phases   ] GC(28)   Pre Evacuate Collection Set: 0.1ms
[2024-04-24T11:59:35.068+0000][gc,phases   ] GC(28)   Merge Heap Roots: 0.1ms
[2024-04-24T11:59:35.068+0000][gc,phases   ] GC(28)   Evacuate Collection Set: 1.4ms
[2024-04-24T11:59:35.068+0000][gc,phases   ] GC(28)   Post Evacuate Collection Set: 0.4ms
[2024-04-24T11:59:35.068+0000][gc,phases   ] GC(28)   Other: 0.1ms
[2024-04-24T11:59:35.068+0000][gc,heap     ] GC(28) Eden regions: 611->0(611)
[2024-04-24T11:59:35.068+0000][gc,heap     ] GC(28) Survivor regions: 3->3(77)
[2024-04-24T11:59:35.068+0000][gc,heap     ] GC(28) Old regions: 22->22
[2024-04-24T11:59:35.068+0000][gc,heap     ] GC(28) Archive regions: 2->2
[2024-04-24T11:59:35.068+0000][gc,heap     ] GC(28) Humongous regions: 129->129
[2024-04-24T11:59:35.068+0000][gc,metaspace] GC(28) Metaspace: 42471K(43008K)->42471K(43008K) NonClass: 37515K(37824K)->37515K(37824K) Class: 4956K(5184K)->4956K(5184K)
[2024-04-24T11:59:35.068+0000][gc          ] GC(28) Pause Young (Normal) (G1 Evacuation Pause) 765M->154M(1024M) 2.174ms
[2024-04-24T11:59:35.068+0000][gc,cpu      ] GC(28) User=0.01s Sys=0.00s Real=0.00s
[2024-04-24T11:59:37.352+0000][gc,start    ] GC(29) Pause Young (Normal) (G1 Evacuation Pause)
[2024-04-24T11:59:37.352+0000][gc,task     ] GC(29) Using 8 workers of 8 for evacuation
[2024-04-24T11:59:37.354+0000][gc,phases   ] GC(29)   Pre Evacuate Collection Set: 0.1ms
[2024-04-24T11:59:37.354+0000][gc,phases   ] GC(29)   Merge Heap Roots: 0.1ms
[2024-04-24T11:59:37.354+0000][gc,phases   ] GC(29)   Evacuate Collection Set: 1.2ms
[2024-04-24T11:59:37.354+0000][gc,phases   ] GC(29)   Post Evacuate Collection Set: 0.4ms
[2024-04-24T11:59:37.354+0000][gc,phases   ] GC(29)   Other: 0.1ms
[2024-04-24T11:59:37.354+0000][gc,heap     ] GC(29) Eden regions: 611->0(611)
[2024-04-24T11:59:37.354+0000][gc,heap     ] GC(29) Survivor regions: 3->3(77)
[2024-04-24T11:59:37.354+0000][gc,heap     ] GC(29) Old regions: 22->23
[2024-04-24T11:59:37.354+0000][gc,heap     ] GC(29) Archive regions: 2->2
[2024-04-24T11:59:37.354+0000][gc,heap     ] GC(29) Humongous regions: 129->129
[2024-04-24T11:59:37.354+0000][gc,metaspace] GC(29) Metaspace: 42482K(43008K)->42482K(43008K) NonClass: 37525K(37824K)->37525K(37824K) Class: 4956K(5184K)->4956K(5184K)
[2024-04-24T11:59:37.354+0000][gc          ] GC(29) Pause Young (Normal) (G1 Evacuation Pause) 765M->154M(1024M) 1.901ms
[2024-04-24T11:59:37.354+0000][gc,cpu      ] GC(29) User=0.00s Sys=0.01s Real=0.00s
[2024-04-24T11:59:39.668+0000][gc,start    ] GC(30) Pause Young (Normal) (G1 Evacuation Pause)
[2024-04-24T11:59:39.668+0000][gc,task     ] GC(30) Using 8 workers of 8 for evacuation
[2024-04-24T11:59:39.669+0000][gc,phases   ] GC(30)   Pre Evacuate Collection Set: 0.1ms
[2024-04-24T11:59:39.670+0000][gc,phases   ] GC(30)   Merge Heap Roots: 0.1ms
[2024-04-24T11:59:39.670+0000][gc,phases   ] GC(30)   Evacuate Collection Set: 1.3ms
[2024-04-24T11:59:39.670+0000][gc,phases   ] GC(30)   Post Evacuate Collection Set: 0.4ms
[2024-04-24T11:59:39.670+0000][gc,phases   ] GC(30)   Other: 0.1ms
[2024-04-24T11:59:39.670+0000][gc,heap     ] GC(30) Eden regions: 611->0(611)
[2024-04-24T11:59:39.670+0000][gc,heap     ] GC(30) Survivor regions: 3->3(77)
[2024-04-24T11:59:39.670+0000][gc,heap     ] GC(30) Old regions: 23->23
[2024-04-24T11:59:39.670+0000][gc,heap     ] GC(30) Archive regions: 2->2
[2024-04-24T11:59:39.670+0000][gc,heap     ] GC(30) Humongous regions: 129->129
[2024-04-24T11:59:39.670+0000][gc,metaspace] GC(30) Metaspace: 42482K(43008K)->42482K(43008K) NonClass: 37525K(37824K)->37525K(37824K) Class: 4956K(5184K)->4956K(5184K)
[2024-04-24T11:59:39.670+0000][gc          ] GC(30) Pause Young (Normal) (G1 Evacuation Pause) 765M->154M(1024M) 2.022ms
[2024-04-24T11:59:39.670+0000][gc,cpu      ] GC(30) User=0.01s Sys=0.00s Real=0.00s
[2024-04-24T11:59:41.956+0000][gc,start    ] GC(31) Pause Young (Normal) (G1 Evacuation Pause)
[2024-04-24T11:59:41.956+0000][gc,task     ] GC(31) Using 8 workers of 8 for evacuation
[2024-04-24T11:59:41.958+0000][gc,phases   ] GC(31)   Pre Evacuate Collection Set: 0.1ms
[2024-04-24T11:59:41.958+0000][gc,phases   ] GC(31)   Merge Heap Roots: 0.1ms
[2024-04-24T11:59:41.958+0000][gc,phases   ] GC(31)   Evacuate Collection Set: 1.6ms
[2024-04-24T11:59:41.958+0000][gc,phases   ] GC(31)   Post Evacuate Collection Set: 0.4ms
[2024-04-24T11:59:41.958+0000][gc,phases   ] GC(31)   Other: 0.1ms
[2024-04-24T11:59:41.958+0000][gc,heap     ] GC(31) Eden regions: 611->0(611)
[2024-04-24T11:59:41.958+0000][gc,heap     ] GC(31) Survivor regions: 3->3(77)
[2024-04-24T11:59:41.958+0000][gc,heap     ] GC(31) Old regions: 23->23
[2024-04-24T11:59:41.958+0000][gc,heap     ] GC(31) Archive regions: 2->2
[2024-04-24T11:59:41.958+0000][gc,heap     ] GC(31) Humongous regions: 129->129
[2024-04-24T11:59:41.958+0000][gc,metaspace] GC(31) Metaspace: 42482K(43008K)->42482K(43008K) NonClass: 37526K(37824K)->37526K(37824K) Class: 4956K(5184K)->4956K(5184K)
[2024-04-24T11:59:41.958+0000][gc          ] GC(31) Pause Young (Normal) (G1 Evacuation Pause) 765M->154M(1024M) 2.410ms
[2024-04-24T11:59:41.958+0000][gc,cpu      ] GC(31) User=0.02s Sys=0.00s Real=0.00s
[2024-04-24T11:59:44.284+0000][gc,start    ] GC(32) Pause Young (Normal) (G1 Evacuation Pause)
[2024-04-24T11:59:44.284+0000][gc,task     ] GC(32) Using 8 workers of 8 for evacuation
[2024-04-24T11:59:44.286+0000][gc,phases   ] GC(32)   Pre Evacuate Collection Set: 0.1ms
[2024-04-24T11:59:44.286+0000][gc,phases   ] GC(32)   Merge Heap Roots: 0.1ms
[2024-04-24T11:59:44.286+0000][gc,phases   ] GC(32)   Evacuate Collection Set: 1.4ms
[2024-04-24T11:59:44.286+0000][gc,phases   ] GC(32)   Post Evacuate Collection Set: 0.4ms
[2024-04-24T11:59:44.286+0000][gc,phases   ] GC(32)   Other: 0.1ms
[2024-04-24T11:59:44.286+0000][gc,heap     ] GC(32) Eden regions: 611->0(611)
[2024-04-24T11:59:44.286+0000][gc,heap     ] GC(32) Survivor regions: 3->3(77)
[2024-04-24T11:59:44.286+0000][gc,heap     ] GC(32) Old regions: 23->23
[2024-04-24T11:59:44.286+0000][gc,heap     ] GC(32) Archive regions: 2->2
[2024-04-24T11:59:44.286+0000][gc,heap     ] GC(32) Humongous regions: 129->129
[2024-04-24T11:59:44.286+0000][gc,metaspace] GC(32) Metaspace: 42483K(43008K)->42483K(43008K) NonClass: 37527K(37824K)->37527K(37824K) Class: 4956K(5184K)->4956K(5184K)
[2024-04-24T11:59:44.286+0000][gc          ] GC(32) Pause Young (Normal) (G1 Evacuation Pause) 765M->155M(1024M) 2.073ms
[2024-04-24T11:59:44.286+0000][gc,cpu      ] GC(32) User=0.01s Sys=0.00s Real=0.00s
[2024-04-24T11:59:46.665+0000][gc,start    ] GC(33) Pause Young (Normal) (G1 Evacuation Pause)
[2024-04-24T11:59:46.665+0000][gc,task     ] GC(33) Using 8 workers of 8 for evacuation
[2024-04-24T11:59:46.667+0000][gc,phases   ] GC(33)   Pre Evacuate Collection Set: 0.1ms
[2024-04-24T11:59:46.668+0000][gc,phases   ] GC(33)   Merge Heap Roots: 0.1ms
[2024-04-24T11:59:46.668+0000][gc,phases   ] GC(33)   Evacuate Collection Set: 1.7ms
[2024-04-24T11:59:46.668+0000][gc,phases   ] GC(33)   Post Evacuate Collection Set: 0.4ms
[2024-04-24T11:59:46.668+0000][gc,phases   ] GC(33)   Other: 0.1ms
[2024-04-24T11:59:46.668+0000][gc,heap     ] GC(33) Eden regions: 611->0(611)
[2024-04-24T11:59:46.668+0000][gc,heap     ] GC(33) Survivor regions: 3->3(77)
[2024-04-24T11:59:46.668+0000][gc,heap     ] GC(33) Old regions: 23->23
[2024-04-24T11:59:46.668+0000][gc,heap     ] GC(33) Archive regions: 2->2
[2024-04-24T11:59:46.668+0000][gc,heap     ] GC(33) Humongous regions: 129->129
[2024-04-24T11:59:46.668+0000][gc,metaspace] GC(33) Metaspace: 42489K(43008K)->42489K(43008K) NonClass: 37533K(37824K)->37533K(37824K) Class: 4956K(5184K)->4956K(5184K)
[2024-04-24T11:59:46.668+0000][gc          ] GC(33) Pause Young (Normal) (G1 Evacuation Pause) 766M->155M(1024M) 2.451ms
[2024-04-24T11:59:46.668+0000][gc,cpu      ] GC(33) User=0.00s Sys=0.01s Real=0.00s
[2024-04-24T12:00:40.500+0000][gc,heap,exit] Heap
[2024-04-24T12:00:40.500+0000][gc,heap,exit]  garbage-first heap   total 1048576K, used 389083K [0x00000000c0000000, 0x0000000100000000)
[2024-04-24T12:00:40.500+0000][gc,heap,exit]   region size 1024K, 228 young (233472K), 3 survivors (3072K)
[2024-04-24T12:00:40.500+0000][gc,heap,exit]  Metaspace       used 43424K, committed 43968K, reserved 1114112K
[2024-04-24T12:00:40.500+0000][gc,heap,exit]   class space    used 5138K, committed 5376K, reserved 1048576K
