[2024-04-24T08:52:45.605+0000][gc] Using G1
[2024-04-24T08:52:45.610+0000][gc,init] Version: 17.0.10+7-Ubuntu-120.04.1 (release)
[2024-04-24T08:52:45.610+0000][gc,init] CPUs: 8 total, 8 available
[2024-04-24T08:52:45.610+0000][gc,init] Memory: 32059M
[2024-04-24T08:52:45.610+0000][gc,init] Large Page Support: Disabled
[2024-04-24T08:52:45.610+0000][gc,init] NUMA Support: Disabled
[2024-04-24T08:52:45.610+0000][gc,init] Compressed Oops: Enabled (32-bit)
[2024-04-24T08:52:45.610+0000][gc,init] Heap Region Size: 1M
[2024-04-24T08:52:45.610+0000][gc,init] Heap Min Capacity: 1G
[2024-04-24T08:52:45.610+0000][gc,init] Heap Initial Capacity: 1G
[2024-04-24T08:52:45.610+0000][gc,init] Heap Max Capacity: 1G
[2024-04-24T08:52:45.610+0000][gc,init] Pre-touch: Disabled
[2024-04-24T08:52:45.610+0000][gc,init] Parallel Workers: 8
[2024-04-24T08:52:45.610+0000][gc,init] Concurrent Workers: 2
[2024-04-24T08:52:45.610+0000][gc,init] Concurrent Refinement Workers: 8
[2024-04-24T08:52:45.610+0000][gc,init] Periodic GC: Disabled
[2024-04-24T08:52:45.617+0000][gc,metaspace] CDS archive(s) mapped at: [0x00007f2297000000-0x00007f2297bc7000-0x00007f2297bc7000), size 12349440, SharedBaseAddress: 0x00007f2297000000, ArchiveRelocationMode: 1.
[2024-04-24T08:52:45.617+0000][gc,metaspace] Compressed class space mapped at: 0x00007f2298000000-0x00007f22d8000000, reserved size: 1073741824
[2024-04-24T08:52:45.617+0000][gc,metaspace] Narrow klass base: 0x00007f2297000000, Narrow klass shift: 0, Narrow klass range: 0x100000000
[2024-04-24T08:52:46.480+0000][gc,start    ] GC(0) Pause Young (Normal) (G1 Evacuation Pause)
[2024-04-24T08:52:46.480+0000][gc,task     ] GC(0) Using 8 workers of 8 for evacuation
[2024-04-24T08:52:46.484+0000][gc,phases   ] GC(0)   Pre Evacuate Collection Set: 0.1ms
[2024-04-24T08:52:46.484+0000][gc,phases   ] GC(0)   Merge Heap Roots: 0.1ms
[2024-04-24T08:52:46.484+0000][gc,phases   ] GC(0)   Evacuate Collection Set: 3.1ms
[2024-04-24T08:52:46.484+0000][gc,phases   ] GC(0)   Post Evacuate Collection Set: 0.4ms
[2024-04-24T08:52:46.484+0000][gc,phases   ] GC(0)   Other: 0.8ms
[2024-04-24T08:52:46.484+0000][gc,heap     ] GC(0) Eden regions: 51->0(44)
[2024-04-24T08:52:46.484+0000][gc,heap     ] GC(0) Survivor regions: 0->7(7)
[2024-04-24T08:52:46.484+0000][gc,heap     ] GC(0) Old regions: 0->6
[2024-04-24T08:52:46.484+0000][gc,heap     ] GC(0) Archive regions: 2->2
[2024-04-24T08:52:46.484+0000][gc,heap     ] GC(0) Humongous regions: 0->0
[2024-04-24T08:52:46.484+0000][gc,metaspace] GC(0) Metaspace: 15729K(15936K)->15729K(15936K) NonClass: 13829K(13888K)->13829K(13888K) Class: 1900K(2048K)->1900K(2048K)
[2024-04-24T08:52:46.484+0000][gc          ] GC(0) Pause Young (Normal) (G1 Evacuation Pause) 51M->13M(1024M) 4.553ms
[2024-04-24T08:52:46.484+0000][gc,cpu      ] GC(0) User=0.02s Sys=0.01s Real=0.01s
[2024-04-24T08:52:46.683+0000][gc,start    ] GC(1) Pause Young (Concurrent Start) (Metadata GC Threshold)
[2024-04-24T08:52:46.683+0000][gc,task     ] GC(1) Using 8 workers of 8 for evacuation
[2024-04-24T08:52:46.687+0000][gc,phases   ] GC(1)   Pre Evacuate Collection Set: 0.1ms
[2024-04-24T08:52:46.687+0000][gc,phases   ] GC(1)   Merge Heap Roots: 0.0ms
[2024-04-24T08:52:46.687+0000][gc,phases   ] GC(1)   Evacuate Collection Set: 3.0ms
[2024-04-24T08:52:46.687+0000][gc,phases   ] GC(1)   Post Evacuate Collection Set: 0.4ms
[2024-04-24T08:52:46.687+0000][gc,phases   ] GC(1)   Other: 0.2ms
[2024-04-24T08:52:46.687+0000][gc,heap     ] GC(1) Eden regions: 21->0(49)
[2024-04-24T08:52:46.687+0000][gc,heap     ] GC(1) Survivor regions: 7->2(7)
[2024-04-24T08:52:46.687+0000][gc,heap     ] GC(1) Old regions: 6->13
[2024-04-24T08:52:46.687+0000][gc,heap     ] GC(1) Archive regions: 2->2
[2024-04-24T08:52:46.687+0000][gc,heap     ] GC(1) Humongous regions: 0->0
[2024-04-24T08:52:46.687+0000][gc,metaspace] GC(1) Metaspace: 21264K(21504K)->21264K(21504K) NonClass: 18699K(18816K)->18699K(18816K) Class: 2564K(2688K)->2564K(2688K)
[2024-04-24T08:52:46.687+0000][gc          ] GC(1) Pause Young (Concurrent Start) (Metadata GC Threshold) 34M->14M(1024M) 3.753ms
[2024-04-24T08:52:46.687+0000][gc,cpu      ] GC(1) User=0.01s Sys=0.01s Real=0.01s
[2024-04-24T08:52:46.687+0000][gc          ] GC(2) Concurrent Mark Cycle
[2024-04-24T08:52:46.687+0000][gc,marking  ] GC(2) Concurrent Clear Claimed Marks
[2024-04-24T08:52:46.687+0000][gc,marking  ] GC(2) Concurrent Clear Claimed Marks 0.015ms
[2024-04-24T08:52:46.687+0000][gc,marking  ] GC(2) Concurrent Scan Root Regions
[2024-04-24T08:52:46.688+0000][gc,marking  ] GC(2) Concurrent Scan Root Regions 1.721ms
[2024-04-24T08:52:46.688+0000][gc,marking  ] GC(2) Concurrent Mark
[2024-04-24T08:52:46.689+0000][gc,marking  ] GC(2) Concurrent Mark From Roots
[2024-04-24T08:52:46.689+0000][gc,task     ] GC(2) Using 2 workers of 2 for marking
[2024-04-24T08:52:46.691+0000][gc,marking  ] GC(2) Concurrent Mark From Roots 2.731ms
[2024-04-24T08:52:46.691+0000][gc,marking  ] GC(2) Concurrent Preclean
[2024-04-24T08:52:46.691+0000][gc,marking  ] GC(2) Concurrent Preclean 0.073ms
[2024-04-24T08:52:46.691+0000][gc,start    ] GC(2) Pause Remark
[2024-04-24T08:52:46.693+0000][gc          ] GC(2) Pause Remark 15M->15M(1024M) 1.445ms
[2024-04-24T08:52:46.693+0000][gc,cpu      ] GC(2) User=0.01s Sys=0.00s Real=0.01s
[2024-04-24T08:52:46.693+0000][gc,marking  ] GC(2) Concurrent Mark 4.430ms
[2024-04-24T08:52:46.693+0000][gc,marking  ] GC(2) Concurrent Rebuild Remembered Sets
[2024-04-24T08:52:46.695+0000][gc,marking  ] GC(2) Concurrent Rebuild Remembered Sets 2.165ms
[2024-04-24T08:52:46.695+0000][gc,start    ] GC(2) Pause Cleanup
[2024-04-24T08:52:46.695+0000][gc          ] GC(2) Pause Cleanup 15M->15M(1024M) 0.115ms
[2024-04-24T08:52:46.695+0000][gc,cpu      ] GC(2) User=0.00s Sys=0.00s Real=0.00s
[2024-04-24T08:52:46.695+0000][gc,marking  ] GC(2) Concurrent Cleanup for Next Mark
[2024-04-24T08:52:46.699+0000][gc,marking  ] GC(2) Concurrent Cleanup for Next Mark 3.236ms
[2024-04-24T08:52:46.699+0000][gc          ] GC(2) Concurrent Mark Cycle 11.938ms
[2024-04-24T08:52:47.197+0000][gc,start    ] GC(3) Pause Young (Normal) (G1 Evacuation Pause)
[2024-04-24T08:52:47.197+0000][gc,task     ] GC(3) Using 8 workers of 8 for evacuation
[2024-04-24T08:52:47.201+0000][gc,phases   ] GC(3)   Pre Evacuate Collection Set: 0.1ms
[2024-04-24T08:52:47.201+0000][gc,phases   ] GC(3)   Merge Heap Roots: 0.0ms
[2024-04-24T08:52:47.201+0000][gc,phases   ] GC(3)   Evacuate Collection Set: 2.7ms
[2024-04-24T08:52:47.201+0000][gc,phases   ] GC(3)   Post Evacuate Collection Set: 0.4ms
[2024-04-24T08:52:47.201+0000][gc,phases   ] GC(3)   Other: 0.1ms
[2024-04-24T08:52:47.201+0000][gc,heap     ] GC(3) Eden regions: 49->0(45)
[2024-04-24T08:52:47.201+0000][gc,heap     ] GC(3) Survivor regions: 2->6(7)
[2024-04-24T08:52:47.201+0000][gc,heap     ] GC(3) Old regions: 13->13
[2024-04-24T08:52:47.201+0000][gc,heap     ] GC(3) Archive regions: 2->2
[2024-04-24T08:52:47.201+0000][gc,heap     ] GC(3) Humongous regions: 129->129
[2024-04-24T08:52:47.201+0000][gc,metaspace] GC(3) Metaspace: 30054K(30336K)->30054K(30336K) NonClass: 26651K(26816K)->26651K(26816K) Class: 3402K(3520K)->3402K(3520K)
[2024-04-24T08:52:47.201+0000][gc          ] GC(3) Pause Young (Normal) (G1 Evacuation Pause) 192M->147M(1024M) 3.476ms
[2024-04-24T08:52:47.201+0000][gc,cpu      ] GC(3) User=0.02s Sys=0.00s Real=0.00s
[2024-04-24T08:52:47.438+0000][gc,start    ] GC(4) Pause Young (Concurrent Start) (Metadata GC Threshold)
[2024-04-24T08:52:47.438+0000][gc,task     ] GC(4) Using 8 workers of 8 for evacuation
[2024-04-24T08:52:47.442+0000][gc,phases   ] GC(4)   Pre Evacuate Collection Set: 0.1ms
[2024-04-24T08:52:47.442+0000][gc,phases   ] GC(4)   Merge Heap Roots: 0.1ms
[2024-04-24T08:52:47.442+0000][gc,phases   ] GC(4)   Evacuate Collection Set: 3.5ms
[2024-04-24T08:52:47.442+0000][gc,phases   ] GC(4)   Post Evacuate Collection Set: 0.3ms
[2024-04-24T08:52:47.442+0000][gc,phases   ] GC(4)   Other: 0.2ms
[2024-04-24T08:52:47.442+0000][gc,heap     ] GC(4) Eden regions: 27->0(48)
[2024-04-24T08:52:47.442+0000][gc,heap     ] GC(4) Survivor regions: 6->3(7)
[2024-04-24T08:52:47.442+0000][gc,heap     ] GC(4) Old regions: 13->18
[2024-04-24T08:52:47.442+0000][gc,heap     ] GC(4) Archive regions: 2->2
[2024-04-24T08:52:47.442+0000][gc,heap     ] GC(4) Humongous regions: 129->129
[2024-04-24T08:52:47.442+0000][gc,metaspace] GC(4) Metaspace: 35807K(36096K)->35807K(36096K) NonClass: 31790K(31936K)->31790K(31936K) Class: 4016K(4160K)->4016K(4160K)
[2024-04-24T08:52:47.442+0000][gc          ] GC(4) Pause Young (Concurrent Start) (Metadata GC Threshold) 174M->149M(1024M) 4.306ms
[2024-04-24T08:52:47.442+0000][gc,cpu      ] GC(4) User=0.04s Sys=0.01s Real=0.00s
[2024-04-24T08:52:47.442+0000][gc          ] GC(5) Concurrent Mark Cycle
[2024-04-24T08:52:47.442+0000][gc,marking  ] GC(5) Concurrent Clear Claimed Marks
[2024-04-24T08:52:47.442+0000][gc,marking  ] GC(5) Concurrent Clear Claimed Marks 0.030ms
[2024-04-24T08:52:47.442+0000][gc,marking  ] GC(5) Concurrent Scan Root Regions
[2024-04-24T08:52:47.445+0000][gc,marking  ] GC(5) Concurrent Scan Root Regions 3.018ms
[2024-04-24T08:52:47.445+0000][gc,marking  ] GC(5) Concurrent Mark
[2024-04-24T08:52:47.445+0000][gc,marking  ] GC(5) Concurrent Mark From Roots
[2024-04-24T08:52:47.445+0000][gc,task     ] GC(5) Using 2 workers of 2 for marking
[2024-04-24T08:52:47.457+0000][gc,marking  ] GC(5) Concurrent Mark From Roots 11.145ms
[2024-04-24T08:52:47.457+0000][gc,marking  ] GC(5) Concurrent Preclean
[2024-04-24T08:52:47.457+0000][gc,marking  ] GC(5) Concurrent Preclean 0.180ms
[2024-04-24T08:52:47.457+0000][gc,start    ] GC(5) Pause Remark
[2024-04-24T08:52:47.458+0000][gc          ] GC(5) Pause Remark 151M->151M(1024M) 1.486ms
[2024-04-24T08:52:47.458+0000][gc,cpu      ] GC(5) User=0.00s Sys=0.00s Real=0.00s
[2024-04-24T08:52:47.458+0000][gc,marking  ] GC(5) Concurrent Mark 13.037ms
[2024-04-24T08:52:47.459+0000][gc,marking  ] GC(5) Concurrent Rebuild Remembered Sets
[2024-04-24T08:52:47.464+0000][gc,marking  ] GC(5) Concurrent Rebuild Remembered Sets 4.985ms
[2024-04-24T08:52:47.464+0000][gc,start    ] GC(5) Pause Cleanup
[2024-04-24T08:52:47.464+0000][gc          ] GC(5) Pause Cleanup 151M->151M(1024M) 0.136ms
[2024-04-24T08:52:47.464+0000][gc,cpu      ] GC(5) User=0.00s Sys=0.00s Real=0.00s
[2024-04-24T08:52:47.464+0000][gc,marking  ] GC(5) Concurrent Cleanup for Next Mark
[2024-04-24T08:52:47.468+0000][gc,marking  ] GC(5) Concurrent Cleanup for Next Mark 3.750ms
[2024-04-24T08:52:47.468+0000][gc          ] GC(5) Concurrent Mark Cycle 25.311ms
[2024-04-24T08:58:21.770+0000][gc,start    ] GC(6) Pause Young (Prepare Mixed) (G1 Evacuation Pause)
[2024-04-24T08:58:21.770+0000][gc,task     ] GC(6) Using 8 workers of 8 for evacuation
[2024-04-24T08:58:21.774+0000][gc,phases   ] GC(6)   Pre Evacuate Collection Set: 0.2ms
[2024-04-24T08:58:21.774+0000][gc,phases   ] GC(6)   Merge Heap Roots: 0.1ms
[2024-04-24T08:58:21.774+0000][gc,phases   ] GC(6)   Evacuate Collection Set: 3.7ms
[2024-04-24T08:58:21.774+0000][gc,phases   ] GC(6)   Post Evacuate Collection Set: 0.4ms
[2024-04-24T08:58:21.774+0000][gc,phases   ] GC(6)   Other: 0.1ms
[2024-04-24T08:58:21.774+0000][gc,heap     ] GC(6) Eden regions: 48->0(46)
[2024-04-24T08:58:21.774+0000][gc,heap     ] GC(6) Survivor regions: 3->5(7)
[2024-04-24T08:58:21.774+0000][gc,heap     ] GC(6) Old regions: 18->18
[2024-04-24T08:58:21.774+0000][gc,heap     ] GC(6) Archive regions: 2->2
[2024-04-24T08:58:21.774+0000][gc,heap     ] GC(6) Humongous regions: 159->129
[2024-04-24T08:58:21.774+0000][gc,metaspace] GC(6) Metaspace: 41419K(41920K)->41419K(41920K) NonClass: 36504K(36800K)->36504K(36800K) Class: 4914K(5120K)->4914K(5120K)
[2024-04-24T08:58:21.774+0000][gc          ] GC(6) Pause Young (Prepare Mixed) (G1 Evacuation Pause) 227M->151M(1024M) 4.423ms
[2024-04-24T08:58:21.774+0000][gc,cpu      ] GC(6) User=0.02s Sys=0.00s Real=0.01s
[2024-04-24T08:58:22.577+0000][gc,start    ] GC(7) Pause Young (Mixed) (G1 Evacuation Pause)
[2024-04-24T08:58:22.577+0000][gc,task     ] GC(7) Using 8 workers of 8 for evacuation
[2024-04-24T08:58:22.582+0000][gc,phases   ] GC(7)   Pre Evacuate Collection Set: 0.1ms
[2024-04-24T08:58:22.582+0000][gc,phases   ] GC(7)   Merge Heap Roots: 0.1ms
[2024-04-24T08:58:22.582+0000][gc,phases   ] GC(7)   Evacuate Collection Set: 3.8ms
[2024-04-24T08:58:22.582+0000][gc,phases   ] GC(7)   Post Evacuate Collection Set: 0.4ms
[2024-04-24T08:58:22.582+0000][gc,phases   ] GC(7)   Other: 0.1ms
[2024-04-24T08:58:22.582+0000][gc,heap     ] GC(7) Eden regions: 46->0(47)
[2024-04-24T08:58:22.582+0000][gc,heap     ] GC(7) Survivor regions: 5->4(7)
[2024-04-24T08:58:22.582+0000][gc,heap     ] GC(7) Old regions: 18->20
[2024-04-24T08:58:22.582+0000][gc,heap     ] GC(7) Archive regions: 2->2
[2024-04-24T08:58:22.582+0000][gc,heap     ] GC(7) Humongous regions: 129->129
[2024-04-24T08:58:22.582+0000][gc,metaspace] GC(7) Metaspace: 42296K(42816K)->42296K(42816K) NonClass: 37381K(37696K)->37381K(37696K) Class: 4915K(5120K)->4915K(5120K)
[2024-04-24T08:58:22.582+0000][gc          ] GC(7) Pause Young (Mixed) (G1 Evacuation Pause) 197M->152M(1024M) 4.589ms
[2024-04-24T08:58:22.582+0000][gc,cpu      ] GC(7) User=0.03s Sys=0.00s Real=0.00s
[2024-04-24T08:58:23.096+0000][gc,start    ] GC(8) Pause Young (Normal) (G1 Evacuation Pause)
[2024-04-24T08:58:23.096+0000][gc,task     ] GC(8) Using 8 workers of 8 for evacuation
[2024-04-24T08:58:23.100+0000][gc,phases   ] GC(8)   Pre Evacuate Collection Set: 0.1ms
[2024-04-24T08:58:23.100+0000][gc,phases   ] GC(8)   Merge Heap Roots: 0.0ms
[2024-04-24T08:58:23.100+0000][gc,phases   ] GC(8)   Evacuate Collection Set: 3.4ms
[2024-04-24T08:58:23.100+0000][gc,phases   ] GC(8)   Post Evacuate Collection Set: 0.3ms
[2024-04-24T08:58:23.100+0000][gc,phases   ] GC(8)   Other: 0.1ms
[2024-04-24T08:58:23.100+0000][gc,heap     ] GC(8) Eden regions: 47->0(47)
[2024-04-24T08:58:23.100+0000][gc,heap     ] GC(8) Survivor regions: 4->4(7)
[2024-04-24T08:58:23.100+0000][gc,heap     ] GC(8) Old regions: 20->20
[2024-04-24T08:58:23.100+0000][gc,heap     ] GC(8) Archive regions: 2->2
[2024-04-24T08:58:23.100+0000][gc,heap     ] GC(8) Humongous regions: 129->129
[2024-04-24T08:58:23.100+0000][gc,metaspace] GC(8) Metaspace: 42326K(42816K)->42326K(42816K) NonClass: 37411K(37696K)->37411K(37696K) Class: 4915K(5120K)->4915K(5120K)
[2024-04-24T08:58:23.100+0000][gc          ] GC(8) Pause Young (Normal) (G1 Evacuation Pause) 199M->153M(1024M) 4.054ms
[2024-04-24T08:58:23.100+0000][gc,cpu      ] GC(8) User=0.02s Sys=0.00s Real=0.00s
[2024-04-24T08:58:23.579+0000][gc,start    ] GC(9) Pause Young (Normal) (G1 Evacuation Pause)
[2024-04-24T08:58:23.579+0000][gc,task     ] GC(9) Using 8 workers of 8 for evacuation
[2024-04-24T08:58:23.582+0000][gc,phases   ] GC(9)   Pre Evacuate Collection Set: 0.1ms
[2024-04-24T08:58:23.582+0000][gc,phases   ] GC(9)   Merge Heap Roots: 0.0ms
[2024-04-24T08:58:23.582+0000][gc,phases   ] GC(9)   Evacuate Collection Set: 2.5ms
[2024-04-24T08:58:23.582+0000][gc,phases   ] GC(9)   Post Evacuate Collection Set: 0.3ms
[2024-04-24T08:58:23.582+0000][gc,phases   ] GC(9)   Other: 0.1ms
[2024-04-24T08:58:23.582+0000][gc,heap     ] GC(9) Eden regions: 47->0(80)
[2024-04-24T08:58:23.582+0000][gc,heap     ] GC(9) Survivor regions: 4->2(7)
[2024-04-24T08:58:23.582+0000][gc,heap     ] GC(9) Old regions: 20->22
[2024-04-24T08:58:23.582+0000][gc,heap     ] GC(9) Archive regions: 2->2
[2024-04-24T08:58:23.582+0000][gc,heap     ] GC(9) Humongous regions: 129->129
[2024-04-24T08:58:23.582+0000][gc,metaspace] GC(9) Metaspace: 42326K(42816K)->42326K(42816K) NonClass: 37411K(37696K)->37411K(37696K) Class: 4915K(5120K)->4915K(5120K)
[2024-04-24T08:58:23.582+0000][gc          ] GC(9) Pause Young (Normal) (G1 Evacuation Pause) 200M->153M(1024M) 3.071ms
[2024-04-24T08:58:23.582+0000][gc,cpu      ] GC(9) User=0.01s Sys=0.00s Real=0.00s
[2024-04-24T08:58:24.375+0000][gc,start    ] GC(10) Pause Young (Normal) (G1 Evacuation Pause)
[2024-04-24T08:58:24.375+0000][gc,task     ] GC(10) Using 8 workers of 8 for evacuation
[2024-04-24T08:58:24.377+0000][gc,phases   ] GC(10)   Pre Evacuate Collection Set: 0.1ms
[2024-04-24T08:58:24.377+0000][gc,phases   ] GC(10)   Merge Heap Roots: 0.0ms
[2024-04-24T08:58:24.377+0000][gc,phases   ] GC(10)   Evacuate Collection Set: 1.9ms
[2024-04-24T08:58:24.377+0000][gc,phases   ] GC(10)   Post Evacuate Collection Set: 0.3ms
[2024-04-24T08:58:24.377+0000][gc,phases   ] GC(10)   Other: 0.1ms
[2024-04-24T08:58:24.377+0000][gc,heap     ] GC(10) Eden regions: 80->0(175)
[2024-04-24T08:58:24.377+0000][gc,heap     ] GC(10) Survivor regions: 2->3(11)
[2024-04-24T08:58:24.377+0000][gc,heap     ] GC(10) Old regions: 22->22
[2024-04-24T08:58:24.377+0000][gc,heap     ] GC(10) Archive regions: 2->2
[2024-04-24T08:58:24.377+0000][gc,heap     ] GC(10) Humongous regions: 129->129
[2024-04-24T08:58:24.377+0000][gc,metaspace] GC(10) Metaspace: 42326K(42816K)->42326K(42816K) NonClass: 37411K(37696K)->37411K(37696K) Class: 4915K(5120K)->4915K(5120K)
[2024-04-24T08:58:24.377+0000][gc          ] GC(10) Pause Young (Normal) (G1 Evacuation Pause) 233M->154M(1024M) 2.535ms
[2024-04-24T08:58:24.377+0000][gc,cpu      ] GC(10) User=0.02s Sys=0.00s Real=0.00s
[2024-04-24T08:58:26.116+0000][gc,start    ] GC(11) Pause Young (Normal) (G1 Evacuation Pause)
[2024-04-24T08:58:26.116+0000][gc,task     ] GC(11) Using 8 workers of 8 for evacuation
[2024-04-24T08:58:26.120+0000][gc,phases   ] GC(11)   Pre Evacuate Collection Set: 0.1ms
[2024-04-24T08:58:26.120+0000][gc,phases   ] GC(11)   Merge Heap Roots: 0.1ms
[2024-04-24T08:58:26.120+0000][gc,phases   ] GC(11)   Evacuate Collection Set: 4.0ms
[2024-04-24T08:58:26.120+0000][gc,phases   ] GC(11)   Post Evacuate Collection Set: 0.3ms
[2024-04-24T08:58:26.120+0000][gc,phases   ] GC(11)   Other: 0.1ms
[2024-04-24T08:58:26.120+0000][gc,heap     ] GC(11) Eden regions: 175->0(237)
[2024-04-24T08:58:26.120+0000][gc,heap     ] GC(11) Survivor regions: 3->5(23)
[2024-04-24T08:58:26.120+0000][gc,heap     ] GC(11) Old regions: 22->22
[2024-04-24T08:58:26.120+0000][gc,heap     ] GC(11) Archive regions: 2->2
[2024-04-24T08:58:26.120+0000][gc,heap     ] GC(11) Humongous regions: 129->129
[2024-04-24T08:58:26.120+0000][gc,metaspace] GC(11) Metaspace: 42340K(42880K)->42340K(42880K) NonClass: 37420K(37760K)->37420K(37760K) Class: 4920K(5120K)->4920K(5120K)
[2024-04-24T08:58:26.120+0000][gc          ] GC(11) Pause Young (Normal) (G1 Evacuation Pause) 329M->155M(1024M) 4.657ms
[2024-04-24T08:58:26.120+0000][gc,cpu      ] GC(11) User=0.02s Sys=0.00s Real=0.00s
[2024-04-24T08:58:28.193+0000][gc,start    ] GC(12) Pause Young (Normal) (G1 Evacuation Pause)
[2024-04-24T08:58:28.193+0000][gc,task     ] GC(12) Using 8 workers of 8 for evacuation
[2024-04-24T08:58:28.198+0000][gc,phases   ] GC(12)   Pre Evacuate Collection Set: 0.1ms
[2024-04-24T08:58:28.198+0000][gc,phases   ] GC(12)   Merge Heap Roots: 0.1ms
[2024-04-24T08:58:28.198+0000][gc,phases   ] GC(12)   Evacuate Collection Set: 4.1ms
[2024-04-24T08:58:28.198+0000][gc,phases   ] GC(12)   Post Evacuate Collection Set: 0.4ms
[2024-04-24T08:58:28.198+0000][gc,phases   ] GC(12)   Other: 0.1ms
[2024-04-24T08:58:28.198+0000][gc,heap     ] GC(12) Eden regions: 237->0(494)
[2024-04-24T08:58:28.198+0000][gc,heap     ] GC(12) Survivor regions: 5->6(31)
[2024-04-24T08:58:28.198+0000][gc,heap     ] GC(12) Old regions: 22->22
[2024-04-24T08:58:28.198+0000][gc,heap     ] GC(12) Archive regions: 2->2
[2024-04-24T08:58:28.198+0000][gc,heap     ] GC(12) Humongous regions: 129->129
[2024-04-24T08:58:28.198+0000][gc,metaspace] GC(12) Metaspace: 42518K(43072K)->42518K(43072K) NonClass: 37550K(37888K)->37550K(37888K) Class: 4967K(5184K)->4967K(5184K)
[2024-04-24T08:58:28.198+0000][gc          ] GC(12) Pause Young (Normal) (G1 Evacuation Pause) 392M->156M(1024M) 4.861ms
[2024-04-24T08:58:28.198+0000][gc,cpu      ] GC(12) User=0.02s Sys=0.01s Real=0.00s
[2024-04-24T08:58:31.745+0000][gc,start    ] GC(13) Pause Young (Normal) (G1 Evacuation Pause)
[2024-04-24T08:58:31.745+0000][gc,task     ] GC(13) Using 8 workers of 8 for evacuation
[2024-04-24T08:58:31.750+0000][gc,phases   ] GC(13)   Pre Evacuate Collection Set: 0.1ms
[2024-04-24T08:58:31.750+0000][gc,phases   ] GC(13)   Merge Heap Roots: 0.1ms
[2024-04-24T08:58:31.750+0000][gc,phases   ] GC(13)   Evacuate Collection Set: 4.2ms
[2024-04-24T08:58:31.750+0000][gc,phases   ] GC(13)   Post Evacuate Collection Set: 0.4ms
[2024-04-24T08:58:31.750+0000][gc,phases   ] GC(13)   Other: 0.1ms
[2024-04-24T08:58:31.750+0000][gc,heap     ] GC(13) Eden regions: 494->0(606)
[2024-04-24T08:58:31.750+0000][gc,heap     ] GC(13) Survivor regions: 6->8(63)
[2024-04-24T08:58:31.750+0000][gc,heap     ] GC(13) Old regions: 22->22
[2024-04-24T08:58:31.750+0000][gc,heap     ] GC(13) Archive regions: 2->2
[2024-04-24T08:58:31.750+0000][gc,heap     ] GC(13) Humongous regions: 129->129
[2024-04-24T08:58:31.750+0000][gc,metaspace] GC(13) Metaspace: 42528K(43072K)->42528K(43072K) NonClass: 37560K(37888K)->37560K(37888K) Class: 4967K(5184K)->4967K(5184K)
[2024-04-24T08:58:31.750+0000][gc          ] GC(13) Pause Young (Normal) (G1 Evacuation Pause) 650M->158M(1024M) 4.998ms
[2024-04-24T08:58:31.750+0000][gc,cpu      ] GC(13) User=0.03s Sys=0.00s Real=0.00s
[2024-04-24T08:58:35.302+0000][gc,start    ] GC(14) Pause Young (Normal) (G1 Evacuation Pause)
[2024-04-24T08:58:35.302+0000][gc,task     ] GC(14) Using 8 workers of 8 for evacuation
[2024-04-24T08:58:35.309+0000][gc,phases   ] GC(14)   Pre Evacuate Collection Set: 0.1ms
[2024-04-24T08:58:35.309+0000][gc,phases   ] GC(14)   Merge Heap Roots: 0.1ms
[2024-04-24T08:58:35.309+0000][gc,phases   ] GC(14)   Evacuate Collection Set: 5.6ms
[2024-04-24T08:58:35.309+0000][gc,phases   ] GC(14)   Post Evacuate Collection Set: 0.5ms
[2024-04-24T08:58:35.309+0000][gc,phases   ] GC(14)   Other: 0.2ms
[2024-04-24T08:58:35.309+0000][gc,heap     ] GC(14) Eden regions: 606->0(605)
[2024-04-24T08:58:35.309+0000][gc,heap     ] GC(14) Survivor regions: 8->9(77)
[2024-04-24T08:58:35.309+0000][gc,heap     ] GC(14) Old regions: 22->22
[2024-04-24T08:58:35.309+0000][gc,heap     ] GC(14) Archive regions: 2->2
[2024-04-24T08:58:35.309+0000][gc,heap     ] GC(14) Humongous regions: 129->129
[2024-04-24T08:58:35.309+0000][gc,metaspace] GC(14) Metaspace: 42529K(43072K)->42529K(43072K) NonClass: 37561K(37888K)->37561K(37888K) Class: 4967K(5184K)->4967K(5184K)
[2024-04-24T08:58:35.309+0000][gc          ] GC(14) Pause Young (Normal) (G1 Evacuation Pause) 764M->159M(1024M) 6.593ms
[2024-04-24T08:58:35.309+0000][gc,cpu      ] GC(14) User=0.03s Sys=0.01s Real=0.01s
[2024-04-24T08:58:38.404+0000][gc,start    ] GC(15) Pause Young (Normal) (G1 Evacuation Pause)
[2024-04-24T08:58:38.404+0000][gc,task     ] GC(15) Using 8 workers of 8 for evacuation
[2024-04-24T08:58:38.409+0000][gc,phases   ] GC(15)   Pre Evacuate Collection Set: 0.1ms
[2024-04-24T08:58:38.409+0000][gc,phases   ] GC(15)   Merge Heap Roots: 0.1ms
[2024-04-24T08:58:38.409+0000][gc,phases   ] GC(15)   Evacuate Collection Set: 4.6ms
[2024-04-24T08:58:38.409+0000][gc,phases   ] GC(15)   Post Evacuate Collection Set: 0.5ms
[2024-04-24T08:58:38.409+0000][gc,phases   ] GC(15)   Other: 0.1ms
[2024-04-24T08:58:38.409+0000][gc,heap     ] GC(15) Eden regions: 605->0(604)
[2024-04-24T08:58:38.409+0000][gc,heap     ] GC(15) Survivor regions: 9->10(77)
[2024-04-24T08:58:38.409+0000][gc,heap     ] GC(15) Old regions: 22->22
[2024-04-24T08:58:38.409+0000][gc,heap     ] GC(15) Archive regions: 2->2
[2024-04-24T08:58:38.409+0000][gc,heap     ] GC(15) Humongous regions: 129->129
[2024-04-24T08:58:38.409+0000][gc,metaspace] GC(15) Metaspace: 42529K(43072K)->42529K(43072K) NonClass: 37561K(37888K)->37561K(37888K) Class: 4967K(5184K)->4967K(5184K)
[2024-04-24T08:58:38.409+0000][gc          ] GC(15) Pause Young (Normal) (G1 Evacuation Pause) 764M->161M(1024M) 5.400ms
[2024-04-24T08:58:38.409+0000][gc,cpu      ] GC(15) User=0.03s Sys=0.00s Real=0.00s
[2024-04-24T08:58:41.565+0000][gc,start    ] GC(16) Pause Young (Normal) (G1 Evacuation Pause)
[2024-04-24T08:58:41.565+0000][gc,task     ] GC(16) Using 8 workers of 8 for evacuation
[2024-04-24T08:58:41.570+0000][gc,phases   ] GC(16)   Pre Evacuate Collection Set: 0.1ms
[2024-04-24T08:58:41.570+0000][gc,phases   ] GC(16)   Merge Heap Roots: 0.1ms
[2024-04-24T08:58:41.570+0000][gc,phases   ] GC(16)   Evacuate Collection Set: 4.6ms
[2024-04-24T08:58:41.570+0000][gc,phases   ] GC(16)   Post Evacuate Collection Set: 0.5ms
[2024-04-24T08:58:41.570+0000][gc,phases   ] GC(16)   Other: 0.1ms
[2024-04-24T08:58:41.570+0000][gc,heap     ] GC(16) Eden regions: 604->0(603)
[2024-04-24T08:58:41.570+0000][gc,heap     ] GC(16) Survivor regions: 10->11(77)
[2024-04-24T08:58:41.570+0000][gc,heap     ] GC(16) Old regions: 22->22
[2024-04-24T08:58:41.570+0000][gc,heap     ] GC(16) Archive regions: 2->2
[2024-04-24T08:58:41.570+0000][gc,heap     ] GC(16) Humongous regions: 129->129
[2024-04-24T08:58:41.570+0000][gc,metaspace] GC(16) Metaspace: 42529K(43072K)->42529K(43072K) NonClass: 37561K(37888K)->37561K(37888K) Class: 4967K(5184K)->4967K(5184K)
[2024-04-24T08:58:41.570+0000][gc          ] GC(16) Pause Young (Normal) (G1 Evacuation Pause) 765M->161M(1024M) 5.475ms
[2024-04-24T08:58:41.570+0000][gc,cpu      ] GC(16) User=0.03s Sys=0.01s Real=0.00s
[2024-04-24T08:58:44.715+0000][gc,start    ] GC(17) Pause Young (Normal) (G1 Evacuation Pause)
[2024-04-24T08:58:44.715+0000][gc,task     ] GC(17) Using 8 workers of 8 for evacuation
[2024-04-24T08:58:44.721+0000][gc,phases   ] GC(17)   Pre Evacuate Collection Set: 0.1ms
[2024-04-24T08:58:44.721+0000][gc,phases   ] GC(17)   Merge Heap Roots: 0.1ms
[2024-04-24T08:58:44.721+0000][gc,phases   ] GC(17)   Evacuate Collection Set: 4.9ms
[2024-04-24T08:58:44.721+0000][gc,phases   ] GC(17)   Post Evacuate Collection Set: 0.5ms
[2024-04-24T08:58:44.721+0000][gc,phases   ] GC(17)   Other: 0.1ms
[2024-04-24T08:58:44.721+0000][gc,heap     ] GC(17) Eden regions: 603->0(602)
[2024-04-24T08:58:44.721+0000][gc,heap     ] GC(17) Survivor regions: 11->12(77)
[2024-04-24T08:58:44.721+0000][gc,heap     ] GC(17) Old regions: 22->22
[2024-04-24T08:58:44.721+0000][gc,heap     ] GC(17) Archive regions: 2->2
[2024-04-24T08:58:44.721+0000][gc,heap     ] GC(17) Humongous regions: 129->129
[2024-04-24T08:58:44.721+0000][gc,metaspace] GC(17) Metaspace: 42530K(43072K)->42530K(43072K) NonClass: 37562K(37888K)->37562K(37888K) Class: 4967K(5184K)->4967K(5184K)
[2024-04-24T08:58:44.721+0000][gc          ] GC(17) Pause Young (Normal) (G1 Evacuation Pause) 764M->162M(1024M) 5.725ms
[2024-04-24T08:58:44.721+0000][gc,cpu      ] GC(17) User=0.04s Sys=0.00s Real=0.00s
[2024-04-24T08:58:49.218+0000][gc,start    ] GC(18) Pause Young (Normal) (G1 Evacuation Pause)
[2024-04-24T08:58:49.219+0000][gc,task     ] GC(18) Using 8 workers of 8 for evacuation
[2024-04-24T08:58:49.224+0000][gc,phases   ] GC(18)   Pre Evacuate Collection Set: 0.1ms
[2024-04-24T08:58:49.224+0000][gc,phases   ] GC(18)   Merge Heap Roots: 0.1ms
[2024-04-24T08:58:49.224+0000][gc,phases   ] GC(18)   Evacuate Collection Set: 5.1ms
[2024-04-24T08:58:49.224+0000][gc,phases   ] GC(18)   Post Evacuate Collection Set: 0.5ms
[2024-04-24T08:58:49.224+0000][gc,phases   ] GC(18)   Other: 0.1ms
[2024-04-24T08:58:49.224+0000][gc,heap     ] GC(18) Eden regions: 602->0(602)
[2024-04-24T08:58:49.224+0000][gc,heap     ] GC(18) Survivor regions: 12->12(77)
[2024-04-24T08:58:49.224+0000][gc,heap     ] GC(18) Old regions: 22->22
[2024-04-24T08:58:49.224+0000][gc,heap     ] GC(18) Archive regions: 2->2
[2024-04-24T08:58:49.224+0000][gc,heap     ] GC(18) Humongous regions: 129->129
[2024-04-24T08:58:49.224+0000][gc,metaspace] GC(18) Metaspace: 42533K(43072K)->42533K(43072K) NonClass: 37565K(37888K)->37565K(37888K) Class: 4967K(5184K)->4967K(5184K)
[2024-04-24T08:58:49.224+0000][gc          ] GC(18) Pause Young (Normal) (G1 Evacuation Pause) 764M->162M(1024M) 5.902ms
[2024-04-24T08:58:49.224+0000][gc,cpu      ] GC(18) User=0.03s Sys=0.00s Real=0.01s
[2024-04-24T08:58:52.403+0000][gc,start    ] GC(19) Pause Young (Normal) (G1 Evacuation Pause)
[2024-04-24T08:58:52.403+0000][gc,task     ] GC(19) Using 8 workers of 8 for evacuation
[2024-04-24T08:58:52.409+0000][gc,phases   ] GC(19)   Pre Evacuate Collection Set: 0.1ms
[2024-04-24T08:58:52.409+0000][gc,phases   ] GC(19)   Merge Heap Roots: 0.1ms
[2024-04-24T08:58:52.409+0000][gc,phases   ] GC(19)   Evacuate Collection Set: 5.4ms
[2024-04-24T08:58:52.409+0000][gc,phases   ] GC(19)   Post Evacuate Collection Set: 0.5ms
[2024-04-24T08:58:52.409+0000][gc,phases   ] GC(19)   Other: 0.1ms
[2024-04-24T08:58:52.409+0000][gc,heap     ] GC(19) Eden regions: 602->0(601)
[2024-04-24T08:58:52.409+0000][gc,heap     ] GC(19) Survivor regions: 12->13(77)
[2024-04-24T08:58:52.409+0000][gc,heap     ] GC(19) Old regions: 22->22
[2024-04-24T08:58:52.409+0000][gc,heap     ] GC(19) Archive regions: 2->2
[2024-04-24T08:58:52.409+0000][gc,heap     ] GC(19) Humongous regions: 129->129
[2024-04-24T08:58:52.409+0000][gc,metaspace] GC(19) Metaspace: 42535K(43072K)->42535K(43072K) NonClass: 37568K(37888K)->37568K(37888K) Class: 4967K(5184K)->4967K(5184K)
[2024-04-24T08:58:52.409+0000][gc          ] GC(19) Pause Young (Normal) (G1 Evacuation Pause) 764M->163M(1024M) 6.261ms
[2024-04-24T08:58:52.409+0000][gc,cpu      ] GC(19) User=0.03s Sys=0.00s Real=0.01s
[2024-04-24T08:58:55.591+0000][gc,start    ] GC(20) Pause Young (Normal) (G1 Evacuation Pause)
[2024-04-24T08:58:55.591+0000][gc,task     ] GC(20) Using 8 workers of 8 for evacuation
[2024-04-24T08:58:55.597+0000][gc,phases   ] GC(20)   Pre Evacuate Collection Set: 0.1ms
[2024-04-24T08:58:55.597+0000][gc,phases   ] GC(20)   Merge Heap Roots: 0.1ms
[2024-04-24T08:58:55.597+0000][gc,phases   ] GC(20)   Evacuate Collection Set: 5.3ms
[2024-04-24T08:58:55.597+0000][gc,phases   ] GC(20)   Post Evacuate Collection Set: 0.5ms
[2024-04-24T08:58:55.597+0000][gc,phases   ] GC(20)   Other: 0.1ms
[2024-04-24T08:58:55.597+0000][gc,heap     ] GC(20) Eden regions: 601->0(601)
[2024-04-24T08:58:55.597+0000][gc,heap     ] GC(20) Survivor regions: 13->13(77)
[2024-04-24T08:58:55.597+0000][gc,heap     ] GC(20) Old regions: 22->22
[2024-04-24T08:58:55.597+0000][gc,heap     ] GC(20) Archive regions: 2->2
[2024-04-24T08:58:55.597+0000][gc,heap     ] GC(20) Humongous regions: 129->129
[2024-04-24T08:58:55.597+0000][gc,metaspace] GC(20) Metaspace: 42536K(43072K)->42536K(43072K) NonClass: 37568K(37888K)->37568K(37888K) Class: 4967K(5184K)->4967K(5184K)
[2024-04-24T08:58:55.597+0000][gc          ] GC(20) Pause Young (Normal) (G1 Evacuation Pause) 764M->163M(1024M) 6.093ms
[2024-04-24T08:58:55.597+0000][gc,cpu      ] GC(20) User=0.03s Sys=0.00s Real=0.01s
[2024-04-24T08:58:58.702+0000][gc,start    ] GC(21) Pause Young (Normal) (G1 Evacuation Pause)
[2024-04-24T08:58:58.702+0000][gc,task     ] GC(21) Using 8 workers of 8 for evacuation
[2024-04-24T08:58:58.709+0000][gc,phases   ] GC(21)   Pre Evacuate Collection Set: 0.1ms
[2024-04-24T08:58:58.709+0000][gc,phases   ] GC(21)   Merge Heap Roots: 0.1ms
[2024-04-24T08:58:58.709+0000][gc,phases   ] GC(21)   Evacuate Collection Set: 5.9ms
[2024-04-24T08:58:58.709+0000][gc,phases   ] GC(21)   Post Evacuate Collection Set: 0.5ms
[2024-04-24T08:58:58.709+0000][gc,phases   ] GC(21)   Other: 0.1ms
[2024-04-24T08:58:58.709+0000][gc,heap     ] GC(21) Eden regions: 601->0(601)
[2024-04-24T08:58:58.709+0000][gc,heap     ] GC(21) Survivor regions: 13->13(77)
[2024-04-24T08:58:58.709+0000][gc,heap     ] GC(21) Old regions: 22->22
[2024-04-24T08:58:58.709+0000][gc,heap     ] GC(21) Archive regions: 2->2
[2024-04-24T08:58:58.709+0000][gc,heap     ] GC(21) Humongous regions: 129->129
[2024-04-24T08:58:58.709+0000][gc,metaspace] GC(21) Metaspace: 42536K(43072K)->42536K(43072K) NonClass: 37568K(37888K)->37568K(37888K) Class: 4967K(5184K)->4967K(5184K)
[2024-04-24T08:58:58.709+0000][gc          ] GC(21) Pause Young (Normal) (G1 Evacuation Pause) 764M->164M(1024M) 6.648ms
[2024-04-24T08:58:58.709+0000][gc,cpu      ] GC(21) User=0.03s Sys=0.00s Real=0.01s
[2024-04-24T08:59:01.879+0000][gc,start    ] GC(22) Pause Young (Normal) (G1 Evacuation Pause)
[2024-04-24T08:59:01.879+0000][gc,task     ] GC(22) Using 8 workers of 8 for evacuation
[2024-04-24T08:59:01.885+0000][gc,phases   ] GC(22)   Pre Evacuate Collection Set: 0.1ms
[2024-04-24T08:59:01.885+0000][gc,phases   ] GC(22)   Merge Heap Roots: 0.1ms
[2024-04-24T08:59:01.885+0000][gc,phases   ] GC(22)   Evacuate Collection Set: 5.6ms
[2024-04-24T08:59:01.885+0000][gc,phases   ] GC(22)   Post Evacuate Collection Set: 0.5ms
[2024-04-24T08:59:01.885+0000][gc,phases   ] GC(22)   Other: 0.1ms
[2024-04-24T08:59:01.885+0000][gc,heap     ] GC(22) Eden regions: 601->0(601)
[2024-04-24T08:59:01.885+0000][gc,heap     ] GC(22) Survivor regions: 13->13(77)
[2024-04-24T08:59:01.885+0000][gc,heap     ] GC(22) Old regions: 22->22
[2024-04-24T08:59:01.885+0000][gc,heap     ] GC(22) Archive regions: 2->2
[2024-04-24T08:59:01.885+0000][gc,heap     ] GC(22) Humongous regions: 129->129
[2024-04-24T08:59:01.885+0000][gc,metaspace] GC(22) Metaspace: 42536K(43072K)->42536K(43072K) NonClass: 37568K(37888K)->37568K(37888K) Class: 4967K(5184K)->4967K(5184K)
[2024-04-24T08:59:01.885+0000][gc          ] GC(22) Pause Young (Normal) (G1 Evacuation Pause) 765M->164M(1024M) 6.403ms
[2024-04-24T08:59:01.885+0000][gc,cpu      ] GC(22) User=0.03s Sys=0.00s Real=0.01s
[2024-04-24T08:59:05.029+0000][gc,start    ] GC(23) Pause Young (Normal) (G1 Evacuation Pause)
[2024-04-24T08:59:05.029+0000][gc,task     ] GC(23) Using 8 workers of 8 for evacuation
[2024-04-24T08:59:05.035+0000][gc,phases   ] GC(23)   Pre Evacuate Collection Set: 0.1ms
[2024-04-24T08:59:05.035+0000][gc,phases   ] GC(23)   Merge Heap Roots: 0.1ms
[2024-04-24T08:59:05.035+0000][gc,phases   ] GC(23)   Evacuate Collection Set: 5.6ms
[2024-04-24T08:59:05.035+0000][gc,phases   ] GC(23)   Post Evacuate Collection Set: 0.5ms
[2024-04-24T08:59:05.035+0000][gc,phases   ] GC(23)   Other: 0.1ms
[2024-04-24T08:59:05.035+0000][gc,heap     ] GC(23) Eden regions: 601->0(601)
[2024-04-24T08:59:05.035+0000][gc,heap     ] GC(23) Survivor regions: 13->13(77)
[2024-04-24T08:59:05.035+0000][gc,heap     ] GC(23) Old regions: 22->23
[2024-04-24T08:59:05.035+0000][gc,heap     ] GC(23) Archive regions: 2->2
[2024-04-24T08:59:05.035+0000][gc,heap     ] GC(23) Humongous regions: 129->129
[2024-04-24T08:59:05.035+0000][gc,metaspace] GC(23) Metaspace: 42539K(43072K)->42539K(43072K) NonClass: 37571K(37888K)->37571K(37888K) Class: 4967K(5184K)->4967K(5184K)
[2024-04-24T08:59:05.035+0000][gc          ] GC(23) Pause Young (Normal) (G1 Evacuation Pause) 765M->164M(1024M) 6.472ms
[2024-04-24T08:59:05.035+0000][gc,cpu      ] GC(23) User=0.03s Sys=0.00s Real=0.01s
[2024-04-24T08:59:08.162+0000][gc,start    ] GC(24) Pause Young (Normal) (G1 Evacuation Pause)
[2024-04-24T08:59:08.162+0000][gc,task     ] GC(24) Using 8 workers of 8 for evacuation
[2024-04-24T08:59:08.169+0000][gc,phases   ] GC(24)   Pre Evacuate Collection Set: 0.1ms
[2024-04-24T08:59:08.169+0000][gc,phases   ] GC(24)   Merge Heap Roots: 0.1ms
[2024-04-24T08:59:08.169+0000][gc,phases   ] GC(24)   Evacuate Collection Set: 6.0ms
[2024-04-24T08:59:08.169+0000][gc,phases   ] GC(24)   Post Evacuate Collection Set: 0.5ms
[2024-04-24T08:59:08.169+0000][gc,phases   ] GC(24)   Other: 0.1ms
[2024-04-24T08:59:08.169+0000][gc,heap     ] GC(24) Eden regions: 601->0(602)
[2024-04-24T08:59:08.169+0000][gc,heap     ] GC(24) Survivor regions: 13->12(77)
[2024-04-24T08:59:08.169+0000][gc,heap     ] GC(24) Old regions: 23->23
[2024-04-24T08:59:08.169+0000][gc,heap     ] GC(24) Archive regions: 2->2
[2024-04-24T08:59:08.169+0000][gc,heap     ] GC(24) Humongous regions: 129->129
[2024-04-24T08:59:08.169+0000][gc,metaspace] GC(24) Metaspace: 42541K(43072K)->42541K(43072K) NonClass: 37574K(37888K)->37574K(37888K) Class: 4967K(5184K)->4967K(5184K)
[2024-04-24T08:59:08.169+0000][gc          ] GC(24) Pause Young (Normal) (G1 Evacuation Pause) 765M->164M(1024M) 6.814ms
[2024-04-24T08:59:08.169+0000][gc,cpu      ] GC(24) User=0.03s Sys=0.00s Real=0.01s
[2024-04-24T08:59:11.397+0000][gc,start    ] GC(25) Pause Young (Normal) (G1 Evacuation Pause)
[2024-04-24T08:59:11.397+0000][gc,task     ] GC(25) Using 8 workers of 8 for evacuation
[2024-04-24T08:59:11.403+0000][gc,phases   ] GC(25)   Pre Evacuate Collection Set: 0.1ms
[2024-04-24T08:59:11.403+0000][gc,phases   ] GC(25)   Merge Heap Roots: 0.1ms
[2024-04-24T08:59:11.403+0000][gc,phases   ] GC(25)   Evacuate Collection Set: 5.8ms
[2024-04-24T08:59:11.403+0000][gc,phases   ] GC(25)   Post Evacuate Collection Set: 0.5ms
[2024-04-24T08:59:11.403+0000][gc,phases   ] GC(25)   Other: 0.1ms
[2024-04-24T08:59:11.403+0000][gc,heap     ] GC(25) Eden regions: 602->0(602)
[2024-04-24T08:59:11.403+0000][gc,heap     ] GC(25) Survivor regions: 12->12(77)
[2024-04-24T08:59:11.403+0000][gc,heap     ] GC(25) Old regions: 23->25
[2024-04-24T08:59:11.403+0000][gc,heap     ] GC(25) Archive regions: 2->2
[2024-04-24T08:59:11.403+0000][gc,heap     ] GC(25) Humongous regions: 129->129
[2024-04-24T08:59:11.403+0000][gc,metaspace] GC(25) Metaspace: 42542K(43072K)->42542K(43072K) NonClass: 37574K(37888K)->37574K(37888K) Class: 4967K(5184K)->4967K(5184K)
[2024-04-24T08:59:11.403+0000][gc          ] GC(25) Pause Young (Normal) (G1 Evacuation Pause) 766M->165M(1024M) 6.647ms
[2024-04-24T08:59:11.403+0000][gc,cpu      ] GC(25) User=0.03s Sys=0.01s Real=0.00s
[2024-04-24T08:59:14.548+0000][gc,start    ] GC(26) Pause Young (Normal) (G1 Evacuation Pause)
[2024-04-24T08:59:14.548+0000][gc,task     ] GC(26) Using 8 workers of 8 for evacuation
[2024-04-24T08:59:14.555+0000][gc,phases   ] GC(26)   Pre Evacuate Collection Set: 0.1ms
[2024-04-24T08:59:14.555+0000][gc,phases   ] GC(26)   Merge Heap Roots: 0.1ms
[2024-04-24T08:59:14.555+0000][gc,phases   ] GC(26)   Evacuate Collection Set: 5.5ms
[2024-04-24T08:59:14.555+0000][gc,phases   ] GC(26)   Post Evacuate Collection Set: 0.5ms
[2024-04-24T08:59:14.555+0000][gc,phases   ] GC(26)   Other: 0.1ms
[2024-04-24T08:59:14.555+0000][gc,heap     ] GC(26) Eden regions: 602->0(604)
[2024-04-24T08:59:14.555+0000][gc,heap     ] GC(26) Survivor regions: 12->10(77)
[2024-04-24T08:59:14.555+0000][gc,heap     ] GC(26) Old regions: 25->26
[2024-04-24T08:59:14.555+0000][gc,heap     ] GC(26) Archive regions: 2->2
[2024-04-24T08:59:14.555+0000][gc,heap     ] GC(26) Humongous regions: 129->129
[2024-04-24T08:59:14.555+0000][gc,metaspace] GC(26) Metaspace: 42543K(43072K)->42543K(43072K) NonClass: 37575K(37888K)->37575K(37888K) Class: 4967K(5184K)->4967K(5184K)
[2024-04-24T08:59:14.555+0000][gc          ] GC(26) Pause Young (Normal) (G1 Evacuation Pause) 767M->165M(1024M) 6.362ms
[2024-04-24T08:59:14.555+0000][gc,cpu      ] GC(26) User=0.03s Sys=0.00s Real=0.01s
[2024-04-24T08:59:17.755+0000][gc,start    ] GC(27) Pause Young (Normal) (G1 Evacuation Pause)
[2024-04-24T08:59:17.755+0000][gc,task     ] GC(27) Using 8 workers of 8 for evacuation
[2024-04-24T08:59:17.761+0000][gc,phases   ] GC(27)   Pre Evacuate Collection Set: 0.1ms
[2024-04-24T08:59:17.761+0000][gc,phases   ] GC(27)   Merge Heap Roots: 0.1ms
[2024-04-24T08:59:17.761+0000][gc,phases   ] GC(27)   Evacuate Collection Set: 5.1ms
[2024-04-24T08:59:17.761+0000][gc,phases   ] GC(27)   Post Evacuate Collection Set: 0.5ms
[2024-04-24T08:59:17.761+0000][gc,phases   ] GC(27)   Other: 0.1ms
[2024-04-24T08:59:17.761+0000][gc,heap     ] GC(27) Eden regions: 604->0(605)
[2024-04-24T08:59:17.761+0000][gc,heap     ] GC(27) Survivor regions: 10->9(77)
[2024-04-24T08:59:17.761+0000][gc,heap     ] GC(27) Old regions: 26->27
[2024-04-24T08:59:17.761+0000][gc,heap     ] GC(27) Archive regions: 2->2
[2024-04-24T08:59:17.761+0000][gc,heap     ] GC(27) Humongous regions: 129->129
[2024-04-24T08:59:17.761+0000][gc,metaspace] GC(27) Metaspace: 42544K(43072K)->42544K(43072K) NonClass: 37577K(37888K)->37577K(37888K) Class: 4967K(5184K)->4967K(5184K)
[2024-04-24T08:59:17.761+0000][gc          ] GC(27) Pause Young (Normal) (G1 Evacuation Pause) 769M->165M(1024M) 6.026ms
[2024-04-24T08:59:17.761+0000][gc,cpu      ] GC(27) User=0.03s Sys=0.00s Real=0.00s
[2024-04-24T09:04:12.382+0000][gc,start    ] GC(28) Pause Young (Normal) (G1 Evacuation Pause)
[2024-04-24T09:04:12.382+0000][gc,task     ] GC(28) Using 8 workers of 8 for evacuation
[2024-04-24T09:04:12.388+0000][gc,phases   ] GC(28)   Pre Evacuate Collection Set: 0.1ms
[2024-04-24T09:04:12.388+0000][gc,phases   ] GC(28)   Merge Heap Roots: 0.1ms
[2024-04-24T09:04:12.388+0000][gc,phases   ] GC(28)   Evacuate Collection Set: 4.7ms
[2024-04-24T09:04:12.388+0000][gc,phases   ] GC(28)   Post Evacuate Collection Set: 0.5ms
[2024-04-24T09:04:12.388+0000][gc,phases   ] GC(28)   Other: 0.1ms
[2024-04-24T09:04:12.388+0000][gc,heap     ] GC(28) Eden regions: 605->0(605)
[2024-04-24T09:04:12.388+0000][gc,heap     ] GC(28) Survivor regions: 9->9(77)
[2024-04-24T09:04:12.388+0000][gc,heap     ] GC(28) Old regions: 27->29
[2024-04-24T09:04:12.388+0000][gc,heap     ] GC(28) Archive regions: 2->2
[2024-04-24T09:04:12.388+0000][gc,heap     ] GC(28) Humongous regions: 129->129
[2024-04-24T09:04:12.388+0000][gc,metaspace] GC(28) Metaspace: 42793K(43392K)->42793K(43392K) NonClass: 37779K(38144K)->37779K(38144K) Class: 5013K(5248K)->5013K(5248K)
[2024-04-24T09:04:12.388+0000][gc          ] GC(28) Pause Young (Normal) (G1 Evacuation Pause) 770M->166M(1024M) 5.521ms
[2024-04-24T09:04:12.388+0000][gc,cpu      ] GC(28) User=0.03s Sys=0.01s Real=0.01s
[2024-04-24T09:04:15.558+0000][gc,start    ] GC(29) Pause Young (Normal) (G1 Evacuation Pause)
[2024-04-24T09:04:15.558+0000][gc,task     ] GC(29) Using 8 workers of 8 for evacuation
[2024-04-24T09:04:15.563+0000][gc,phases   ] GC(29)   Pre Evacuate Collection Set: 0.1ms
[2024-04-24T09:04:15.563+0000][gc,phases   ] GC(29)   Merge Heap Roots: 0.1ms
[2024-04-24T09:04:15.563+0000][gc,phases   ] GC(29)   Evacuate Collection Set: 4.3ms
[2024-04-24T09:04:15.563+0000][gc,phases   ] GC(29)   Post Evacuate Collection Set: 0.4ms
[2024-04-24T09:04:15.563+0000][gc,phases   ] GC(29)   Other: 0.1ms
[2024-04-24T09:04:15.563+0000][gc,heap     ] GC(29) Eden regions: 605->0(605)
[2024-04-24T09:04:15.563+0000][gc,heap     ] GC(29) Survivor regions: 9->9(77)
[2024-04-24T09:04:15.563+0000][gc,heap     ] GC(29) Old regions: 29->30
[2024-04-24T09:04:15.563+0000][gc,heap     ] GC(29) Archive regions: 2->2
[2024-04-24T09:04:15.563+0000][gc,heap     ] GC(29) Humongous regions: 129->129
[2024-04-24T09:04:15.563+0000][gc,metaspace] GC(29) Metaspace: 42793K(43392K)->42793K(43392K) NonClass: 37779K(38144K)->37779K(38144K) Class: 5013K(5248K)->5013K(5248K)
[2024-04-24T09:04:15.563+0000][gc          ] GC(29) Pause Young (Normal) (G1 Evacuation Pause) 771M->168M(1024M) 5.111ms
[2024-04-24T09:04:15.563+0000][gc,cpu      ] GC(29) User=0.03s Sys=0.00s Real=0.00s
[2024-04-24T09:04:18.801+0000][gc,start    ] GC(30) Pause Young (Normal) (G1 Evacuation Pause)
[2024-04-24T09:04:18.801+0000][gc,task     ] GC(30) Using 8 workers of 8 for evacuation
[2024-04-24T09:04:18.806+0000][gc,phases   ] GC(30)   Pre Evacuate Collection Set: 0.1ms
[2024-04-24T09:04:18.806+0000][gc,phases   ] GC(30)   Merge Heap Roots: 0.1ms
[2024-04-24T09:04:18.806+0000][gc,phases   ] GC(30)   Evacuate Collection Set: 4.0ms
[2024-04-24T09:04:18.806+0000][gc,phases   ] GC(30)   Post Evacuate Collection Set: 0.4ms
[2024-04-24T09:04:18.806+0000][gc,phases   ] GC(30)   Other: 0.1ms
[2024-04-24T09:04:18.806+0000][gc,heap     ] GC(30) Eden regions: 605->0(606)
[2024-04-24T09:04:18.806+0000][gc,heap     ] GC(30) Survivor regions: 9->8(77)
[2024-04-24T09:04:18.806+0000][gc,heap     ] GC(30) Old regions: 30->32
[2024-04-24T09:04:18.806+0000][gc,heap     ] GC(30) Archive regions: 2->2
[2024-04-24T09:04:18.806+0000][gc,heap     ] GC(30) Humongous regions: 129->129
[2024-04-24T09:04:18.806+0000][gc,metaspace] GC(30) Metaspace: 42793K(43392K)->42793K(43392K) NonClass: 37780K(38144K)->37780K(38144K) Class: 5013K(5248K)->5013K(5248K)
[2024-04-24T09:04:18.806+0000][gc          ] GC(30) Pause Young (Normal) (G1 Evacuation Pause) 773M->168M(1024M) 4.756ms
[2024-04-24T09:04:18.806+0000][gc,cpu      ] GC(30) User=0.03s Sys=0.00s Real=0.01s
[2024-04-24T09:04:22.034+0000][gc,start    ] GC(31) Pause Young (Normal) (G1 Evacuation Pause)
[2024-04-24T09:04:22.034+0000][gc,task     ] GC(31) Using 8 workers of 8 for evacuation
[2024-04-24T09:04:22.038+0000][gc,phases   ] GC(31)   Pre Evacuate Collection Set: 0.1ms
[2024-04-24T09:04:22.038+0000][gc,phases   ] GC(31)   Merge Heap Roots: 0.1ms
[2024-04-24T09:04:22.038+0000][gc,phases   ] GC(31)   Evacuate Collection Set: 3.5ms
[2024-04-24T09:04:22.039+0000][gc,phases   ] GC(31)   Post Evacuate Collection Set: 0.4ms
[2024-04-24T09:04:22.039+0000][gc,phases   ] GC(31)   Other: 0.1ms
[2024-04-24T09:04:22.039+0000][gc,heap     ] GC(31) Eden regions: 606->0(606)
[2024-04-24T09:04:22.039+0000][gc,heap     ] GC(31) Survivor regions: 8->8(77)
[2024-04-24T09:04:22.039+0000][gc,heap     ] GC(31) Old regions: 32->32
[2024-04-24T09:04:22.039+0000][gc,heap     ] GC(31) Archive regions: 2->2
[2024-04-24T09:04:22.039+0000][gc,heap     ] GC(31) Humongous regions: 129->129
[2024-04-24T09:04:22.039+0000][gc,metaspace] GC(31) Metaspace: 42793K(43392K)->42793K(43392K) NonClass: 37780K(38144K)->37780K(38144K) Class: 5013K(5248K)->5013K(5248K)
[2024-04-24T09:04:22.039+0000][gc          ] GC(31) Pause Young (Normal) (G1 Evacuation Pause) 774M->169M(1024M) 4.305ms
[2024-04-24T09:04:22.039+0000][gc,cpu      ] GC(31) User=0.03s Sys=0.00s Real=0.00s
[2024-04-24T09:04:25.186+0000][gc,start    ] GC(32) Pause Young (Normal) (G1 Evacuation Pause)
[2024-04-24T09:04:25.186+0000][gc,task     ] GC(32) Using 8 workers of 8 for evacuation
[2024-04-24T09:04:25.190+0000][gc,phases   ] GC(32)   Pre Evacuate Collection Set: 0.1ms
[2024-04-24T09:04:25.190+0000][gc,phases   ] GC(32)   Merge Heap Roots: 0.1ms
[2024-04-24T09:04:25.190+0000][gc,phases   ] GC(32)   Evacuate Collection Set: 3.5ms
[2024-04-24T09:04:25.190+0000][gc,phases   ] GC(32)   Post Evacuate Collection Set: 0.4ms
[2024-04-24T09:04:25.190+0000][gc,phases   ] GC(32)   Other: 0.1ms
[2024-04-24T09:04:25.190+0000][gc,heap     ] GC(32) Eden regions: 606->0(606)
[2024-04-24T09:04:25.190+0000][gc,heap     ] GC(32) Survivor regions: 8->8(77)
[2024-04-24T09:04:25.190+0000][gc,heap     ] GC(32) Old regions: 32->33
[2024-04-24T09:04:25.190+0000][gc,heap     ] GC(32) Archive regions: 2->2
[2024-04-24T09:04:25.190+0000][gc,heap     ] GC(32) Humongous regions: 129->129
[2024-04-24T09:04:25.190+0000][gc,metaspace] GC(32) Metaspace: 42796K(43392K)->42796K(43392K) NonClass: 37782K(38144K)->37782K(38144K) Class: 5013K(5248K)->5013K(5248K)
[2024-04-24T09:04:25.190+0000][gc          ] GC(32) Pause Young (Normal) (G1 Evacuation Pause) 775M->169M(1024M) 4.254ms
[2024-04-24T09:04:25.190+0000][gc,cpu      ] GC(32) User=0.03s Sys=0.00s Real=0.00s
[2024-04-24T09:04:28.495+0000][gc,start    ] GC(33) Pause Young (Normal) (G1 Evacuation Pause)
[2024-04-24T09:04:28.495+0000][gc,task     ] GC(33) Using 8 workers of 8 for evacuation
[2024-04-24T09:04:28.500+0000][gc,phases   ] GC(33)   Pre Evacuate Collection Set: 0.1ms
[2024-04-24T09:04:28.500+0000][gc,phases   ] GC(33)   Merge Heap Roots: 0.1ms
[2024-04-24T09:04:28.500+0000][gc,phases   ] GC(33)   Evacuate Collection Set: 3.4ms
[2024-04-24T09:04:28.500+0000][gc,phases   ] GC(33)   Post Evacuate Collection Set: 0.4ms
[2024-04-24T09:04:28.500+0000][gc,phases   ] GC(33)   Other: 0.1ms
[2024-04-24T09:04:28.500+0000][gc,heap     ] GC(33) Eden regions: 606->0(607)
[2024-04-24T09:04:28.500+0000][gc,heap     ] GC(33) Survivor regions: 8->7(77)
[2024-04-24T09:04:28.500+0000][gc,heap     ] GC(33) Old regions: 33->33
[2024-04-24T09:04:28.500+0000][gc,heap     ] GC(33) Archive regions: 2->2
[2024-04-24T09:04:28.500+0000][gc,heap     ] GC(33) Humongous regions: 129->129
[2024-04-24T09:04:28.500+0000][gc,metaspace] GC(33) Metaspace: 42796K(43392K)->42796K(43392K) NonClass: 37782K(38144K)->37782K(38144K) Class: 5013K(5248K)->5013K(5248K)
[2024-04-24T09:04:28.500+0000][gc          ] GC(33) Pause Young (Normal) (G1 Evacuation Pause) 775M->169M(1024M) 4.220ms
[2024-04-24T09:04:28.500+0000][gc,cpu      ] GC(33) User=0.03s Sys=0.00s Real=0.00s
[2024-04-24T09:04:31.744+0000][gc,start    ] GC(34) Pause Young (Normal) (G1 Evacuation Pause)
[2024-04-24T09:04:31.744+0000][gc,task     ] GC(34) Using 8 workers of 8 for evacuation
[2024-04-24T09:04:31.748+0000][gc,phases   ] GC(34)   Pre Evacuate Collection Set: 0.1ms
[2024-04-24T09:04:31.748+0000][gc,phases   ] GC(34)   Merge Heap Roots: 0.1ms
[2024-04-24T09:04:31.748+0000][gc,phases   ] GC(34)   Evacuate Collection Set: 3.3ms
[2024-04-24T09:04:31.748+0000][gc,phases   ] GC(34)   Post Evacuate Collection Set: 0.5ms
[2024-04-24T09:04:31.748+0000][gc,phases   ] GC(34)   Other: 0.1ms
[2024-04-24T09:04:31.748+0000][gc,heap     ] GC(34) Eden regions: 607->0(607)
[2024-04-24T09:04:31.748+0000][gc,heap     ] GC(34) Survivor regions: 7->7(77)
[2024-04-24T09:04:31.748+0000][gc,heap     ] GC(34) Old regions: 33->34
[2024-04-24T09:04:31.748+0000][gc,heap     ] GC(34) Archive regions: 2->2
[2024-04-24T09:04:31.748+0000][gc,heap     ] GC(34) Humongous regions: 129->129
[2024-04-24T09:04:31.748+0000][gc,metaspace] GC(34) Metaspace: 42796K(43392K)->42796K(43392K) NonClass: 37782K(38144K)->37782K(38144K) Class: 5013K(5248K)->5013K(5248K)
[2024-04-24T09:04:31.748+0000][gc          ] GC(34) Pause Young (Normal) (G1 Evacuation Pause) 776M->169M(1024M) 4.184ms
[2024-04-24T09:04:31.748+0000][gc,cpu      ] GC(34) User=0.02s Sys=0.01s Real=0.00s
[2024-04-24T09:04:34.883+0000][gc,start    ] GC(35) Pause Young (Normal) (G1 Evacuation Pause)
[2024-04-24T09:04:34.883+0000][gc,task     ] GC(35) Using 8 workers of 8 for evacuation
[2024-04-24T09:04:34.887+0000][gc,phases   ] GC(35)   Pre Evacuate Collection Set: 0.1ms
[2024-04-24T09:04:34.887+0000][gc,phases   ] GC(35)   Merge Heap Roots: 0.1ms
[2024-04-24T09:04:34.887+0000][gc,phases   ] GC(35)   Evacuate Collection Set: 3.2ms
[2024-04-24T09:04:34.887+0000][gc,phases   ] GC(35)   Post Evacuate Collection Set: 0.4ms
[2024-04-24T09:04:34.887+0000][gc,phases   ] GC(35)   Other: 0.1ms
[2024-04-24T09:04:34.887+0000][gc,heap     ] GC(35) Eden regions: 607->0(607)
[2024-04-24T09:04:34.887+0000][gc,heap     ] GC(35) Survivor regions: 7->7(77)
[2024-04-24T09:04:34.887+0000][gc,heap     ] GC(35) Old regions: 34->34
[2024-04-24T09:04:34.887+0000][gc,heap     ] GC(35) Archive regions: 2->2
[2024-04-24T09:04:34.887+0000][gc,heap     ] GC(35) Humongous regions: 129->129
[2024-04-24T09:04:34.887+0000][gc,metaspace] GC(35) Metaspace: 42796K(43392K)->42796K(43392K) NonClass: 37782K(38144K)->37782K(38144K) Class: 5013K(5248K)->5013K(5248K)
[2024-04-24T09:04:34.887+0000][gc          ] GC(35) Pause Young (Normal) (G1 Evacuation Pause) 776M->170M(1024M) 3.982ms
[2024-04-24T09:04:34.887+0000][gc,cpu      ] GC(35) User=0.03s Sys=0.00s Real=0.01s
[2024-04-24T09:04:38.027+0000][gc,start    ] GC(36) Pause Young (Normal) (G1 Evacuation Pause)
[2024-04-24T09:04:38.027+0000][gc,task     ] GC(36) Using 8 workers of 8 for evacuation
[2024-04-24T09:04:38.031+0000][gc,phases   ] GC(36)   Pre Evacuate Collection Set: 0.1ms
[2024-04-24T09:04:38.031+0000][gc,phases   ] GC(36)   Merge Heap Roots: 0.1ms
[2024-04-24T09:04:38.031+0000][gc,phases   ] GC(36)   Evacuate Collection Set: 3.1ms
[2024-04-24T09:04:38.031+0000][gc,phases   ] GC(36)   Post Evacuate Collection Set: 0.4ms
[2024-04-24T09:04:38.031+0000][gc,phases   ] GC(36)   Other: 0.1ms
[2024-04-24T09:04:38.031+0000][gc,heap     ] GC(36) Eden regions: 607->0(607)
[2024-04-24T09:04:38.031+0000][gc,heap     ] GC(36) Survivor regions: 7->7(77)
[2024-04-24T09:04:38.031+0000][gc,heap     ] GC(36) Old regions: 34->35
[2024-04-24T09:04:38.031+0000][gc,heap     ] GC(36) Archive regions: 2->2
[2024-04-24T09:04:38.031+0000][gc,heap     ] GC(36) Humongous regions: 129->129
[2024-04-24T09:04:38.031+0000][gc,metaspace] GC(36) Metaspace: 42796K(43392K)->42796K(43392K) NonClass: 37782K(38144K)->37782K(38144K) Class: 5013K(5248K)->5013K(5248K)
[2024-04-24T09:04:38.031+0000][gc          ] GC(36) Pause Young (Normal) (G1 Evacuation Pause) 777M->170M(1024M) 3.843ms
[2024-04-24T09:04:38.031+0000][gc,cpu      ] GC(36) User=0.02s Sys=0.00s Real=0.00s
[2024-04-24T09:04:41.291+0000][gc,start    ] GC(37) Pause Young (Normal) (G1 Evacuation Pause)
[2024-04-24T09:04:41.291+0000][gc,task     ] GC(37) Using 8 workers of 8 for evacuation
[2024-04-24T09:04:41.294+0000][gc,phases   ] GC(37)   Pre Evacuate Collection Set: 0.1ms
[2024-04-24T09:04:41.294+0000][gc,phases   ] GC(37)   Merge Heap Roots: 0.1ms
[2024-04-24T09:04:41.294+0000][gc,phases   ] GC(37)   Evacuate Collection Set: 2.9ms
[2024-04-24T09:04:41.294+0000][gc,phases   ] GC(37)   Post Evacuate Collection Set: 0.4ms
[2024-04-24T09:04:41.294+0000][gc,phases   ] GC(37)   Other: 0.1ms
[2024-04-24T09:04:41.294+0000][gc,heap     ] GC(37) Eden regions: 607->0(608)
[2024-04-24T09:04:41.294+0000][gc,heap     ] GC(37) Survivor regions: 7->6(77)
[2024-04-24T09:04:41.294+0000][gc,heap     ] GC(37) Old regions: 35->35
[2024-04-24T09:04:41.294+0000][gc,heap     ] GC(37) Archive regions: 2->2
[2024-04-24T09:04:41.294+0000][gc,heap     ] GC(37) Humongous regions: 129->129
[2024-04-24T09:04:41.294+0000][gc,metaspace] GC(37) Metaspace: 42796K(43392K)->42796K(43392K) NonClass: 37782K(38144K)->37782K(38144K) Class: 5013K(5248K)->5013K(5248K)
[2024-04-24T09:04:41.294+0000][gc          ] GC(37) Pause Young (Normal) (G1 Evacuation Pause) 777M->170M(1024M) 3.704ms
[2024-04-24T09:04:41.294+0000][gc,cpu      ] GC(37) User=0.03s Sys=0.00s Real=0.01s
[2024-04-24T09:04:44.634+0000][gc,start    ] GC(38) Pause Young (Normal) (G1 Evacuation Pause)
[2024-04-24T09:04:44.634+0000][gc,task     ] GC(38) Using 8 workers of 8 for evacuation
[2024-04-24T09:04:44.639+0000][gc,phases   ] GC(38)   Pre Evacuate Collection Set: 0.1ms
[2024-04-24T09:04:44.639+0000][gc,phases   ] GC(38)   Merge Heap Roots: 0.1ms
[2024-04-24T09:04:44.639+0000][gc,phases   ] GC(38)   Evacuate Collection Set: 3.9ms
[2024-04-24T09:04:44.639+0000][gc,phases   ] GC(38)   Post Evacuate Collection Set: 0.4ms
[2024-04-24T09:04:44.639+0000][gc,phases   ] GC(38)   Other: 0.1ms
[2024-04-24T09:04:44.639+0000][gc,heap     ] GC(38) Eden regions: 608->0(608)
[2024-04-24T09:04:44.639+0000][gc,heap     ] GC(38) Survivor regions: 6->6(77)
[2024-04-24T09:04:44.639+0000][gc,heap     ] GC(38) Old regions: 35->35
[2024-04-24T09:04:44.639+0000][gc,heap     ] GC(38) Archive regions: 2->2
[2024-04-24T09:04:44.639+0000][gc,heap     ] GC(38) Humongous regions: 129->129
[2024-04-24T09:04:44.639+0000][gc,metaspace] GC(38) Metaspace: 42796K(43392K)->42796K(43392K) NonClass: 37782K(38144K)->37782K(38144K) Class: 5013K(5248K)->5013K(5248K)
[2024-04-24T09:04:44.639+0000][gc          ] GC(38) Pause Young (Normal) (G1 Evacuation Pause) 778M->170M(1024M) 4.700ms
[2024-04-24T09:04:44.639+0000][gc,cpu      ] GC(38) User=0.02s Sys=0.00s Real=0.00s
[2024-04-24T09:04:47.834+0000][gc,start    ] GC(39) Pause Young (Normal) (G1 Evacuation Pause)
[2024-04-24T09:04:47.834+0000][gc,task     ] GC(39) Using 8 workers of 8 for evacuation
[2024-04-24T09:04:47.837+0000][gc,phases   ] GC(39)   Pre Evacuate Collection Set: 0.1ms
[2024-04-24T09:04:47.837+0000][gc,phases   ] GC(39)   Merge Heap Roots: 0.1ms
[2024-04-24T09:04:47.837+0000][gc,phases   ] GC(39)   Evacuate Collection Set: 2.9ms
[2024-04-24T09:04:47.837+0000][gc,phases   ] GC(39)   Post Evacuate Collection Set: 0.4ms
[2024-04-24T09:04:47.837+0000][gc,phases   ] GC(39)   Other: 0.1ms
[2024-04-24T09:04:47.837+0000][gc,heap     ] GC(39) Eden regions: 608->0(608)
[2024-04-24T09:04:47.837+0000][gc,heap     ] GC(39) Survivor regions: 6->6(77)
[2024-04-24T09:04:47.837+0000][gc,heap     ] GC(39) Old regions: 35->36
[2024-04-24T09:04:47.837+0000][gc,heap     ] GC(39) Archive regions: 2->2
[2024-04-24T09:04:47.837+0000][gc,heap     ] GC(39) Humongous regions: 129->129
[2024-04-24T09:04:47.837+0000][gc,metaspace] GC(39) Metaspace: 42850K(43456K)->42850K(43456K) NonClass: 37824K(38144K)->37824K(38144K) Class: 5026K(5312K)->5026K(5312K)
[2024-04-24T09:04:47.837+0000][gc          ] GC(39) Pause Young (Normal) (G1 Evacuation Pause) 778M->170M(1024M) 3.710ms
[2024-04-24T09:04:47.837+0000][gc,cpu      ] GC(39) User=0.02s Sys=0.00s Real=0.00s
[2024-04-24T09:04:50.954+0000][gc,start    ] GC(40) Pause Young (Normal) (G1 Evacuation Pause)
[2024-04-24T09:04:50.954+0000][gc,task     ] GC(40) Using 8 workers of 8 for evacuation
[2024-04-24T09:04:50.957+0000][gc,phases   ] GC(40)   Pre Evacuate Collection Set: 0.1ms
[2024-04-24T09:04:50.957+0000][gc,phases   ] GC(40)   Merge Heap Roots: 0.1ms
[2024-04-24T09:04:50.957+0000][gc,phases   ] GC(40)   Evacuate Collection Set: 2.8ms
[2024-04-24T09:04:50.957+0000][gc,phases   ] GC(40)   Post Evacuate Collection Set: 0.4ms
[2024-04-24T09:04:50.957+0000][gc,phases   ] GC(40)   Other: 0.1ms
[2024-04-24T09:04:50.957+0000][gc,heap     ] GC(40) Eden regions: 608->0(608)
[2024-04-24T09:04:50.957+0000][gc,heap     ] GC(40) Survivor regions: 6->6(77)
[2024-04-24T09:04:50.957+0000][gc,heap     ] GC(40) Old regions: 36->36
[2024-04-24T09:04:50.957+0000][gc,heap     ] GC(40) Archive regions: 2->2
[2024-04-24T09:04:50.957+0000][gc,heap     ] GC(40) Humongous regions: 129->129
[2024-04-24T09:04:50.957+0000][gc,metaspace] GC(40) Metaspace: 42851K(43456K)->42851K(43456K) NonClass: 37824K(38144K)->37824K(38144K) Class: 5026K(5312K)->5026K(5312K)
[2024-04-24T09:04:50.957+0000][gc          ] GC(40) Pause Young (Normal) (G1 Evacuation Pause) 778M->170M(1024M) 3.604ms
[2024-04-24T09:04:50.957+0000][gc,cpu      ] GC(40) User=0.02s Sys=0.00s Real=0.00s
[2024-04-24T09:04:53.954+0000][gc,start    ] GC(41) Pause Young (Normal) (G1 Evacuation Pause)
[2024-04-24T09:04:53.954+0000][gc,task     ] GC(41) Using 8 workers of 8 for evacuation
[2024-04-24T09:04:53.958+0000][gc,phases   ] GC(41)   Pre Evacuate Collection Set: 0.1ms
[2024-04-24T09:04:53.958+0000][gc,phases   ] GC(41)   Merge Heap Roots: 0.1ms
[2024-04-24T09:04:53.958+0000][gc,phases   ] GC(41)   Evacuate Collection Set: 2.7ms
[2024-04-24T09:04:53.958+0000][gc,phases   ] GC(41)   Post Evacuate Collection Set: 0.4ms
[2024-04-24T09:04:53.958+0000][gc,phases   ] GC(41)   Other: 0.1ms
[2024-04-24T09:04:53.958+0000][gc,heap     ] GC(41) Eden regions: 608->0(608)
[2024-04-24T09:04:53.958+0000][gc,heap     ] GC(41) Survivor regions: 6->6(77)
[2024-04-24T09:04:53.958+0000][gc,heap     ] GC(41) Old regions: 36->36
[2024-04-24T09:04:53.958+0000][gc,heap     ] GC(41) Archive regions: 2->2
[2024-04-24T09:04:53.958+0000][gc,heap     ] GC(41) Humongous regions: 129->129
[2024-04-24T09:04:53.958+0000][gc,metaspace] GC(41) Metaspace: 42851K(43456K)->42851K(43456K) NonClass: 37824K(38144K)->37824K(38144K) Class: 5026K(5312K)->5026K(5312K)
[2024-04-24T09:04:53.958+0000][gc          ] GC(41) Pause Young (Normal) (G1 Evacuation Pause) 778M->170M(1024M) 3.504ms
[2024-04-24T09:04:53.958+0000][gc,cpu      ] GC(41) User=0.03s Sys=0.00s Real=0.00s
[2024-04-24T09:04:57.105+0000][gc,start    ] GC(42) Pause Young (Normal) (G1 Evacuation Pause)
[2024-04-24T09:04:57.105+0000][gc,task     ] GC(42) Using 8 workers of 8 for evacuation
[2024-04-24T09:04:57.108+0000][gc,phases   ] GC(42)   Pre Evacuate Collection Set: 0.1ms
[2024-04-24T09:04:57.108+0000][gc,phases   ] GC(42)   Merge Heap Roots: 0.1ms
[2024-04-24T09:04:57.108+0000][gc,phases   ] GC(42)   Evacuate Collection Set: 2.6ms
[2024-04-24T09:04:57.108+0000][gc,phases   ] GC(42)   Post Evacuate Collection Set: 0.4ms
[2024-04-24T09:04:57.108+0000][gc,phases   ] GC(42)   Other: 0.1ms
[2024-04-24T09:04:57.108+0000][gc,heap     ] GC(42) Eden regions: 608->0(609)
[2024-04-24T09:04:57.108+0000][gc,heap     ] GC(42) Survivor regions: 6->5(77)
[2024-04-24T09:04:57.108+0000][gc,heap     ] GC(42) Old regions: 36->36
[2024-04-24T09:04:57.108+0000][gc,heap     ] GC(42) Archive regions: 2->2
[2024-04-24T09:04:57.108+0000][gc,heap     ] GC(42) Humongous regions: 129->129
[2024-04-24T09:04:57.108+0000][gc,metaspace] GC(42) Metaspace: 42851K(43456K)->42851K(43456K) NonClass: 37824K(38144K)->37824K(38144K) Class: 5026K(5312K)->5026K(5312K)
[2024-04-24T09:04:57.108+0000][gc          ] GC(42) Pause Young (Normal) (G1 Evacuation Pause) 778M->170M(1024M) 3.360ms
[2024-04-24T09:04:57.108+0000][gc,cpu      ] GC(42) User=0.01s Sys=0.01s Real=0.00s
[2024-04-24T09:05:00.226+0000][gc,start    ] GC(43) Pause Young (Normal) (G1 Evacuation Pause)
[2024-04-24T09:05:00.226+0000][gc,task     ] GC(43) Using 8 workers of 8 for evacuation
[2024-04-24T09:05:00.229+0000][gc,phases   ] GC(43)   Pre Evacuate Collection Set: 0.1ms
[2024-04-24T09:05:00.229+0000][gc,phases   ] GC(43)   Merge Heap Roots: 0.1ms
[2024-04-24T09:05:00.229+0000][gc,phases   ] GC(43)   Evacuate Collection Set: 2.5ms
[2024-04-24T09:05:00.229+0000][gc,phases   ] GC(43)   Post Evacuate Collection Set: 0.5ms
[2024-04-24T09:05:00.229+0000][gc,phases   ] GC(43)   Other: 0.1ms
[2024-04-24T09:05:00.229+0000][gc,heap     ] GC(43) Eden regions: 609->0(610)
[2024-04-24T09:05:00.229+0000][gc,heap     ] GC(43) Survivor regions: 5->4(77)
[2024-04-24T09:05:00.229+0000][gc,heap     ] GC(43) Old regions: 36->37
[2024-04-24T09:05:00.229+0000][gc,heap     ] GC(43) Archive regions: 2->2
[2024-04-24T09:05:00.229+0000][gc,heap     ] GC(43) Humongous regions: 129->129
[2024-04-24T09:05:00.229+0000][gc,metaspace] GC(43) Metaspace: 42851K(43456K)->42851K(43456K) NonClass: 37824K(38144K)->37824K(38144K) Class: 5026K(5312K)->5026K(5312K)
[2024-04-24T09:05:00.229+0000][gc          ] GC(43) Pause Young (Normal) (G1 Evacuation Pause) 779M->170M(1024M) 3.304ms
[2024-04-24T09:05:00.229+0000][gc,cpu      ] GC(43) User=0.02s Sys=0.00s Real=0.00s
[2024-04-24T09:05:03.458+0000][gc,start    ] GC(44) Pause Young (Normal) (G1 Evacuation Pause)
[2024-04-24T09:05:03.458+0000][gc,task     ] GC(44) Using 8 workers of 8 for evacuation
[2024-04-24T09:05:03.461+0000][gc,phases   ] GC(44)   Pre Evacuate Collection Set: 0.1ms
[2024-04-24T09:05:03.461+0000][gc,phases   ] GC(44)   Merge Heap Roots: 0.1ms
[2024-04-24T09:05:03.461+0000][gc,phases   ] GC(44)   Evacuate Collection Set: 1.9ms
[2024-04-24T09:05:03.461+0000][gc,phases   ] GC(44)   Post Evacuate Collection Set: 0.4ms
[2024-04-24T09:05:03.461+0000][gc,phases   ] GC(44)   Other: 0.1ms
[2024-04-24T09:05:03.461+0000][gc,heap     ] GC(44) Eden regions: 610->0(611)
[2024-04-24T09:05:03.461+0000][gc,heap     ] GC(44) Survivor regions: 4->3(77)
[2024-04-24T09:05:03.461+0000][gc,heap     ] GC(44) Old regions: 37->39
[2024-04-24T09:05:03.461+0000][gc,heap     ] GC(44) Archive regions: 2->2
[2024-04-24T09:05:03.461+0000][gc,heap     ] GC(44) Humongous regions: 129->129
[2024-04-24T09:05:03.461+0000][gc,metaspace] GC(44) Metaspace: 42852K(43456K)->42852K(43456K) NonClass: 37826K(38144K)->37826K(38144K) Class: 5026K(5312K)->5026K(5312K)
[2024-04-24T09:05:03.461+0000][gc          ] GC(44) Pause Young (Normal) (G1 Evacuation Pause) 780M->171M(1024M) 2.704ms
[2024-04-24T09:05:03.461+0000][gc,cpu      ] GC(44) User=0.02s Sys=0.00s Real=0.00s
[2024-04-24T09:05:06.865+0000][gc,start    ] GC(45) Pause Young (Normal) (G1 Evacuation Pause)
[2024-04-24T09:05:06.865+0000][gc,task     ] GC(45) Using 8 workers of 8 for evacuation
[2024-04-24T09:05:06.868+0000][gc,phases   ] GC(45)   Pre Evacuate Collection Set: 0.1ms
[2024-04-24T09:05:06.868+0000][gc,phases   ] GC(45)   Merge Heap Roots: 0.1ms
[2024-04-24T09:05:06.868+0000][gc,phases   ] GC(45)   Evacuate Collection Set: 1.9ms
[2024-04-24T09:05:06.868+0000][gc,phases   ] GC(45)   Post Evacuate Collection Set: 0.5ms
[2024-04-24T09:05:06.868+0000][gc,phases   ] GC(45)   Other: 0.1ms
[2024-04-24T09:05:06.868+0000][gc,heap     ] GC(45) Eden regions: 611->0(611)
[2024-04-24T09:05:06.868+0000][gc,heap     ] GC(45) Survivor regions: 3->3(77)
[2024-04-24T09:05:06.868+0000][gc,heap     ] GC(45) Old regions: 39->39
[2024-04-24T09:05:06.868+0000][gc,heap     ] GC(45) Archive regions: 2->2
[2024-04-24T09:05:06.868+0000][gc,heap     ] GC(45) Humongous regions: 129->129
[2024-04-24T09:05:06.868+0000][gc,metaspace] GC(45) Metaspace: 42852K(43456K)->42852K(43456K) NonClass: 37826K(38144K)->37826K(38144K) Class: 5026K(5312K)->5026K(5312K)
[2024-04-24T09:05:06.868+0000][gc          ] GC(45) Pause Young (Normal) (G1 Evacuation Pause) 782M->171M(1024M) 2.733ms
[2024-04-24T09:05:06.868+0000][gc,cpu      ] GC(45) User=0.01s Sys=0.00s Real=0.00s
[2024-04-24T09:05:09.869+0000][gc,start    ] GC(46) Pause Young (Normal) (G1 Evacuation Pause)
[2024-04-24T09:05:09.869+0000][gc,task     ] GC(46) Using 8 workers of 8 for evacuation
[2024-04-24T09:05:09.871+0000][gc,phases   ] GC(46)   Pre Evacuate Collection Set: 0.1ms
[2024-04-24T09:05:09.871+0000][gc,phases   ] GC(46)   Merge Heap Roots: 0.1ms
[2024-04-24T09:05:09.871+0000][gc,phases   ] GC(46)   Evacuate Collection Set: 1.3ms
[2024-04-24T09:05:09.871+0000][gc,phases   ] GC(46)   Post Evacuate Collection Set: 0.4ms
[2024-04-24T09:05:09.871+0000][gc,phases   ] GC(46)   Other: 0.1ms
[2024-04-24T09:05:09.871+0000][gc,heap     ] GC(46) Eden regions: 611->0(612)
[2024-04-24T09:05:09.871+0000][gc,heap     ] GC(46) Survivor regions: 3->2(77)
[2024-04-24T09:05:09.871+0000][gc,heap     ] GC(46) Old regions: 39->40
[2024-04-24T09:05:09.871+0000][gc,heap     ] GC(46) Archive regions: 2->2
[2024-04-24T09:05:09.871+0000][gc,heap     ] GC(46) Humongous regions: 129->129
[2024-04-24T09:05:09.871+0000][gc,metaspace] GC(46) Metaspace: 42853K(43456K)->42853K(43456K) NonClass: 37827K(38144K)->37827K(38144K) Class: 5026K(5312K)->5026K(5312K)
[2024-04-24T09:05:09.871+0000][gc          ] GC(46) Pause Young (Normal) (G1 Evacuation Pause) 782M->171M(1024M) 2.006ms
[2024-04-24T09:05:09.871+0000][gc,cpu      ] GC(46) User=0.01s Sys=0.01s Real=0.00s
[2024-04-24T09:07:19.884+0000][gc,start    ] GC(47) Pause Young (Normal) (G1 Evacuation Pause)
[2024-04-24T09:07:19.884+0000][gc,task     ] GC(47) Using 8 workers of 8 for evacuation
[2024-04-24T09:07:19.893+0000][gc,phases   ] GC(47)   Pre Evacuate Collection Set: 0.2ms
[2024-04-24T09:07:19.893+0000][gc,phases   ] GC(47)   Merge Heap Roots: 0.1ms
[2024-04-24T09:07:19.893+0000][gc,phases   ] GC(47)   Evacuate Collection Set: 8.2ms
[2024-04-24T09:07:19.893+0000][gc,phases   ] GC(47)   Post Evacuate Collection Set: 0.6ms
[2024-04-24T09:07:19.893+0000][gc,phases   ] GC(47)   Other: 0.1ms
[2024-04-24T09:07:19.893+0000][gc,heap     ] GC(47) Eden regions: 612->0(606)
[2024-04-24T09:07:19.893+0000][gc,heap     ] GC(47) Survivor regions: 2->8(77)
[2024-04-24T09:07:19.893+0000][gc,heap     ] GC(47) Old regions: 40->40
[2024-04-24T09:07:19.893+0000][gc,heap     ] GC(47) Archive regions: 2->2
[2024-04-24T09:07:19.893+0000][gc,heap     ] GC(47) Humongous regions: 129->129
[2024-04-24T09:07:19.893+0000][gc,metaspace] GC(47) Metaspace: 42888K(43520K)->42888K(43520K) NonClass: 37862K(38208K)->37862K(38208K) Class: 5026K(5312K)->5026K(5312K)
[2024-04-24T09:07:19.893+0000][gc          ] GC(47) Pause Young (Normal) (G1 Evacuation Pause) 783M->176M(1024M) 9.309ms
[2024-04-24T09:07:19.893+0000][gc,cpu      ] GC(47) User=0.04s Sys=0.00s Real=0.01s
[2024-04-24T09:07:25.444+0000][gc,start    ] GC(48) Pause Young (Normal) (G1 Evacuation Pause)
[2024-04-24T09:07:25.445+0000][gc,task     ] GC(48) Using 8 workers of 8 for evacuation
[2024-04-24T09:07:25.452+0000][gc,phases   ] GC(48)   Pre Evacuate Collection Set: 0.1ms
[2024-04-24T09:07:25.452+0000][gc,phases   ] GC(48)   Merge Heap Roots: 0.1ms
[2024-04-24T09:07:25.452+0000][gc,phases   ] GC(48)   Evacuate Collection Set: 6.7ms
[2024-04-24T09:07:25.452+0000][gc,phases   ] GC(48)   Post Evacuate Collection Set: 0.5ms
[2024-04-24T09:07:25.452+0000][gc,phases   ] GC(48)   Other: 0.1ms
[2024-04-24T09:07:25.452+0000][gc,heap     ] GC(48) Eden regions: 606->0(604)
[2024-04-24T09:07:25.452+0000][gc,heap     ] GC(48) Survivor regions: 8->10(77)
[2024-04-24T09:07:25.452+0000][gc,heap     ] GC(48) Old regions: 40->40
[2024-04-24T09:07:25.452+0000][gc,heap     ] GC(48) Archive regions: 2->2
[2024-04-24T09:07:25.452+0000][gc,heap     ] GC(48) Humongous regions: 129->129
[2024-04-24T09:07:25.452+0000][gc,metaspace] GC(48) Metaspace: 42895K(43520K)->42895K(43520K) NonClass: 37869K(38208K)->37869K(38208K) Class: 5026K(5312K)->5026K(5312K)
[2024-04-24T09:07:25.452+0000][gc          ] GC(48) Pause Young (Normal) (G1 Evacuation Pause) 782M->179M(1024M) 7.549ms
[2024-04-24T09:07:25.452+0000][gc,cpu      ] GC(48) User=0.04s Sys=0.00s Real=0.01s
[2024-04-24T09:07:30.634+0000][gc,start    ] GC(49) Pause Young (Normal) (G1 Evacuation Pause)
[2024-04-24T09:07:30.634+0000][gc,task     ] GC(49) Using 8 workers of 8 for evacuation
[2024-04-24T09:07:30.640+0000][gc,phases   ] GC(49)   Pre Evacuate Collection Set: 0.1ms
[2024-04-24T09:07:30.641+0000][gc,phases   ] GC(49)   Merge Heap Roots: 0.1ms
[2024-04-24T09:07:30.641+0000][gc,phases   ] GC(49)   Evacuate Collection Set: 5.7ms
[2024-04-24T09:07:30.641+0000][gc,phases   ] GC(49)   Post Evacuate Collection Set: 0.4ms
[2024-04-24T09:07:30.641+0000][gc,phases   ] GC(49)   Other: 0.1ms
[2024-04-24T09:07:30.641+0000][gc,heap     ] GC(49) Eden regions: 604->0(603)
[2024-04-24T09:07:30.641+0000][gc,heap     ] GC(49) Survivor regions: 10->11(77)
[2024-04-24T09:07:30.641+0000][gc,heap     ] GC(49) Old regions: 40->40
[2024-04-24T09:07:30.641+0000][gc,heap     ] GC(49) Archive regions: 2->2
[2024-04-24T09:07:30.641+0000][gc,heap     ] GC(49) Humongous regions: 129->129
[2024-04-24T09:07:30.641+0000][gc,metaspace] GC(49) Metaspace: 42898K(43520K)->42898K(43520K) NonClass: 37872K(38208K)->37872K(38208K) Class: 5026K(5312K)->5026K(5312K)
[2024-04-24T09:07:30.641+0000][gc          ] GC(49) Pause Young (Normal) (G1 Evacuation Pause) 783M->180M(1024M) 6.559ms
[2024-04-24T09:07:30.641+0000][gc,cpu      ] GC(49) User=0.03s Sys=0.00s Real=0.00s
[2024-04-24T09:07:35.957+0000][gc,start    ] GC(50) Pause Young (Normal) (G1 Evacuation Pause)
[2024-04-24T09:07:35.957+0000][gc,task     ] GC(50) Using 8 workers of 8 for evacuation
[2024-04-24T09:07:35.963+0000][gc,phases   ] GC(50)   Pre Evacuate Collection Set: 0.1ms
[2024-04-24T09:07:35.963+0000][gc,phases   ] GC(50)   Merge Heap Roots: 0.1ms
[2024-04-24T09:07:35.963+0000][gc,phases   ] GC(50)   Evacuate Collection Set: 5.9ms
[2024-04-24T09:07:35.963+0000][gc,phases   ] GC(50)   Post Evacuate Collection Set: 0.5ms
[2024-04-24T09:07:35.963+0000][gc,phases   ] GC(50)   Other: 0.1ms
[2024-04-24T09:07:35.963+0000][gc,heap     ] GC(50) Eden regions: 603->0(603)
[2024-04-24T09:07:35.963+0000][gc,heap     ] GC(50) Survivor regions: 11->11(77)
[2024-04-24T09:07:35.963+0000][gc,heap     ] GC(50) Old regions: 40->41
[2024-04-24T09:07:35.963+0000][gc,heap     ] GC(50) Archive regions: 2->2
[2024-04-24T09:07:35.963+0000][gc,heap     ] GC(50) Humongous regions: 129->129
[2024-04-24T09:07:35.963+0000][gc,metaspace] GC(50) Metaspace: 42899K(43520K)->42899K(43520K) NonClass: 37873K(38208K)->37873K(38208K) Class: 5026K(5312K)->5026K(5312K)
[2024-04-24T09:07:35.963+0000][gc          ] GC(50) Pause Young (Normal) (G1 Evacuation Pause) 783M->180M(1024M) 6.758ms
[2024-04-24T09:07:35.964+0000][gc,cpu      ] GC(50) User=0.03s Sys=0.01s Real=0.00s
[2024-04-24T09:07:41.267+0000][gc,start    ] GC(51) Pause Young (Normal) (G1 Evacuation Pause)
[2024-04-24T09:07:41.267+0000][gc,task     ] GC(51) Using 8 workers of 8 for evacuation
[2024-04-24T09:07:41.274+0000][gc,phases   ] GC(51)   Pre Evacuate Collection Set: 0.1ms
[2024-04-24T09:07:41.274+0000][gc,phases   ] GC(51)   Merge Heap Roots: 0.1ms
[2024-04-24T09:07:41.274+0000][gc,phases   ] GC(51)   Evacuate Collection Set: 7.0ms
[2024-04-24T09:07:41.274+0000][gc,phases   ] GC(51)   Post Evacuate Collection Set: 0.5ms
[2024-04-24T09:07:41.274+0000][gc,phases   ] GC(51)   Other: 0.1ms
[2024-04-24T09:07:41.274+0000][gc,heap     ] GC(51) Eden regions: 603->0(603)
[2024-04-24T09:07:41.274+0000][gc,heap     ] GC(51) Survivor regions: 11->11(77)
[2024-04-24T09:07:41.274+0000][gc,heap     ] GC(51) Old regions: 41->41
[2024-04-24T09:07:41.274+0000][gc,heap     ] GC(51) Archive regions: 2->2
[2024-04-24T09:07:41.274+0000][gc,heap     ] GC(51) Humongous regions: 129->129
[2024-04-24T09:07:41.274+0000][gc,metaspace] GC(51) Metaspace: 42902K(43520K)->42902K(43520K) NonClass: 37875K(38208K)->37875K(38208K) Class: 5026K(5312K)->5026K(5312K)
[2024-04-24T09:07:41.274+0000][gc          ] GC(51) Pause Young (Normal) (G1 Evacuation Pause) 783M->181M(1024M) 7.815ms
[2024-04-24T09:07:41.274+0000][gc,cpu      ] GC(51) User=0.04s Sys=0.00s Real=0.01s
[2024-04-24T09:07:46.439+0000][gc,start    ] GC(52) Pause Young (Normal) (G1 Evacuation Pause)
[2024-04-24T09:07:46.439+0000][gc,task     ] GC(52) Using 8 workers of 8 for evacuation
[2024-04-24T09:07:46.445+0000][gc,phases   ] GC(52)   Pre Evacuate Collection Set: 0.1ms
[2024-04-24T09:07:46.445+0000][gc,phases   ] GC(52)   Merge Heap Roots: 0.1ms
[2024-04-24T09:07:46.445+0000][gc,phases   ] GC(52)   Evacuate Collection Set: 6.0ms
[2024-04-24T09:07:46.445+0000][gc,phases   ] GC(52)   Post Evacuate Collection Set: 0.4ms
[2024-04-24T09:07:46.445+0000][gc,phases   ] GC(52)   Other: 0.1ms
[2024-04-24T09:07:46.445+0000][gc,heap     ] GC(52) Eden regions: 603->0(602)
[2024-04-24T09:07:46.445+0000][gc,heap     ] GC(52) Survivor regions: 11->12(77)
[2024-04-24T09:07:46.445+0000][gc,heap     ] GC(52) Old regions: 41->41
[2024-04-24T09:07:46.445+0000][gc,heap     ] GC(52) Archive regions: 2->2
[2024-04-24T09:07:46.445+0000][gc,heap     ] GC(52) Humongous regions: 129->129
[2024-04-24T09:07:46.445+0000][gc,metaspace] GC(52) Metaspace: 42906K(43520K)->42906K(43520K) NonClass: 37880K(38208K)->37880K(38208K) Class: 5026K(5312K)->5026K(5312K)
[2024-04-24T09:07:46.445+0000][gc          ] GC(52) Pause Young (Normal) (G1 Evacuation Pause) 784M->182M(1024M) 6.824ms
[2024-04-24T09:07:46.446+0000][gc,cpu      ] GC(52) User=0.04s Sys=0.00s Real=0.01s
[2024-04-24T09:07:52.031+0000][gc,start    ] GC(53) Pause Young (Normal) (G1 Evacuation Pause)
[2024-04-24T09:07:52.031+0000][gc,task     ] GC(53) Using 8 workers of 8 for evacuation
[2024-04-24T09:07:52.038+0000][gc,phases   ] GC(53)   Pre Evacuate Collection Set: 0.1ms
[2024-04-24T09:07:52.038+0000][gc,phases   ] GC(53)   Merge Heap Roots: 0.1ms
[2024-04-24T09:07:52.038+0000][gc,phases   ] GC(53)   Evacuate Collection Set: 6.1ms
[2024-04-24T09:07:52.038+0000][gc,phases   ] GC(53)   Post Evacuate Collection Set: 0.5ms
[2024-04-24T09:07:52.038+0000][gc,phases   ] GC(53)   Other: 0.1ms
[2024-04-24T09:07:52.038+0000][gc,heap     ] GC(53) Eden regions: 602->0(602)
[2024-04-24T09:07:52.038+0000][gc,heap     ] GC(53) Survivor regions: 12->12(77)
[2024-04-24T09:07:52.038+0000][gc,heap     ] GC(53) Old regions: 41->41
[2024-04-24T09:07:52.038+0000][gc,heap     ] GC(53) Archive regions: 2->2
[2024-04-24T09:07:52.038+0000][gc,heap     ] GC(53) Humongous regions: 129->129
[2024-04-24T09:07:52.038+0000][gc,metaspace] GC(53) Metaspace: 42911K(43584K)->42911K(43584K) NonClass: 37885K(38272K)->37885K(38272K) Class: 5026K(5312K)->5026K(5312K)
[2024-04-24T09:07:52.038+0000][gc          ] GC(53) Pause Young (Normal) (G1 Evacuation Pause) 784M->181M(1024M) 6.956ms
[2024-04-24T09:07:52.038+0000][gc,cpu      ] GC(53) User=0.03s Sys=0.00s Real=0.01s
[2024-04-24T09:07:57.009+0000][gc,start    ] GC(54) Pause Young (Normal) (G1 Evacuation Pause)
[2024-04-24T09:07:57.009+0000][gc,task     ] GC(54) Using 8 workers of 8 for evacuation
[2024-04-24T09:07:57.017+0000][gc,phases   ] GC(54)   Pre Evacuate Collection Set: 0.1ms
[2024-04-24T09:07:57.017+0000][gc,phases   ] GC(54)   Merge Heap Roots: 0.1ms
[2024-04-24T09:07:57.017+0000][gc,phases   ] GC(54)   Evacuate Collection Set: 6.6ms
[2024-04-24T09:07:57.017+0000][gc,phases   ] GC(54)   Post Evacuate Collection Set: 0.4ms
[2024-04-24T09:07:57.017+0000][gc,phases   ] GC(54)   Other: 0.1ms
[2024-04-24T09:07:57.017+0000][gc,heap     ] GC(54) Eden regions: 602->0(602)
[2024-04-24T09:07:57.017+0000][gc,heap     ] GC(54) Survivor regions: 12->12(77)
[2024-04-24T09:07:57.017+0000][gc,heap     ] GC(54) Old regions: 41->41
[2024-04-24T09:07:57.017+0000][gc,heap     ] GC(54) Archive regions: 2->2
[2024-04-24T09:07:57.017+0000][gc,heap     ] GC(54) Humongous regions: 129->129
[2024-04-24T09:07:57.017+0000][gc,metaspace] GC(54) Metaspace: 42917K(43584K)->42917K(43584K) NonClass: 37890K(38272K)->37890K(38272K) Class: 5026K(5312K)->5026K(5312K)
[2024-04-24T09:07:57.017+0000][gc          ] GC(54) Pause Young (Normal) (G1 Evacuation Pause) 783M->182M(1024M) 7.413ms
[2024-04-24T09:07:57.017+0000][gc,cpu      ] GC(54) User=0.03s Sys=0.00s Real=0.01s
[2024-04-24T09:08:02.109+0000][gc,start    ] GC(55) Pause Young (Normal) (G1 Evacuation Pause)
[2024-04-24T09:08:02.109+0000][gc,task     ] GC(55) Using 8 workers of 8 for evacuation
[2024-04-24T09:08:02.116+0000][gc,phases   ] GC(55)   Pre Evacuate Collection Set: 0.1ms
[2024-04-24T09:08:02.116+0000][gc,phases   ] GC(55)   Merge Heap Roots: 0.1ms
[2024-04-24T09:08:02.116+0000][gc,phases   ] GC(55)   Evacuate Collection Set: 6.0ms
[2024-04-24T09:08:02.116+0000][gc,phases   ] GC(55)   Post Evacuate Collection Set: 0.5ms
[2024-04-24T09:08:02.116+0000][gc,phases   ] GC(55)   Other: 0.1ms
[2024-04-24T09:08:02.116+0000][gc,heap     ] GC(55) Eden regions: 602->0(601)
[2024-04-24T09:08:02.116+0000][gc,heap     ] GC(55) Survivor regions: 12->13(77)
[2024-04-24T09:08:02.116+0000][gc,heap     ] GC(55) Old regions: 41->41
[2024-04-24T09:08:02.116+0000][gc,heap     ] GC(55) Archive regions: 2->2
[2024-04-24T09:08:02.116+0000][gc,heap     ] GC(55) Humongous regions: 129->129
[2024-04-24T09:08:02.116+0000][gc,metaspace] GC(55) Metaspace: 42921K(43584K)->42921K(43584K) NonClass: 37895K(38272K)->37895K(38272K) Class: 5026K(5312K)->5026K(5312K)
[2024-04-24T09:08:02.116+0000][gc          ] GC(55) Pause Young (Normal) (G1 Evacuation Pause) 784M->182M(1024M) 6.901ms
[2024-04-24T09:08:02.116+0000][gc,cpu      ] GC(55) User=0.04s Sys=0.00s Real=0.01s
[2024-04-24T09:08:07.108+0000][gc,start    ] GC(56) Pause Young (Normal) (G1 Evacuation Pause)
[2024-04-24T09:08:07.108+0000][gc,task     ] GC(56) Using 8 workers of 8 for evacuation
[2024-04-24T09:08:07.115+0000][gc,phases   ] GC(56)   Pre Evacuate Collection Set: 0.1ms
[2024-04-24T09:08:07.115+0000][gc,phases   ] GC(56)   Merge Heap Roots: 0.1ms
[2024-04-24T09:08:07.115+0000][gc,phases   ] GC(56)   Evacuate Collection Set: 6.2ms
[2024-04-24T09:08:07.115+0000][gc,phases   ] GC(56)   Post Evacuate Collection Set: 0.4ms
[2024-04-24T09:08:07.115+0000][gc,phases   ] GC(56)   Other: 0.1ms
[2024-04-24T09:08:07.115+0000][gc,heap     ] GC(56) Eden regions: 601->0(601)
[2024-04-24T09:08:07.115+0000][gc,heap     ] GC(56) Survivor regions: 13->13(77)
[2024-04-24T09:08:07.115+0000][gc,heap     ] GC(56) Old regions: 41->41
[2024-04-24T09:08:07.115+0000][gc,heap     ] GC(56) Archive regions: 2->2
[2024-04-24T09:08:07.115+0000][gc,heap     ] GC(56) Humongous regions: 129->129
[2024-04-24T09:08:07.115+0000][gc,metaspace] GC(56) Metaspace: 42922K(43584K)->42922K(43584K) NonClass: 37896K(38272K)->37896K(38272K) Class: 5026K(5312K)->5026K(5312K)
[2024-04-24T09:08:07.115+0000][gc          ] GC(56) Pause Young (Normal) (G1 Evacuation Pause) 783M->183M(1024M) 7.042ms
[2024-04-24T09:08:07.115+0000][gc,cpu      ] GC(56) User=0.04s Sys=0.01s Real=0.01s
[2024-04-24T09:08:12.224+0000][gc,start    ] GC(57) Pause Young (Normal) (G1 Evacuation Pause)
[2024-04-24T09:08:12.224+0000][gc,task     ] GC(57) Using 8 workers of 8 for evacuation
[2024-04-24T09:08:12.231+0000][gc,phases   ] GC(57)   Pre Evacuate Collection Set: 0.1ms
[2024-04-24T09:08:12.231+0000][gc,phases   ] GC(57)   Merge Heap Roots: 0.1ms
[2024-04-24T09:08:12.231+0000][gc,phases   ] GC(57)   Evacuate Collection Set: 6.6ms
[2024-04-24T09:08:12.231+0000][gc,phases   ] GC(57)   Post Evacuate Collection Set: 0.5ms
[2024-04-24T09:08:12.231+0000][gc,phases   ] GC(57)   Other: 0.1ms
[2024-04-24T09:08:12.231+0000][gc,heap     ] GC(57) Eden regions: 601->0(601)
[2024-04-24T09:08:12.231+0000][gc,heap     ] GC(57) Survivor regions: 13->13(77)
[2024-04-24T09:08:12.231+0000][gc,heap     ] GC(57) Old regions: 41->41
[2024-04-24T09:08:12.231+0000][gc,heap     ] GC(57) Archive regions: 2->2
[2024-04-24T09:08:12.231+0000][gc,heap     ] GC(57) Humongous regions: 129->129
[2024-04-24T09:08:12.231+0000][gc,metaspace] GC(57) Metaspace: 42925K(43584K)->42925K(43584K) NonClass: 37899K(38272K)->37899K(38272K) Class: 5026K(5312K)->5026K(5312K)
[2024-04-24T09:08:12.231+0000][gc          ] GC(57) Pause Young (Normal) (G1 Evacuation Pause) 784M->183M(1024M) 7.490ms
[2024-04-24T09:08:12.231+0000][gc,cpu      ] GC(57) User=0.03s Sys=0.00s Real=0.00s
[2024-04-24T10:39:16.005+0000][gc,start    ] GC(58) Pause Young (Normal) (G1 Evacuation Pause)
[2024-04-24T10:39:16.005+0000][gc,task     ] GC(58) Using 8 workers of 8 for evacuation
[2024-04-24T10:39:16.015+0000][gc,phases   ] GC(58)   Pre Evacuate Collection Set: 0.1ms
[2024-04-24T10:39:16.015+0000][gc,phases   ] GC(58)   Merge Heap Roots: 0.1ms
[2024-04-24T10:39:16.015+0000][gc,phases   ] GC(58)   Evacuate Collection Set: 9.3ms
[2024-04-24T10:39:16.015+0000][gc,phases   ] GC(58)   Post Evacuate Collection Set: 0.5ms
[2024-04-24T10:39:16.015+0000][gc,phases   ] GC(58)   Other: 0.1ms
[2024-04-24T10:39:16.015+0000][gc,heap     ] GC(58) Eden regions: 601->0(599)
[2024-04-24T10:39:16.015+0000][gc,heap     ] GC(58) Survivor regions: 13->15(77)
[2024-04-24T10:39:16.015+0000][gc,heap     ] GC(58) Old regions: 41->42
[2024-04-24T10:39:16.015+0000][gc,heap     ] GC(58) Archive regions: 2->2
[2024-04-24T10:39:16.015+0000][gc,heap     ] GC(58) Humongous regions: 129->129
[2024-04-24T10:39:16.015+0000][gc,metaspace] GC(58) Metaspace: 43239K(43904K)->43239K(43904K) NonClass: 38208K(38592K)->38208K(38592K) Class: 5030K(5312K)->5030K(5312K)
[2024-04-24T10:39:16.015+0000][gc          ] GC(58) Pause Young (Normal) (G1 Evacuation Pause) 784M->185M(1024M) 10.209ms
[2024-04-24T10:39:16.015+0000][gc,cpu      ] GC(58) User=0.04s Sys=0.00s Real=0.01s
[2024-04-24T10:39:21.048+0000][gc,start    ] GC(59) Pause Young (Normal) (G1 Evacuation Pause)
[2024-04-24T10:39:21.048+0000][gc,task     ] GC(59) Using 8 workers of 8 for evacuation
[2024-04-24T10:39:21.057+0000][gc,phases   ] GC(59)   Pre Evacuate Collection Set: 0.1ms
[2024-04-24T10:39:21.057+0000][gc,phases   ] GC(59)   Merge Heap Roots: 0.1ms
[2024-04-24T10:39:21.057+0000][gc,phases   ] GC(59)   Evacuate Collection Set: 7.7ms
[2024-04-24T10:39:21.057+0000][gc,phases   ] GC(59)   Post Evacuate Collection Set: 0.4ms
[2024-04-24T10:39:21.057+0000][gc,phases   ] GC(59)   Other: 0.1ms
[2024-04-24T10:39:21.057+0000][gc,heap     ] GC(59) Eden regions: 599->0(599)
[2024-04-24T10:39:21.057+0000][gc,heap     ] GC(59) Survivor regions: 15->15(77)
[2024-04-24T10:39:21.057+0000][gc,heap     ] GC(59) Old regions: 42->42
[2024-04-24T10:39:21.057+0000][gc,heap     ] GC(59) Archive regions: 2->2
[2024-04-24T10:39:21.057+0000][gc,heap     ] GC(59) Humongous regions: 129->129
[2024-04-24T10:39:21.057+0000][gc,metaspace] GC(59) Metaspace: 43239K(43904K)->43239K(43904K) NonClass: 38208K(38592K)->38208K(38592K) Class: 5030K(5312K)->5030K(5312K)
[2024-04-24T10:39:21.057+0000][gc          ] GC(59) Pause Young (Normal) (G1 Evacuation Pause) 784M->185M(1024M) 8.515ms
[2024-04-24T10:39:21.057+0000][gc,cpu      ] GC(59) User=0.04s Sys=0.00s Real=0.01s
[2024-04-24T10:39:25.818+0000][gc,start    ] GC(60) Pause Young (Normal) (G1 Evacuation Pause)
[2024-04-24T10:39:25.818+0000][gc,task     ] GC(60) Using 8 workers of 8 for evacuation
[2024-04-24T10:39:25.826+0000][gc,phases   ] GC(60)   Pre Evacuate Collection Set: 0.1ms
[2024-04-24T10:39:25.826+0000][gc,phases   ] GC(60)   Merge Heap Roots: 0.1ms
[2024-04-24T10:39:25.826+0000][gc,phases   ] GC(60)   Evacuate Collection Set: 7.0ms
[2024-04-24T10:39:25.826+0000][gc,phases   ] GC(60)   Post Evacuate Collection Set: 0.4ms
[2024-04-24T10:39:25.826+0000][gc,phases   ] GC(60)   Other: 0.1ms
[2024-04-24T10:39:25.826+0000][gc,heap     ] GC(60) Eden regions: 599->0(599)
[2024-04-24T10:39:25.826+0000][gc,heap     ] GC(60) Survivor regions: 15->15(77)
[2024-04-24T10:39:25.826+0000][gc,heap     ] GC(60) Old regions: 42->42
[2024-04-24T10:39:25.826+0000][gc,heap     ] GC(60) Archive regions: 2->2
[2024-04-24T10:39:25.826+0000][gc,heap     ] GC(60) Humongous regions: 129->129
[2024-04-24T10:39:25.826+0000][gc,metaspace] GC(60) Metaspace: 43239K(43904K)->43239K(43904K) NonClass: 38208K(38592K)->38208K(38592K) Class: 5030K(5312K)->5030K(5312K)
[2024-04-24T10:39:25.826+0000][gc          ] GC(60) Pause Young (Normal) (G1 Evacuation Pause) 784M->185M(1024M) 7.836ms
[2024-04-24T10:39:25.826+0000][gc,cpu      ] GC(60) User=0.04s Sys=0.00s Real=0.01s
[2024-04-24T10:39:30.573+0000][gc,start    ] GC(61) Pause Young (Normal) (G1 Evacuation Pause)
[2024-04-24T10:39:30.573+0000][gc,task     ] GC(61) Using 8 workers of 8 for evacuation
[2024-04-24T10:39:30.581+0000][gc,phases   ] GC(61)   Pre Evacuate Collection Set: 0.1ms
[2024-04-24T10:39:30.581+0000][gc,phases   ] GC(61)   Merge Heap Roots: 0.1ms
[2024-04-24T10:39:30.581+0000][gc,phases   ] GC(61)   Evacuate Collection Set: 6.8ms
[2024-04-24T10:39:30.581+0000][gc,phases   ] GC(61)   Post Evacuate Collection Set: 0.4ms
[2024-04-24T10:39:30.581+0000][gc,phases   ] GC(61)   Other: 0.1ms
[2024-04-24T10:39:30.581+0000][gc,heap     ] GC(61) Eden regions: 599->0(599)
[2024-04-24T10:39:30.581+0000][gc,heap     ] GC(61) Survivor regions: 15->15(77)
[2024-04-24T10:39:30.581+0000][gc,heap     ] GC(61) Old regions: 42->42
[2024-04-24T10:39:30.581+0000][gc,heap     ] GC(61) Archive regions: 2->2
[2024-04-24T10:39:30.581+0000][gc,heap     ] GC(61) Humongous regions: 129->129
[2024-04-24T10:39:30.581+0000][gc,metaspace] GC(61) Metaspace: 43239K(43904K)->43239K(43904K) NonClass: 38208K(38592K)->38208K(38592K) Class: 5030K(5312K)->5030K(5312K)
[2024-04-24T10:39:30.581+0000][gc          ] GC(61) Pause Young (Normal) (G1 Evacuation Pause) 784M->185M(1024M) 7.634ms
[2024-04-24T10:39:30.581+0000][gc,cpu      ] GC(61) User=0.04s Sys=0.00s Real=0.00s
[2024-04-24T10:39:35.415+0000][gc,start    ] GC(62) Pause Young (Normal) (G1 Evacuation Pause)
[2024-04-24T10:39:35.415+0000][gc,task     ] GC(62) Using 8 workers of 8 for evacuation
[2024-04-24T10:39:35.423+0000][gc,phases   ] GC(62)   Pre Evacuate Collection Set: 0.1ms
[2024-04-24T10:39:35.423+0000][gc,phases   ] GC(62)   Merge Heap Roots: 0.1ms
[2024-04-24T10:39:35.423+0000][gc,phases   ] GC(62)   Evacuate Collection Set: 6.9ms
[2024-04-24T10:39:35.423+0000][gc,phases   ] GC(62)   Post Evacuate Collection Set: 0.5ms
[2024-04-24T10:39:35.423+0000][gc,phases   ] GC(62)   Other: 0.1ms
[2024-04-24T10:39:35.423+0000][gc,heap     ] GC(62) Eden regions: 599->0(605)
[2024-04-24T10:39:35.423+0000][gc,heap     ] GC(62) Survivor regions: 15->9(77)
[2024-04-24T10:39:35.423+0000][gc,heap     ] GC(62) Old regions: 42->48
[2024-04-24T10:39:35.423+0000][gc,heap     ] GC(62) Archive regions: 2->2
[2024-04-24T10:39:35.423+0000][gc,heap     ] GC(62) Humongous regions: 129->129
[2024-04-24T10:39:35.423+0000][gc,metaspace] GC(62) Metaspace: 43239K(43904K)->43239K(43904K) NonClass: 38208K(38592K)->38208K(38592K) Class: 5030K(5312K)->5030K(5312K)
[2024-04-24T10:39:35.423+0000][gc          ] GC(62) Pause Young (Normal) (G1 Evacuation Pause) 784M->185M(1024M) 7.729ms
[2024-04-24T10:39:35.423+0000][gc,cpu      ] GC(62) User=0.05s Sys=0.00s Real=0.00s
[2024-04-24T10:39:40.216+0000][gc,start    ] GC(63) Pause Young (Normal) (G1 Evacuation Pause)
[2024-04-24T10:39:40.216+0000][gc,task     ] GC(63) Using 8 workers of 8 for evacuation
[2024-04-24T10:39:40.221+0000][gc,phases   ] GC(63)   Pre Evacuate Collection Set: 0.1ms
[2024-04-24T10:39:40.221+0000][gc,phases   ] GC(63)   Merge Heap Roots: 0.1ms
[2024-04-24T10:39:40.221+0000][gc,phases   ] GC(63)   Evacuate Collection Set: 4.3ms
[2024-04-24T10:39:40.221+0000][gc,phases   ] GC(63)   Post Evacuate Collection Set: 0.4ms
[2024-04-24T10:39:40.221+0000][gc,phases   ] GC(63)   Other: 0.1ms
[2024-04-24T10:39:40.221+0000][gc,heap     ] GC(63) Eden regions: 605->0(608)
[2024-04-24T10:39:40.221+0000][gc,heap     ] GC(63) Survivor regions: 9->6(77)
[2024-04-24T10:39:40.221+0000][gc,heap     ] GC(63) Old regions: 48->50
[2024-04-24T10:39:40.221+0000][gc,heap     ] GC(63) Archive regions: 2->2
[2024-04-24T10:39:40.221+0000][gc,heap     ] GC(63) Humongous regions: 129->129
[2024-04-24T10:39:40.221+0000][gc,metaspace] GC(63) Metaspace: 43239K(43904K)->43239K(43904K) NonClass: 38208K(38592K)->38208K(38592K) Class: 5030K(5312K)->5030K(5312K)
[2024-04-24T10:39:40.221+0000][gc          ] GC(63) Pause Young (Normal) (G1 Evacuation Pause) 790M->185M(1024M) 5.099ms
[2024-04-24T10:39:40.221+0000][gc,cpu      ] GC(63) User=0.02s Sys=0.00s Real=0.00s
[2024-04-24T10:39:45.688+0000][gc,start    ] GC(64) Pause Young (Normal) (G1 Evacuation Pause)
[2024-04-24T10:39:45.688+0000][gc,task     ] GC(64) Using 8 workers of 8 for evacuation
[2024-04-24T10:39:45.697+0000][gc,phases   ] GC(64)   Pre Evacuate Collection Set: 0.1ms
[2024-04-24T10:39:45.697+0000][gc,phases   ] GC(64)   Merge Heap Roots: 0.1ms
[2024-04-24T10:39:45.697+0000][gc,phases   ] GC(64)   Evacuate Collection Set: 7.3ms
[2024-04-24T10:39:45.697+0000][gc,phases   ] GC(64)   Post Evacuate Collection Set: 0.6ms
[2024-04-24T10:39:45.697+0000][gc,phases   ] GC(64)   Other: 0.1ms
[2024-04-24T10:39:45.697+0000][gc,heap     ] GC(64) Eden regions: 608->0(609)
[2024-04-24T10:39:45.697+0000][gc,heap     ] GC(64) Survivor regions: 6->5(77)
[2024-04-24T10:39:45.697+0000][gc,heap     ] GC(64) Old regions: 50->51
[2024-04-24T10:39:45.697+0000][gc,heap     ] GC(64) Archive regions: 2->2
[2024-04-24T10:39:45.697+0000][gc,heap     ] GC(64) Humongous regions: 129->129
[2024-04-24T10:39:45.697+0000][gc,metaspace] GC(64) Metaspace: 43239K(43904K)->43239K(43904K) NonClass: 38208K(38592K)->38208K(38592K) Class: 5030K(5312K)->5030K(5312K)
[2024-04-24T10:39:45.697+0000][gc          ] GC(64) Pause Young (Normal) (G1 Evacuation Pause) 793M->185M(1024M) 8.223ms
[2024-04-24T10:39:45.697+0000][gc,cpu      ] GC(64) User=0.03s Sys=0.00s Real=0.01s
[2024-04-24T10:39:50.522+0000][gc,start    ] GC(65) Pause Young (Normal) (G1 Evacuation Pause)
[2024-04-24T10:39:50.522+0000][gc,task     ] GC(65) Using 8 workers of 8 for evacuation
[2024-04-24T10:39:50.526+0000][gc,phases   ] GC(65)   Pre Evacuate Collection Set: 0.1ms
[2024-04-24T10:39:50.526+0000][gc,phases   ] GC(65)   Merge Heap Roots: 0.1ms
[2024-04-24T10:39:50.526+0000][gc,phases   ] GC(65)   Evacuate Collection Set: 2.9ms
[2024-04-24T10:39:50.526+0000][gc,phases   ] GC(65)   Post Evacuate Collection Set: 0.5ms
[2024-04-24T10:39:50.526+0000][gc,phases   ] GC(65)   Other: 0.1ms
[2024-04-24T10:39:50.526+0000][gc,heap     ] GC(65) Eden regions: 609->0(609)
[2024-04-24T10:39:50.526+0000][gc,heap     ] GC(65) Survivor regions: 5->5(77)
[2024-04-24T10:39:50.526+0000][gc,heap     ] GC(65) Old regions: 51->51
[2024-04-24T10:39:50.526+0000][gc,heap     ] GC(65) Archive regions: 2->2
[2024-04-24T10:39:50.526+0000][gc,heap     ] GC(65) Humongous regions: 129->129
[2024-04-24T10:39:50.526+0000][gc,metaspace] GC(65) Metaspace: 43239K(43904K)->43239K(43904K) NonClass: 38208K(38592K)->38208K(38592K) Class: 5030K(5312K)->5030K(5312K)
[2024-04-24T10:39:50.526+0000][gc          ] GC(65) Pause Young (Normal) (G1 Evacuation Pause) 794M->185M(1024M) 3.803ms
[2024-04-24T10:39:50.526+0000][gc,cpu      ] GC(65) User=0.02s Sys=0.00s Real=0.01s
[2024-04-24T10:39:55.294+0000][gc,start    ] GC(66) Pause Young (Normal) (G1 Evacuation Pause)
[2024-04-24T10:39:55.294+0000][gc,task     ] GC(66) Using 8 workers of 8 for evacuation
[2024-04-24T10:39:55.314+0000][gc,mmu      ] GC(66) MMU target violated: 20.2ms (20.0ms/21.0ms)
[2024-04-24T10:39:55.314+0000][gc,phases   ] GC(66)   Pre Evacuate Collection Set: 0.1ms
[2024-04-24T10:39:55.314+0000][gc,phases   ] GC(66)   Merge Heap Roots: 0.1ms
[2024-04-24T10:39:55.314+0000][gc,phases   ] GC(66)   Evacuate Collection Set: 2.9ms
[2024-04-24T10:39:55.314+0000][gc,phases   ] GC(66)   Post Evacuate Collection Set: 17.1ms
[2024-04-24T10:39:55.314+0000][gc,phases   ] GC(66)   Other: 0.2ms
[2024-04-24T10:39:55.314+0000][gc,heap     ] GC(66) Eden regions: 609->0(610)
[2024-04-24T10:39:55.314+0000][gc,heap     ] GC(66) Survivor regions: 5->4(77)
[2024-04-24T10:39:55.314+0000][gc,heap     ] GC(66) Old regions: 51->52
[2024-04-24T10:39:55.314+0000][gc,heap     ] GC(66) Archive regions: 2->2
[2024-04-24T10:39:55.314+0000][gc,heap     ] GC(66) Humongous regions: 129->129
[2024-04-24T10:39:55.314+0000][gc,metaspace] GC(66) Metaspace: 43239K(43904K)->43239K(43904K) NonClass: 38208K(38592K)->38208K(38592K) Class: 5030K(5312K)->5030K(5312K)
[2024-04-24T10:39:55.314+0000][gc          ] GC(66) Pause Young (Normal) (G1 Evacuation Pause) 794M->185M(1024M) 20.376ms
[2024-04-24T10:39:55.314+0000][gc,cpu      ] GC(66) User=0.02s Sys=0.00s Real=0.02s
[2024-04-24T10:40:00.091+0000][gc,start    ] GC(67) Pause Young (Normal) (G1 Evacuation Pause)
[2024-04-24T10:40:00.091+0000][gc,task     ] GC(67) Using 8 workers of 8 for evacuation
[2024-04-24T10:40:00.094+0000][gc,phases   ] GC(67)   Pre Evacuate Collection Set: 0.1ms
[2024-04-24T10:40:00.094+0000][gc,phases   ] GC(67)   Merge Heap Roots: 0.1ms
[2024-04-24T10:40:00.094+0000][gc,phases   ] GC(67)   Evacuate Collection Set: 2.5ms
[2024-04-24T10:40:00.094+0000][gc,phases   ] GC(67)   Post Evacuate Collection Set: 0.4ms
[2024-04-24T10:40:00.094+0000][gc,phases   ] GC(67)   Other: 0.1ms
[2024-04-24T10:40:00.094+0000][gc,heap     ] GC(67) Eden regions: 610->0(610)
[2024-04-24T10:40:00.094+0000][gc,heap     ] GC(67) Survivor regions: 4->4(77)
[2024-04-24T10:40:00.094+0000][gc,heap     ] GC(67) Old regions: 52->52
[2024-04-24T10:40:00.094+0000][gc,heap     ] GC(67) Archive regions: 2->2
[2024-04-24T10:40:00.094+0000][gc,heap     ] GC(67) Humongous regions: 129->129
[2024-04-24T10:40:00.094+0000][gc,metaspace] GC(67) Metaspace: 43239K(43904K)->43239K(43904K) NonClass: 38208K(38592K)->38208K(38592K) Class: 5030K(5312K)->5030K(5312K)
[2024-04-24T10:40:00.094+0000][gc          ] GC(67) Pause Young (Normal) (G1 Evacuation Pause) 795M->185M(1024M) 3.330ms
[2024-04-24T10:40:00.094+0000][gc,cpu      ] GC(67) User=0.02s Sys=0.00s Real=0.01s
[2024-04-24T10:40:04.919+0000][gc,start    ] GC(68) Pause Young (Normal) (G1 Evacuation Pause)
[2024-04-24T10:40:04.919+0000][gc,task     ] GC(68) Using 8 workers of 8 for evacuation
[2024-04-24T10:40:04.922+0000][gc,phases   ] GC(68)   Pre Evacuate Collection Set: 0.1ms
[2024-04-24T10:40:04.922+0000][gc,phases   ] GC(68)   Merge Heap Roots: 0.1ms
[2024-04-24T10:40:04.922+0000][gc,phases   ] GC(68)   Evacuate Collection Set: 2.5ms
[2024-04-24T10:40:04.922+0000][gc,phases   ] GC(68)   Post Evacuate Collection Set: 0.5ms
[2024-04-24T10:40:04.922+0000][gc,phases   ] GC(68)   Other: 0.1ms
[2024-04-24T10:40:04.922+0000][gc,heap     ] GC(68) Eden regions: 610->0(611)
[2024-04-24T10:40:04.922+0000][gc,heap     ] GC(68) Survivor regions: 4->3(77)
[2024-04-24T10:40:04.922+0000][gc,heap     ] GC(68) Old regions: 52->53
[2024-04-24T10:40:04.922+0000][gc,heap     ] GC(68) Archive regions: 2->2
[2024-04-24T10:40:04.922+0000][gc,heap     ] GC(68) Humongous regions: 129->129
[2024-04-24T10:40:04.922+0000][gc,metaspace] GC(68) Metaspace: 43239K(43904K)->43239K(43904K) NonClass: 38208K(38592K)->38208K(38592K) Class: 5030K(5312K)->5030K(5312K)
[2024-04-24T10:40:04.922+0000][gc          ] GC(68) Pause Young (Normal) (G1 Evacuation Pause) 795M->185M(1024M) 3.340ms
[2024-04-24T10:40:04.922+0000][gc,cpu      ] GC(68) User=0.02s Sys=0.00s Real=0.00s
[2024-04-24T10:40:09.794+0000][gc,start    ] GC(69) Pause Young (Normal) (G1 Evacuation Pause)
[2024-04-24T10:40:09.794+0000][gc,task     ] GC(69) Using 8 workers of 8 for evacuation
[2024-04-24T10:40:09.797+0000][gc,phases   ] GC(69)   Pre Evacuate Collection Set: 0.1ms
[2024-04-24T10:40:09.797+0000][gc,phases   ] GC(69)   Merge Heap Roots: 0.1ms
[2024-04-24T10:40:09.797+0000][gc,phases   ] GC(69)   Evacuate Collection Set: 2.2ms
[2024-04-24T10:40:09.797+0000][gc,phases   ] GC(69)   Post Evacuate Collection Set: 0.4ms
[2024-04-24T10:40:09.797+0000][gc,phases   ] GC(69)   Other: 0.1ms
[2024-04-24T10:40:09.797+0000][gc,heap     ] GC(69) Eden regions: 611->0(611)
[2024-04-24T10:40:09.797+0000][gc,heap     ] GC(69) Survivor regions: 3->3(77)
[2024-04-24T10:40:09.797+0000][gc,heap     ] GC(69) Old regions: 53->53
[2024-04-24T10:40:09.797+0000][gc,heap     ] GC(69) Archive regions: 2->2
[2024-04-24T10:40:09.797+0000][gc,heap     ] GC(69) Humongous regions: 129->129
[2024-04-24T10:40:09.797+0000][gc,metaspace] GC(69) Metaspace: 43242K(43904K)->43242K(43904K) NonClass: 38211K(38592K)->38211K(38592K) Class: 5030K(5312K)->5030K(5312K)
[2024-04-24T10:40:09.797+0000][gc          ] GC(69) Pause Young (Normal) (G1 Evacuation Pause) 796M->185M(1024M) 2.966ms
[2024-04-24T10:40:09.797+0000][gc,cpu      ] GC(69) User=0.01s Sys=0.00s Real=0.00s
[2024-04-24T10:54:45.743+0000][gc,heap,exit] Heap
[2024-04-24T10:54:45.744+0000][gc,heap,exit]  garbage-first heap   total 1048576K, used 289484K [0x00000000c0000000, 0x0000000100000000)
[2024-04-24T10:54:45.744+0000][gc,heap,exit]   region size 1024K, 101 young (103424K), 3 survivors (3072K)
[2024-04-24T10:54:45.744+0000][gc,heap,exit]  Metaspace       used 44087K, committed 44672K, reserved 1114112K
[2024-04-24T10:54:45.744+0000][gc,heap,exit]   class space    used 5203K, committed 5440K, reserved 1048576K
