[2024-04-24T10:57:26.968+0000][gc] Using G1
[2024-04-24T10:57:26.971+0000][gc,init] Version: 17.0.10+7-Ubuntu-120.04.1 (release)
[2024-04-24T10:57:26.971+0000][gc,init] CPUs: 8 total, 8 available
[2024-04-24T10:57:26.971+0000][gc,init] Memory: 32059M
[2024-04-24T10:57:26.971+0000][gc,init] Large Page Support: Disabled
[2024-04-24T10:57:26.971+0000][gc,init] NUMA Support: Disabled
[2024-04-24T10:57:26.971+0000][gc,init] Compressed Oops: Enabled (32-bit)
[2024-04-24T10:57:26.971+0000][gc,init] Heap Region Size: 1M
[2024-04-24T10:57:26.971+0000][gc,init] Heap Min Capacity: 512M
[2024-04-24T10:57:26.971+0000][gc,init] Heap Initial Capacity: 512M
[2024-04-24T10:57:26.971+0000][gc,init] Heap Max Capacity: 512M
[2024-04-24T10:57:26.971+0000][gc,init] Pre-touch: Disabled
[2024-04-24T10:57:26.971+0000][gc,init] Parallel Workers: 8
[2024-04-24T10:57:26.971+0000][gc,init] Concurrent Workers: 2
[2024-04-24T10:57:26.971+0000][gc,init] Concurrent Refinement Workers: 8
[2024-04-24T10:57:26.971+0000][gc,init] Periodic GC: Disabled
[2024-04-24T10:57:26.978+0000][gc,metaspace] CDS archive(s) mapped at: [0x00007f2e03000000-0x00007f2e03bc7000-0x00007f2e03bc7000), size 12349440, SharedBaseAddress: 0x00007f2e03000000, ArchiveRelocationMode: 1.
[2024-04-24T10:57:26.978+0000][gc,metaspace] Compressed class space mapped at: 0x00007f2e04000000-0x00007f2e44000000, reserved size: 1073741824
[2024-04-24T10:57:26.978+0000][gc,metaspace] Narrow klass base: 0x00007f2e03000000, Narrow klass shift: 0, Narrow klass range: 0x100000000
[2024-04-24T10:57:27.340+0000][gc,start    ] GC(0) Pause Young (Normal) (G1 Evacuation Pause)
[2024-04-24T10:57:27.341+0000][gc,task     ] GC(0) Using 8 workers of 8 for evacuation
[2024-04-24T10:57:27.344+0000][gc,phases   ] GC(0)   Pre Evacuate Collection Set: 0.1ms
[2024-04-24T10:57:27.344+0000][gc,phases   ] GC(0)   Merge Heap Roots: 0.1ms
[2024-04-24T10:57:27.344+0000][gc,phases   ] GC(0)   Evacuate Collection Set: 3.2ms
[2024-04-24T10:57:27.344+0000][gc,phases   ] GC(0)   Post Evacuate Collection Set: 0.3ms
[2024-04-24T10:57:27.344+0000][gc,phases   ] GC(0)   Other: 0.5ms
[2024-04-24T10:57:27.344+0000][gc,heap     ] GC(0) Eden regions: 25->0(21)
[2024-04-24T10:57:27.344+0000][gc,heap     ] GC(0) Survivor regions: 0->4(4)
[2024-04-24T10:57:27.344+0000][gc,heap     ] GC(0) Old regions: 0->9
[2024-04-24T10:57:27.345+0000][gc,heap     ] GC(0) Archive regions: 2->2
[2024-04-24T10:57:27.345+0000][gc,heap     ] GC(0) Humongous regions: 0->0
[2024-04-24T10:57:27.345+0000][gc,metaspace] GC(0) Metaspace: 6551K(6656K)->6551K(6656K) NonClass: 5825K(5888K)->5825K(5888K) Class: 726K(768K)->726K(768K)
[2024-04-24T10:57:27.345+0000][gc          ] GC(0) Pause Young (Normal) (G1 Evacuation Pause) 25M->13M(512M) 4.197ms
[2024-04-24T10:57:27.345+0000][gc,cpu      ] GC(0) User=0.03s Sys=0.00s Real=0.01s
[2024-04-24T10:59:21.964+0000][gc,heap,exit] Heap
[2024-04-24T10:59:21.965+0000][gc,heap,exit]  garbage-first heap   total 524288K, used 24489K [0x00000000e0000000, 0x0000000100000000)
[2024-04-24T10:59:21.965+0000][gc,heap,exit]   region size 1024K, 15 young (15360K), 4 survivors (4096K)
[2024-04-24T10:59:21.965+0000][gc,heap,exit]  Metaspace       used 8618K, committed 8768K, reserved 1114112K
[2024-04-24T10:59:21.965+0000][gc,heap,exit]   class space    used 942K, committed 1024K, reserved 1048576K
