[2024-04-24T06:18:41.079+0000][gc] Using G1
[2024-04-24T06:18:41.083+0000][gc,init] Version: 17.0.10+7-Ubuntu-120.04.1 (release)
[2024-04-24T06:18:41.083+0000][gc,init] CPUs: 8 total, 8 available
[2024-04-24T06:18:41.083+0000][gc,init] Memory: 32059M
[2024-04-24T06:18:41.083+0000][gc,init] Large Page Support: Disabled
[2024-04-24T06:18:41.083+0000][gc,init] NUMA Support: Disabled
[2024-04-24T06:18:41.083+0000][gc,init] Compressed Oops: Enabled (32-bit)
[2024-04-24T06:18:41.083+0000][gc,init] Heap Region Size: 1M
[2024-04-24T06:18:41.083+0000][gc,init] Heap Min Capacity: 512M
[2024-04-24T06:18:41.083+0000][gc,init] Heap Initial Capacity: 512M
[2024-04-24T06:18:41.083+0000][gc,init] Heap Max Capacity: 512M
[2024-04-24T06:18:41.083+0000][gc,init] Pre-touch: Disabled
[2024-04-24T06:18:41.083+0000][gc,init] Parallel Workers: 8
[2024-04-24T06:18:41.083+0000][gc,init] Concurrent Workers: 2
[2024-04-24T06:18:41.083+0000][gc,init] Concurrent Refinement Workers: 8
[2024-04-24T06:18:41.083+0000][gc,init] Periodic GC: Disabled
[2024-04-24T06:18:41.091+0000][gc,metaspace] CDS archive(s) mapped at: [0x00007fc777000000-0x00007fc777bc7000-0x00007fc777bc7000), size 12349440, SharedBaseAddress: 0x00007fc777000000, ArchiveRelocationMode: 1.
[2024-04-24T06:18:41.091+0000][gc,metaspace] Compressed class space mapped at: 0x00007fc778000000-0x00007fc7b8000000, reserved size: 1073741824
[2024-04-24T06:18:41.091+0000][gc,metaspace] Narrow klass base: 0x00007fc777000000, Narrow klass shift: 0, Narrow klass range: 0x100000000
[2024-04-24T06:18:41.464+0000][gc,start    ] GC(0) Pause Young (Normal) (G1 Evacuation Pause)
[2024-04-24T06:18:41.464+0000][gc,task     ] GC(0) Using 8 workers of 8 for evacuation
[2024-04-24T06:18:41.468+0000][gc,phases   ] GC(0)   Pre Evacuate Collection Set: 0.1ms
[2024-04-24T06:18:41.468+0000][gc,phases   ] GC(0)   Merge Heap Roots: 0.0ms
[2024-04-24T06:18:41.468+0000][gc,phases   ] GC(0)   Evacuate Collection Set: 3.5ms
[2024-04-24T06:18:41.468+0000][gc,phases   ] GC(0)   Post Evacuate Collection Set: 0.3ms
[2024-04-24T06:18:41.468+0000][gc,phases   ] GC(0)   Other: 0.5ms
[2024-04-24T06:18:41.468+0000][gc,heap     ] GC(0) Eden regions: 25->0(21)
[2024-04-24T06:18:41.468+0000][gc,heap     ] GC(0) Survivor regions: 0->4(4)
[2024-04-24T06:18:41.468+0000][gc,heap     ] GC(0) Old regions: 0->9
[2024-04-24T06:18:41.468+0000][gc,heap     ] GC(0) Archive regions: 2->2
[2024-04-24T06:18:41.468+0000][gc,heap     ] GC(0) Humongous regions: 0->0
[2024-04-24T06:18:41.468+0000][gc,metaspace] GC(0) Metaspace: 6539K(6656K)->6539K(6656K) NonClass: 5813K(5888K)->5813K(5888K) Class: 725K(768K)->725K(768K)
[2024-04-24T06:18:41.468+0000][gc          ] GC(0) Pause Young (Normal) (G1 Evacuation Pause) 25M->13M(512M) 4.436ms
[2024-04-24T06:18:41.468+0000][gc,cpu      ] GC(0) User=0.02s Sys=0.01s Real=0.01s
[2024-04-24T06:44:29.826+0000][gc,heap,exit] Heap
[2024-04-24T06:44:29.829+0000][gc,heap,exit]  garbage-first heap   total 524288K, used 25610K [0x00000000e0000000, 0x0000000100000000)
[2024-04-24T06:44:29.830+0000][gc,heap,exit]   region size 1024K, 16 young (16384K), 4 survivors (4096K)
[2024-04-24T06:44:29.830+0000][gc,heap,exit]  Metaspace       used 8758K, committed 8896K, reserved 1114112K
[2024-04-24T06:44:29.830+0000][gc,heap,exit]   class space    used 942K, committed 1024K, reserved 1048576K
