[2024-04-24T08:52:37.697+0000][gc] Using G1
[2024-04-24T08:52:37.701+0000][gc,init] Version: 17.0.10+7-Ubuntu-120.04.1 (release)
[2024-04-24T08:52:37.701+0000][gc,init] CPUs: 8 total, 8 available
[2024-04-24T08:52:37.701+0000][gc,init] Memory: 32059M
[2024-04-24T08:52:37.701+0000][gc,init] Large Page Support: Disabled
[2024-04-24T08:52:37.701+0000][gc,init] NUMA Support: Disabled
[2024-04-24T08:52:37.701+0000][gc,init] Compressed Oops: Enabled (32-bit)
[2024-04-24T08:52:37.701+0000][gc,init] Heap Region Size: 1M
[2024-04-24T08:52:37.701+0000][gc,init] Heap Min Capacity: 512M
[2024-04-24T08:52:37.701+0000][gc,init] Heap Initial Capacity: 512M
[2024-04-24T08:52:37.701+0000][gc,init] Heap Max Capacity: 512M
[2024-04-24T08:52:37.701+0000][gc,init] Pre-touch: Disabled
[2024-04-24T08:52:37.701+0000][gc,init] Parallel Workers: 8
[2024-04-24T08:52:37.701+0000][gc,init] Concurrent Workers: 2
[2024-04-24T08:52:37.701+0000][gc,init] Concurrent Refinement Workers: 8
[2024-04-24T08:52:37.701+0000][gc,init] Periodic GC: Disabled
[2024-04-24T08:52:37.708+0000][gc,metaspace] CDS archive(s) mapped at: [0x00007f39d3000000-0x00007f39d3bc7000-0x00007f39d3bc7000), size 12349440, SharedBaseAddress: 0x00007f39d3000000, ArchiveRelocationMode: 1.
[2024-04-24T08:52:37.708+0000][gc,metaspace] Compressed class space mapped at: 0x00007f39d4000000-0x00007f3a14000000, reserved size: 1073741824
[2024-04-24T08:52:37.708+0000][gc,metaspace] Narrow klass base: 0x00007f39d3000000, Narrow klass shift: 0, Narrow klass range: 0x100000000
[2024-04-24T08:52:38.097+0000][gc,start    ] GC(0) Pause Young (Normal) (G1 Evacuation Pause)
[2024-04-24T08:52:38.098+0000][gc,task     ] GC(0) Using 8 workers of 8 for evacuation
[2024-04-24T08:52:38.102+0000][gc,phases   ] GC(0)   Pre Evacuate Collection Set: 0.1ms
[2024-04-24T08:52:38.102+0000][gc,phases   ] GC(0)   Merge Heap Roots: 0.0ms
[2024-04-24T08:52:38.102+0000][gc,phases   ] GC(0)   Evacuate Collection Set: 3.5ms
[2024-04-24T08:52:38.102+0000][gc,phases   ] GC(0)   Post Evacuate Collection Set: 0.4ms
[2024-04-24T08:52:38.102+0000][gc,phases   ] GC(0)   Other: 0.5ms
[2024-04-24T08:52:38.102+0000][gc,heap     ] GC(0) Eden regions: 25->0(21)
[2024-04-24T08:52:38.102+0000][gc,heap     ] GC(0) Survivor regions: 0->4(4)
[2024-04-24T08:52:38.102+0000][gc,heap     ] GC(0) Old regions: 0->9
[2024-04-24T08:52:38.102+0000][gc,heap     ] GC(0) Archive regions: 2->2
[2024-04-24T08:52:38.102+0000][gc,heap     ] GC(0) Humongous regions: 0->0
[2024-04-24T08:52:38.102+0000][gc,metaspace] GC(0) Metaspace: 6522K(6656K)->6522K(6656K) NonClass: 5795K(5888K)->5795K(5888K) Class: 726K(768K)->726K(768K)
[2024-04-24T08:52:38.102+0000][gc          ] GC(0) Pause Young (Normal) (G1 Evacuation Pause) 25M->13M(512M) 4.559ms
[2024-04-24T08:52:38.102+0000][gc,cpu      ] GC(0) User=0.01s Sys=0.02s Real=0.00s
[2024-04-24T10:54:47.826+0000][gc,heap,exit] Heap
[2024-04-24T10:54:47.850+0000][gc,heap,exit]  garbage-first heap   total 524288K, used 31297K [0x00000000e0000000, 0x0000000100000000)
[2024-04-24T10:54:47.850+0000][gc,heap,exit]   region size 1024K, 21 young (21504K), 4 survivors (4096K)
[2024-04-24T10:54:47.850+0000][gc,heap,exit]  Metaspace       used 8944K, committed 9088K, reserved 1114112K
[2024-04-24T10:54:47.850+0000][gc,heap,exit]   class space    used 943K, committed 1024K, reserved 1048576K
